[1364043.481s][info][gc,heap      ] GC(251754) ParNew: 106346K->9278K(118016K)
[1364043.481s][info][gc,heap      ] GC(251754) CMS: 663008K->663008K(1966080K)
[1364043.481s][info][gc,metaspace ] GC(251754) Metaspace: 95515K(98212K)->95515K(98212K) NonClass: 86277K(88004K)->86277K(88004K) Class: 9238K(10208K)->9238K(10208K)
[1364043.482s][info][gc           ] GC(251754) Pause Young (Allocation Failure) 751M->656M(2035M) 12.938ms
[1364043.482s][info][gc,cpu       ] GC(251754) User=0.14s Sys=0.00s Real=0.02s
[1364046.706s][info][gc,start     ] GC(251755) Pause Young (Allocation Failure)
[1364046.706s][info][gc,task      ] GC(251755) Using 9 workers of 9 for evacuation
[1364046.711s][info][gc,heap      ] GC(251755) ParNew: 114238K->1552K(118016K)
[1364046.712s][info][gc,heap      ] GC(251755) CMS: 663008K->671843K(1966080K)
[1364046.712s][info][gc,metaspace ] GC(251755) Metaspace: 95515K(98212K)->95515K(98212K) NonClass: 86277K(88004K)->86277K(88004K) Class: 9238K(10208K)->9238K(10208K)
[1364046.712s][info][gc           ] GC(251755) Pause Young (Allocation Failure) 759M->657M(2035M) 6.020ms
[1364046.712s][info][gc,cpu       ] GC(251755) User=0.00s Sys=0.00s Real=0.00s
[1364051.272s][info][gc,start     ] GC(251756) Pause Young (Allocation Failure)
[1364051.272s][info][gc,task      ] GC(251756) Using 9 workers of 9 for evacuation
[1364051.276s][info][gc,heap      ] GC(251756) ParNew: 106512K->688K(118016K)
[1364051.276s][info][gc,heap      ] GC(251756) CMS: 671843K->671843K(1966080K)
[1364051.276s][info][gc,metaspace ] GC(251756) Metaspace: 95515K(98212K)->95515K(98212K) NonClass: 86277K(88004K)->86277K(88004K) Class: 9238K(10208K)->9238K(10208K)
[1364051.276s][info][gc           ] GC(251756) Pause Young (Allocation Failure) 760M->656M(2035M) 3.911ms
[1364051.276s][info][gc,cpu       ] GC(251756) User=0.00s Sys=0.00s Real=0.00s
[1364055.549s][info][gc,start     ] GC(251757) Pause Young (Allocation Failure)
[1364055.549s][info][gc,task      ] GC(251757) Using 9 workers of 9 for evacuation
[1364055.554s][info][gc,heap      ] GC(251757) ParNew: 105648K->9244K(118016K)
[1364055.554s][info][gc,heap      ] GC(251757) CMS: 671843K->671843K(1966080K)
[1364055.554s][info][gc,metaspace ] GC(251757) Metaspace: 95515K(98212K)->95515K(98212K) NonClass: 86277K(88004K)->86277K(88004K) Class: 9238K(10208K)->9238K(10208K)
[1364055.554s][info][gc           ] GC(251757) Pause Young (Allocation Failure) 759M->665M(2035M) 4.943ms
[1364055.554s][info][gc,cpu       ] GC(251757) User=0.00s Sys=0.00s Real=0.00s
[1364059.325s][info][gc,start     ] GC(251758) Pause Young (Allocation Failure)
[1364059.325s][info][gc,task      ] GC(251758) Using 9 workers of 9 for evacuation
[1364059.329s][info][gc,heap      ] GC(251758) ParNew: 114204K->1314K(118016K)
[1364059.329s][info][gc,heap      ] GC(251758) CMS: 671843K->680692K(1966080K)
[1364059.329s][info][gc,metaspace ] GC(251758) Metaspace: 95515K(98212K)->95515K(98212K) NonClass: 86277K(88004K)->86277K(88004K) Class: 9238K(10208K)->9238K(10208K)
[1364059.329s][info][gc           ] GC(251758) Pause Young (Allocation Failure) 767M->666M(2035M) 4.797ms
[1364059.329s][info][gc,cpu       ] GC(251758) User=0.05s Sys=0.02s Real=0.02s
[1364062.669s][info][gc,start     ] GC(251759) Pause Young (Allocation Failure)
[1364062.669s][info][gc,task      ] GC(251759) Using 9 workers of 9 for evacuation
[1364062.674s][info][gc,heap      ] GC(251759) ParNew: 106274K->681K(118016K)
[1364062.674s][info][gc,heap      ] GC(251759) CMS: 680692K->680692K(1966080K)
[1364062.674s][info][gc,metaspace ] GC(251759) Metaspace: 95515K(98212K)->95515K(98212K) NonClass: 86277K(88004K)->86277K(88004K) Class: 9238K(10208K)->9238K(10208K)
[1364062.674s][info][gc           ] GC(251759) Pause Young (Allocation Failure) 768M->665M(2035M) 4.460ms
[1364062.674s][info][gc,cpu       ] GC(251759) User=0.14s Sys=0.00s Real=0.01s
[1364066.683s][info][gc,start     ] GC(251760) Pause Young (Allocation Failure)
[1364066.683s][info][gc,task      ] GC(251760) Using 9 workers of 9 for evacuation
[1364066.688s][info][gc,heap      ] GC(251760) ParNew: 105641K->9466K(118016K)
[1364066.688s][info][gc,heap      ] GC(251760) CMS: 680692K->680692K(1966080K)
[1364066.688s][info][gc,metaspace ] GC(251760) Metaspace: 95515K(98212K)->95515K(98212K) NonClass: 86277K(88004K)->86277K(88004K) Class: 9238K(10208K)->9238K(10208K)
[1364066.688s][info][gc           ] GC(251760) Pause Young (Allocation Failure) 767M->673M(2035M) 4.778ms
[1364066.688s][info][gc,cpu       ] GC(251760) User=0.00s Sys=0.00s Real=0.00s
[1364071.427s][info][gc,start     ] GC(251761) Pause Young (Allocation Failure)
[1364071.427s][info][gc,task      ] GC(251761) Using 9 workers of 9 for evacuation
[1364071.431s][info][gc,heap      ] GC(251761) ParNew: 114426K->1607K(118016K)
[1364071.431s][info][gc,heap      ] GC(251761) CMS: 680692K->680923K(1966080K)
[1364071.431s][info][gc,metaspace ] GC(251761) Metaspace: 95515K(98212K)->95515K(98212K) NonClass: 86277K(88004K)->86277K(88004K) Class: 9238K(10208K)->9238K(10208K)
[1364071.431s][info][gc           ] GC(251761) Pause Young (Allocation Failure) 776M->666M(2035M) 4.425ms
[1364071.432s][info][gc,cpu       ] GC(251761) User=0.00s Sys=0.00s Real=0.00s
[1364074.368s][info][gc,start     ] GC(251762) Pause Young (Allocation Failure)
[1364074.368s][info][gc,task      ] GC(251762) Using 9 workers of 9 for evacuation
[1364074.372s][info][gc,heap      ] GC(251762) ParNew: 106567K->9312K(118016K)
[1364074.372s][info][gc,heap      ] GC(251762) CMS: 680923K->680923K(1966080K)
[1364074.372s][info][gc,metaspace ] GC(251762) Metaspace: 95515K(98212K)->95515K(98212K) NonClass: 86277K(88004K)->86277K(88004K) Class: 9238K(10208K)->9238K(10208K)
[1364074.372s][info][gc           ] GC(251762) Pause Young (Allocation Failure) 769M->674M(2035M) 4.510ms
[1364074.372s][info][gc,cpu       ] GC(251762) User=0.00s Sys=0.00s Real=0.00s
[1364078.566s][info][gc,start     ] GC(251763) Pause Young (Allocation Failure)
[1364078.566s][info][gc,task      ] GC(251763) Using 9 workers of 9 for evacuation
[1364078.572s][info][gc,heap      ] GC(251763) ParNew: 114272K->1678K(118016K)
[1364078.572s][info][gc,heap      ] GC(251763) CMS: 680923K->689756K(1966080K)
[1364078.572s][info][gc,metaspace ] GC(251763) Metaspace: 95515K(98212K)->95515K(98212K) NonClass: 86277K(88004K)->86277K(88004K) Class: 9238K(10208K)->9238K(10208K)
[1364078.572s][info][gc           ] GC(251763) Pause Young (Allocation Failure) 776M->675M(2035M) 5.497ms
[1364078.572s][info][gc,cpu       ] GC(251763) User=0.03s Sys=0.00s Real=0.02s
[1364082.818s][info][gc,start     ] GC(251764) Pause Young (Allocation Failure)
[1364082.818s][info][gc,task      ] GC(251764) Using 9 workers of 9 for evacuation
[1364082.822s][info][gc,heap      ] GC(251764) ParNew: 106638K->590K(118016K)
[1364082.822s][info][gc,heap      ] GC(251764) CMS: 689756K->689756K(1966080K)
[1364082.822s][info][gc,metaspace ] GC(251764) Metaspace: 95515K(98212K)->95515K(98212K) NonClass: 86277K(88004K)->86277K(88004K) Class: 9238K(10208K)->9238K(10208K)
[1364082.822s][info][gc           ] GC(251764) Pause Young (Allocation Failure) 777M->674M(2035M) 4.119ms
[1364082.822s][info][gc,cpu       ] GC(251764) User=0.14s Sys=0.00s Real=0.02s
[1364085.300s][info][gc,start     ] GC(251765) Pause Young (Allocation Failure)
[1364085.300s][info][gc,task      ] GC(251765) Using 9 workers of 9 for evacuation
[1364085.304s][info][gc,heap      ] GC(251765) ParNew: 105550K->9434K(118016K)
[1364085.305s][info][gc,heap      ] GC(251765) CMS: 689756K->689756K(1966080K)
[1364085.305s][info][gc,metaspace ] GC(251765) Metaspace: 95515K(98212K)->95515K(98212K) NonClass: 86277K(88004K)->86277K(88004K) Class: 9238K(10208K)->9238K(10208K)
[1364085.305s][info][gc           ] GC(251765) Pause Young (Allocation Failure) 776M->682M(2035M) 4.409ms
[1364085.305s][info][gc,cpu       ] GC(251765) User=0.00s Sys=0.00s Real=0.00s
[1364091.906s][info][gc,start     ] GC(251766) Pause Young (Allocation Failure)
[1364091.906s][info][gc,task      ] GC(251766) Using 9 workers of 9 for evacuation
[1364091.910s][info][gc,heap      ] GC(251766) ParNew: 114394K->1643K(118016K)
[1364091.910s][info][gc,heap      ] GC(251766) CMS: 689756K->690060K(1966080K)
[1364091.910s][info][gc,metaspace ] GC(251766) Metaspace: 95515K(98212K)->95515K(98212K) NonClass: 86277K(88004K)->86277K(88004K) Class: 9238K(10208K)->9238K(10208K)
[1364091.910s][info][gc           ] GC(251766) Pause Young (Allocation Failure) 785M->675M(2035M) 4.430ms
[1364091.910s][info][gc,cpu       ] GC(251766) User=0.14s Sys=0.00s Real=0.02s
[1364096.607s][info][gc,start     ] GC(251767) Pause Young (Allocation Failure)
[1364096.607s][info][gc,task      ] GC(251767) Using 9 workers of 9 for evacuation
[1364096.612s][info][gc,heap      ] GC(251767) ParNew: 106603K->9297K(118016K)
[1364096.612s][info][gc,heap      ] GC(251767) CMS: 690060K->690060K(1966080K)
[1364096.612s][info][gc,metaspace ] GC(251767) Metaspace: 95515K(98212K)->95515K(98212K) NonClass: 86277K(88004K)->86277K(88004K) Class: 9238K(10208K)->9238K(10208K)
[1364096.612s][info][gc           ] GC(251767) Pause Young (Allocation Failure) 777M->682M(2035M) 4.824ms
[1364096.612s][info][gc,cpu       ] GC(251767) User=0.00s Sys=0.02s Real=0.02s
[1364101.346s][info][gc,start     ] GC(251768) Pause Young (Allocation Failure)
[1364101.346s][info][gc,task      ] GC(251768) Using 9 workers of 9 for evacuation
[1364101.350s][info][gc,heap      ] GC(251768) ParNew: 114257K->1736K(118016K)
[1364101.350s][info][gc,heap      ] GC(251768) CMS: 690060K->690190K(1966080K)
[1364101.350s][info][gc,metaspace ] GC(251768) Metaspace: 95515K(98212K)->95515K(98212K) NonClass: 86277K(88004K)->86277K(88004K) Class: 9238K(10208K)->9238K(10208K)
[1364101.350s][info][gc           ] GC(251768) Pause Young (Allocation Failure) 785M->675M(2035M) 3.911ms
[1364101.350s][info][gc,cpu       ] GC(251768) User=0.00s Sys=0.00s Real=0.00s
[1364104.237s][info][gc,start     ] GC(251769) Pause Young (Allocation Failure)
[1364104.237s][info][gc,task      ] GC(251769) Using 9 workers of 9 for evacuation
[1364104.242s][info][gc,heap      ] GC(251769) ParNew: 106696K->866K(118016K)
[1364104.242s][info][gc,heap      ] GC(251769) CMS: 690190K->690190K(1966080K)
[1364104.242s][info][gc,metaspace ] GC(251769) Metaspace: 95515K(98212K)->95515K(98212K) NonClass: 86277K(88004K)->86277K(88004K) Class: 9238K(10208K)->9238K(10208K)
[1364104.242s][info][gc           ] GC(251769) Pause Young (Allocation Failure) 778M->674M(2035M) 4.708ms
[1364104.242s][info][gc,cpu       ] GC(251769) User=0.00s Sys=0.00s Real=0.00s
[1364108.000s][info][gc,start     ] GC(251770) Pause Young (Allocation Failure)
[1364108.000s][info][gc,task      ] GC(251770) Using 9 workers of 9 for evacuation
[1364108.005s][info][gc,heap      ] GC(251770) ParNew: 105826K->9493K(118016K)
[1364108.005s][info][gc,heap      ] GC(251770) CMS: 690190K->690190K(1966080K)
[1364108.005s][info][gc,metaspace ] GC(251770) Metaspace: 95515K(98212K)->95515K(98212K) NonClass: 86277K(88004K)->86277K(88004K) Class: 9238K(10208K)->9238K(10208K)
[1364108.005s][info][gc           ] GC(251770) Pause Young (Allocation Failure) 777M->683M(2035M) 5.240ms
[1364108.005s][info][gc,cpu       ] GC(251770) User=0.14s Sys=0.00s Real=0.02s
[1364112.991s][info][gc,start     ] GC(251771) Pause Young (Allocation Failure)
[1364112.991s][info][gc,task      ] GC(251771) Using 9 workers of 9 for evacuation
[1364112.995s][info][gc,heap      ] GC(251771) ParNew: 114453K->1853K(118016K)
[1364112.995s][info][gc,heap      ] GC(251771) CMS: 690190K->690509K(1966080K)
[1364112.995s][info][gc,metaspace ] GC(251771) Metaspace: 95515K(98212K)->95515K(98212K) NonClass: 86277K(88004K)->86277K(88004K) Class: 9238K(10208K)->9238K(10208K)
[1364112.995s][info][gc           ] GC(251771) Pause Young (Allocation Failure) 785M->676M(2035M) 4.366ms
[1364112.995s][info][gc,cpu       ] GC(251771) User=0.00s Sys=0.00s Real=0.00s
[1364117.866s][info][gc,start     ] GC(251772) Pause Young (Allocation Failure)
[1364117.866s][info][gc,task      ] GC(251772) Using 9 workers of 9 for evacuation
[1364117.871s][info][gc,heap      ] GC(251772) ParNew: 106813K->9336K(118016K)
[1364117.871s][info][gc,heap      ] GC(251772) CMS: 690509K->690509K(1966080K)
[1364117.871s][info][gc,metaspace ] GC(251772) Metaspace: 95515K(98212K)->95515K(98212K) NonClass: 86277K(88004K)->86277K(88004K) Class: 9238K(10208K)->9238K(10208K)
[1364117.871s][info][gc           ] GC(251772) Pause Young (Allocation Failure) 778M->683M(2035M) 4.486ms
[1364117.871s][info][gc,cpu       ] GC(251772) User=0.00s Sys=0.00s Real=0.00s
[1364121.465s][info][gc,start     ] GC(251773) Pause Young (Allocation Failure)
[1364121.465s][info][gc,task      ] GC(251773) Using 9 workers of 9 for evacuation
[1364121.469s][info][gc,heap      ] GC(251773) ParNew: 114284K->1936K(118016K)
[1364121.469s][info][gc,heap      ] GC(251773) CMS: 690509K->690673K(1966080K)
[1364121.469s][info][gc,metaspace ] GC(251773) Metaspace: 95515K(98212K)->95515K(98212K) NonClass: 86277K(88004K)->86277K(88004K) Class: 9238K(10208K)->9238K(10208K)
[1364121.469s][info][gc           ] GC(251773) Pause Young (Allocation Failure) 785M->676M(2035M) 4.424ms
[1364121.470s][info][gc,cpu       ] GC(251773) User=0.00s Sys=0.00s Real=0.00s
[1364125.260s][info][gc,start     ] GC(251774) Pause Young (Allocation Failure)
[1364125.260s][info][gc,task      ] GC(251774) Using 9 workers of 9 for evacuation
[1364125.264s][info][gc,heap      ] GC(251774) ParNew: 106890K->9318K(118016K)
[1364125.264s][info][gc,heap      ] GC(251774) CMS: 690673K->690673K(1966080K)
[1364125.264s][info][gc,metaspace ] GC(251774) Metaspace: 95515K(98212K)->95515K(98212K) NonClass: 86277K(88004K)->86277K(88004K) Class: 9238K(10208K)->9238K(10208K)
[1364125.264s][info][gc           ] GC(251774) Pause Young (Allocation Failure) 778M->683M(2035M) 4.487ms
[1364125.264s][info][gc,cpu       ] GC(251774) User=0.00s Sys=0.00s Real=0.00s
[1364129.877s][info][gc,start     ] GC(251775) Pause Young (Allocation Failure)
[1364129.877s][info][gc,task      ] GC(251775) Using 9 workers of 9 for evacuation
[1364129.882s][info][gc,heap      ] GC(251775) ParNew: 114278K->1838K(118016K)
[1364129.882s][info][gc,heap      ] GC(251775) CMS: 690673K->699511K(1966080K)
[1364129.882s][info][gc,metaspace ] GC(251775) Metaspace: 95515K(98212K)->95515K(98212K) NonClass: 86277K(88004K)->86277K(88004K) Class: 9238K(10208K)->9238K(10208K)
[1364129.882s][info][gc           ] GC(251775) Pause Young (Allocation Failure) 786M->684M(2035M) 5.189ms
[1364129.882s][info][gc,cpu       ] GC(251775) User=0.00s Sys=0.00s Real=0.02s
[1364135.186s][info][gc,start     ] GC(251776) Pause Young (Allocation Failure)
[1364135.186s][info][gc,task      ] GC(251776) Using 9 workers of 9 for evacuation
[1364135.192s][info][gc,heap      ] GC(251776) ParNew: 106798K->9178K(118016K)
[1364135.192s][info][gc,heap      ] GC(251776) CMS: 699511K->699511K(1966080K)
[1364135.192s][info][gc,metaspace ] GC(251776) Metaspace: 95515K(98212K)->95515K(98212K) NonClass: 86277K(88004K)->86277K(88004K) Class: 9238K(10208K)->9238K(10208K)
[1364135.192s][info][gc           ] GC(251776) Pause Young (Allocation Failure) 787M->692M(2035M) 6.092ms
[1364135.192s][info][gc,cpu       ] GC(251776) User=0.00s Sys=0.00s Real=0.00s
[1364139.510s][info][gc,start     ] GC(251777) Pause Young (Allocation Failure)
[1364139.510s][info][gc,task      ] GC(251777) Using 9 workers of 9 for evacuation
[1364139.515s][info][gc,heap      ] GC(251777) ParNew: 114138K->1640K(118016K)
[1364139.516s][info][gc,heap      ] GC(251777) CMS: 699511K->708284K(1966080K)
[1364139.516s][info][gc,metaspace ] GC(251777) Metaspace: 95515K(98212K)->95515K(98212K) NonClass: 86277K(88004K)->86277K(88004K) Class: 9238K(10208K)->9238K(10208K)
[1364139.516s][info][gc           ] GC(251777) Pause Young (Allocation Failure) 794M->693M(2035M) 5.360ms
[1364139.516s][info][gc,cpu       ] GC(251777) User=0.00s Sys=0.00s Real=0.00s
[1364145.396s][info][gc,start     ] GC(251778) Pause Young (Allocation Failure)
[1364145.396s][info][gc,task      ] GC(251778) Using 9 workers of 9 for evacuation
[1364145.400s][info][gc,heap      ] GC(251778) ParNew: 106457K->2008K(118016K)
[1364145.401s][info][gc,heap      ] GC(251778) CMS: 708284K->708284K(1966080K)
[1364145.401s][info][gc,metaspace ] GC(251778) Metaspace: 95515K(98212K)->95515K(98212K) NonClass: 86277K(88004K)->86277K(88004K) Class: 9238K(10208K)->9238K(10208K)
[1364145.401s][info][gc           ] GC(251778) Pause Young (Allocation Failure) 795M->693M(2035M) 4.524ms
[1364145.401s][info][gc,cpu       ] GC(251778) User=0.00s Sys=0.00s Real=0.00s
[1364148.841s][info][gc,start     ] GC(251779) Pause Young (Allocation Failure)
[1364148.841s][info][gc,task      ] GC(251779) Using 9 workers of 9 for evacuation
[1364148.845s][info][gc,heap      ] GC(251779) ParNew: 106968K->9351K(118016K)
[1364148.845s][info][gc,heap      ] GC(251779) CMS: 708284K->708284K(1966080K)
[1364148.846s][info][gc,metaspace ] GC(251779) Metaspace: 95515K(98212K)->95515K(98212K) NonClass: 86277K(88004K)->86277K(88004K) Class: 9238K(10208K)->9238K(10208K)
[1364148.846s][info][gc           ] GC(251779) Pause Young (Allocation Failure) 796M->700M(2035M) 4.633ms
[1364148.846s][info][gc,cpu       ] GC(251779) User=0.00s Sys=0.00s Real=0.00s
[1364153.376s][info][gc,start     ] GC(251780) Pause Young (Allocation Failure)
[1364153.377s][info][gc,task      ] GC(251780) Using 9 workers of 9 for evacuation
[1364153.381s][info][gc,heap      ] GC(251780) ParNew: 114311K->1744K(118016K)
[1364153.381s][info][gc,heap      ] GC(251780) CMS: 708284K->708450K(1966080K)
[1364153.381s][info][gc,metaspace ] GC(251780) Metaspace: 95515K(98212K)->95515K(98212K) NonClass: 86277K(88004K)->86277K(88004K) Class: 9238K(10208K)->9238K(10208K)
[1364153.381s][info][gc           ] GC(251780) Pause Young (Allocation Failure) 803M->693M(2035M) 4.375ms
[1364153.381s][info][gc,cpu       ] GC(251780) User=0.14s Sys=0.00s Real=0.01s
[1364158.205s][info][gc,start     ] GC(251781) Pause Young (Allocation Failure)
[1364158.205s][info][gc,task      ] GC(251781) Using 9 workers of 9 for evacuation
[1364158.209s][info][gc,heap      ] GC(251781) ParNew: 106704K->9397K(118016K)
[1364158.209s][info][gc,heap      ] GC(251781) CMS: 708450K->708450K(1966080K)
[1364158.210s][info][gc,metaspace ] GC(251781) Metaspace: 95515K(98212K)->95515K(98212K) NonClass: 86277K(88004K)->86277K(88004K) Class: 9238K(10208K)->9238K(10208K)
[1364158.210s][info][gc           ] GC(251781) Pause Young (Allocation Failure) 796M->701M(2035M) 4.462ms
[1364158.210s][info][gc,cpu       ] GC(251781) User=0.14s Sys=0.00s Real=0.01s
[1364162.106s][info][gc,start     ] GC(251782) Pause Young (Allocation Failure)
[1364162.106s][info][gc,task      ] GC(251782) Using 9 workers of 9 for evacuation
[1364162.111s][info][gc,heap      ] GC(251782) ParNew: 114357K->9921K(118016K)
[1364162.111s][info][gc,heap      ] GC(251782) CMS: 708450K->708649K(1966080K)
[1364162.111s][info][gc,metaspace ] GC(251782) Metaspace: 95515K(98212K)->95515K(98212K) NonClass: 86277K(88004K)->86277K(88004K) Class: 9238K(10208K)->9238K(10208K)
[1364162.111s][info][gc           ] GC(251782) Pause Young (Allocation Failure) 803M->701M(2035M) 4.800ms
[1364162.111s][info][gc,cpu       ] GC(251782) User=0.00s Sys=0.00s Real=0.00s
[1364165.500s][info][gc,start     ] GC(251783) Pause Young (Allocation Failure)
[1364165.500s][info][gc,task      ] GC(251783) Using 9 workers of 9 for evacuation
[1364165.506s][info][gc,heap      ] GC(251783) ParNew: 114881K->3292K(118016K)
[1364165.506s][info][gc,heap      ] GC(251783) CMS: 708649K->717368K(1966080K)
[1364165.506s][info][gc,metaspace ] GC(251783) Metaspace: 95515K(98212K)->95515K(98212K) NonClass: 86277K(88004K)->86277K(88004K) Class: 9238K(10208K)->9238K(10208K)
[1364165.506s][info][gc           ] GC(251783) Pause Young (Allocation Failure) 804M->703M(2035M) 6.226ms
[1364165.506s][info][gc,cpu       ] GC(251783) User=0.02s Sys=0.02s Real=0.01s
[1364169.196s][info][gc,start     ] GC(251784) Pause Young (Allocation Failure)
[1364169.196s][info][gc,task      ] GC(251784) Using 9 workers of 9 for evacuation
[1364169.200s][info][gc,heap      ] GC(251784) ParNew: 108252K->996K(118016K)
[1364169.200s][info][gc,heap      ] GC(251784) CMS: 717368K->717368K(1966080K)
[1364169.200s][info][gc,metaspace ] GC(251784) Metaspace: 95515K(98212K)->95515K(98212K) NonClass: 86277K(88004K)->86277K(88004K) Class: 9238K(10208K)->9238K(10208K)
[1364169.200s][info][gc           ] GC(251784) Pause Young (Allocation Failure) 806M->701M(2035M) 4.410ms
[1364169.200s][info][gc,cpu       ] GC(251784) User=0.00s Sys=0.00s Real=0.00s
[1364172.718s][info][gc,start     ] GC(251785) Pause Young (Allocation Failure)
[1364172.718s][info][gc,task      ] GC(251785) Using 9 workers of 9 for evacuation
[1364172.723s][info][gc,heap      ] GC(251785) ParNew: 105956K->9427K(118016K)
[1364172.723s][info][gc,heap      ] GC(251785) CMS: 717368K->717368K(1966080K)
[1364172.723s][info][gc,metaspace ] GC(251785) Metaspace: 95515K(98212K)->95515K(98212K) NonClass: 86277K(88004K)->86277K(88004K) Class: 9238K(10208K)->9238K(10208K)
[1364172.724s][info][gc           ] GC(251785) Pause Young (Allocation Failure) 804M->709M(2035M) 5.463ms
[1364172.724s][info][gc,cpu       ] GC(251785) User=0.02s Sys=0.00s Real=0.02s
[1364176.401s][info][gc,start     ] GC(251786) Pause Young (Allocation Failure)
[1364176.401s][info][gc,task      ] GC(251786) Using 9 workers of 9 for evacuation
[1364176.407s][info][gc,heap      ] GC(251786) ParNew: 114387K->1660K(118016K)
[1364176.407s][info][gc,heap      ] GC(251786) CMS: 717368K->726313K(1966080K)
[1364176.407s][info][gc,metaspace ] GC(251786) Metaspace: 95515K(98212K)->95515K(98212K) NonClass: 86277K(88004K)->86277K(88004K) Class: 9238K(10208K)->9238K(10208K)
[1364176.407s][info][gc           ] GC(251786) Pause Young (Allocation Failure) 812M->710M(2035M) 6.018ms
[1364176.407s][info][gc,cpu       ] GC(251786) User=0.00s Sys=0.00s Real=0.00s
[1364180.612s][info][gc,start     ] GC(251787) Pause Young (Allocation Failure)
[1364180.612s][info][gc,task      ] GC(251787) Using 9 workers of 9 for evacuation
[1364180.616s][info][gc,heap      ] GC(251787) ParNew: 106620K->826K(118016K)
[1364180.617s][info][gc,heap      ] GC(251787) CMS: 726313K->726313K(1966080K)
[1364180.617s][info][gc,metaspace ] GC(251787) Metaspace: 95515K(98212K)->95515K(98212K) NonClass: 86277K(88004K)->86277K(88004K) Class: 9238K(10208K)->9238K(10208K)
[1364180.617s][info][gc           ] GC(251787) Pause Young (Allocation Failure) 813M->710M(2035M) 4.822ms
[1364180.617s][info][gc,cpu       ] GC(251787) User=0.14s Sys=0.00s Real=0.02s
[1364184.305s][info][gc,start     ] GC(251788) Pause Young (Allocation Failure)
[1364184.305s][info][gc,task      ] GC(251788) Using 9 workers of 9 for evacuation
[1364184.310s][info][gc,heap      ] GC(251788) ParNew: 105786K->9316K(118016K)
[1364184.310s][info][gc,heap      ] GC(251788) CMS: 726313K->726313K(1966080K)
[1364184.310s][info][gc,metaspace ] GC(251788) Metaspace: 95515K(98212K)->95515K(98212K) NonClass: 86277K(88004K)->86277K(88004K) Class: 9238K(10208K)->9238K(10208K)
[1364184.310s][info][gc           ] GC(251788) Pause Young (Allocation Failure) 812M->718M(2035M) 4.977ms
[1364184.310s][info][gc,cpu       ] GC(251788) User=0.00s Sys=0.00s Real=0.00s
[1364189.842s][info][gc,start     ] GC(251789) Pause Young (Allocation Failure)
[1364189.842s][info][gc,task      ] GC(251789) Using 9 workers of 9 for evacuation
[1364189.847s][info][gc,heap      ] GC(251789) ParNew: 114276K->1303K(118016K)
[1364189.847s][info][gc,heap      ] GC(251789) CMS: 726313K->735204K(1966080K)
[1364189.847s][info][gc,metaspace ] GC(251789) Metaspace: 95515K(98212K)->95515K(98212K) NonClass: 86277K(88004K)->86277K(88004K) Class: 9238K(10208K)->9238K(10208K)
[1364189.847s][info][gc           ] GC(251789) Pause Young (Allocation Failure) 820M->719M(2035M) 5.410ms
[1364189.847s][info][gc,cpu       ] GC(251789) User=0.00s Sys=0.00s Real=0.00s
[1364194.028s][info][gc,start     ] GC(251790) Pause Young (Allocation Failure)
[1364194.028s][info][gc,task      ] GC(251790) Using 9 workers of 9 for evacuation
[1364194.033s][info][gc,heap      ] GC(251790) ParNew: 106263K->9319K(118016K)
[1364194.033s][info][gc,heap      ] GC(251790) CMS: 735204K->735204K(1966080K)
[1364194.033s][info][gc,metaspace ] GC(251790) Metaspace: 95515K(98212K)->95515K(98212K) NonClass: 86277K(88004K)->86277K(88004K) Class: 9238K(10208K)->9238K(10208K)
[1364194.033s][info][gc           ] GC(251790) Pause Young (Allocation Failure) 821M->727M(2035M) 5.036ms
[1364194.033s][info][gc,cpu       ] GC(251790) User=0.00s Sys=0.00s Real=0.00s
[1364199.334s][info][gc,start     ] GC(251791) Pause Young (Allocation Failure)
[1364199.334s][info][gc,task      ] GC(251791) Using 9 workers of 9 for evacuation
[1364199.339s][info][gc,heap      ] GC(251791) ParNew: 114279K->1637K(118016K)
[1364199.339s][info][gc,heap      ] GC(251791) CMS: 735204K->744054K(1966080K)
[1364199.339s][info][gc,metaspace ] GC(251791) Metaspace: 95515K(98212K)->95515K(98212K) NonClass: 86277K(88004K)->86277K(88004K) Class: 9238K(10208K)->9238K(10208K)
[1364199.339s][info][gc           ] GC(251791) Pause Young (Allocation Failure) 829M->728M(2035M) 5.468ms
[1364199.339s][info][gc,cpu       ] GC(251791) User=0.14s Sys=0.00s Real=0.02s
[1364204.330s][info][gc,start     ] GC(251792) Pause Young (Allocation Failure)
[1364204.330s][info][gc,task      ] GC(251792) Using 9 workers of 9 for evacuation
[1364204.335s][info][gc,heap      ] GC(251792) ParNew: 106597K->9345K(118016K)
[1364204.335s][info][gc,heap      ] GC(251792) CMS: 744054K->744054K(1966080K)
[1364204.335s][info][gc,metaspace ] GC(251792) Metaspace: 95515K(98212K)->95515K(98212K) NonClass: 86277K(88004K)->86277K(88004K) Class: 9238K(10208K)->9238K(10208K)
[1364204.335s][info][gc           ] GC(251792) Pause Young (Allocation Failure) 830M->735M(2035M) 5.033ms
[1364204.335s][info][gc,cpu       ] GC(251792) User=0.03s Sys=0.02s Real=0.02s
[1364209.048s][info][gc,start     ] GC(251793) Pause Young (Allocation Failure)
[1364209.048s][info][gc,task      ] GC(251793) Using 9 workers of 9 for evacuation
[1364209.054s][info][gc,heap      ] GC(251793) ParNew: 114305K->1649K(118016K)
[1364209.054s][info][gc,heap      ] GC(251793) CMS: 744054K->752813K(1966080K)
[1364209.054s][info][gc,metaspace ] GC(251793) Metaspace: 95515K(98212K)->95515K(98212K) NonClass: 86277K(88004K)->86277K(88004K) Class: 9238K(10208K)->9238K(10208K)
[1364209.054s][info][gc           ] GC(251793) Pause Young (Allocation Failure) 838M->736M(2035M) 5.340ms
[1364209.054s][info][gc,cpu       ] GC(251793) User=0.00s Sys=0.02s Real=0.02s
[1364212.443s][info][gc,start     ] GC(251794) Pause Young (Allocation Failure)
[1364212.443s][info][gc,task      ] GC(251794) Using 9 workers of 9 for evacuation
[1364212.447s][info][gc,heap      ] GC(251794) ParNew: 106508K->1571K(118016K)
[1364212.447s][info][gc,heap      ] GC(251794) CMS: 752813K->752813K(1966080K)
[1364212.447s][info][gc,metaspace ] GC(251794) Metaspace: 95515K(98212K)->95515K(98212K) NonClass: 86277K(88004K)->86277K(88004K) Class: 9238K(10208K)->9238K(10208K)
[1364212.448s][info][gc           ] GC(251794) Pause Young (Allocation Failure) 839M->736M(2035M) 4.663ms
[1364212.448s][info][gc,cpu       ] GC(251794) User=0.03s Sys=0.00s Real=0.02s
[1364216.469s][info][gc,start     ] GC(251795) Pause Young (Allocation Failure)
[1364216.469s][info][gc,task      ] GC(251795) Using 9 workers of 9 for evacuation
[1364216.474s][info][gc,heap      ] GC(251795) ParNew: 106531K->9461K(118016K)
[1364216.474s][info][gc,heap      ] GC(251795) CMS: 752813K->752813K(1966080K)
[1364216.474s][info][gc,metaspace ] GC(251795) Metaspace: 95515K(98212K)->95515K(98212K) NonClass: 86277K(88004K)->86277K(88004K) Class: 9238K(10208K)->9238K(10208K)
[1364216.474s][info][gc           ] GC(251795) Pause Young (Allocation Failure) 839M->744M(2035M) 4.993ms
[1364216.474s][info][gc,cpu       ] GC(251795) User=0.00s Sys=0.00s Real=0.00s
[1364220.181s][info][gc,start     ] GC(251796) Pause Young (Allocation Failure)
[1364220.182s][info][gc,task      ] GC(251796) Using 9 workers of 9 for evacuation
[1364220.186s][info][gc,heap      ] GC(251796) ParNew: 114421K->1774K(118016K)
[1364220.186s][info][gc,heap      ] GC(251796) CMS: 752813K->761785K(1966080K)
[1364220.186s][info][gc,metaspace ] GC(251796) Metaspace: 95515K(98212K)->95515K(98212K) NonClass: 86277K(88004K)->86277K(88004K) Class: 9238K(10208K)->9238K(10208K)
[1364220.186s][info][gc           ] GC(251796) Pause Young (Allocation Failure) 846M->745M(2035M) 4.793ms
[1364220.186s][info][gc,cpu       ] GC(251796) User=0.00s Sys=0.00s Real=0.00s
[1364223.642s][info][gc,start     ] GC(251797) Pause Young (Allocation Failure)
[1364223.642s][info][gc,task      ] GC(251797) Using 9 workers of 9 for evacuation
[1364223.647s][info][gc,heap      ] GC(251797) ParNew: 106734K->9381K(118016K)
[1364223.647s][info][gc,heap      ] GC(251797) CMS: 761785K->761785K(1966080K)
[1364223.647s][info][gc,metaspace ] GC(251797) Metaspace: 95515K(98212K)->95515K(98212K) NonClass: 86277K(88004K)->86277K(88004K) Class: 9238K(10208K)->9238K(10208K)
[1364223.647s][info][gc           ] GC(251797) Pause Young (Allocation Failure) 848M->753M(2035M) 4.666ms
[1364223.647s][info][gc,cpu       ] GC(251797) User=0.00s Sys=0.00s Real=0.00s
[1364228.134s][info][gc,start     ] GC(251798) Pause Young (Allocation Failure)
[1364228.134s][info][gc,task      ] GC(251798) Using 9 workers of 9 for evacuation
[1364228.139s][info][gc,heap      ] GC(251798) ParNew: 114341K->1745K(118016K)
[1364228.139s][info][gc,heap      ] GC(251798) CMS: 761785K->770643K(1966080K)
[1364228.139s][info][gc,metaspace ] GC(251798) Metaspace: 95515K(98212K)->95515K(98212K) NonClass: 86277K(88004K)->86277K(88004K) Class: 9238K(10208K)->9238K(10208K)
[1364228.139s][info][gc           ] GC(251798) Pause Young (Allocation Failure) 855M->754M(2035M) 5.137ms
[1364228.139s][info][gc,cpu       ] GC(251798) User=0.00s Sys=0.00s Real=0.00s
[1364231.125s][info][gc,start     ] GC(251799) Pause Young (Allocation Failure)
[1364231.125s][info][gc,task      ] GC(251799) Using 9 workers of 9 for evacuation
[1364231.129s][info][gc,heap      ] GC(251799) ParNew: 106705K->777K(118016K)
[1364231.129s][info][gc,heap      ] GC(251799) CMS: 770643K->770643K(1966080K)
[1364231.129s][info][gc,metaspace ] GC(251799) Metaspace: 95515K(98212K)->95515K(98212K) NonClass: 86277K(88004K)->86277K(88004K) Class: 9238K(10208K)->9238K(10208K)
[1364231.129s][info][gc           ] GC(251799) Pause Young (Allocation Failure) 856M->753M(2035M) 4.297ms
[1364231.129s][info][gc,cpu       ] GC(251799) User=0.00s Sys=0.00s Real=0.00s
[1364234.658s][info][gc,start     ] GC(251800) Pause Young (Allocation Failure)
[1364234.658s][info][gc,task      ] GC(251800) Using 9 workers of 9 for evacuation
[1364234.663s][info][gc,heap      ] GC(251800) ParNew: 105737K->9452K(118016K)
[1364234.663s][info][gc,heap      ] GC(251800) CMS: 770643K->770643K(1966080K)
[1364234.663s][info][gc,metaspace ] GC(251800) Metaspace: 95515K(98212K)->95515K(98212K) NonClass: 86277K(88004K)->86277K(88004K) Class: 9238K(10208K)->9238K(10208K)
[1364234.663s][info][gc           ] GC(251800) Pause Young (Allocation Failure) 855M->761M(2035M) 4.796ms
[1364234.663s][info][gc,cpu       ] GC(251800) User=0.00s Sys=0.02s Real=0.02s
[1364238.080s][info][gc,start     ] GC(251801) Pause Young (Allocation Failure)
[1364238.080s][info][gc,task      ] GC(251801) Using 9 workers of 9 for evacuation
[1364238.085s][info][gc,heap      ] GC(251801) ParNew: 114412K->1737K(118016K)
[1364238.085s][info][gc,heap      ] GC(251801) CMS: 770643K->779593K(1966080K)
[1364238.085s][info][gc,metaspace ] GC(251801) Metaspace: 95515K(98212K)->95515K(98212K) NonClass: 86277K(88004K)->86277K(88004K) Class: 9238K(10208K)->9238K(10208K)
[1364238.085s][info][gc           ] GC(251801) Pause Young (Allocation Failure) 864M->763M(2035M) 5.303ms
[1364238.085s][info][gc,cpu       ] GC(251801) User=0.00s Sys=0.00s Real=0.00s
[1364242.353s][info][gc,start     ] GC(251802) Pause Young (Allocation Failure)
[1364242.353s][info][gc,task      ] GC(251802) Using 9 workers of 9 for evacuation
[1364242.357s][info][gc,heap      ] GC(251802) ParNew: 106697K->766K(118016K)
[1364242.357s][info][gc,heap      ] GC(251802) CMS: 779593K->779593K(1966080K)
[1364242.357s][info][gc,metaspace ] GC(251802) Metaspace: 95515K(98212K)->95515K(98212K) NonClass: 86277K(88004K)->86277K(88004K) Class: 9238K(10208K)->9238K(10208K)
[1364242.357s][info][gc           ] GC(251802) Pause Young (Allocation Failure) 865M->762M(2035M) 4.278ms
[1364242.357s][info][gc,cpu       ] GC(251802) User=0.00s Sys=0.00s Real=0.00s
[1364246.215s][info][gc,start     ] GC(251803) Pause Young (Allocation Failure)
[1364246.215s][info][gc,task      ] GC(251803) Using 9 workers of 9 for evacuation
[1364246.220s][info][gc,heap      ] GC(251803) ParNew: 105726K->9329K(118016K)
[1364246.220s][info][gc,heap      ] GC(251803) CMS: 779593K->779593K(1966080K)
[1364246.220s][info][gc,metaspace ] GC(251803) Metaspace: 95515K(98212K)->95515K(98212K) NonClass: 86277K(88004K)->86277K(88004K) Class: 9238K(10208K)->9238K(10208K)
[1364246.220s][info][gc           ] GC(251803) Pause Young (Allocation Failure) 864M->770M(2035M) 4.909ms
[1364246.220s][info][gc,cpu       ] GC(251803) User=0.00s Sys=0.00s Real=0.00s
[1364251.541s][info][gc,start     ] GC(251804) Pause Young (Allocation Failure)
[1364251.541s][info][gc,task      ] GC(251804) Using 9 workers of 9 for evacuation
[1364251.545s][info][gc,heap      ] GC(251804) ParNew: 114289K->1276K(118016K)
[1364251.545s][info][gc,heap      ] GC(251804) CMS: 779593K->779813K(1966080K)
[1364251.545s][info][gc,metaspace ] GC(251804) Metaspace: 95515K(98212K)->95515K(98212K) NonClass: 86277K(88004K)->86277K(88004K) Class: 9238K(10208K)->9238K(10208K)
[1364251.545s][info][gc           ] GC(251804) Pause Young (Allocation Failure) 872M->762M(2035M) 4.474ms
[1364251.545s][info][gc,cpu       ] GC(251804) User=0.14s Sys=0.00s Real=0.02s
[1364256.666s][info][gc,start     ] GC(251805) Pause Young (Allocation Failure)
[1364256.666s][info][gc,task      ] GC(251805) Using 9 workers of 9 for evacuation
[1364256.671s][info][gc,heap      ] GC(251805) ParNew: 106236K->9301K(118016K)
[1364256.671s][info][gc,heap      ] GC(251805) CMS: 779813K->779813K(1966080K)
[1364256.671s][info][gc,metaspace ] GC(251805) Metaspace: 95515K(98212K)->95515K(98212K) NonClass: 86277K(88004K)->86277K(88004K) Class: 9238K(10208K)->9238K(10208K)
[1364256.671s][info][gc           ] GC(251805) Pause Young (Allocation Failure) 865M->770M(2035M) 4.950ms
[1364256.671s][info][gc,cpu       ] GC(251805) User=0.14s Sys=0.00s Real=0.02s
[1364262.008s][info][gc,start     ] GC(251806) Pause Young (Allocation Failure)
[1364262.009s][info][gc,task      ] GC(251806) Using 9 workers of 9 for evacuation
[1364262.013s][info][gc,heap      ] GC(251806) ParNew: 114261K->1579K(118016K)
[1364262.013s][info][gc,heap      ] GC(251806) CMS: 779813K->779981K(1966080K)
[1364262.013s][info][gc,metaspace ] GC(251806) Metaspace: 95515K(98212K)->95515K(98212K) NonClass: 86277K(88004K)->86277K(88004K) Class: 9238K(10208K)->9238K(10208K)
[1364262.013s][info][gc           ] GC(251806) Pause Young (Allocation Failure) 873M->763M(2035M) 4.354ms
[1364262.013s][info][gc,cpu       ] GC(251806) User=0.02s Sys=0.00s Real=0.02s
[1364265.827s][info][gc,start     ] GC(251807) Pause Young (Allocation Failure)
[1364265.828s][info][gc,task      ] GC(251807) Using 9 workers of 9 for evacuation
[1364265.832s][info][gc,heap      ] GC(251807) ParNew: 106539K->9352K(118016K)
[1364265.832s][info][gc,heap      ] GC(251807) CMS: 779981K->779981K(1966080K)
[1364265.832s][info][gc,metaspace ] GC(251807) Metaspace: 95515K(98212K)->95515K(98212K) NonClass: 86277K(88004K)->86277K(88004K) Class: 9238K(10208K)->9238K(10208K)
[1364265.832s][info][gc           ] GC(251807) Pause Young (Allocation Failure) 865M->770M(2035M) 4.283ms
[1364265.832s][info][gc,cpu       ] GC(251807) User=0.00s Sys=0.00s Real=0.00s
[1364270.539s][info][gc,start     ] GC(251808) Pause Young (Allocation Failure)
[1364270.539s][info][gc,task      ] GC(251808) Using 9 workers of 9 for evacuation
[1364270.545s][info][gc,heap      ] GC(251808) ParNew: 114312K->1647K(118016K)
[1364270.545s][info][gc,heap      ] GC(251808) CMS: 779981K->788831K(1966080K)
[1364270.545s][info][gc,metaspace ] GC(251808) Metaspace: 95515K(98212K)->95515K(98212K) NonClass: 86277K(88004K)->86277K(88004K) Class: 9238K(10208K)->9238K(10208K)
[1364270.545s][info][gc           ] GC(251808) Pause Young (Allocation Failure) 873M->771M(2035M) 5.751ms
[1364270.545s][info][gc,cpu       ] GC(251808) User=0.00s Sys=0.00s Real=0.00s
[1364274.216s][info][gc,start     ] GC(251809) Pause Young (Allocation Failure)
[1364274.216s][info][gc,task      ] GC(251809) Using 9 workers of 9 for evacuation
[1364274.221s][info][gc,heap      ] GC(251809) ParNew: 106607K->9263K(118016K)
[1364274.221s][info][gc,heap      ] GC(251809) CMS: 788831K->788831K(1966080K)
[1364274.221s][info][gc,metaspace ] GC(251809) Metaspace: 95515K(98212K)->95515K(98212K) NonClass: 86277K(88004K)->86277K(88004K) Class: 9238K(10208K)->9238K(10208K)
[1364274.221s][info][gc           ] GC(251809) Pause Young (Allocation Failure) 874M->779M(2035M) 4.537ms
[1364274.221s][info][gc,cpu       ] GC(251809) User=0.00s Sys=0.00s Real=0.00s
[1364277.229s][info][gc,start     ] GC(251810) Pause Young (Allocation Failure)
[1364277.229s][info][gc,task      ] GC(251810) Using 9 workers of 9 for evacuation
[1364277.234s][info][gc,heap      ] GC(251810) ParNew: 114223K->1691K(118016K)
[1364277.234s][info][gc,heap      ] GC(251810) CMS: 788831K->797632K(1966080K)
[1364277.234s][info][gc,metaspace ] GC(251810) Metaspace: 95515K(98212K)->95515K(98212K) NonClass: 86277K(88004K)->86277K(88004K) Class: 9238K(10208K)->9238K(10208K)
[1364277.234s][info][gc           ] GC(251810) Pause Young (Allocation Failure) 881M->780M(2035M) 5.706ms
[1364277.234s][info][gc,cpu       ] GC(251810) User=0.00s Sys=0.00s Real=0.00s
[1364280.678s][info][gc,start     ] GC(251811) Pause Young (Allocation Failure)
[1364280.679s][info][gc,task      ] GC(251811) Using 9 workers of 9 for evacuation
[1364280.683s][info][gc,heap      ] GC(251811) ParNew: 106649K->731K(118016K)
[1364280.683s][info][gc,heap      ] GC(251811) CMS: 797632K->797632K(1966080K)
[1364280.683s][info][gc,metaspace ] GC(251811) Metaspace: 95515K(98212K)->95515K(98212K) NonClass: 86277K(88004K)->86277K(88004K) Class: 9238K(10208K)->9238K(10208K)
[1364280.683s][info][gc           ] GC(251811) Pause Young (Allocation Failure) 883M->779M(2035M) 4.716ms
[1364280.683s][info][gc,cpu       ] GC(251811) User=0.09s Sys=0.02s Real=0.01s
[1364284.000s][info][gc,start     ] GC(251812) Pause Young (Allocation Failure)
[1364284.000s][info][gc,task      ] GC(251812) Using 9 workers of 9 for evacuation
[1364284.005s][info][gc,heap      ] GC(251812) ParNew: 105691K->9348K(118016K)
[1364284.005s][info][gc,heap      ] GC(251812) CMS: 797632K->797632K(1966080K)
[1364284.005s][info][gc,metaspace ] GC(251812) Metaspace: 95515K(98212K)->95515K(98212K) NonClass: 86277K(88004K)->86277K(88004K) Class: 9238K(10208K)->9238K(10208K)
[1364284.005s][info][gc           ] GC(251812) Pause Young (Allocation Failure) 882M->788M(2035M) 5.039ms
[1364284.005s][info][gc,cpu       ] GC(251812) User=0.00s Sys=0.00s Real=0.00s
[1364288.562s][info][gc,start     ] GC(251813) Pause Young (Allocation Failure)
[1364288.562s][info][gc,task      ] GC(251813) Using 9 workers of 9 for evacuation
[1364288.567s][info][gc,heap      ] GC(251813) ParNew: 114308K->1348K(118016K)
[1364288.567s][info][gc,heap      ] GC(251813) CMS: 797632K->806540K(1966080K)
[1364288.567s][info][gc,metaspace ] GC(251813) Metaspace: 95515K(98212K)->95515K(98212K) NonClass: 86277K(88004K)->86277K(88004K) Class: 9238K(10208K)->9238K(10208K)
[1364288.567s][info][gc           ] GC(251813) Pause Young (Allocation Failure) 890M->788M(2035M) 5.877ms
[1364288.567s][info][gc,cpu       ] GC(251813) User=0.00s Sys=0.00s Real=0.00s
[1364293.542s][info][gc,start     ] GC(251814) Pause Young (Allocation Failure)
[1364293.542s][info][gc,task      ] GC(251814) Using 9 workers of 9 for evacuation
[1364293.546s][info][gc,heap      ] GC(251814) ParNew: 106301K->1163K(118016K)
[1364293.546s][info][gc,heap      ] GC(251814) CMS: 806540K->806540K(1966080K)
[1364293.546s][info][gc,metaspace ] GC(251814) Metaspace: 95515K(98212K)->95515K(98212K) NonClass: 86277K(88004K)->86277K(88004K) Class: 9238K(10208K)->9238K(10208K)
[1364293.546s][info][gc           ] GC(251814) Pause Young (Allocation Failure) 891M->788M(2035M) 4.021ms
[1364293.546s][info][gc,cpu       ] GC(251814) User=0.00s Sys=0.00s Real=0.00s
[1364296.118s][info][gc,start     ] GC(251815) Pause Young (Allocation Failure)
[1364296.118s][info][gc,task      ] GC(251815) Using 9 workers of 9 for evacuation
[1364296.122s][info][gc,heap      ] GC(251815) ParNew: 106123K->9356K(118016K)
[1364296.122s][info][gc,heap      ] GC(251815) CMS: 806540K->806540K(1966080K)
[1364296.122s][info][gc,metaspace ] GC(251815) Metaspace: 95515K(98212K)->95515K(98212K) NonClass: 86277K(88004K)->86277K(88004K) Class: 9238K(10208K)->9238K(10208K)
[1364296.122s][info][gc           ] GC(251815) Pause Young (Allocation Failure) 891M->796M(2035M) 4.249ms
[1364296.122s][info][gc,cpu       ] GC(251815) User=0.00s Sys=0.00s Real=0.00s
[1364301.218s][info][gc,start     ] GC(251816) Pause Young (Allocation Failure)
[1364301.218s][info][gc,task      ] GC(251816) Using 9 workers of 9 for evacuation
[1364301.222s][info][gc,heap      ] GC(251816) ParNew: 114316K->1633K(118016K)
[1364301.223s][info][gc,heap      ] GC(251816) CMS: 806540K->806740K(1966080K)
[1364301.223s][info][gc,metaspace ] GC(251816) Metaspace: 95515K(98212K)->95515K(98212K) NonClass: 86277K(88004K)->86277K(88004K) Class: 9238K(10208K)->9238K(10208K)
[1364301.223s][info][gc           ] GC(251816) Pause Young (Allocation Failure) 899M->789M(2035M) 4.443ms
[1364301.223s][info][gc,cpu       ] GC(251816) User=0.00s Sys=0.00s Real=0.00s
[1364305.284s][info][gc,start     ] GC(251817) Pause Young (Allocation Failure)
[1364305.285s][info][gc,task      ] GC(251817) Using 9 workers of 9 for evacuation
[1364305.289s][info][gc,heap      ] GC(251817) ParNew: 106593K->9381K(118016K)
[1364305.289s][info][gc,heap      ] GC(251817) CMS: 806740K->806740K(1966080K)
[1364305.289s][info][gc,metaspace ] GC(251817) Metaspace: 95515K(98212K)->95515K(98212K) NonClass: 86277K(88004K)->86277K(88004K) Class: 9238K(10208K)->9238K(10208K)
[1364305.289s][info][gc           ] GC(251817) Pause Young (Allocation Failure) 891M->796M(2035M) 4.864ms
[1364305.289s][info][gc,cpu       ] GC(251817) User=0.00s Sys=0.00s Real=0.00s
[1364310.027s][info][gc,start     ] GC(251818) Pause Young (Allocation Failure)
[1364310.027s][info][gc,task      ] GC(251818) Using 9 workers of 9 for evacuation
[1364310.032s][info][gc,heap      ] GC(251818) ParNew: 114341K->1691K(118016K)
[1364310.032s][info][gc,heap      ] GC(251818) CMS: 806740K->815552K(1966080K)
[1364310.032s][info][gc,metaspace ] GC(251818) Metaspace: 95515K(98212K)->95515K(98212K) NonClass: 86277K(88004K)->86277K(88004K) Class: 9238K(10208K)->9238K(10208K)
[1364310.032s][info][gc           ] GC(251818) Pause Young (Allocation Failure) 899M->798M(2035M) 5.435ms
[1364310.032s][info][gc,cpu       ] GC(251818) User=0.14s Sys=0.00s Real=0.02s
[1364314.155s][info][gc,start     ] GC(251819) Pause Young (Allocation Failure)
[1364314.155s][info][gc,task      ] GC(251819) Using 9 workers of 9 for evacuation
[1364314.160s][info][gc,heap      ] GC(251819) ParNew: 106328K->3156K(118016K)
[1364314.160s][info][gc,heap      ] GC(251819) CMS: 815552K->815552K(1966080K)
[1364314.160s][info][gc,metaspace ] GC(251819) Metaspace: 95515K(98212K)->95515K(98212K) NonClass: 86277K(88004K)->86277K(88004K) Class: 9238K(10208K)->9238K(10208K)
[1364314.160s][info][gc           ] GC(251819) Pause Young (Allocation Failure) 900M->799M(2035M) 4.559ms
[1364314.160s][info][gc,cpu       ] GC(251819) User=0.00s Sys=0.00s Real=0.00s
[1364316.338s][info][gc,start     ] GC(251820) Pause Young (Allocation Failure)
[1364316.338s][info][gc,task      ] GC(251820) Using 9 workers of 9 for evacuation
[1364316.343s][info][gc,heap      ] GC(251820) ParNew: 108116K->9626K(118016K)
[1364316.343s][info][gc,heap      ] GC(251820) CMS: 815552K->815552K(1966080K)
[1364316.343s][info][gc,metaspace ] GC(251820) Metaspace: 95515K(98212K)->95515K(98212K) NonClass: 86277K(88004K)->86277K(88004K) Class: 9238K(10208K)->9238K(10208K)
[1364316.343s][info][gc           ] GC(251820) Pause Young (Allocation Failure) 902M->805M(2035M) 5.624ms
[1364316.343s][info][gc,cpu       ] GC(251820) User=0.02s Sys=0.00s Real=0.02s
[1364319.680s][info][gc,start     ] GC(251821) Pause Young (Allocation Failure)
[1364319.680s][info][gc,task      ] GC(251821) Using 9 workers of 9 for evacuation
[1364319.685s][info][gc,heap      ] GC(251821) ParNew: 114586K->2271K(118016K)
[1364319.685s][info][gc,heap      ] GC(251821) CMS: 815552K->824526K(1966080K)
[1364319.685s][info][gc,metaspace ] GC(251821) Metaspace: 95515K(98212K)->95515K(98212K) NonClass: 86277K(88004K)->86277K(88004K) Class: 9238K(10208K)->9238K(10208K)
[1364319.685s][info][gc           ] GC(251821) Pause Young (Allocation Failure) 908M->807M(2035M) 4.890ms
[1364319.685s][info][gc,cpu       ] GC(251821) User=0.00s Sys=0.00s Real=0.00s
[1364325.175s][info][gc,start     ] GC(251822) Pause Young (Allocation Failure)
[1364325.175s][info][gc,task      ] GC(251822) Using 9 workers of 9 for evacuation
[1364325.179s][info][gc,heap      ] GC(251822) ParNew: 107229K->4064K(118016K)
[1364325.179s][info][gc,heap      ] GC(251822) CMS: 824526K->824526K(1966080K)
[1364325.179s][info][gc,metaspace ] GC(251822) Metaspace: 95515K(98212K)->95515K(98212K) NonClass: 86277K(88004K)->86277K(88004K) Class: 9238K(10208K)->9238K(10208K)
[1364325.179s][info][gc           ] GC(251822) Pause Young (Allocation Failure) 909M->809M(2035M) 4.288ms
[1364325.179s][info][gc,cpu       ] GC(251822) User=0.00s Sys=0.00s Real=0.00s
[1364330.154s][info][gc,start     ] GC(251823) Pause Young (Allocation Failure)
[1364330.154s][info][gc,task      ] GC(251823) Using 9 workers of 9 for evacuation
[1364330.159s][info][gc,heap      ] GC(251823) ParNew: 109024K->9626K(118016K)
[1364330.159s][info][gc,heap      ] GC(251823) CMS: 824526K->824526K(1966080K)
[1364330.159s][info][gc,metaspace ] GC(251823) Metaspace: 95515K(98212K)->95515K(98212K) NonClass: 86277K(88004K)->86277K(88004K) Class: 9238K(10208K)->9238K(10208K)
[1364330.159s][info][gc           ] GC(251823) Pause Young (Allocation Failure) 911M->814M(2035M) 4.922ms
[1364330.159s][info][gc,cpu       ] GC(251823) User=0.14s Sys=0.00s Real=0.02s
[1364335.263s][info][gc,start     ] GC(251824) Pause Young (Allocation Failure)
[1364335.263s][info][gc,task      ] GC(251824) Using 9 workers of 9 for evacuation
[1364335.268s][info][gc,heap      ] GC(251824) ParNew: 114585K->4275K(118016K)
[1364335.268s][info][gc,heap      ] GC(251824) CMS: 824526K->824692K(1966080K)
[1364335.268s][info][gc,metaspace ] GC(251824) Metaspace: 95515K(98212K)->95515K(98212K) NonClass: 86277K(88004K)->86277K(88004K) Class: 9238K(10208K)->9238K(10208K)
[1364335.268s][info][gc           ] GC(251824) Pause Young (Allocation Failure) 917M->809M(2035M) 4.923ms
[1364335.268s][info][gc,cpu       ] GC(251824) User=0.02s Sys=0.00s Real=0.02s
[1364339.517s][info][gc,start     ] GC(251825) Pause Young (Allocation Failure)
[1364339.517s][info][gc,task      ] GC(251825) Using 9 workers of 9 for evacuation
[1364339.522s][info][gc,heap      ] GC(251825) ParNew: 109235K->10057K(118016K)
[1364339.522s][info][gc,heap      ] GC(251825) CMS: 824692K->824692K(1966080K)
[1364339.522s][info][gc,metaspace ] GC(251825) Metaspace: 95515K(98212K)->95515K(98212K) NonClass: 86277K(88004K)->86277K(88004K) Class: 9238K(10208K)->9238K(10208K)
[1364339.522s][info][gc           ] GC(251825) Pause Young (Allocation Failure) 912M->815M(2035M) 4.862ms
[1364339.522s][info][gc,cpu       ] GC(251825) User=0.02s Sys=0.00s Real=0.02s
[1364345.835s][info][gc,start     ] GC(251826) Pause Young (Allocation Failure)
[1364345.835s][info][gc,task      ] GC(251826) Using 9 workers of 9 for evacuation
[1364345.839s][info][gc,heap      ] GC(251826) ParNew: 115017K->5377K(118016K)
[1364345.839s][info][gc,heap      ] GC(251826) CMS: 824692K->824925K(1966080K)
[1364345.839s][info][gc,metaspace ] GC(251826) Metaspace: 95515K(98212K)->95515K(98212K) NonClass: 86277K(88004K)->86277K(88004K) Class: 9238K(10208K)->9238K(10208K)
[1364345.839s][info][gc           ] GC(251826) Pause Young (Allocation Failure) 917M->810M(2035M) 4.104ms
[1364345.839s][info][gc,cpu       ] GC(251826) User=0.00s Sys=0.00s Real=0.00s
[1364350.845s][info][gc,start     ] GC(251827) Pause Young (Allocation Failure)
[1364350.845s][info][gc,task      ] GC(251827) Using 9 workers of 9 for evacuation
[1364350.849s][info][gc,heap      ] GC(251827) ParNew: 110337K->9547K(118016K)
[1364350.849s][info][gc,heap      ] GC(251827) CMS: 824925K->824925K(1966080K)
[1364350.849s][info][gc,metaspace ] GC(251827) Metaspace: 95515K(98212K)->95515K(98212K) NonClass: 86277K(88004K)->86277K(88004K) Class: 9238K(10208K)->9238K(10208K)
[1364350.849s][info][gc           ] GC(251827) Pause Young (Allocation Failure) 913M->814M(2035M) 4.505ms
[1364350.849s][info][gc,cpu       ] GC(251827) User=0.14s Sys=0.00s Real=0.01s
[1364356.001s][info][gc,start     ] GC(251828) Pause Young (Allocation Failure)
[1364356.001s][info][gc,task      ] GC(251828) Using 9 workers of 9 for evacuation
[1364356.006s][info][gc,heap      ] GC(251828) ParNew: 114507K->10421K(118016K)
[1364356.006s][info][gc,heap      ] GC(251828) CMS: 824925K->825070K(1966080K)
[1364356.006s][info][gc,metaspace ] GC(251828) Metaspace: 95515K(98212K)->95515K(98212K) NonClass: 86277K(88004K)->86277K(88004K) Class: 9238K(10208K)->9238K(10208K)
[1364356.006s][info][gc           ] GC(251828) Pause Young (Allocation Failure) 917M->815M(2035M) 4.776ms
[1364356.006s][info][gc,cpu       ] GC(251828) User=0.00s Sys=0.00s Real=0.00s
[1364361.587s][info][gc,start     ] GC(251829) Pause Young (Allocation Failure)
[1364361.587s][info][gc,task      ] GC(251829) Using 9 workers of 9 for evacuation
[1364361.591s][info][gc,heap      ] GC(251829) ParNew: 115381K->3931K(118016K)
[1364361.591s][info][gc,heap      ] GC(251829) CMS: 825070K->825143K(1966080K)
[1364361.591s][info][gc,metaspace ] GC(251829) Metaspace: 95515K(98212K)->95515K(98212K) NonClass: 86277K(88004K)->86277K(88004K) Class: 9238K(10208K)->9238K(10208K)
[1364361.591s][info][gc           ] GC(251829) Pause Young (Allocation Failure) 918M->809M(2035M) 4.340ms
[1364361.591s][info][gc,cpu       ] GC(251829) User=0.00s Sys=0.00s Real=0.00s
[1364366.574s][info][gc,start     ] GC(251830) Pause Young (Allocation Failure)
[1364366.574s][info][gc,task      ] GC(251830) Using 9 workers of 9 for evacuation
[1364366.579s][info][gc,heap      ] GC(251830) ParNew: 108891K->9629K(118016K)
[1364366.579s][info][gc,heap      ] GC(251830) CMS: 825143K->825143K(1966080K)
[1364366.579s][info][gc,metaspace ] GC(251830) Metaspace: 95515K(98212K)->95515K(98212K) NonClass: 86277K(88004K)->86277K(88004K) Class: 9238K(10208K)->9238K(10208K)
[1364366.579s][info][gc           ] GC(251830) Pause Young (Allocation Failure) 912M->815M(2035M) 4.336ms
[1364366.579s][info][gc,cpu       ] GC(251830) User=0.00s Sys=0.00s Real=0.00s
[1364371.722s][info][gc,start     ] GC(251831) Pause Young (Allocation Failure)
[1364371.722s][info][gc,task      ] GC(251831) Using 9 workers of 9 for evacuation
[1364371.726s][info][gc,heap      ] GC(251831) ParNew: 114583K->2669K(118016K)
[1364371.726s][info][gc,heap      ] GC(251831) CMS: 825143K->825234K(1966080K)
[1364371.726s][info][gc,metaspace ] GC(251831) Metaspace: 95515K(98212K)->95515K(98212K) NonClass: 86277K(88004K)->86277K(88004K) Class: 9238K(10208K)->9238K(10208K)
[1364371.726s][info][gc           ] GC(251831) Pause Young (Allocation Failure) 917M->808M(2035M) 3.983ms
[1364371.726s][info][gc,cpu       ] GC(251831) User=0.00s Sys=0.00s Real=0.00s
[1364375.403s][info][gc,start     ] GC(251832) Pause Young (Allocation Failure)
[1364375.403s][info][gc,task      ] GC(251832) Using 9 workers of 9 for evacuation
[1364375.408s][info][gc,heap      ] GC(251832) ParNew: 107629K->9421K(118016K)
[1364375.408s][info][gc,heap      ] GC(251832) CMS: 825234K->825234K(1966080K)
[1364375.408s][info][gc,metaspace ] GC(251832) Metaspace: 95515K(98212K)->95515K(98212K) NonClass: 86277K(88004K)->86277K(88004K) Class: 9238K(10208K)->9238K(10208K)
[1364375.408s][info][gc           ] GC(251832) Pause Young (Allocation Failure) 910M->815M(2035M) 4.579ms
[1364375.408s][info][gc,cpu       ] GC(251832) User=0.00s Sys=0.00s Real=0.00s
[1364381.074s][info][gc,start     ] GC(251833) Pause Young (Allocation Failure)
[1364381.074s][info][gc,task      ] GC(251833) Using 9 workers of 9 for evacuation
[1364381.079s][info][gc,heap      ] GC(251833) ParNew: 114381K->1983K(118016K)
[1364381.080s][info][gc,heap      ] GC(251833) CMS: 825234K->834024K(1966080K)
[1364381.080s][info][gc,metaspace ] GC(251833) Metaspace: 95515K(98212K)->95515K(98212K) NonClass: 86277K(88004K)->86277K(88004K) Class: 9238K(10208K)->9238K(10208K)
[1364381.080s][info][gc           ] GC(251833) Pause Young (Allocation Failure) 917M->816M(2035M) 5.987ms
[1364381.080s][info][gc,cpu       ] GC(251833) User=0.00s Sys=0.00s Real=0.00s
[1364384.901s][info][gc,start     ] GC(251834) Pause Young (Allocation Failure)
[1364384.901s][info][gc,task      ] GC(251834) Using 9 workers of 9 for evacuation
[1364384.905s][info][gc,heap      ] GC(251834) ParNew: 106943K->9364K(118016K)
[1364384.905s][info][gc,heap      ] GC(251834) CMS: 834024K->834024K(1966080K)
[1364384.905s][info][gc,metaspace ] GC(251834) Metaspace: 95515K(98212K)->95515K(98212K) NonClass: 86277K(88004K)->86277K(88004K) Class: 9238K(10208K)->9238K(10208K)
[1364384.905s][info][gc           ] GC(251834) Pause Young (Allocation Failure) 918M->823M(2035M) 4.763ms
[1364384.905s][info][gc,cpu       ] GC(251834) User=0.14s Sys=0.00s Real=0.01s
[1364389.117s][info][gc,start     ] GC(251835) Pause Young (Allocation Failure)
[1364389.117s][info][gc,task      ] GC(251835) Using 9 workers of 9 for evacuation
[1364389.123s][info][gc,heap      ] GC(251835) ParNew: 114324K->1884K(118016K)
[1364389.123s][info][gc,heap      ] GC(251835) CMS: 834024K->842821K(1966080K)
[1364389.123s][info][gc,metaspace ] GC(251835) Metaspace: 95515K(98212K)->95515K(98212K) NonClass: 86277K(88004K)->86277K(88004K) Class: 9238K(10208K)->9238K(10208K)
[1364389.123s][info][gc           ] GC(251835) Pause Young (Allocation Failure) 926M->824M(2035M) 6.241ms
[1364389.123s][info][gc,cpu       ] GC(251835) User=0.00s Sys=0.00s Real=0.02s
[1364393.270s][info][gc,start     ] GC(251836) Pause Young (Allocation Failure)
[1364393.270s][info][gc,task      ] GC(251836) Using 9 workers of 9 for evacuation
[1364393.275s][info][gc,heap      ] GC(251836) ParNew: 106844K->9468K(118016K)
[1364393.275s][info][gc,heap      ] GC(251836) CMS: 842821K->842821K(1966080K)
[1364393.275s][info][gc,metaspace ] GC(251836) Metaspace: 95515K(98212K)->95515K(98212K) NonClass: 86277K(88004K)->86277K(88004K) Class: 9238K(10208K)->9238K(10208K)
[1364393.275s][info][gc           ] GC(251836) Pause Young (Allocation Failure) 927M->832M(2035M) 4.472ms
[1364393.275s][info][gc,cpu       ] GC(251836) User=0.00s Sys=0.00s Real=0.00s
[1364398.804s][info][gc,start     ] GC(251837) Pause Young (Allocation Failure)
[1364398.805s][info][gc,task      ] GC(251837) Using 9 workers of 9 for evacuation
[1364398.810s][info][gc,heap      ] GC(251837) ParNew: 114428K->1804K(118016K)
[1364398.810s][info][gc,heap      ] GC(251837) CMS: 842821K->851712K(1966080K)
[1364398.810s][info][gc,metaspace ] GC(251837) Metaspace: 95515K(98212K)->95515K(98212K) NonClass: 86277K(88004K)->86277K(88004K) Class: 9238K(10208K)->9238K(10208K)
[1364398.810s][info][gc           ] GC(251837) Pause Young (Allocation Failure) 934M->833M(2035M) 5.524ms
[1364398.810s][info][gc,cpu       ] GC(251837) User=0.00s Sys=0.00s Real=0.02s
[1364402.403s][info][gc,start     ] GC(251838) Pause Young (Allocation Failure)
[1364402.403s][info][gc,task      ] GC(251838) Using 9 workers of 9 for evacuation
[1364402.408s][info][gc,heap      ] GC(251838) ParNew: 106527K->3287K(118016K)
[1364402.408s][info][gc,heap      ] GC(251838) CMS: 851712K->851712K(1966080K)
[1364402.408s][info][gc,metaspace ] GC(251838) Metaspace: 95515K(98212K)->95515K(98212K) NonClass: 86277K(88004K)->86277K(88004K) Class: 9238K(10208K)->9238K(10208K)
[1364402.408s][info][gc           ] GC(251838) Pause Young (Allocation Failure) 935M->834M(2035M) 4.608ms
[1364402.408s][info][gc,cpu       ] GC(251838) User=0.02s Sys=0.00s Real=0.02s
[1364408.268s][info][gc,start     ] GC(251839) Pause Young (Allocation Failure)
[1364408.268s][info][gc,task      ] GC(251839) Using 9 workers of 9 for evacuation
[1364408.272s][info][gc,heap      ] GC(251839) ParNew: 108247K->9588K(118016K)
[1364408.272s][info][gc,heap      ] GC(251839) CMS: 851712K->851712K(1966080K)
[1364408.272s][info][gc,metaspace ] GC(251839) Metaspace: 95515K(98212K)->95515K(98212K) NonClass: 86277K(88004K)->86277K(88004K) Class: 9238K(10208K)->9238K(10208K)
[1364408.272s][info][gc           ] GC(251839) Pause Young (Allocation Failure) 937M->841M(2035M) 4.691ms
[1364408.272s][info][gc,cpu       ] GC(251839) User=0.00s Sys=0.00s Real=0.00s
[1364412.853s][info][gc,start     ] GC(251840) Pause Young (Allocation Failure)
[1364412.853s][info][gc,task      ] GC(251840) Using 9 workers of 9 for evacuation
[1364412.858s][info][gc,heap      ] GC(251840) ParNew: 114548K->10440K(118016K)
[1364412.858s][info][gc,heap      ] GC(251840) CMS: 851712K->851906K(1966080K)
[1364412.858s][info][gc,metaspace ] GC(251840) Metaspace: 95515K(98212K)->95515K(98212K) NonClass: 86277K(88004K)->86277K(88004K) Class: 9238K(10208K)->9238K(10208K)
[1364412.858s][info][gc           ] GC(251840) Pause Young (Allocation Failure) 943M->842M(2035M) 4.584ms
[1364412.858s][info][gc,cpu       ] GC(251840) User=0.02s Sys=0.00s Real=0.01s
[1364417.708s][info][gc,start     ] GC(251841) Pause Young (Allocation Failure)
[1364417.708s][info][gc,task      ] GC(251841) Using 9 workers of 9 for evacuation
[1364417.713s][info][gc,heap      ] GC(251841) ParNew: 115400K->3236K(118016K)
[1364417.713s][info][gc,heap      ] GC(251841) CMS: 851906K->860707K(1966080K)
[1364417.713s][info][gc,metaspace ] GC(251841) Metaspace: 95515K(98212K)->95515K(98212K) NonClass: 86277K(88004K)->86277K(88004K) Class: 9238K(10208K)->9238K(10208K)
[1364417.713s][info][gc           ] GC(251841) Pause Young (Allocation Failure) 944M->843M(2035M) 5.097ms
[1364417.713s][info][gc,cpu       ] GC(251841) User=0.00s Sys=0.00s Real=0.00s
[1364422.618s][info][gc,start     ] GC(251842) Pause Young (Allocation Failure)
[1364422.618s][info][gc,task      ] GC(251842) Using 9 workers of 9 for evacuation
[1364422.622s][info][gc,heap      ] GC(251842) ParNew: 108196K->968K(118016K)
[1364422.622s][info][gc,heap      ] GC(251842) CMS: 860707K->860707K(1966080K)
[1364422.622s][info][gc,metaspace ] GC(251842) Metaspace: 95515K(98212K)->95515K(98212K) NonClass: 86277K(88004K)->86277K(88004K) Class: 9238K(10208K)->9238K(10208K)
[1364422.622s][info][gc           ] GC(251842) Pause Young (Allocation Failure) 946M->841M(2035M) 3.957ms
[1364422.622s][info][gc,cpu       ] GC(251842) User=0.00s Sys=0.00s Real=0.00s
[1364426.520s][info][gc,start     ] GC(251843) Pause Young (Allocation Failure)
[1364426.520s][info][gc,task      ] GC(251843) Using 9 workers of 9 for evacuation
[1364426.524s][info][gc,heap      ] GC(251843) ParNew: 105928K->9239K(118016K)
[1364426.524s][info][gc,heap      ] GC(251843) CMS: 860707K->860707K(1966080K)
[1364426.524s][info][gc,metaspace ] GC(251843) Metaspace: 95515K(98212K)->95515K(98212K) NonClass: 86277K(88004K)->86277K(88004K) Class: 9238K(10208K)->9238K(10208K)
[1364426.525s][info][gc           ] GC(251843) Pause Young (Allocation Failure) 943M->849M(2035M) 4.669ms
[1364426.525s][info][gc,cpu       ] GC(251843) User=0.00s Sys=0.00s Real=0.00s
[1364431.932s][info][gc,start     ] GC(251844) Pause Young (Allocation Failure)
[1364431.932s][info][gc,task      ] GC(251844) Using 9 workers of 9 for evacuation
[1364431.936s][info][gc,heap      ] GC(251844) ParNew: 114199K->1318K(118016K)
[1364431.936s][info][gc,heap      ] GC(251844) CMS: 860707K->860848K(1966080K)
[1364431.936s][info][gc,metaspace ] GC(251844) Metaspace: 95515K(98212K)->95515K(98212K) NonClass: 86277K(88004K)->86277K(88004K) Class: 9238K(10208K)->9238K(10208K)
[1364431.936s][info][gc           ] GC(251844) Pause Young (Allocation Failure) 952M->841M(2035M) 4.018ms
[1364431.936s][info][gc,cpu       ] GC(251844) User=0.06s Sys=0.00s Real=0.02s
[1364437.208s][info][gc,start     ] GC(251845) Pause Young (Allocation Failure)
[1364437.208s][info][gc,task      ] GC(251845) Using 9 workers of 9 for evacuation
[1364437.213s][info][gc,heap      ] GC(251845) ParNew: 106278K->9295K(118016K)
[1364437.213s][info][gc,heap      ] GC(251845) CMS: 860848K->860848K(1966080K)
[1364437.213s][info][gc,metaspace ] GC(251845) Metaspace: 95515K(98212K)->95515K(98212K) NonClass: 86277K(88004K)->86277K(88004K) Class: 9238K(10208K)->9238K(10208K)
[1364437.213s][info][gc           ] GC(251845) Pause Young (Allocation Failure) 944M->849M(2035M) 4.970ms
[1364437.213s][info][gc,cpu       ] GC(251845) User=0.00s Sys=0.00s Real=0.00s
[1364442.639s][info][gc,start     ] GC(251846) Pause Young (Allocation Failure)
[1364442.639s][info][gc,task      ] GC(251846) Using 9 workers of 9 for evacuation
[1364442.643s][info][gc,heap      ] GC(251846) ParNew: 114255K->1608K(118016K)
[1364442.643s][info][gc,heap      ] GC(251846) CMS: 860848K->860977K(1966080K)
[1364442.643s][info][gc,metaspace ] GC(251846) Metaspace: 95515K(98212K)->95515K(98212K) NonClass: 86277K(88004K)->86277K(88004K) Class: 9238K(10208K)->9238K(10208K)
[1364442.643s][info][gc           ] GC(251846) Pause Young (Allocation Failure) 952M->842M(2035M) 4.341ms
[1364442.643s][info][gc,cpu       ] GC(251846) User=0.00s Sys=0.00s Real=0.00s
[1364446.854s][info][gc,start     ] GC(251847) Pause Young (Allocation Failure)
[1364446.854s][info][gc,task      ] GC(251847) Using 9 workers of 9 for evacuation
[1364446.859s][info][gc,heap      ] GC(251847) ParNew: 106568K->9291K(118016K)
[1364446.859s][info][gc,heap      ] GC(251847) CMS: 860977K->860977K(1966080K)
[1364446.859s][info][gc,metaspace ] GC(251847) Metaspace: 95515K(98212K)->95515K(98212K) NonClass: 86277K(88004K)->86277K(88004K) Class: 9238K(10208K)->9238K(10208K)
[1364446.859s][info][gc           ] GC(251847) Pause Young (Allocation Failure) 944M->849M(2035M) 4.368ms
[1364446.859s][info][gc,cpu       ] GC(251847) User=0.00s Sys=0.00s Real=0.00s
[1364453.992s][info][gc,start     ] GC(251848) Pause Young (Allocation Failure)
[1364453.992s][info][gc,task      ] GC(251848) Using 9 workers of 9 for evacuation
[1364453.996s][info][gc,heap      ] GC(251848) ParNew: 114186K->2967K(118016K)
[1364453.996s][info][gc,heap      ] GC(251848) CMS: 860977K->861112K(1966080K)
[1364453.996s][info][gc,metaspace ] GC(251848) Metaspace: 95515K(98212K)->95515K(98212K) NonClass: 86277K(88004K)->86277K(88004K) Class: 9238K(10208K)->9238K(10208K)
[1364453.996s][info][gc           ] GC(251848) Pause Young (Allocation Failure) 952M->843M(2035M) 4.337ms
[1364453.996s][info][gc,cpu       ] GC(251848) User=0.14s Sys=0.00s Real=0.02s
[1364458.811s][info][gc,start     ] GC(251849) Pause Young (Allocation Failure)
[1364458.811s][info][gc,task      ] GC(251849) Using 9 workers of 9 for evacuation
[1364458.815s][info][gc,heap      ] GC(251849) ParNew: 107927K->9403K(118016K)
[1364458.816s][info][gc,heap      ] GC(251849) CMS: 861112K->861112K(1966080K)
[1364458.816s][info][gc,metaspace ] GC(251849) Metaspace: 95515K(98212K)->95515K(98212K) NonClass: 86277K(88004K)->86277K(88004K) Class: 9238K(10208K)->9238K(10208K)
[1364458.816s][info][gc           ] GC(251849) Pause Young (Allocation Failure) 946M->850M(2035M) 4.439ms
[1364458.816s][info][gc,cpu       ] GC(251849) User=0.00s Sys=0.00s Real=0.00s
[1364464.118s][info][gc,start     ] GC(251850) Pause Young (Allocation Failure)
[1364464.118s][info][gc,task      ] GC(251850) Using 9 workers of 9 for evacuation
[1364464.122s][info][gc,heap      ] GC(251850) ParNew: 114356K->2097K(118016K)
[1364464.122s][info][gc,heap      ] GC(251850) CMS: 861112K->861265K(1966080K)
[1364464.122s][info][gc,metaspace ] GC(251850) Metaspace: 95515K(98212K)->95515K(98212K) NonClass: 86277K(88004K)->86277K(88004K) Class: 9238K(10208K)->9238K(10208K)
[1364464.122s][info][gc           ] GC(251850) Pause Young (Allocation Failure) 952M->843M(2035M) 4.639ms
[1364464.122s][info][gc,cpu       ] GC(251850) User=0.02s Sys=0.02s Real=0.02s
[1364468.706s][info][gc,start     ] GC(251851) Pause Young (Allocation Failure)
[1364468.706s][info][gc,task      ] GC(251851) Using 9 workers of 9 for evacuation
[1364468.711s][info][gc,heap      ] GC(251851) ParNew: 107057K->9324K(118016K)
[1364468.711s][info][gc,heap      ] GC(251851) CMS: 861265K->861265K(1966080K)
[1364468.711s][info][gc,metaspace ] GC(251851) Metaspace: 95515K(98212K)->95515K(98212K) NonClass: 86277K(88004K)->86277K(88004K) Class: 9238K(10208K)->9238K(10208K)
[1364468.711s][info][gc           ] GC(251851) Pause Young (Allocation Failure) 945M->850M(2035M) 5.254ms
[1364468.711s][info][gc,cpu       ] GC(251851) User=0.00s Sys=0.00s Real=0.00s
[1364476.064s][info][gc,start     ] GC(251852) Pause Young (Allocation Failure)
[1364476.064s][info][gc,task      ] GC(251852) Using 9 workers of 9 for evacuation
[1364476.069s][info][gc,heap      ] GC(251852) ParNew: 114284K->10219K(118016K)
[1364476.069s][info][gc,heap      ] GC(251852) CMS: 861265K->861418K(1966080K)
[1364476.069s][info][gc,metaspace ] GC(251852) Metaspace: 95515K(98212K)->95515K(98212K) NonClass: 86277K(88004K)->86277K(88004K) Class: 9238K(10208K)->9238K(10208K)
[1364476.069s][info][gc           ] GC(251852) Pause Young (Allocation Failure) 952M->851M(2035M) 4.724ms
[1364476.069s][info][gc,cpu       ] GC(251852) User=0.00s Sys=0.00s Real=0.00s
[1364482.278s][info][gc,start     ] GC(251853) Pause Young (Allocation Failure)
[1364482.278s][info][gc,task      ] GC(251853) Using 9 workers of 9 for evacuation
[1364482.282s][info][gc,heap      ] GC(251853) ParNew: 115179K->3101K(118016K)
[1364482.282s][info][gc,heap      ] GC(251853) CMS: 861418K->861474K(1966080K)
[1364482.282s][info][gc,metaspace ] GC(251853) Metaspace: 95515K(98212K)->95515K(98212K) NonClass: 86277K(88004K)->86277K(88004K) Class: 9238K(10208K)->9238K(10208K)
[1364482.282s][info][gc           ] GC(251853) Pause Young (Allocation Failure) 953M->844M(2035M) 4.094ms
[1364482.282s][info][gc,cpu       ] GC(251853) User=0.00s Sys=0.00s Real=0.00s
[1364487.078s][info][gc,start     ] GC(251854) Pause Young (Allocation Failure)
[1364487.079s][info][gc,task      ] GC(251854) Using 9 workers of 9 for evacuation
[1364487.083s][info][gc,heap      ] GC(251854) ParNew: 108061K->9517K(118016K)
[1364487.083s][info][gc,heap      ] GC(251854) CMS: 861474K->861474K(1966080K)
[1364487.083s][info][gc,metaspace ] GC(251854) Metaspace: 95515K(98212K)->95515K(98212K) NonClass: 86277K(88004K)->86277K(88004K) Class: 9238K(10208K)->9238K(10208K)
[1364487.083s][info][gc           ] GC(251854) Pause Young (Allocation Failure) 946M->850M(2035M) 4.646ms
[1364487.083s][info][gc,cpu       ] GC(251854) User=0.00s Sys=0.00s Real=0.00s
[1364492.343s][info][gc,start     ] GC(251855) Pause Young (Allocation Failure)
[1364492.343s][info][gc,task      ] GC(251855) Using 9 workers of 9 for evacuation
[1364492.347s][info][gc,heap      ] GC(251855) ParNew: 114477K->2428K(118016K)
[1364492.347s][info][gc,heap      ] GC(251855) CMS: 861474K->861536K(1966080K)
[1364492.347s][info][gc,metaspace ] GC(251855) Metaspace: 95515K(98212K)->95515K(98212K) NonClass: 86277K(88004K)->86277K(88004K) Class: 9238K(10208K)->9238K(10208K)
[1364492.347s][info][gc           ] GC(251855) Pause Young (Allocation Failure) 953M->843M(2035M) 4.682ms
[1364492.347s][info][gc,cpu       ] GC(251855) User=0.00s Sys=0.00s Real=0.00s
[1364498.751s][info][gc,start     ] GC(251856) Pause Young (Allocation Failure)
[1364498.752s][info][gc,task      ] GC(251856) Using 9 workers of 9 for evacuation
[1364498.757s][info][gc,heap      ] GC(251856) ParNew: 107388K->9413K(118016K)
[1364498.757s][info][gc,heap      ] GC(251856) CMS: 861536K->861536K(1966080K)
[1364498.757s][info][gc,metaspace ] GC(251856) Metaspace: 95515K(98212K)->95515K(98212K) NonClass: 86277K(88004K)->86277K(88004K) Class: 9238K(10208K)->9238K(10208K)
[1364498.757s][info][gc           ] GC(251856) Pause Young (Allocation Failure) 946M->850M(2035M) 5.441ms
[1364498.757s][info][gc,cpu       ] GC(251856) User=0.00s Sys=0.00s Real=0.00s
[1364505.233s][info][gc,start     ] GC(251857) Pause Young (Allocation Failure)
[1364505.234s][info][gc,task      ] GC(251857) Using 9 workers of 9 for evacuation
[1364505.238s][info][gc,heap      ] GC(251857) ParNew: 114373K->1949K(118016K)
[1364505.238s][info][gc,heap      ] GC(251857) CMS: 861536K->861710K(1966080K)
[1364505.238s][info][gc,metaspace ] GC(251857) Metaspace: 95515K(98212K)->95515K(98212K) NonClass: 86277K(88004K)->86277K(88004K) Class: 9238K(10208K)->9238K(10208K)
[1364505.238s][info][gc           ] GC(251857) Pause Young (Allocation Failure) 953M->843M(2035M) 4.893ms
[1364505.238s][info][gc,cpu       ] GC(251857) User=0.00s Sys=0.00s Real=0.00s
[1364508.414s][info][gc,start     ] GC(251858) Pause Young (Allocation Failure)
[1364508.414s][info][gc,task      ] GC(251858) Using 9 workers of 9 for evacuation
[1364508.419s][info][gc,heap      ] GC(251858) ParNew: 106909K->9344K(118016K)
[1364508.419s][info][gc,heap      ] GC(251858) CMS: 861710K->861710K(1966080K)
[1364508.419s][info][gc,metaspace ] GC(251858) Metaspace: 95515K(98212K)->95515K(98212K) NonClass: 86277K(88004K)->86277K(88004K) Class: 9238K(10208K)->9238K(10208K)
[1364508.419s][info][gc           ] GC(251858) Pause Young (Allocation Failure) 945M->850M(2035M) 4.683ms
[1364508.419s][info][gc,cpu       ] GC(251858) User=0.03s Sys=0.02s Real=0.01s
[1364514.288s][info][gc,start     ] GC(251859) Pause Young (Allocation Failure)
[1364514.288s][info][gc,task      ] GC(251859) Using 9 workers of 9 for evacuation
[1364514.292s][info][gc,heap      ] GC(251859) ParNew: 114304K->1743K(118016K)
[1364514.292s][info][gc,heap      ] GC(251859) CMS: 861710K->861860K(1966080K)
[1364514.292s][info][gc,metaspace ] GC(251859) Metaspace: 95515K(98212K)->95515K(98212K) NonClass: 86277K(88004K)->86277K(88004K) Class: 9238K(10208K)->9238K(10208K)
[1364514.292s][info][gc           ] GC(251859) Pause Young (Allocation Failure) 953M->843M(2035M) 4.094ms
[1364514.292s][info][gc,cpu       ] GC(251859) User=0.14s Sys=0.00s Real=0.02s
[1364518.363s][info][gc,start     ] GC(251860) Pause Young (Allocation Failure)
[1364518.364s][info][gc,task      ] GC(251860) Using 9 workers of 9 for evacuation
[1364518.368s][info][gc,heap      ] GC(251860) ParNew: 106703K->9256K(118016K)
[1364518.368s][info][gc,heap      ] GC(251860) CMS: 861860K->861860K(1966080K)
[1364518.368s][info][gc,metaspace ] GC(251860) Metaspace: 95515K(98212K)->95515K(98212K) NonClass: 86277K(88004K)->86277K(88004K) Class: 9238K(10208K)->9238K(10208K)
[1364518.368s][info][gc           ] GC(251860) Pause Young (Allocation Failure) 945M->850M(2035M) 4.829ms
[1364518.368s][info][gc,cpu       ] GC(251860) User=0.00s Sys=0.00s Real=0.00s
[1364525.234s][info][gc,start     ] GC(251861) Pause Young (Allocation Failure)
[1364525.234s][info][gc,task      ] GC(251861) Using 9 workers of 9 for evacuation
[1364525.238s][info][gc,heap      ] GC(251861) ParNew: 114216K->1694K(118016K)
[1364525.238s][info][gc,heap      ] GC(251861) CMS: 861860K->861975K(1966080K)
[1364525.238s][info][gc,metaspace ] GC(251861) Metaspace: 95515K(98212K)->95515K(98212K) NonClass: 86277K(88004K)->86277K(88004K) Class: 9238K(10208K)->9238K(10208K)
[1364525.238s][info][gc           ] GC(251861) Pause Young (Allocation Failure) 953M->843M(2035M) 4.102ms
[1364525.238s][info][gc,cpu       ] GC(251861) User=0.00s Sys=0.00s Real=0.00s
[1364529.351s][info][gc,start     ] GC(251862) Pause Young (Allocation Failure)
[1364529.351s][info][gc,task      ] GC(251862) Using 9 workers of 9 for evacuation
[1364529.355s][info][gc,heap      ] GC(251862) ParNew: 106654K->9291K(118016K)
[1364529.355s][info][gc,heap      ] GC(251862) CMS: 861975K->861975K(1966080K)
[1364529.355s][info][gc,metaspace ] GC(251862) Metaspace: 95515K(98212K)->95515K(98212K) NonClass: 86277K(88004K)->86277K(88004K) Class: 9238K(10208K)->9238K(10208K)
[1364529.355s][info][gc           ] GC(251862) Pause Young (Allocation Failure) 945M->850M(2035M) 4.527ms
[1364529.355s][info][gc,cpu       ] GC(251862) User=0.00s Sys=0.00s Real=0.02s
[1364535.911s][info][gc,start     ] GC(251863) Pause Young (Allocation Failure)
[1364535.911s][info][gc,task      ] GC(251863) Using 9 workers of 9 for evacuation
[1364535.916s][info][gc,heap      ] GC(251863) ParNew: 114251K->6897K(118016K)
[1364535.916s][info][gc,heap      ] GC(251863) CMS: 861975K->862127K(1966080K)
[1364535.916s][info][gc,metaspace ] GC(251863) Metaspace: 95515K(98212K)->95515K(98212K) NonClass: 86277K(88004K)->86277K(88004K) Class: 9238K(10208K)->9238K(10208K)
[1364535.916s][info][gc           ] GC(251863) Pause Young (Allocation Failure) 953M->848M(2035M) 4.591ms
[1364535.916s][info][gc,cpu       ] GC(251863) User=0.00s Sys=0.00s Real=0.00s
[1364542.516s][info][gc,start     ] GC(251864) Pause Young (Allocation Failure)
[1364542.516s][info][gc,task      ] GC(251864) Using 9 workers of 9 for evacuation
[1364542.520s][info][gc,heap      ] GC(251864) ParNew: 111857K->2279K(118016K)
[1364542.520s][info][gc,heap      ] GC(251864) CMS: 862127K->862127K(1966080K)
[1364542.520s][info][gc,metaspace ] GC(251864) Metaspace: 95515K(98212K)->95515K(98212K) NonClass: 86277K(88004K)->86277K(88004K) Class: 9238K(10208K)->9238K(10208K)
[1364542.520s][info][gc           ] GC(251864) Pause Young (Allocation Failure) 951M->844M(2035M) 4.049ms
[1364542.520s][info][gc,cpu       ] GC(251864) User=0.00s Sys=0.00s Real=0.00s
[1364547.168s][info][gc,start     ] GC(251865) Pause Young (Allocation Failure)
[1364547.168s][info][gc,task      ] GC(251865) Using 9 workers of 9 for evacuation
[1364547.172s][info][gc,heap      ] GC(251865) ParNew: 107239K->9300K(118016K)
[1364547.172s][info][gc,heap      ] GC(251865) CMS: 862127K->862127K(1966080K)
[1364547.172s][info][gc,metaspace ] GC(251865) Metaspace: 95515K(98212K)->95515K(98212K) NonClass: 86277K(88004K)->86277K(88004K) Class: 9238K(10208K)->9238K(10208K)
[1364547.172s][info][gc           ] GC(251865) Pause Young (Allocation Failure) 946M->851M(2035M) 4.571ms
[1364547.172s][info][gc,cpu       ] GC(251865) User=0.02s Sys=0.00s Real=0.01s
[1364551.821s][info][gc,start     ] GC(251866) Pause Young (Allocation Failure)
[1364551.821s][info][gc,task      ] GC(251866) Using 9 workers of 9 for evacuation
[1364551.826s][info][gc,heap      ] GC(251866) ParNew: 114195K->8127K(118016K)
[1364551.826s][info][gc,heap      ] GC(251866) CMS: 862127K->862272K(1966080K)
[1364551.826s][info][gc,metaspace ] GC(251866) Metaspace: 95515K(98212K)->95515K(98212K) NonClass: 86277K(88004K)->86277K(88004K) Class: 9238K(10208K)->9238K(10208K)
[1364551.826s][info][gc           ] GC(251866) Pause Young (Allocation Failure) 953M->849M(2035M) 4.413ms
[1364551.826s][info][gc,cpu       ] GC(251866) User=0.00s Sys=0.00s Real=0.00s
[1364557.869s][info][gc,start     ] GC(251867) Pause Young (Allocation Failure)
[1364557.869s][info][gc,task      ] GC(251867) Using 9 workers of 9 for evacuation
[1364557.874s][info][gc,heap      ] GC(251867) ParNew: 113087K->4583K(118016K)
[1364557.874s][info][gc,heap      ] GC(251867) CMS: 862272K->868799K(1966080K)
[1364557.874s][info][gc,metaspace ] GC(251867) Metaspace: 95515K(98212K)->95515K(98212K) NonClass: 86277K(88004K)->86277K(88004K) Class: 9238K(10208K)->9238K(10208K)
[1364557.874s][info][gc           ] GC(251867) Pause Young (Allocation Failure) 952M->852M(2035M) 5.319ms
[1364557.874s][info][gc,cpu       ] GC(251867) User=0.00s Sys=0.00s Real=0.00s
[1364562.105s][info][gc,start     ] GC(251868) Pause Young (Allocation Failure)
[1364562.105s][info][gc,task      ] GC(251868) Using 9 workers of 9 for evacuation
[1364562.110s][info][gc,heap      ] GC(251868) ParNew: 109543K->8352K(118016K)
[1364562.110s][info][gc,heap      ] GC(251868) CMS: 868799K->868799K(1966080K)
[1364562.110s][info][gc,metaspace ] GC(251868) Metaspace: 95515K(98212K)->95515K(98212K) NonClass: 86277K(88004K)->86277K(88004K) Class: 9238K(10208K)->9238K(10208K)
[1364562.110s][info][gc           ] GC(251868) Pause Young (Allocation Failure) 955M->856M(2035M) 4.788ms
[1364562.110s][info][gc,cpu       ] GC(251868) User=0.03s Sys=0.00s Real=0.00s
[1364567.153s][info][gc,start     ] GC(251869) Pause Young (Allocation Failure)
[1364567.153s][info][gc,task      ] GC(251869) Using 9 workers of 9 for evacuation
[1364567.159s][info][gc,heap      ] GC(251869) ParNew: 113312K->3398K(118016K)
[1364567.159s][info][gc,heap      ] GC(251869) CMS: 868799K->876260K(1966080K)
[1364567.159s][info][gc,metaspace ] GC(251869) Metaspace: 95515K(98212K)->95515K(98212K) NonClass: 86277K(88004K)->86277K(88004K) Class: 9238K(10208K)->9238K(10208K)
[1364567.159s][info][gc           ] GC(251869) Pause Young (Allocation Failure) 959M->859M(2035M) 5.757ms
[1364567.159s][info][gc,cpu       ] GC(251869) User=0.00s Sys=0.00s Real=0.01s
[1364571.244s][info][gc,start     ] GC(251870) Pause Young (Allocation Failure)
[1364571.244s][info][gc,task      ] GC(251870) Using 9 workers of 9 for evacuation
[1364571.248s][info][gc,heap      ] GC(251870) ParNew: 108358K->2204K(118016K)
[1364571.248s][info][gc,heap      ] GC(251870) CMS: 876260K->876260K(1966080K)
[1364571.248s][info][gc,metaspace ] GC(251870) Metaspace: 95515K(98212K)->95515K(98212K) NonClass: 86277K(88004K)->86277K(88004K) Class: 9238K(10208K)->9238K(10208K)
[1364571.248s][info][gc           ] GC(251870) Pause Young (Allocation Failure) 961M->857M(2035M) 4.353ms
[1364571.248s][info][gc,cpu       ] GC(251870) User=0.00s Sys=0.00s Real=0.00s
[1364573.730s][info][gc,start     ] GC(251871) Pause Young (Allocation Failure)
[1364573.730s][info][gc,task      ] GC(251871) Using 9 workers of 9 for evacuation
[1364573.734s][info][gc,heap      ] GC(251871) ParNew: 107164K->9627K(118016K)
[1364573.734s][info][gc,heap      ] GC(251871) CMS: 876260K->876260K(1966080K)
[1364573.734s][info][gc,metaspace ] GC(251871) Metaspace: 95515K(98212K)->95515K(98212K) NonClass: 86277K(88004K)->86277K(88004K) Class: 9238K(10208K)->9238K(10208K)
[1364573.734s][info][gc           ] GC(251871) Pause Young (Allocation Failure) 960M->865M(2035M) 4.452ms
[1364573.734s][info][gc,cpu       ] GC(251871) User=0.00s Sys=0.00s Real=0.00s
[1364577.654s][info][gc,start     ] GC(251872) Pause Young (Allocation Failure)
[1364577.654s][info][gc,task      ] GC(251872) Using 9 workers of 9 for evacuation
[1364577.659s][info][gc,heap      ] GC(251872) ParNew: 114587K->2485K(118016K)
[1364577.659s][info][gc,heap      ] GC(251872) CMS: 876260K->885122K(1966080K)
[1364577.659s][info][gc,metaspace ] GC(251872) Metaspace: 95515K(98212K)->95515K(98212K) NonClass: 86277K(88004K)->86277K(88004K) Class: 9238K(10208K)->9238K(10208K)
[1364577.659s][info][gc           ] GC(251872) Pause Young (Allocation Failure) 967M->866M(2035M) 4.967ms
[1364577.659s][info][gc,cpu       ] GC(251872) User=0.00s Sys=0.00s Real=0.00s
[1364582.128s][info][gc,start     ] GC(251873) Pause Young (Allocation Failure)
[1364582.128s][info][gc,task      ] GC(251873) Using 9 workers of 9 for evacuation
[1364582.132s][info][gc,heap      ] GC(251873) ParNew: 107445K->860K(118016K)
[1364582.132s][info][gc,heap      ] GC(251873) CMS: 885122K->885122K(1966080K)
[1364582.133s][info][gc,metaspace ] GC(251873) Metaspace: 95515K(98212K)->95515K(98212K) NonClass: 86277K(88004K)->86277K(88004K) Class: 9238K(10208K)->9238K(10208K)
[1364582.133s][info][gc           ] GC(251873) Pause Young (Allocation Failure) 969M->865M(2035M) 4.569ms
[1364582.133s][info][gc,cpu       ] GC(251873) User=0.14s Sys=0.00s Real=0.02s
[1364587.766s][info][gc,start     ] GC(251874) Pause Young (Allocation Failure)
[1364587.766s][info][gc,task      ] GC(251874) Using 9 workers of 9 for evacuation
[1364587.770s][info][gc,heap      ] GC(251874) ParNew: 105820K->9264K(118016K)
[1364587.770s][info][gc,heap      ] GC(251874) CMS: 885122K->885122K(1966080K)
[1364587.770s][info][gc,metaspace ] GC(251874) Metaspace: 95515K(98212K)->95515K(98212K) NonClass: 86277K(88004K)->86277K(88004K) Class: 9238K(10208K)->9238K(10208K)
[1364587.770s][info][gc           ] GC(251874) Pause Young (Allocation Failure) 967M->873M(2035M) 4.333ms
[1364587.771s][info][gc,cpu       ] GC(251874) User=0.00s Sys=0.00s Real=0.00s
[1364592.622s][info][gc,start     ] GC(251875) Pause Young (Allocation Failure)
[1364592.622s][info][gc,task      ] GC(251875) Using 9 workers of 9 for evacuation
[1364592.627s][info][gc,heap      ] GC(251875) ParNew: 114224K->9258K(118016K)
[1364592.627s][info][gc,heap      ] GC(251875) CMS: 885122K->885312K(1966080K)
[1364592.627s][info][gc,metaspace ] GC(251875) Metaspace: 95515K(98212K)->95515K(98212K) NonClass: 86277K(88004K)->86277K(88004K) Class: 9238K(10208K)->9238K(10208K)
[1364592.627s][info][gc           ] GC(251875) Pause Young (Allocation Failure) 975M->873M(2035M) 4.665ms
[1364592.627s][info][gc,cpu       ] GC(251875) User=0.00s Sys=0.00s Real=0.00s
[1364597.737s][info][gc,start     ] GC(251876) Pause Young (Allocation Failure)
[1364597.737s][info][gc,task      ] GC(251876) Using 9 workers of 9 for evacuation
[1364597.743s][info][gc,heap      ] GC(251876) ParNew: 114218K->2968K(118016K)
[1364597.743s][info][gc,heap      ] GC(251876) CMS: 885312K->893530K(1966080K)
[1364597.743s][info][gc,metaspace ] GC(251876) Metaspace: 95515K(98212K)->95515K(98212K) NonClass: 86277K(88004K)->86277K(88004K) Class: 9238K(10208K)->9238K(10208K)
[1364597.743s][info][gc           ] GC(251876) Pause Young (Allocation Failure) 976M->875M(2035M) 5.424ms
[1364597.743s][info][gc,cpu       ] GC(251876) User=0.00s Sys=0.00s Real=0.00s
[1364601.713s][info][gc,start     ] GC(251877) Pause Young (Allocation Failure)
[1364601.713s][info][gc,task      ] GC(251877) Using 9 workers of 9 for evacuation
[1364601.717s][info][gc,heap      ] GC(251877) ParNew: 107928K->973K(118016K)
[1364601.717s][info][gc,heap      ] GC(251877) CMS: 893530K->893530K(1966080K)
[1364601.717s][info][gc,metaspace ] GC(251877) Metaspace: 95515K(98212K)->95515K(98212K) NonClass: 86277K(88004K)->86277K(88004K) Class: 9238K(10208K)->9238K(10208K)
[1364601.717s][info][gc           ] GC(251877) Pause Young (Allocation Failure) 977M->873M(2035M) 3.903ms
[1364601.717s][info][gc,cpu       ] GC(251877) User=0.00s Sys=0.00s Real=0.00s
[1364606.003s][info][gc,start     ] GC(251878) Pause Young (Allocation Failure)
[1364606.003s][info][gc,task      ] GC(251878) Using 9 workers of 9 for evacuation
[1364606.007s][info][gc,heap      ] GC(251878) ParNew: 105933K->9315K(118016K)
[1364606.007s][info][gc,heap      ] GC(251878) CMS: 893530K->893530K(1966080K)
[1364606.007s][info][gc,metaspace ] GC(251878) Metaspace: 95515K(98212K)->95515K(98212K) NonClass: 86277K(88004K)->86277K(88004K) Class: 9238K(10208K)->9238K(10208K)
[1364606.008s][info][gc           ] GC(251878) Pause Young (Allocation Failure) 976M->881M(2035M) 4.593ms
[1364606.008s][info][gc,cpu       ] GC(251878) User=0.00s Sys=0.00s Real=0.00s
[1364611.625s][info][gc,start     ] GC(251879) Pause Young (Allocation Failure)
[1364611.625s][info][gc,task      ] GC(251879) Using 9 workers of 9 for evacuation
[1364611.629s][info][gc,heap      ] GC(251879) ParNew: 114275K->1583K(118016K)
[1364611.629s][info][gc,heap      ] GC(251879) CMS: 893530K->893796K(1966080K)
[1364611.629s][info][gc,metaspace ] GC(251879) Metaspace: 95515K(98212K)->95515K(98212K) NonClass: 86277K(88004K)->86277K(88004K) Class: 9238K(10208K)->9238K(10208K)
[1364611.629s][info][gc           ] GC(251879) Pause Young (Allocation Failure) 984M->874M(2035M) 4.500ms
[1364611.629s][info][gc,cpu       ] GC(251879) User=0.00s Sys=0.00s Real=0.00s
[1364614.797s][info][gc,start     ] GC(251880) Pause Young (Allocation Failure)
[1364614.797s][info][gc,task      ] GC(251880) Using 9 workers of 9 for evacuation
[1364614.801s][info][gc,heap      ] GC(251880) ParNew: 106543K->9342K(118016K)
[1364614.802s][info][gc,heap      ] GC(251880) CMS: 893796K->893796K(1966080K)
[1364614.802s][info][gc,metaspace ] GC(251880) Metaspace: 95515K(98212K)->95515K(98212K) NonClass: 86277K(88004K)->86277K(88004K) Class: 9238K(10208K)->9238K(10208K)
[1364614.802s][info][gc           ] GC(251880) Pause Young (Allocation Failure) 976M->881M(2035M) 4.558ms
[1364614.802s][info][gc,cpu       ] GC(251880) User=0.00s Sys=0.00s Real=0.00s
[1364620.053s][info][gc,start     ] GC(251881) Pause Young (Allocation Failure)
[1364620.053s][info][gc,task      ] GC(251881) Using 9 workers of 9 for evacuation
[1364620.058s][info][gc,heap      ] GC(251881) ParNew: 114302K->1635K(118016K)
[1364620.058s][info][gc,heap      ] GC(251881) CMS: 893796K->902596K(1966080K)
[1364620.058s][info][gc,metaspace ] GC(251881) Metaspace: 95515K(98212K)->95515K(98212K) NonClass: 86277K(88004K)->86277K(88004K) Class: 9238K(10208K)->9238K(10208K)
[1364620.058s][info][gc           ] GC(251881) Pause Young (Allocation Failure) 984M->883M(2035M) 5.631ms
[1364620.058s][info][gc,cpu       ] GC(251881) User=0.00s Sys=0.00s Real=0.02s
[1364625.385s][info][gc,start     ] GC(251882) Pause Young (Allocation Failure)
[1364625.385s][info][gc,task      ] GC(251882) Using 9 workers of 9 for evacuation
[1364625.390s][info][gc,heap      ] GC(251882) ParNew: 106595K->9253K(118016K)
[1364625.390s][info][gc,heap      ] GC(251882) CMS: 902596K->902596K(1966080K)
[1364625.390s][info][gc,metaspace ] GC(251882) Metaspace: 95515K(98212K)->95515K(98212K) NonClass: 86277K(88004K)->86277K(88004K) Class: 9238K(10208K)->9238K(10208K)
[1364625.390s][info][gc           ] GC(251882) Pause Young (Allocation Failure) 985M->890M(2035M) 4.489ms
[1364625.390s][info][gc,cpu       ] GC(251882) User=0.00s Sys=0.00s Real=0.00s
[1364628.974s][info][gc,start     ] GC(251883) Pause Young (Allocation Failure)
[1364628.974s][info][gc,task      ] GC(251883) Using 9 workers of 9 for evacuation
[1364628.979s][info][gc,heap      ] GC(251883) ParNew: 114213K->1642K(118016K)
[1364628.979s][info][gc,heap      ] GC(251883) CMS: 902596K->911377K(1966080K)
[1364628.979s][info][gc,metaspace ] GC(251883) Metaspace: 95515K(98212K)->95515K(98212K) NonClass: 86277K(88004K)->86277K(88004K) Class: 9238K(10208K)->9238K(10208K)
[1364628.979s][info][gc           ] GC(251883) Pause Young (Allocation Failure) 992M->891M(2035M) 5.034ms
[1364628.979s][info][gc,cpu       ] GC(251883) User=0.00s Sys=0.00s Real=0.00s
[1364632.935s][info][gc,start     ] GC(251884) Pause Young (Allocation Failure)
[1364632.935s][info][gc,task      ] GC(251884) Using 9 workers of 9 for evacuation
[1364632.939s][info][gc,heap      ] GC(251884) ParNew: 106602K->682K(118016K)
[1364632.939s][info][gc,heap      ] GC(251884) CMS: 911377K->911377K(1966080K)
[1364632.939s][info][gc,metaspace ] GC(251884) Metaspace: 95515K(98212K)->95515K(98212K) NonClass: 86277K(88004K)->86277K(88004K) Class: 9238K(10208K)->9238K(10208K)
[1364632.939s][info][gc           ] GC(251884) Pause Young (Allocation Failure) 994M->890M(2035M) 4.141ms
[1364632.939s][info][gc,cpu       ] GC(251884) User=0.00s Sys=0.00s Real=0.00s
[1364637.866s][info][gc,start     ] GC(251885) Pause Young (Allocation Failure)
[1364637.866s][info][gc,task      ] GC(251885) Using 9 workers of 9 for evacuation
[1364637.870s][info][gc,heap      ] GC(251885) ParNew: 105634K->9436K(118016K)
[1364637.870s][info][gc,heap      ] GC(251885) CMS: 911377K->911377K(1966080K)
[1364637.871s][info][gc,metaspace ] GC(251885) Metaspace: 95515K(98212K)->95515K(98212K) NonClass: 86277K(88004K)->86277K(88004K) Class: 9238K(10208K)->9238K(10208K)
[1364637.871s][info][gc           ] GC(251885) Pause Young (Allocation Failure) 993M->899M(2035M) 4.690ms
[1364637.871s][info][gc,cpu       ] GC(251885) User=0.00s Sys=0.00s Real=0.00s
[1364641.888s][info][gc,start     ] GC(251886) Pause Young (Allocation Failure)
[1364641.888s][info][gc,task      ] GC(251886) Using 9 workers of 9 for evacuation
[1364641.892s][info][gc,heap      ] GC(251886) ParNew: 114396K->1670K(118016K)
[1364641.892s][info][gc,heap      ] GC(251886) CMS: 911377K->911612K(1966080K)
[1364641.892s][info][gc,metaspace ] GC(251886) Metaspace: 95515K(98212K)->95515K(98212K) NonClass: 86277K(88004K)->86277K(88004K) Class: 9238K(10208K)->9238K(10208K)
[1364641.892s][info][gc           ] GC(251886) Pause Young (Allocation Failure) 1001M->891M(2035M) 4.780ms
[1364641.893s][info][gc,cpu       ] GC(251886) User=0.05s Sys=0.00s Real=0.02s
[1364645.714s][info][gc,start     ] GC(251887) Pause Young (Allocation Failure)
[1364645.714s][info][gc,task      ] GC(251887) Using 9 workers of 9 for evacuation
[1364645.719s][info][gc,heap      ] GC(251887) ParNew: 106630K->9410K(118016K)
[1364645.719s][info][gc,heap      ] GC(251887) CMS: 911612K->911612K(1966080K)
[1364645.719s][info][gc,metaspace ] GC(251887) Metaspace: 95515K(98212K)->95515K(98212K) NonClass: 86277K(88004K)->86277K(88004K) Class: 9238K(10208K)->9238K(10208K)
[1364645.719s][info][gc           ] GC(251887) Pause Young (Allocation Failure) 994M->899M(2035M) 4.411ms
[1364645.719s][info][gc,cpu       ] GC(251887) User=0.14s Sys=0.00s Real=0.02s
[1364651.147s][info][gc,start     ] GC(251888) Pause Young (Allocation Failure)
[1364651.147s][info][gc,task      ] GC(251888) Using 9 workers of 9 for evacuation
[1364651.152s][info][gc,heap      ] GC(251888) ParNew: 114370K->1816K(118016K)
[1364651.152s][info][gc,heap      ] GC(251888) CMS: 911612K->920517K(1966080K)
[1364651.152s][info][gc,metaspace ] GC(251888) Metaspace: 95515K(98212K)->95515K(98212K) NonClass: 86277K(88004K)->86277K(88004K) Class: 9238K(10208K)->9238K(10208K)
[1364651.152s][info][gc           ] GC(251888) Pause Young (Allocation Failure) 1001M->900M(2035M) 5.420ms
[1364651.152s][info][gc,cpu       ] GC(251888) User=0.00s Sys=0.00s Real=0.00s
[1364656.656s][info][gc,start     ] GC(251889) Pause Young (Allocation Failure)
[1364656.656s][info][gc,task      ] GC(251889) Using 9 workers of 9 for evacuation
[1364656.661s][info][gc,heap      ] GC(251889) ParNew: 106776K->9295K(118016K)
[1364656.661s][info][gc,heap      ] GC(251889) CMS: 920517K->920517K(1966080K)
[1364656.661s][info][gc,metaspace ] GC(251889) Metaspace: 95515K(98212K)->95515K(98212K) NonClass: 86277K(88004K)->86277K(88004K) Class: 9238K(10208K)->9238K(10208K)
[1364656.661s][info][gc           ] GC(251889) Pause Young (Allocation Failure) 1003M->908M(2035M) 4.898ms
[1364656.661s][info][gc,cpu       ] GC(251889) User=0.00s Sys=0.00s Real=0.00s
[1364663.320s][info][gc,start     ] GC(251890) Pause Young (Allocation Failure)
[1364663.320s][info][gc,task      ] GC(251890) Using 9 workers of 9 for evacuation
[1364663.325s][info][gc,heap      ] GC(251890) ParNew: 114255K->1677K(118016K)
[1364663.325s][info][gc,heap      ] GC(251890) CMS: 920517K->920678K(1966080K)
[1364663.325s][info][gc,metaspace ] GC(251890) Metaspace: 95515K(98212K)->95515K(98212K) NonClass: 86277K(88004K)->86277K(88004K) Class: 9238K(10208K)->9238K(10208K)
[1364663.325s][info][gc           ] GC(251890) Pause Young (Allocation Failure) 1010M->900M(2035M) 5.132ms
[1364663.325s][info][gc,cpu       ] GC(251890) User=0.00s Sys=0.00s Real=0.00s
[1364668.391s][info][gc,start     ] GC(251891) Pause Young (Allocation Failure)
[1364668.391s][info][gc,task      ] GC(251891) Using 9 workers of 9 for evacuation
[1364668.396s][info][gc,heap      ] GC(251891) ParNew: 106637K->9360K(118016K)
[1364668.396s][info][gc,heap      ] GC(251891) CMS: 920678K->920678K(1966080K)
[1364668.396s][info][gc,metaspace ] GC(251891) Metaspace: 95515K(98212K)->95515K(98212K) NonClass: 86277K(88004K)->86277K(88004K) Class: 9238K(10208K)->9238K(10208K)
[1364668.396s][info][gc           ] GC(251891) Pause Young (Allocation Failure) 1003M->908M(2035M) 4.741ms
[1364668.396s][info][gc,cpu       ] GC(251891) User=0.00s Sys=0.00s Real=0.00s
[1364673.768s][info][gc,start     ] GC(251892) Pause Young (Allocation Failure)
[1364673.769s][info][gc,task      ] GC(251892) Using 9 workers of 9 for evacuation
[1364673.773s][info][gc,heap      ] GC(251892) ParNew: 114320K->1697K(118016K)
[1364673.773s][info][gc,heap      ] GC(251892) CMS: 920678K->920803K(1966080K)
[1364673.773s][info][gc,metaspace ] GC(251892) Metaspace: 95515K(98212K)->95515K(98212K) NonClass: 86277K(88004K)->86277K(88004K) Class: 9238K(10208K)->9238K(10208K)
[1364673.773s][info][gc           ] GC(251892) Pause Young (Allocation Failure) 1010M->900M(2035M) 4.335ms
[1364673.773s][info][gc,cpu       ] GC(251892) User=0.14s Sys=0.00s Real=0.02s
[1364677.957s][info][gc,start     ] GC(251893) Pause Young (Allocation Failure)
[1364677.957s][info][gc,task      ] GC(251893) Using 9 workers of 9 for evacuation
[1364677.961s][info][gc,heap      ] GC(251893) ParNew: 106655K->9395K(118016K)
[1364677.961s][info][gc,heap      ] GC(251893) CMS: 920803K->920803K(1966080K)
[1364677.961s][info][gc,metaspace ] GC(251893) Metaspace: 95515K(98212K)->95515K(98212K) NonClass: 86277K(88004K)->86277K(88004K) Class: 9238K(10208K)->9238K(10208K)
[1364677.961s][info][gc           ] GC(251893) Pause Young (Allocation Failure) 1003M->908M(2035M) 4.560ms
[1364677.961s][info][gc,cpu       ] GC(251893) User=0.14s Sys=0.00s Real=0.02s
[1364682.197s][info][gc,start     ] GC(251894) Pause Young (Allocation Failure)
[1364682.198s][info][gc,task      ] GC(251894) Using 9 workers of 9 for evacuation
[1364682.202s][info][gc,heap      ] GC(251894) ParNew: 114355K->1606K(118016K)
[1364682.202s][info][gc,heap      ] GC(251894) CMS: 920803K->920934K(1966080K)
[1364682.202s][info][gc,metaspace ] GC(251894) Metaspace: 95515K(98212K)->95515K(98212K) NonClass: 86277K(88004K)->86277K(88004K) Class: 9238K(10208K)->9238K(10208K)
[1364682.202s][info][gc           ] GC(251894) Pause Young (Allocation Failure) 1010M->900M(2035M) 4.496ms
[1364682.202s][info][gc,cpu       ] GC(251894) User=0.00s Sys=0.00s Real=0.00s
[1364688.417s][info][gc,start     ] GC(251895) Pause Young (Allocation Failure)
[1364688.417s][info][gc,task      ] GC(251895) Using 9 workers of 9 for evacuation
[1364688.421s][info][gc,heap      ] GC(251895) ParNew: 106566K->9401K(118016K)
[1364688.421s][info][gc,heap      ] GC(251895) CMS: 920934K->920934K(1966080K)
[1364688.421s][info][gc,metaspace ] GC(251895) Metaspace: 95515K(98212K)->95515K(98212K) NonClass: 86277K(88004K)->86277K(88004K) Class: 9238K(10208K)->9238K(10208K)
[1364688.421s][info][gc           ] GC(251895) Pause Young (Allocation Failure) 1003M->908M(2035M) 4.748ms
[1364688.421s][info][gc,cpu       ] GC(251895) User=0.00s Sys=0.00s Real=0.00s
[1364693.914s][info][gc,start     ] GC(251896) Pause Young (Allocation Failure)
[1364693.915s][info][gc,task      ] GC(251896) Using 9 workers of 9 for evacuation
[1364693.919s][info][gc,heap      ] GC(251896) ParNew: 114361K->1689K(118016K)
[1364693.919s][info][gc,heap      ] GC(251896) CMS: 920934K->921084K(1966080K)
[1364693.919s][info][gc,metaspace ] GC(251896) Metaspace: 95515K(98212K)->95515K(98212K) NonClass: 86277K(88004K)->86277K(88004K) Class: 9238K(10208K)->9238K(10208K)
[1364693.919s][info][gc           ] GC(251896) Pause Young (Allocation Failure) 1011M->901M(2035M) 4.373ms
[1364693.919s][info][gc,cpu       ] GC(251896) User=0.00s Sys=0.00s Real=0.00s
[1364699.174s][info][gc,start     ] GC(251897) Pause Young (Allocation Failure)
[1364699.174s][info][gc,task      ] GC(251897) Using 9 workers of 9 for evacuation
[1364699.178s][info][gc,heap      ] GC(251897) ParNew: 106649K->9362K(118016K)
[1364699.178s][info][gc,heap      ] GC(251897) CMS: 921084K->921084K(1966080K)
[1364699.178s][info][gc,metaspace ] GC(251897) Metaspace: 95515K(98212K)->95515K(98212K) NonClass: 86277K(88004K)->86277K(88004K) Class: 9238K(10208K)->9238K(10208K)
[1364699.178s][info][gc           ] GC(251897) Pause Young (Allocation Failure) 1003M->908M(2035M) 4.349ms
[1364699.178s][info][gc,cpu       ] GC(251897) User=0.00s Sys=0.02s Real=0.01s
[1364702.918s][info][gc,start     ] GC(251898) Pause Young (Allocation Failure)
[1364702.918s][info][gc,task      ] GC(251898) Using 9 workers of 9 for evacuation
[1364702.922s][info][gc,heap      ] GC(251898) ParNew: 114322K->1673K(118016K)
[1364702.923s][info][gc,heap      ] GC(251898) CMS: 921084K->921247K(1966080K)
[1364702.923s][info][gc,metaspace ] GC(251898) Metaspace: 95515K(98212K)->95515K(98212K) NonClass: 86277K(88004K)->86277K(88004K) Class: 9238K(10208K)->9238K(10208K)
[1364702.923s][info][gc           ] GC(251898) Pause Young (Allocation Failure) 1011M->901M(2035M) 4.228ms
[1364702.923s][info][gc,cpu       ] GC(251898) User=0.00s Sys=0.00s Real=0.00s
[1364706.720s][info][gc,start     ] GC(251899) Pause Young (Allocation Failure)
[1364706.720s][info][gc,task      ] GC(251899) Using 9 workers of 9 for evacuation
[1364706.724s][info][gc,heap      ] GC(251899) ParNew: 106633K->9486K(118016K)
[1364706.724s][info][gc,heap      ] GC(251899) CMS: 921247K->921247K(1966080K)
[1364706.724s][info][gc,metaspace ] GC(251899) Metaspace: 95515K(98212K)->95515K(98212K) NonClass: 86277K(88004K)->86277K(88004K) Class: 9238K(10208K)->9238K(10208K)
[1364706.725s][info][gc           ] GC(251899) Pause Young (Allocation Failure) 1003M->908M(2035M) 4.865ms
[1364706.725s][info][gc,cpu       ] GC(251899) User=0.02s Sys=0.00s Real=0.02s
[1364712.864s][info][gc,start     ] GC(251900) Pause Young (Allocation Failure)
[1364712.864s][info][gc,task      ] GC(251900) Using 9 workers of 9 for evacuation
[1364712.868s][info][gc,heap      ] GC(251900) ParNew: 114446K->1750K(118016K)
[1364712.868s][info][gc,heap      ] GC(251900) CMS: 921247K->921494K(1966080K)
[1364712.868s][info][gc,metaspace ] GC(251900) Metaspace: 95515K(98212K)->95515K(98212K) NonClass: 86277K(88004K)->86277K(88004K) Class: 9238K(10208K)->9238K(10208K)
[1364712.868s][info][gc           ] GC(251900) Pause Young (Allocation Failure) 1011M->901M(2035M) 4.670ms
[1364712.869s][info][gc,cpu       ] GC(251900) User=0.03s Sys=0.02s Real=0.02s
[1364717.309s][info][gc,start     ] GC(251901) Pause Young (Allocation Failure)
[1364717.309s][info][gc,task      ] GC(251901) Using 9 workers of 9 for evacuation
[1364717.314s][info][gc,heap      ] GC(251901) ParNew: 106710K->9300K(118016K)
[1364717.314s][info][gc,heap      ] GC(251901) CMS: 921494K->921494K(1966080K)
[1364717.314s][info][gc,metaspace ] GC(251901) Metaspace: 95515K(98212K)->95515K(98212K) NonClass: 86277K(88004K)->86277K(88004K) Class: 9238K(10208K)->9238K(10208K)
[1364717.314s][info][gc           ] GC(251901) Pause Young (Allocation Failure) 1004M->908M(2035M) 4.963ms
[1364717.314s][info][gc,cpu       ] GC(251901) User=0.00s Sys=0.00s Real=0.00s
[1364724.297s][info][gc,start     ] GC(251902) Pause Young (Allocation Failure)
[1364724.297s][info][gc,task      ] GC(251902) Using 9 workers of 9 for evacuation
[1364724.301s][info][gc,heap      ] GC(251902) ParNew: 114260K->1788K(118016K)
[1364724.301s][info][gc,heap      ] GC(251902) CMS: 921494K->921600K(1966080K)
[1364724.302s][info][gc,metaspace ] GC(251902) Metaspace: 95515K(98212K)->95515K(98212K) NonClass: 86277K(88004K)->86277K(88004K) Class: 9238K(10208K)->9238K(10208K)
[1364724.302s][info][gc           ] GC(251902) Pause Young (Allocation Failure) 1011M->901M(2035M) 4.445ms
[1364724.302s][info][gc,cpu       ] GC(251902) User=0.00s Sys=0.00s Real=0.00s
[1364728.729s][info][gc,start     ] GC(251903) Pause Young (Allocation Failure)
[1364728.729s][info][gc,task      ] GC(251903) Using 9 workers of 9 for evacuation
[1364728.734s][info][gc,heap      ] GC(251903) ParNew: 106748K->9310K(118016K)
[1364728.734s][info][gc,heap      ] GC(251903) CMS: 921600K->921600K(1966080K)
[1364728.734s][info][gc,metaspace ] GC(251903) Metaspace: 95515K(98212K)->95515K(98212K) NonClass: 86277K(88004K)->86277K(88004K) Class: 9238K(10208K)->9238K(10208K)
[1364728.734s][info][gc           ] GC(251903) Pause Young (Allocation Failure) 1004M->909M(2035M) 5.252ms
[1364728.734s][info][gc,cpu       ] GC(251903) User=0.00s Sys=0.00s Real=0.00s
[1364733.811s][info][gc,start     ] GC(251904) Pause Young (Allocation Failure)
[1364733.811s][info][gc,task      ] GC(251904) Using 9 workers of 9 for evacuation
[1364733.815s][info][gc,heap      ] GC(251904) ParNew: 114270K->1655K(118016K)
[1364733.816s][info][gc,heap      ] GC(251904) CMS: 921600K->921733K(1966080K)
[1364733.816s][info][gc,metaspace ] GC(251904) Metaspace: 95515K(98212K)->95515K(98212K) NonClass: 86277K(88004K)->86277K(88004K) Class: 9238K(10208K)->9238K(10208K)
[1364733.816s][info][gc           ] GC(251904) Pause Young (Allocation Failure) 1011M->901M(2035M) 4.311ms
[1364733.816s][info][gc,cpu       ] GC(251904) User=0.00s Sys=0.00s Real=0.00s
[1364739.361s][info][gc,start     ] GC(251905) Pause Young (Allocation Failure)
[1364739.361s][info][gc,task      ] GC(251905) Using 9 workers of 9 for evacuation
[1364739.365s][info][gc,heap      ] GC(251905) ParNew: 106615K->9304K(118016K)
[1364739.365s][info][gc,heap      ] GC(251905) CMS: 921733K->921733K(1966080K)
[1364739.365s][info][gc,metaspace ] GC(251905) Metaspace: 95515K(98212K)->95515K(98212K) NonClass: 86277K(88004K)->86277K(88004K) Class: 9238K(10208K)->9238K(10208K)
[1364739.365s][info][gc           ] GC(251905) Pause Young (Allocation Failure) 1004M->909M(2035M) 4.489ms
[1364739.365s][info][gc,cpu       ] GC(251905) User=0.00s Sys=0.00s Real=0.00s
[1364744.503s][info][gc,start     ] GC(251906) Pause Young (Allocation Failure)
[1364744.503s][info][gc,task      ] GC(251906) Using 9 workers of 9 for evacuation
[1364744.507s][info][gc,heap      ] GC(251906) ParNew: 114264K->1709K(118016K)
[1364744.507s][info][gc,heap      ] GC(251906) CMS: 921733K->921855K(1966080K)
[1364744.507s][info][gc,metaspace ] GC(251906) Metaspace: 95515K(98212K)->95515K(98212K) NonClass: 86277K(88004K)->86277K(88004K) Class: 9238K(10208K)->9238K(10208K)
[1364744.507s][info][gc           ] GC(251906) Pause Young (Allocation Failure) 1011M->901M(2035M) 4.154ms
[1364744.507s][info][gc,cpu       ] GC(251906) User=0.03s Sys=0.00s Real=0.02s
[1364749.064s][info][gc,start     ] GC(251907) Pause Young (Allocation Failure)
[1364749.065s][info][gc,task      ] GC(251907) Using 9 workers of 9 for evacuation
[1364749.069s][info][gc,heap      ] GC(251907) ParNew: 106669K->9368K(118016K)
[1364749.069s][info][gc,heap      ] GC(251907) CMS: 921855K->921855K(1966080K)
[1364749.069s][info][gc,metaspace ] GC(251907) Metaspace: 95515K(98212K)->95515K(98212K) NonClass: 86277K(88004K)->86277K(88004K) Class: 9238K(10208K)->9238K(10208K)
[1364749.069s][info][gc           ] GC(251907) Pause Young (Allocation Failure) 1004M->909M(2035M) 4.530ms
[1364749.069s][info][gc,cpu       ] GC(251907) User=0.14s Sys=0.00s Real=0.02s
[1364753.827s][info][gc,start     ] GC(251908) Pause Young (Allocation Failure)
[1364753.827s][info][gc,task      ] GC(251908) Using 9 workers of 9 for evacuation
[1364753.831s][info][gc,heap      ] GC(251908) ParNew: 114328K->1659K(118016K)
[1364753.831s][info][gc,heap      ] GC(251908) CMS: 921855K->922010K(1966080K)
[1364753.831s][info][gc,metaspace ] GC(251908) Metaspace: 95515K(98212K)->95515K(98212K) NonClass: 86277K(88004K)->86277K(88004K) Class: 9238K(10208K)->9238K(10208K)
[1364753.831s][info][gc           ] GC(251908) Pause Young (Allocation Failure) 1011M->902M(2035M) 4.165ms
[1364753.831s][info][gc,cpu       ] GC(251908) User=0.00s Sys=0.00s Real=0.00s
[1364759.403s][info][gc,start     ] GC(251909) Pause Young (Allocation Failure)
[1364759.404s][info][gc,task      ] GC(251909) Using 9 workers of 9 for evacuation
[1364759.408s][info][gc,heap      ] GC(251909) ParNew: 106619K->9363K(118016K)
[1364759.408s][info][gc,heap      ] GC(251909) CMS: 922010K->922010K(1966080K)
[1364759.408s][info][gc,metaspace ] GC(251909) Metaspace: 95515K(98212K)->95515K(98212K) NonClass: 86277K(88004K)->86277K(88004K) Class: 9238K(10208K)->9238K(10208K)
[1364759.408s][info][gc           ] GC(251909) Pause Young (Allocation Failure) 1004M->909M(2035M) 4.663ms
[1364759.408s][info][gc,cpu       ] GC(251909) User=0.11s Sys=0.02s Real=0.02s
[1364765.845s][info][gc,start     ] GC(251910) Pause Young (Allocation Failure)
[1364765.846s][info][gc,task      ] GC(251910) Using 9 workers of 9 for evacuation
[1364765.850s][info][gc,heap      ] GC(251910) ParNew: 114319K->1755K(118016K)
[1364765.850s][info][gc,heap      ] GC(251910) CMS: 922010K->922155K(1966080K)
[1364765.850s][info][gc,metaspace ] GC(251910) Metaspace: 95515K(98212K)->95515K(98212K) NonClass: 86277K(88004K)->86277K(88004K) Class: 9238K(10208K)->9238K(10208K)
[1364765.850s][info][gc           ] GC(251910) Pause Young (Allocation Failure) 1012M->902M(2035M) 4.729ms
[1364765.850s][info][gc,cpu       ] GC(251910) User=0.00s Sys=0.00s Real=0.00s
[1364769.464s][info][gc,start     ] GC(251911) Pause Young (Allocation Failure)
[1364769.464s][info][gc,task      ] GC(251911) Using 9 workers of 9 for evacuation
[1364769.468s][info][gc,heap      ] GC(251911) ParNew: 106715K->9277K(118016K)
[1364769.468s][info][gc,heap      ] GC(251911) CMS: 922155K->922155K(1966080K)
[1364769.468s][info][gc,metaspace ] GC(251911) Metaspace: 95515K(98212K)->95515K(98212K) NonClass: 86277K(88004K)->86277K(88004K) Class: 9238K(10208K)->9238K(10208K)
[1364769.468s][info][gc           ] GC(251911) Pause Young (Allocation Failure) 1004M->909M(2035M) 4.541ms
[1364769.468s][info][gc,cpu       ] GC(251911) User=0.00s Sys=0.00s Real=0.02s
[1364773.986s][info][gc,start     ] GC(251912) Pause Young (Allocation Failure)
[1364773.986s][info][gc,task      ] GC(251912) Using 9 workers of 9 for evacuation
[1364773.989s][info][gc,heap      ] GC(251912) ParNew: 114237K->1529K(118016K)
[1364773.989s][info][gc,heap      ] GC(251912) CMS: 922155K->922255K(1966080K)
[1364773.990s][info][gc,metaspace ] GC(251912) Metaspace: 95515K(98212K)->95515K(98212K) NonClass: 86277K(88004K)->86277K(88004K) Class: 9238K(10208K)->9238K(10208K)
[1364773.990s][info][gc           ] GC(251912) Pause Young (Allocation Failure) 1012M->902M(2035M) 4.016ms
[1364773.990s][info][gc,cpu       ] GC(251912) User=0.00s Sys=0.00s Real=0.00s
[1364778.257s][info][gc,start     ] GC(251913) Pause Young (Allocation Failure)
[1364778.257s][info][gc,task      ] GC(251913) Using 9 workers of 9 for evacuation
[1364778.263s][info][gc,heap      ] GC(251913) ParNew: 106489K->9231K(118016K)
[1364778.263s][info][gc,heap      ] GC(251913) CMS: 922255K->922255K(1966080K)
[1364778.263s][info][gc,metaspace ] GC(251913) Metaspace: 95515K(98212K)->95515K(98212K) NonClass: 86277K(88004K)->86277K(88004K) Class: 9238K(10208K)->9238K(10208K)
[1364778.263s][info][gc           ] GC(251913) Pause Young (Allocation Failure) 1004M->909M(2035M) 5.720ms
[1364778.263s][info][gc,cpu       ] GC(251913) User=0.00s Sys=0.00s Real=0.00s
[1364782.404s][info][gc,start     ] GC(251914) Pause Young (Allocation Failure)
[1364782.404s][info][gc,task      ] GC(251914) Using 9 workers of 9 for evacuation
[1364782.409s][info][gc,heap      ] GC(251914) ParNew: 114191K->9818K(118016K)
[1364782.409s][info][gc,heap      ] GC(251914) CMS: 922255K->922382K(1966080K)
[1364782.409s][info][gc,metaspace ] GC(251914) Metaspace: 95515K(98212K)->95515K(98212K) NonClass: 86277K(88004K)->86277K(88004K) Class: 9238K(10208K)->9238K(10208K)
[1364782.409s][info][gc           ] GC(251914) Pause Young (Allocation Failure) 1012M->910M(2035M) 4.554ms
[1364782.409s][info][gc,cpu       ] GC(251914) User=0.06s Sys=0.02s Real=0.02s
[1364789.120s][info][gc,start     ] GC(251915) Pause Young (Allocation Failure)
[1364789.120s][info][gc,task      ] GC(251915) Using 9 workers of 9 for evacuation
[1364789.126s][info][gc,heap      ] GC(251915) ParNew: 114778K->3252K(118016K)
[1364789.126s][info][gc,heap      ] GC(251915) CMS: 922382K->931083K(1966080K)
[1364789.126s][info][gc,metaspace ] GC(251915) Metaspace: 95515K(98212K)->95515K(98212K) NonClass: 86277K(88004K)->86277K(88004K) Class: 9238K(10208K)->9238K(10208K)
[1364789.126s][info][gc           ] GC(251915) Pause Young (Allocation Failure) 1012M->912M(2035M) 6.147ms
[1364789.126s][info][gc,cpu       ] GC(251915) User=0.05s Sys=0.00s Real=0.02s
[1364793.773s][info][gc,start     ] GC(251916) Pause Young (Allocation Failure)
[1364793.774s][info][gc,task      ] GC(251916) Using 9 workers of 9 for evacuation
[1364793.778s][info][gc,heap      ] GC(251916) ParNew: 108212K->9619K(118016K)
[1364793.778s][info][gc,heap      ] GC(251916) CMS: 931083K->931083K(1966080K)
[1364793.778s][info][gc,metaspace ] GC(251916) Metaspace: 95515K(98212K)->95515K(98212K) NonClass: 86277K(88004K)->86277K(88004K) Class: 9238K(10208K)->9238K(10208K)
[1364793.778s][info][gc           ] GC(251916) Pause Young (Allocation Failure) 1014M->918M(2035M) 4.785ms
[1364793.778s][info][gc,cpu       ] GC(251916) User=0.00s Sys=0.00s Real=0.00s
[1364798.285s][info][gc,start     ] GC(251917) Pause Young (Allocation Failure)
[1364798.285s][info][gc,task      ] GC(251917) Using 9 workers of 9 for evacuation
[1364798.290s][info][gc,heap      ] GC(251917) ParNew: 114579K->2422K(118016K)
[1364798.290s][info][gc,heap      ] GC(251917) CMS: 931083K->939881K(1966080K)
[1364798.290s][info][gc,metaspace ] GC(251917) Metaspace: 95515K(98212K)->95515K(98212K) NonClass: 86277K(88004K)->86277K(88004K) Class: 9238K(10208K)->9238K(10208K)
[1364798.290s][info][gc           ] GC(251917) Pause Young (Allocation Failure) 1021M->920M(2035M) 5.303ms
[1364798.290s][info][gc,cpu       ] GC(251917) User=0.00s Sys=0.00s Real=0.00s
[1364802.946s][info][gc,start     ] GC(251918) Pause Young (Allocation Failure)
[1364802.947s][info][gc,task      ] GC(251918) Using 9 workers of 9 for evacuation
[1364802.951s][info][gc,heap      ] GC(251918) ParNew: 107382K->9460K(118016K)
[1364802.951s][info][gc,heap      ] GC(251918) CMS: 939881K->939881K(1966080K)
[1364802.951s][info][gc,metaspace ] GC(251918) Metaspace: 95515K(98212K)->95515K(98212K) NonClass: 86277K(88004K)->86277K(88004K) Class: 9238K(10208K)->9238K(10208K)
[1364802.951s][info][gc           ] GC(251918) Pause Young (Allocation Failure) 1022M->927M(2035M) 4.461ms
[1364802.951s][info][gc,cpu       ] GC(251918) User=0.00s Sys=0.00s Real=0.00s
[1364808.908s][info][gc,start     ] GC(251919) Pause Young (Allocation Failure)
[1364808.908s][info][gc,task      ] GC(251919) Using 9 workers of 9 for evacuation
[1364808.913s][info][gc,heap      ] GC(251919) ParNew: 114420K->2050K(118016K)
[1364808.913s][info][gc,heap      ] GC(251919) CMS: 939881K->948790K(1966080K)
[1364808.913s][info][gc,metaspace ] GC(251919) Metaspace: 95515K(98212K)->95515K(98212K) NonClass: 86277K(88004K)->86277K(88004K) Class: 9238K(10208K)->9238K(10208K)
[1364808.913s][info][gc           ] GC(251919) Pause Young (Allocation Failure) 1029M->928M(2035M) 5.250ms
[1364808.914s][info][gc,cpu       ] GC(251919) User=0.00s Sys=0.00s Real=0.00s
[1364812.619s][info][gc,start     ] GC(251920) Pause Young (Allocation Failure)
[1364812.620s][info][gc,task      ] GC(251920) Using 9 workers of 9 for evacuation
[1364812.624s][info][gc,heap      ] GC(251920) ParNew: 106604K->1970K(118016K)
[1364812.624s][info][gc,heap      ] GC(251920) CMS: 948790K->948790K(1966080K)
[1364812.624s][info][gc,metaspace ] GC(251920) Metaspace: 95515K(98212K)->95515K(98212K) NonClass: 86277K(88004K)->86277K(88004K) Class: 9238K(10208K)->9238K(10208K)
[1364812.624s][info][gc           ] GC(251920) Pause Young (Allocation Failure) 1030M->928M(2035M) 4.253ms
[1364812.624s][info][gc,cpu       ] GC(251920) User=0.14s Sys=0.00s Real=0.02s
[1364815.512s][info][gc,start     ] GC(251921) Pause Young (Allocation Failure)
[1364815.512s][info][gc,task      ] GC(251921) Using 9 workers of 9 for evacuation
[1364815.516s][info][gc,heap      ] GC(251921) ParNew: 106930K->9388K(118016K)
[1364815.516s][info][gc,heap      ] GC(251921) CMS: 948790K->948790K(1966080K)
[1364815.516s][info][gc,metaspace ] GC(251921) Metaspace: 95515K(98212K)->95515K(98212K) NonClass: 86277K(88004K)->86277K(88004K) Class: 9238K(10208K)->9238K(10208K)
[1364815.516s][info][gc           ] GC(251921) Pause Young (Allocation Failure) 1030M->935M(2035M) 4.817ms
[1364815.516s][info][gc,cpu       ] GC(251921) User=0.02s Sys=0.00s Real=0.01s
[1364820.001s][info][gc,start     ] GC(251922) Pause Young (Allocation Failure)
[1364820.001s][info][gc,task      ] GC(251922) Using 9 workers of 9 for evacuation
[1364820.006s][info][gc,heap      ] GC(251922) ParNew: 114348K->1853K(118016K)
[1364820.006s][info][gc,heap      ] GC(251922) CMS: 948790K->957649K(1966080K)
[1364820.006s][info][gc,metaspace ] GC(251922) Metaspace: 95515K(98212K)->95515K(98212K) NonClass: 86277K(88004K)->86277K(88004K) Class: 9238K(10208K)->9238K(10208K)
[1364820.006s][info][gc           ] GC(251922) Pause Young (Allocation Failure) 1038M->937M(2035M) 5.114ms
[1364820.006s][info][gc,cpu       ] GC(251922) User=0.00s Sys=0.00s Real=0.00s
[1364823.373s][info][gc,start     ] GC(251923) Pause Young (Allocation Failure)
[1364823.373s][info][gc,task      ] GC(251923) Using 9 workers of 9 for evacuation
[1364823.377s][info][gc,heap      ] GC(251923) ParNew: 106813K->9379K(118016K)
[1364823.377s][info][gc,heap      ] GC(251923) CMS: 957649K->957649K(1966080K)
[1364823.377s][info][gc,metaspace ] GC(251923) Metaspace: 95515K(98212K)->95515K(98212K) NonClass: 86277K(88004K)->86277K(88004K) Class: 9238K(10208K)->9238K(10208K)
[1364823.377s][info][gc           ] GC(251923) Pause Young (Allocation Failure) 1039M->944M(2035M) 4.645ms
[1364823.377s][info][gc,cpu       ] GC(251923) User=0.00s Sys=0.00s Real=0.00s
[1364827.874s][info][gc,start     ] GC(251924) Pause Young (Allocation Failure)
[1364827.875s][info][gc,task      ] GC(251924) Using 9 workers of 9 for evacuation
[1364827.880s][info][gc,heap      ] GC(251924) ParNew: 114339K->1858K(118016K)
[1364827.880s][info][gc,heap      ] GC(251924) CMS: 957649K->966469K(1966080K)
[1364827.880s][info][gc,metaspace ] GC(251924) Metaspace: 95515K(98212K)->95515K(98212K) NonClass: 86277K(88004K)->86277K(88004K) Class: 9238K(10208K)->9238K(10208K)
[1364827.880s][info][gc           ] GC(251924) Pause Young (Allocation Failure) 1046M->945M(2035M) 5.488ms
[1364827.880s][info][gc,cpu       ] GC(251924) User=0.00s Sys=0.00s Real=0.00s
[1364832.307s][info][gc,start     ] GC(251925) Pause Young (Allocation Failure)
[1364832.308s][info][gc,task      ] GC(251925) Using 9 workers of 9 for evacuation
[1364832.311s][info][gc,heap      ] GC(251925) ParNew: 106818K->728K(118016K)
[1364832.311s][info][gc,heap      ] GC(251925) CMS: 966469K->966469K(1966080K)
[1364832.311s][info][gc,metaspace ] GC(251925) Metaspace: 95515K(98212K)->95515K(98212K) NonClass: 86277K(88004K)->86277K(88004K) Class: 9238K(10208K)->9238K(10208K)
[1364832.311s][info][gc           ] GC(251925) Pause Young (Allocation Failure) 1048M->944M(2035M) 4.060ms
[1364832.312s][info][gc,cpu       ] GC(251925) User=0.14s Sys=0.00s Real=0.02s
[1364835.721s][info][gc,start     ] GC(251926) Pause Young (Allocation Failure)
[1364835.721s][info][gc,task      ] GC(251926) Using 9 workers of 9 for evacuation
[1364835.725s][info][gc,heap      ] GC(251926) ParNew: 105688K->9331K(118016K)
[1364835.725s][info][gc,heap      ] GC(251926) CMS: 966469K->966469K(1966080K)
[1364835.725s][info][gc,metaspace ] GC(251926) Metaspace: 95515K(98212K)->95515K(98212K) NonClass: 86277K(88004K)->86277K(88004K) Class: 9238K(10208K)->9238K(10208K)
[1364835.725s][info][gc           ] GC(251926) Pause Young (Allocation Failure) 1047M->952M(2035M) 4.685ms
[1364835.726s][info][gc,cpu       ] GC(251926) User=0.00s Sys=0.00s Real=0.00s
[1364839.488s][info][gc,start     ] GC(251927) Pause Young (Allocation Failure)
[1364839.488s][info][gc,task      ] GC(251927) Using 9 workers of 9 for evacuation
[1364839.494s][info][gc,heap      ] GC(251927) ParNew: 114291K->1357K(118016K)
[1364839.494s][info][gc,heap      ] GC(251927) CMS: 966469K->975389K(1966080K)
[1364839.494s][info][gc,metaspace ] GC(251927) Metaspace: 95515K(98212K)->95515K(98212K) NonClass: 86277K(88004K)->86277K(88004K) Class: 9238K(10208K)->9238K(10208K)
[1364839.494s][info][gc           ] GC(251927) Pause Young (Allocation Failure) 1055M->953M(2035M) 6.005ms
[1364839.494s][info][gc,cpu       ] GC(251927) User=0.00s Sys=0.00s Real=0.00s
[1364843.152s][info][gc,start     ] GC(251928) Pause Young (Allocation Failure)
[1364843.153s][info][gc,task      ] GC(251928) Using 9 workers of 9 for evacuation
[1364843.158s][info][gc,heap      ] GC(251928) ParNew: 106317K->9317K(118016K)
[1364843.158s][info][gc,heap      ] GC(251928) CMS: 975389K->975389K(1966080K)
[1364843.158s][info][gc,metaspace ] GC(251928) Metaspace: 95515K(98212K)->95515K(98212K) NonClass: 86277K(88004K)->86277K(88004K) Class: 9238K(10208K)->9238K(10208K)
[1364843.158s][info][gc           ] GC(251928) Pause Young (Allocation Failure) 1056M->961M(2035M) 5.375ms
[1364843.158s][info][gc,cpu       ] GC(251928) User=0.02s Sys=0.00s Real=0.02s
[1364847.358s][info][gc,start     ] GC(251929) Pause Young (Allocation Failure)
[1364847.358s][info][gc,task      ] GC(251929) Using 9 workers of 9 for evacuation
[1364847.363s][info][gc,heap      ] GC(251929) ParNew: 114277K->1541K(118016K)
[1364847.363s][info][gc,heap      ] GC(251929) CMS: 975389K->984232K(1966080K)
[1364847.363s][info][gc,metaspace ] GC(251929) Metaspace: 95515K(98212K)->95515K(98212K) NonClass: 86277K(88004K)->86277K(88004K) Class: 9238K(10208K)->9238K(10208K)
[1364847.363s][info][gc           ] GC(251929) Pause Young (Allocation Failure) 1064M->962M(2035M) 5.138ms
[1364847.363s][info][gc,cpu       ] GC(251929) User=0.00s Sys=0.00s Real=0.00s
[1364853.302s][info][gc,start     ] GC(251930) Pause Young (Allocation Failure)
[1364853.302s][info][gc,task      ] GC(251930) Using 9 workers of 9 for evacuation
[1364853.307s][info][gc,heap      ] GC(251930) ParNew: 106501K->9421K(118016K)
[1364853.307s][info][gc,heap      ] GC(251930) CMS: 984232K->984232K(1966080K)
[1364853.307s][info][gc,metaspace ] GC(251930) Metaspace: 95515K(98212K)->95515K(98212K) NonClass: 86277K(88004K)->86277K(88004K) Class: 9238K(10208K)->9238K(10208K)
[1364853.307s][info][gc           ] GC(251930) Pause Young (Allocation Failure) 1065M->970M(2035M) 4.683ms
[1364853.307s][info][gc,cpu       ] GC(251930) User=0.00s Sys=0.00s Real=0.00s
[1364859.682s][info][gc,start     ] GC(251931) Pause Young (Allocation Failure)
[1364859.682s][info][gc,task      ] GC(251931) Using 9 workers of 9 for evacuation
[1364859.688s][info][gc,heap      ] GC(251931) ParNew: 114381K->1626K(118016K)
[1364859.688s][info][gc,heap      ] GC(251931) CMS: 984232K->993066K(1966080K)
[1364859.688s][info][gc,metaspace ] GC(251931) Metaspace: 95515K(98212K)->95515K(98212K) NonClass: 86277K(88004K)->86277K(88004K) Class: 9238K(10208K)->9238K(10208K)
[1364859.688s][info][gc           ] GC(251931) Pause Young (Allocation Failure) 1072M->971M(2035M) 6.144ms
[1364859.688s][info][gc,cpu       ] GC(251931) User=0.08s Sys=0.00s Real=0.02s
[1364864.003s][info][gc,start     ] GC(251932) Pause Young (Allocation Failure)
[1364864.003s][info][gc,task      ] GC(251932) Using 9 workers of 9 for evacuation
[1364864.007s][info][gc,heap      ] GC(251932) ParNew: 106569K->6776K(118016K)
[1364864.007s][info][gc,heap      ] GC(251932) CMS: 993066K->993066K(1966080K)
[1364864.007s][info][gc,metaspace ] GC(251932) Metaspace: 95515K(98212K)->95515K(98212K) NonClass: 86277K(88004K)->86277K(88004K) Class: 9238K(10208K)->9238K(10208K)
[1364864.007s][info][gc           ] GC(251932) Pause Young (Allocation Failure) 1073M->976M(2035M) 4.671ms
[1364864.008s][info][gc,cpu       ] GC(251932) User=0.00s Sys=0.00s Real=0.00s
[1364869.804s][info][gc,start     ] GC(251933) Pause Young (Allocation Failure)
[1364869.805s][info][gc,task      ] GC(251933) Using 9 workers of 9 for evacuation
[1364869.809s][info][gc,heap      ] GC(251933) ParNew: 111736K->9777K(118016K)
[1364869.809s][info][gc,heap      ] GC(251933) CMS: 993066K->993066K(1966080K)
[1364869.809s][info][gc,metaspace ] GC(251933) Metaspace: 95515K(98212K)->95515K(98212K) NonClass: 86277K(88004K)->86277K(88004K) Class: 9238K(10208K)->9238K(10208K)
[1364869.809s][info][gc           ] GC(251933) Pause Young (Allocation Failure) 1078M->979M(2035M) 4.736ms
[1364869.809s][info][gc,cpu       ] GC(251933) User=0.14s Sys=0.00s Real=0.02s
[1364875.315s][info][gc,start     ] GC(251934) Pause Young (Allocation Failure)
[1364875.315s][info][gc,task      ] GC(251934) Using 9 workers of 9 for evacuation
[1364875.320s][info][gc,heap      ] GC(251934) ParNew: 114737K->10977K(118016K)
[1364875.320s][info][gc,heap      ] GC(251934) CMS: 993066K->993195K(1966080K)
[1364875.320s][info][gc,metaspace ] GC(251934) Metaspace: 95515K(98212K)->95515K(98212K) NonClass: 86277K(88004K)->86277K(88004K) Class: 9238K(10208K)->9238K(10208K)
[1364875.320s][info][gc           ] GC(251934) Pause Young (Allocation Failure) 1081M->980M(2035M) 5.241ms
[1364875.320s][info][gc,cpu       ] GC(251934) User=0.00s Sys=0.00s Real=0.00s
[1364881.260s][info][gc,start     ] GC(251935) Pause Young (Allocation Failure)
[1364881.260s][info][gc,task      ] GC(251935) Using 9 workers of 9 for evacuation
[1364881.265s][info][gc,heap      ] GC(251935) ParNew: 115937K->4108K(118016K)
[1364881.265s][info][gc,heap      ] GC(251935) CMS: 993195K->1002002K(1966080K)
[1364881.265s][info][gc,metaspace ] GC(251935) Metaspace: 95515K(98212K)->95515K(98212K) NonClass: 86277K(88004K)->86277K(88004K) Class: 9238K(10208K)->9238K(10208K)
[1364881.265s][info][gc           ] GC(251935) Pause Young (Allocation Failure) 1083M->982M(2035M) 4.918ms
[1364881.265s][info][gc,cpu       ] GC(251935) User=0.00s Sys=0.00s Real=0.00s
[1364885.661s][info][gc,start     ] GC(251936) Pause Young (Allocation Failure)
[1364885.661s][info][gc,task      ] GC(251936) Using 9 workers of 9 for evacuation
[1364885.666s][info][gc,heap      ] GC(251936) ParNew: 109068K->9762K(118016K)
[1364885.666s][info][gc,heap      ] GC(251936) CMS: 1002002K->1002002K(1966080K)
[1364885.666s][info][gc,metaspace ] GC(251936) Metaspace: 95515K(98212K)->95515K(98212K) NonClass: 86277K(88004K)->86277K(88004K) Class: 9238K(10208K)->9238K(10208K)
[1364885.666s][info][gc           ] GC(251936) Pause Young (Allocation Failure) 1085M->988M(2035M) 4.831ms
[1364885.666s][info][gc,cpu       ] GC(251936) User=0.00s Sys=0.00s Real=0.00s
[1364890.260s][info][gc,start     ] GC(251937) Pause Young (Allocation Failure)
[1364890.260s][info][gc,task      ] GC(251937) Using 9 workers of 9 for evacuation
[1364890.265s][info][gc,heap      ] GC(251937) ParNew: 114722K->2627K(118016K)
[1364890.265s][info][gc,heap      ] GC(251937) CMS: 1002002K->1010794K(1966080K)
[1364890.265s][info][gc,metaspace ] GC(251937) Metaspace: 95515K(98212K)->95515K(98212K) NonClass: 86277K(88004K)->86277K(88004K) Class: 9238K(10208K)->9238K(10208K)
[1364890.265s][info][gc           ] GC(251937) Pause Young (Allocation Failure) 1090M->989M(2035M) 5.561ms
[1364890.265s][info][gc,cpu       ] GC(251937) User=0.02s Sys=0.00s Real=0.02s
[1364894.160s][info][gc,start     ] GC(251938) Pause Young (Allocation Failure)
[1364894.160s][info][gc,task      ] GC(251938) Using 9 workers of 9 for evacuation
[1364894.164s][info][gc,heap      ] GC(251938) ParNew: 107587K->815K(118016K)
[1364894.165s][info][gc,heap      ] GC(251938) CMS: 1010794K->1010794K(1966080K)
[1364894.165s][info][gc,metaspace ] GC(251938) Metaspace: 95515K(98212K)->95515K(98212K) NonClass: 86277K(88004K)->86277K(88004K) Class: 9238K(10208K)->9238K(10208K)
[1364894.165s][info][gc           ] GC(251938) Pause Young (Allocation Failure) 1092M->987M(2035M) 4.383ms
[1364894.165s][info][gc,cpu       ] GC(251938) User=0.00s Sys=0.00s Real=0.00s
[1364897.823s][info][gc,start     ] GC(251939) Pause Young (Allocation Failure)
[1364897.823s][info][gc,task      ] GC(251939) Using 9 workers of 9 for evacuation
[1364897.828s][info][gc,heap      ] GC(251939) ParNew: 105775K->9280K(118016K)
[1364897.828s][info][gc,heap      ] GC(251939) CMS: 1010794K->1010794K(1966080K)
[1364897.828s][info][gc,metaspace ] GC(251939) Metaspace: 95515K(98212K)->95515K(98212K) NonClass: 86277K(88004K)->86277K(88004K) Class: 9238K(10208K)->9238K(10208K)
[1364897.828s][info][gc           ] GC(251939) Pause Young (Allocation Failure) 1090M->996M(2035M) 5.123ms
[1364897.828s][info][gc,cpu       ] GC(251939) User=0.03s Sys=0.00s Real=0.02s
[1364900.963s][info][gc,start     ] GC(251940) Pause Young (Allocation Failure)
[1364900.963s][info][gc,task      ] GC(251940) Using 9 workers of 9 for evacuation
[1364900.968s][info][gc,heap      ] GC(251940) ParNew: 114240K->1331K(118016K)
[1364900.968s][info][gc,heap      ] GC(251940) CMS: 1010794K->1019658K(1966080K)
[1364900.968s][info][gc,metaspace ] GC(251940) Metaspace: 95515K(98212K)->95515K(98212K) NonClass: 86277K(88004K)->86277K(88004K) Class: 9238K(10208K)->9238K(10208K)
[1364900.968s][info][gc           ] GC(251940) Pause Young (Allocation Failure) 1098M->997M(2035M) 4.969ms
[1364900.968s][info][gc,cpu       ] GC(251940) User=0.02s Sys=0.00s Real=0.02s
[1364905.933s][info][gc,start     ] GC(251941) Pause Young (Allocation Failure)
[1364905.933s][info][gc,task      ] GC(251941) Using 9 workers of 9 for evacuation
[1364905.937s][info][gc,heap      ] GC(251941) ParNew: 106291K->4823K(118016K)
[1364905.937s][info][gc,heap      ] GC(251941) CMS: 1019658K->1019658K(1966080K)
[1364905.937s][info][gc,metaspace ] GC(251941) Metaspace: 95515K(98212K)->95515K(98212K) NonClass: 86277K(88004K)->86277K(88004K) Class: 9238K(10208K)->9238K(10208K)
[1364905.937s][info][gc           ] GC(251941) Pause Young (Allocation Failure) 1099M->1000M(2035M) 4.284ms
[1364905.937s][info][gc,cpu       ] GC(251941) User=0.00s Sys=0.00s Real=0.00s
[1364909.562s][info][gc,start     ] GC(251942) Pause Young (Allocation Failure)
[1364909.562s][info][gc,task      ] GC(251942) Using 9 workers of 9 for evacuation
[1364909.566s][info][gc,heap      ] GC(251942) ParNew: 109783K->9785K(118016K)
[1364909.566s][info][gc,heap      ] GC(251942) CMS: 1019658K->1019658K(1966080K)
[1364909.566s][info][gc,metaspace ] GC(251942) Metaspace: 95515K(98212K)->95515K(98212K) NonClass: 86277K(88004K)->86277K(88004K) Class: 9238K(10208K)->9238K(10208K)
[1364909.566s][info][gc           ] GC(251942) Pause Young (Allocation Failure) 1102M->1005M(2035M) 4.662ms
[1364909.567s][info][gc,cpu       ] GC(251942) User=0.00s Sys=0.00s Real=0.00s
[1364914.016s][info][gc,start     ] GC(251943) Pause Young (Allocation Failure)
[1364914.016s][info][gc,task      ] GC(251943) Using 9 workers of 9 for evacuation
[1364914.020s][info][gc,heap      ] GC(251943) ParNew: 114745K->2476K(118016K)
[1364914.020s][info][gc,heap      ] GC(251943) CMS: 1019658K->1019840K(1966080K)
[1364914.020s][info][gc,metaspace ] GC(251943) Metaspace: 95515K(98212K)->95515K(98212K) NonClass: 86277K(88004K)->86277K(88004K) Class: 9238K(10208K)->9238K(10208K)
[1364914.020s][info][gc           ] GC(251943) Pause Young (Allocation Failure) 1107M->998M(2035M) 4.432ms
[1364914.020s][info][gc,cpu       ] GC(251943) User=0.00s Sys=0.00s Real=0.00s
[1364916.064s][info][gc,start     ] GC(251944) Pause Young (Allocation Failure)
[1364916.064s][info][gc,task      ] GC(251944) Using 9 workers of 9 for evacuation
[1364916.068s][info][gc,heap      ] GC(251944) ParNew: 107436K->9661K(118016K)
[1364916.068s][info][gc,heap      ] GC(251944) CMS: 1019840K->1019840K(1966080K)
[1364916.068s][info][gc,metaspace ] GC(251944) Metaspace: 95515K(98212K)->95515K(98212K) NonClass: 86277K(88004K)->86277K(88004K) Class: 9238K(10208K)->9238K(10208K)
[1364916.068s][info][gc           ] GC(251944) Pause Young (Allocation Failure) 1100M->1005M(2035M) 4.460ms
[1364916.068s][info][gc,cpu       ] GC(251944) User=0.00s Sys=0.00s Real=0.00s
[1364921.551s][info][gc,start     ] GC(251945) Pause Young (Allocation Failure)
[1364921.551s][info][gc,task      ] GC(251945) Using 9 workers of 9 for evacuation
[1364921.556s][info][gc,heap      ] GC(251945) ParNew: 114621K->2051K(118016K)
[1364921.556s][info][gc,heap      ] GC(251945) CMS: 1019840K->1028798K(1966080K)
[1364921.556s][info][gc,metaspace ] GC(251945) Metaspace: 95515K(98212K)->95515K(98212K) NonClass: 86277K(88004K)->86277K(88004K) Class: 9238K(10208K)->9238K(10208K)
[1364921.556s][info][gc           ] GC(251945) Pause Young (Allocation Failure) 1107M->1006M(2035M) 4.906ms
[1364921.556s][info][gc,cpu       ] GC(251945) User=0.00s Sys=0.00s Real=0.00s
[1364925.432s][info][gc,start     ] GC(251946) Pause Young (Allocation Failure)
[1364925.432s][info][gc,task      ] GC(251946) Using 9 workers of 9 for evacuation
[1364925.436s][info][gc,heap      ] GC(251946) ParNew: 107011K->733K(118016K)
[1364925.436s][info][gc,heap      ] GC(251946) CMS: 1028798K->1028798K(1966080K)
[1364925.436s][info][gc,metaspace ] GC(251946) Metaspace: 95515K(98212K)->95515K(98212K) NonClass: 86277K(88004K)->86277K(88004K) Class: 9238K(10208K)->9238K(10208K)
[1364925.436s][info][gc           ] GC(251946) Pause Young (Allocation Failure) 1109M->1005M(2035M) 4.269ms
[1364925.436s][info][gc,cpu       ] GC(251946) User=0.00s Sys=0.00s Real=0.00s
[1364929.622s][info][gc,start     ] GC(251947) Pause Young (Allocation Failure)
[1364929.622s][info][gc,task      ] GC(251947) Using 9 workers of 9 for evacuation
[1364929.627s][info][gc,heap      ] GC(251947) ParNew: 105693K->9201K(118016K)
[1364929.627s][info][gc,heap      ] GC(251947) CMS: 1028798K->1028798K(1966080K)
[1364929.627s][info][gc,metaspace ] GC(251947) Metaspace: 95515K(98212K)->95515K(98212K) NonClass: 86277K(88004K)->86277K(88004K) Class: 9238K(10208K)->9238K(10208K)
[1364929.627s][info][gc           ] GC(251947) Pause Young (Allocation Failure) 1107M->1013M(2035M) 4.745ms
[1364929.627s][info][gc,cpu       ] GC(251947) User=0.00s Sys=0.00s Real=0.00s
[1364933.230s][info][gc,start     ] GC(251948) Pause Young (Allocation Failure)
[1364933.231s][info][gc,task      ] GC(251948) Using 9 workers of 9 for evacuation
[1364933.235s][info][gc,heap      ] GC(251948) ParNew: 114161K->1296K(118016K)
[1364933.235s][info][gc,heap      ] GC(251948) CMS: 1028798K->1028981K(1966080K)
[1364933.235s][info][gc,metaspace ] GC(251948) Metaspace: 95515K(98212K)->95515K(98212K) NonClass: 86277K(88004K)->86277K(88004K) Class: 9238K(10208K)->9238K(10208K)
[1364933.235s][info][gc           ] GC(251948) Pause Young (Allocation Failure) 1116M->1006M(2035M) 4.378ms
[1364933.235s][info][gc,cpu       ] GC(251948) User=0.00s Sys=0.00s Real=0.00s
[1364938.310s][info][gc,start     ] GC(251949) Pause Young (Allocation Failure)
[1364938.310s][info][gc,task      ] GC(251949) Using 9 workers of 9 for evacuation
[1364938.314s][info][gc,heap      ] GC(251949) ParNew: 106256K->9306K(118016K)
[1364938.314s][info][gc,heap      ] GC(251949) CMS: 1028981K->1028981K(1966080K)
[1364938.314s][info][gc,metaspace ] GC(251949) Metaspace: 95515K(98212K)->95515K(98212K) NonClass: 86277K(88004K)->86277K(88004K) Class: 9238K(10208K)->9238K(10208K)
[1364938.314s][info][gc           ] GC(251949) Pause Young (Allocation Failure) 1108M->1013M(2035M) 4.555ms
[1364938.314s][info][gc,cpu       ] GC(251949) User=0.00s Sys=0.00s Real=0.00s
[1364943.477s][info][gc,start     ] GC(251950) Pause Young (Allocation Failure)
[1364943.477s][info][gc,task      ] GC(251950) Using 9 workers of 9 for evacuation
[1364943.481s][info][gc,heap      ] GC(251950) ParNew: 114266K->1649K(118016K)
[1364943.481s][info][gc,heap      ] GC(251950) CMS: 1028981K->1029185K(1966080K)
[1364943.481s][info][gc,metaspace ] GC(251950) Metaspace: 95515K(98212K)->95515K(98212K) NonClass: 86277K(88004K)->86277K(88004K) Class: 9238K(10208K)->9238K(10208K)
[1364943.481s][info][gc           ] GC(251950) Pause Young (Allocation Failure) 1116M->1006M(2035M) 4.011ms
[1364943.481s][info][gc,cpu       ] GC(251950) User=0.05s Sys=0.00s Real=0.02s
[1364949.551s][info][gc,start     ] GC(251951) Pause Young (Allocation Failure)
[1364949.551s][info][gc,task      ] GC(251951) Using 9 workers of 9 for evacuation
[1364949.556s][info][gc,heap      ] GC(251951) ParNew: 106609K->9295K(118016K)
[1364949.556s][info][gc,heap      ] GC(251951) CMS: 1029185K->1029185K(1966080K)
[1364949.556s][info][gc,metaspace ] GC(251951) Metaspace: 95515K(98212K)->95515K(98212K) NonClass: 86277K(88004K)->86277K(88004K) Class: 9238K(10208K)->9238K(10208K)
[1364949.556s][info][gc           ] GC(251951) Pause Young (Allocation Failure) 1109M->1014M(2035M) 4.475ms
[1364949.556s][info][gc,cpu       ] GC(251951) User=0.00s Sys=0.00s Real=0.00s
[1364956.074s][info][gc,start     ] GC(251952) Pause Young (Allocation Failure)
[1364956.075s][info][gc,task      ] GC(251952) Using 9 workers of 9 for evacuation
[1364956.079s][info][gc,heap      ] GC(251952) ParNew: 114255K->1610K(118016K)
[1364956.079s][info][gc,heap      ] GC(251952) CMS: 1029185K->1029278K(1966080K)
[1364956.079s][info][gc,metaspace ] GC(251952) Metaspace: 95515K(98212K)->95515K(98212K) NonClass: 86277K(88004K)->86277K(88004K) Class: 9238K(10208K)->9238K(10208K)
[1364956.079s][info][gc           ] GC(251952) Pause Young (Allocation Failure) 1116M->1006M(2035M) 4.338ms
[1364956.079s][info][gc,cpu       ] GC(251952) User=0.00s Sys=0.00s Real=0.00s
[1364960.671s][info][gc,start     ] GC(251953) Pause Young (Allocation Failure)
[1364960.671s][info][gc,task      ] GC(251953) Using 9 workers of 9 for evacuation
[1364960.675s][info][gc,heap      ] GC(251953) ParNew: 106570K->9490K(118016K)
[1364960.675s][info][gc,heap      ] GC(251953) CMS: 1029278K->1029278K(1966080K)
[1364960.675s][info][gc,metaspace ] GC(251953) Metaspace: 95515K(98212K)->95515K(98212K) NonClass: 86277K(88004K)->86277K(88004K) Class: 9238K(10208K)->9238K(10208K)
[1364960.675s][info][gc           ] GC(251953) Pause Young (Allocation Failure) 1109M->1014M(2035M) 4.792ms
[1364960.675s][info][gc,cpu       ] GC(251953) User=0.00s Sys=0.00s Real=0.02s
[1364965.609s][info][gc,start     ] GC(251954) Pause Young (Allocation Failure)
[1364965.609s][info][gc,task      ] GC(251954) Using 9 workers of 9 for evacuation
[1364965.613s][info][gc,heap      ] GC(251954) ParNew: 114450K->1827K(118016K)
[1364965.613s][info][gc,heap      ] GC(251954) CMS: 1029278K->1029465K(1966080K)
[1364965.613s][info][gc,metaspace ] GC(251954) Metaspace: 95515K(98212K)->95515K(98212K) NonClass: 86277K(88004K)->86277K(88004K) Class: 9238K(10208K)->9238K(10208K)
[1364965.613s][info][gc           ] GC(251954) Pause Young (Allocation Failure) 1116M->1007M(2035M) 4.109ms
[1364965.613s][info][gc,cpu       ] GC(251954) User=0.00s Sys=0.00s Real=0.01s
[1364969.007s][info][gc,start     ] GC(251955) Pause Young (Allocation Failure)
[1364969.007s][info][gc,task      ] GC(251955) Using 9 workers of 9 for evacuation
[1364969.012s][info][gc,heap      ] GC(251955) ParNew: 106787K->9425K(118016K)
[1364969.012s][info][gc,heap      ] GC(251955) CMS: 1029465K->1029465K(1966080K)
[1364969.012s][info][gc,metaspace ] GC(251955) Metaspace: 95515K(98212K)->95515K(98212K) NonClass: 86277K(88004K)->86277K(88004K) Class: 9238K(10208K)->9238K(10208K)
[1364969.012s][info][gc           ] GC(251955) Pause Young (Allocation Failure) 1109M->1014M(2035M) 5.086ms
[1364969.012s][info][gc,cpu       ] GC(251955) User=0.00s Sys=0.00s Real=0.00s
[1364973.791s][info][gc,start     ] GC(251956) Pause Young (Allocation Failure)
[1364973.791s][info][gc,task      ] GC(251956) Using 9 workers of 9 for evacuation
[1364973.796s][info][gc,heap      ] GC(251956) ParNew: 114385K->10072K(118016K)
[1364973.796s][info][gc,heap      ] GC(251956) CMS: 1029465K->1029687K(1966080K)
[1364973.796s][info][gc,metaspace ] GC(251956) Metaspace: 95515K(98212K)->95515K(98212K) NonClass: 86277K(88004K)->86277K(88004K) Class: 9238K(10208K)->9238K(10208K)
[1364973.797s][info][gc           ] GC(251956) Pause Young (Allocation Failure) 1117M->1015M(2035M) 5.177ms
[1364973.797s][info][gc,cpu       ] GC(251956) User=0.00s Sys=0.00s Real=0.00s
[1364979.452s][info][gc,start     ] GC(251957) Pause Young (Allocation Failure)
[1364979.452s][info][gc,task      ] GC(251957) Using 9 workers of 9 for evacuation
[1364979.457s][info][gc,heap      ] GC(251957) ParNew: 115032K->3371K(118016K)
[1364979.457s][info][gc,heap      ] GC(251957) CMS: 1029687K->1038390K(1966080K)
[1364979.457s][info][gc,metaspace ] GC(251957) Metaspace: 95515K(98212K)->95515K(98212K) NonClass: 86277K(88004K)->86277K(88004K) Class: 9238K(10208K)->9238K(10208K)
[1364979.457s][info][gc           ] GC(251957) Pause Young (Allocation Failure) 1117M->1017M(2035M) 5.263ms
[1364979.457s][info][gc,cpu       ] GC(251957) User=0.00s Sys=0.00s Real=0.00s
[1364984.878s][info][gc,start     ] GC(251958) Pause Young (Allocation Failure)
[1364984.878s][info][gc,task      ] GC(251958) Using 9 workers of 9 for evacuation
[1364984.883s][info][gc,heap      ] GC(251958) ParNew: 108331K->9606K(118016K)
[1364984.883s][info][gc,heap      ] GC(251958) CMS: 1038390K->1038390K(1966080K)
[1364984.883s][info][gc,metaspace ] GC(251958) Metaspace: 95515K(98212K)->95515K(98212K) NonClass: 86277K(88004K)->86277K(88004K) Class: 9238K(10208K)->9238K(10208K)
[1364984.883s][info][gc           ] GC(251958) Pause Young (Allocation Failure) 1119M->1023M(2035M) 4.705ms
[1364984.883s][info][gc,cpu       ] GC(251958) User=0.02s Sys=0.00s Real=0.02s
[1364991.529s][info][gc,start     ] GC(251959) Pause Young (Allocation Failure)
[1364991.529s][info][gc,task      ] GC(251959) Using 9 workers of 9 for evacuation
[1364991.534s][info][gc,heap      ] GC(251959) ParNew: 114566K->2283K(118016K)
[1364991.534s][info][gc,heap      ] GC(251959) CMS: 1038390K->1047235K(1966080K)
[1364991.534s][info][gc,metaspace ] GC(251959) Metaspace: 95515K(98212K)->95515K(98212K) NonClass: 86277K(88004K)->86277K(88004K) Class: 9238K(10208K)->9238K(10208K)
[1364991.534s][info][gc           ] GC(251959) Pause Young (Allocation Failure) 1125M->1024M(2035M) 5.101ms
[1364991.534s][info][gc,cpu       ] GC(251959) User=0.00s Sys=0.00s Real=0.00s
[1364996.460s][info][gc,start     ] GC(251960) Pause Young (Allocation Failure)
[1364996.460s][info][gc,task      ] GC(251960) Using 9 workers of 9 for evacuation
[1364996.464s][info][gc,heap      ] GC(251960) ParNew: 107243K->9476K(118016K)
[1364996.464s][info][gc,heap      ] GC(251960) CMS: 1047235K->1047235K(1966080K)
[1364996.464s][info][gc,metaspace ] GC(251960) Metaspace: 95515K(98212K)->95515K(98212K) NonClass: 86277K(88004K)->86277K(88004K) Class: 9238K(10208K)->9238K(10208K)
[1364996.464s][info][gc           ] GC(251960) Pause Young (Allocation Failure) 1127M->1031M(2035M) 4.659ms
[1364996.464s][info][gc,cpu       ] GC(251960) User=0.00s Sys=0.00s Real=0.00s
[1365000.852s][info][gc,start     ] GC(251961) Pause Young (Allocation Failure)
[1365000.852s][info][gc,task      ] GC(251961) Using 9 workers of 9 for evacuation
[1365000.858s][info][gc,heap      ] GC(251961) ParNew: 114436K->1875K(118016K)
[1365000.858s][info][gc,heap      ] GC(251961) CMS: 1047235K->1056041K(1966080K)
[1365000.858s][info][gc,metaspace ] GC(251961) Metaspace: 95515K(98212K)->95515K(98212K) NonClass: 86277K(88004K)->86277K(88004K) Class: 9238K(10208K)->9238K(10208K)
[1365000.858s][info][gc           ] GC(251961) Pause Young (Allocation Failure) 1134M->1033M(2035M) 5.695ms
[1365000.858s][info][gc,cpu       ] GC(251961) User=0.00s Sys=0.00s Real=0.00s
[1365004.187s][info][gc,start     ] GC(251962) Pause Young (Allocation Failure)
[1365004.188s][info][gc,task      ] GC(251962) Using 9 workers of 9 for evacuation
[1365004.192s][info][gc,heap      ] GC(251962) ParNew: 106835K->9340K(118016K)
[1365004.192s][info][gc,heap      ] GC(251962) CMS: 1056041K->1056041K(1966080K)
[1365004.192s][info][gc,metaspace ] GC(251962) Metaspace: 95515K(98212K)->95515K(98212K) NonClass: 86277K(88004K)->86277K(88004K) Class: 9238K(10208K)->9238K(10208K)
[1365004.192s][info][gc           ] GC(251962) Pause Young (Allocation Failure) 1135M->1040M(2035M) 4.421ms
[1365004.192s][info][gc,cpu       ] GC(251962) User=0.00s Sys=0.00s Real=0.00s
[1365009.814s][info][gc,start     ] GC(251963) Pause Young (Allocation Failure)
[1365009.814s][info][gc,task      ] GC(251963) Using 9 workers of 9 for evacuation
[1365009.820s][info][gc,heap      ] GC(251963) ParNew: 114300K->1699K(118016K)
[1365009.820s][info][gc,heap      ] GC(251963) CMS: 1056041K->1064837K(1966080K)
[1365009.820s][info][gc,metaspace ] GC(251963) Metaspace: 95515K(98212K)->95515K(98212K) NonClass: 86277K(88004K)->86277K(88004K) Class: 9238K(10208K)->9238K(10208K)
[1365009.820s][info][gc           ] GC(251963) Pause Young (Allocation Failure) 1142M->1041M(2035M) 5.808ms
[1365009.820s][info][gc,cpu       ] GC(251963) User=0.00s Sys=0.00s Real=0.02s
[1365012.548s][info][gc,start     ] GC(251964) Pause Young (Allocation Failure)
[1365012.549s][info][gc,task      ] GC(251964) Using 9 workers of 9 for evacuation
[1365012.553s][info][gc,heap      ] GC(251964) ParNew: 106659K->801K(118016K)
[1365012.553s][info][gc,heap      ] GC(251964) CMS: 1064837K->1064837K(1966080K)
[1365012.553s][info][gc,metaspace ] GC(251964) Metaspace: 95515K(98212K)->95515K(98212K) NonClass: 86277K(88004K)->86277K(88004K) Class: 9238K(10208K)->9238K(10208K)
[1365012.553s][info][gc           ] GC(251964) Pause Young (Allocation Failure) 1144M->1040M(2035M) 4.332ms
[1365012.553s][info][gc,cpu       ] GC(251964) User=0.00s Sys=0.00s Real=0.00s
[1365015.984s][info][gc,start     ] GC(251965) Pause Young (Allocation Failure)
[1365015.985s][info][gc,task      ] GC(251965) Using 9 workers of 9 for evacuation
[1365015.989s][info][gc,heap      ] GC(251965) ParNew: 105761K->9457K(118016K)
[1365015.990s][info][gc,heap      ] GC(251965) CMS: 1064837K->1064837K(1966080K)
[1365015.990s][info][gc,metaspace ] GC(251965) Metaspace: 95515K(98212K)->95515K(98212K) NonClass: 86277K(88004K)->86277K(88004K) Class: 9238K(10208K)->9238K(10208K)
[1365015.990s][info][gc           ] GC(251965) Pause Young (Allocation Failure) 1143M->1049M(2035M) 5.164ms
[1365015.990s][info][gc,cpu       ] GC(251965) User=0.00s Sys=0.00s Real=0.00s
[1365020.178s][info][gc,start     ] GC(251966) Pause Young (Allocation Failure)
[1365020.178s][info][gc,task      ] GC(251966) Using 9 workers of 9 for evacuation
[1365020.183s][info][gc,heap      ] GC(251966) ParNew: 114417K->1656K(118016K)
[1365020.183s][info][gc,heap      ] GC(251966) CMS: 1064837K->1073829K(1966080K)
[1365020.183s][info][gc,metaspace ] GC(251966) Metaspace: 95515K(98212K)->95515K(98212K) NonClass: 86277K(88004K)->86277K(88004K) Class: 9238K(10208K)->9238K(10208K)
[1365020.183s][info][gc           ] GC(251966) Pause Young (Allocation Failure) 1151M->1050M(2035M) 5.414ms
[1365020.183s][info][gc,cpu       ] GC(251966) User=0.02s Sys=0.00s Real=0.02s
[1365024.314s][info][gc,start     ] GC(251967) Pause Young (Allocation Failure)
[1365024.315s][info][gc,task      ] GC(251967) Using 9 workers of 9 for evacuation
[1365024.319s][info][gc,heap      ] GC(251967) ParNew: 106616K->9405K(118016K)
[1365024.319s][info][gc,heap      ] GC(251967) CMS: 1073829K->1073829K(1966080K)
[1365024.319s][info][gc,metaspace ] GC(251967) Metaspace: 95515K(98212K)->95515K(98212K) NonClass: 86277K(88004K)->86277K(88004K) Class: 9238K(10208K)->9238K(10208K)
[1365024.320s][info][gc           ] GC(251967) Pause Young (Allocation Failure) 1152M->1057M(2035M) 5.120ms
[1365024.320s][info][gc,cpu       ] GC(251967) User=0.00s Sys=0.00s Real=0.00s
[1365028.486s][info][gc,start     ] GC(251968) Pause Young (Allocation Failure)
[1365028.486s][info][gc,task      ] GC(251968) Using 9 workers of 9 for evacuation
[1365028.492s][info][gc,heap      ] GC(251968) ParNew: 114365K->1678K(118016K)
[1365028.492s][info][gc,heap      ] GC(251968) CMS: 1073829K->1082666K(1966080K)
[1365028.492s][info][gc,metaspace ] GC(251968) Metaspace: 95515K(98212K)->95515K(98212K) NonClass: 86277K(88004K)->86277K(88004K) Class: 9238K(10208K)->9238K(10208K)
[1365028.492s][info][gc           ] GC(251968) Pause Young (Allocation Failure) 1160M->1058M(2035M) 5.513ms
[1365028.492s][info][gc,cpu       ] GC(251968) User=0.00s Sys=0.00s Real=0.00s
[1365033.313s][info][gc,start     ] GC(251969) Pause Young (Allocation Failure)
[1365033.313s][info][gc,task      ] GC(251969) Using 9 workers of 9 for evacuation
[1365033.317s][info][gc,heap      ] GC(251969) ParNew: 106638K->1524K(118016K)
[1365033.317s][info][gc,heap      ] GC(251969) CMS: 1082666K->1082666K(1966080K)
[1365033.317s][info][gc,metaspace ] GC(251969) Metaspace: 95515K(98212K)->95515K(98212K) NonClass: 86277K(88004K)->86277K(88004K) Class: 9238K(10208K)->9238K(10208K)
[1365033.317s][info][gc           ] GC(251969) Pause Young (Allocation Failure) 1161M->1058M(2035M) 4.348ms
[1365033.317s][info][gc,cpu       ] GC(251969) User=0.00s Sys=0.00s Real=0.00s
[1365037.854s][info][gc,start     ] GC(251970) Pause Young (Allocation Failure)
[1365037.854s][info][gc,task      ] GC(251970) Using 9 workers of 9 for evacuation
[1365037.859s][info][gc,heap      ] GC(251970) ParNew: 106484K->9438K(118016K)
[1365037.859s][info][gc,heap      ] GC(251970) CMS: 1082666K->1082666K(1966080K)
[1365037.859s][info][gc,metaspace ] GC(251970) Metaspace: 95515K(98212K)->95515K(98212K) NonClass: 86277K(88004K)->86277K(88004K) Class: 9238K(10208K)->9238K(10208K)
[1365037.859s][info][gc           ] GC(251970) Pause Young (Allocation Failure) 1161M->1066M(2035M) 4.858ms
[1365037.859s][info][gc,cpu       ] GC(251970) User=0.02s Sys=0.00s Real=0.02s
[1365042.615s][info][gc,start     ] GC(251971) Pause Young (Allocation Failure)
[1365042.615s][info][gc,task      ] GC(251971) Using 9 workers of 9 for evacuation
[1365042.619s][info][gc,heap      ] GC(251971) ParNew: 114398K->1759K(118016K)
[1365042.619s][info][gc,heap      ] GC(251971) CMS: 1082666K->1082938K(1966080K)
[1365042.619s][info][gc,metaspace ] GC(251971) Metaspace: 95515K(98212K)->95515K(98212K) NonClass: 86277K(88004K)->86277K(88004K) Class: 9238K(10208K)->9238K(10208K)
[1365042.619s][info][gc           ] GC(251971) Pause Young (Allocation Failure) 1169M->1059M(2035M) 4.239ms
[1365042.619s][info][gc,cpu       ] GC(251971) User=0.00s Sys=0.00s Real=0.00s
[1365044.978s][info][gc,start     ] GC(251972) Pause Young (Allocation Failure)
[1365044.978s][info][gc,task      ] GC(251972) Using 9 workers of 9 for evacuation
[1365044.983s][info][gc,heap      ] GC(251972) ParNew: 106719K->9262K(118016K)
[1365044.983s][info][gc,heap      ] GC(251972) CMS: 1082938K->1082938K(1966080K)
[1365044.983s][info][gc,metaspace ] GC(251972) Metaspace: 95515K(98212K)->95515K(98212K) NonClass: 86277K(88004K)->86277K(88004K) Class: 9238K(10208K)->9238K(10208K)
[1365044.983s][info][gc           ] GC(251972) Pause Young (Allocation Failure) 1161M->1066M(2035M) 5.214ms
[1365044.983s][info][gc,cpu       ] GC(251972) User=0.00s Sys=0.03s Real=0.02s
[1365047.645s][info][gc,start     ] GC(251973) Pause Young (Allocation Failure)
[1365047.645s][info][gc,task      ] GC(251973) Using 9 workers of 9 for evacuation
[1365047.651s][info][gc,heap      ] GC(251973) ParNew: 114222K->1687K(118016K)
[1365047.651s][info][gc,heap      ] GC(251973) CMS: 1082938K->1091731K(1966080K)
[1365047.651s][info][gc,metaspace ] GC(251973) Metaspace: 95515K(98212K)->95515K(98212K) NonClass: 86277K(88004K)->86277K(88004K) Class: 9238K(10208K)->9238K(10208K)
[1365047.651s][info][gc           ] GC(251973) Pause Young (Allocation Failure) 1169M->1067M(2035M) 5.573ms
[1365047.651s][info][gc,cpu       ] GC(251973) User=0.02s Sys=0.00s Real=0.02s
[1365050.026s][info][gc,start     ] GC(251974) Pause Young (Allocation Failure)
[1365050.026s][info][gc,task      ] GC(251974) Using 9 workers of 9 for evacuation
[1365050.030s][info][gc,heap      ] GC(251974) ParNew: 106647K->875K(118016K)
[1365050.031s][info][gc,heap      ] GC(251974) CMS: 1091731K->1091731K(1966080K)
[1365050.031s][info][gc,metaspace ] GC(251974) Metaspace: 95515K(98212K)->95515K(98212K) NonClass: 86277K(88004K)->86277K(88004K) Class: 9238K(10208K)->9238K(10208K)
[1365050.031s][info][gc           ] GC(251974) Pause Young (Allocation Failure) 1170M->1066M(2035M) 4.853ms
[1365050.031s][info][gc,cpu       ] GC(251974) User=0.00s Sys=0.00s Real=0.00s
[1365053.506s][info][gc,start     ] GC(251975) Pause Young (Allocation Failure)
[1365053.506s][info][gc,task      ] GC(251975) Using 9 workers of 9 for evacuation
[1365053.510s][info][gc,heap      ] GC(251975) ParNew: 105796K->2223K(118016K)
[1365053.510s][info][gc,heap      ] GC(251975) CMS: 1091731K->1091731K(1966080K)
[1365053.510s][info][gc,metaspace ] GC(251975) Metaspace: 95515K(98212K)->95515K(98212K) NonClass: 86277K(88004K)->86277K(88004K) Class: 9238K(10208K)->9238K(10208K)
[1365053.510s][info][gc           ] GC(251975) Pause Young (Allocation Failure) 1169M->1068M(2035M) 4.458ms
[1365053.510s][info][gc,cpu       ] GC(251975) User=0.02s Sys=0.00s Real=0.02s
[1365057.139s][info][gc,start     ] GC(251976) Pause Young (Allocation Failure)
[1365057.139s][info][gc,task      ] GC(251976) Using 9 workers of 9 for evacuation
[1365057.144s][info][gc,heap      ] GC(251976) ParNew: 107183K->9684K(118016K)
[1365057.144s][info][gc,heap      ] GC(251976) CMS: 1091731K->1091731K(1966080K)
[1365057.144s][info][gc,metaspace ] GC(251976) Metaspace: 95515K(98212K)->95515K(98212K) NonClass: 86277K(88004K)->86277K(88004K) Class: 9238K(10208K)->9238K(10208K)
[1365057.144s][info][gc           ] GC(251976) Pause Young (Allocation Failure) 1170M->1075M(2035M) 4.835ms
[1365057.144s][info][gc,cpu       ] GC(251976) User=0.00s Sys=0.00s Real=0.00s
[1365060.413s][info][gc,start     ] GC(251977) Pause Young (Allocation Failure)
[1365060.413s][info][gc,task      ] GC(251977) Using 9 workers of 9 for evacuation
[1365060.419s][info][gc,heap      ] GC(251977) ParNew: 114644K->2122K(118016K)
[1365060.419s][info][gc,heap      ] GC(251977) CMS: 1091731K->1100894K(1966080K)
[1365060.419s][info][gc,metaspace ] GC(251977) Metaspace: 95515K(98212K)->95515K(98212K) NonClass: 86277K(88004K)->86277K(88004K) Class: 9238K(10208K)->9238K(10208K)
[1365060.419s][info][gc           ] GC(251977) Pause Young (Allocation Failure) 1178M->1077M(2035M) 5.352ms
[1365060.419s][info][gc,cpu       ] GC(251977) User=0.13s Sys=0.00s Real=0.02s
[1365063.285s][info][gc,start     ] GC(251978) Pause Young (Allocation Failure)
[1365063.285s][info][gc,task      ] GC(251978) Using 9 workers of 9 for evacuation
[1365063.289s][info][gc,heap      ] GC(251978) ParNew: 107082K->832K(118016K)
[1365063.289s][info][gc,heap      ] GC(251978) CMS: 1100894K->1100894K(1966080K)
[1365063.289s][info][gc,metaspace ] GC(251978) Metaspace: 95515K(98212K)->95515K(98212K) NonClass: 86277K(88004K)->86277K(88004K) Class: 9238K(10208K)->9238K(10208K)
[1365063.289s][info][gc           ] GC(251978) Pause Young (Allocation Failure) 1179M->1075M(2035M) 4.200ms
[1365063.289s][info][gc,cpu       ] GC(251978) User=0.00s Sys=0.00s Real=0.00s
[1365067.654s][info][gc,start     ] GC(251979) Pause Young (Allocation Failure)
[1365067.654s][info][gc,task      ] GC(251979) Using 9 workers of 9 for evacuation
[1365067.659s][info][gc,heap      ] GC(251979) ParNew: 105792K->9372K(118016K)
[1365067.659s][info][gc,heap      ] GC(251979) CMS: 1100894K->1100894K(1966080K)
[1365067.659s][info][gc,metaspace ] GC(251979) Metaspace: 95515K(98212K)->95515K(98212K) NonClass: 86277K(88004K)->86277K(88004K) Class: 9238K(10208K)->9238K(10208K)
[1365067.659s][info][gc           ] GC(251979) Pause Young (Allocation Failure) 1178M->1084M(2035M) 5.180ms
[1365067.659s][info][gc,cpu       ] GC(251979) User=0.00s Sys=0.00s Real=0.00s
[1365072.003s][info][gc,start     ] GC(251980) Pause Young (Allocation Failure)
[1365072.003s][info][gc,task      ] GC(251980) Using 9 workers of 9 for evacuation
[1365072.008s][info][gc,heap      ] GC(251980) ParNew: 114332K->1473K(118016K)
[1365072.008s][info][gc,heap      ] GC(251980) CMS: 1100894K->1109810K(1966080K)
[1365072.008s][info][gc,metaspace ] GC(251980) Metaspace: 95515K(98212K)->95515K(98212K) NonClass: 86277K(88004K)->86277K(88004K) Class: 9238K(10208K)->9238K(10208K)
[1365072.008s][info][gc           ] GC(251980) Pause Young (Allocation Failure) 1186M->1085M(2035M) 5.297ms
[1365072.008s][info][gc,cpu       ] GC(251980) User=0.00s Sys=0.00s Real=0.00s
[1365074.444s][info][gc,start     ] GC(251981) Pause Young (Allocation Failure)
[1365074.444s][info][gc,task      ] GC(251981) Using 9 workers of 9 for evacuation
[1365074.449s][info][gc,heap      ] GC(251981) ParNew: 106433K->9275K(118016K)
[1365074.449s][info][gc,heap      ] GC(251981) CMS: 1109810K->1109810K(1966080K)
[1365074.449s][info][gc,metaspace ] GC(251981) Metaspace: 95515K(98212K)->95515K(98212K) NonClass: 86277K(88004K)->86277K(88004K) Class: 9238K(10208K)->9238K(10208K)
[1365074.449s][info][gc           ] GC(251981) Pause Young (Allocation Failure) 1187M->1092M(2035M) 5.282ms
[1365074.449s][info][gc,cpu       ] GC(251981) User=0.14s Sys=0.00s Real=0.01s
[1365078.682s][info][gc,start     ] GC(251982) Pause Young (Allocation Failure)
[1365078.682s][info][gc,task      ] GC(251982) Using 9 workers of 9 for evacuation
[1365078.688s][info][gc,heap      ] GC(251982) ParNew: 114235K->1630K(118016K)
[1365078.688s][info][gc,heap      ] GC(251982) CMS: 1109810K->1118542K(1966080K)
[1365078.688s][info][gc,metaspace ] GC(251982) Metaspace: 95515K(98212K)->95515K(98212K) NonClass: 86277K(88004K)->86277K(88004K) Class: 9238K(10208K)->9238K(10208K)
[1365078.688s][info][gc           ] GC(251982) Pause Young (Allocation Failure) 1195M->1093M(2035M) 6.259ms
[1365078.688s][info][gc,cpu       ] GC(251982) User=0.00s Sys=0.00s Real=0.00s
[1365083.513s][info][gc,start     ] GC(251983) Pause Young (Allocation Failure)
[1365083.513s][info][gc,task      ] GC(251983) Using 9 workers of 9 for evacuation
[1365083.518s][info][gc,heap      ] GC(251983) ParNew: 106590K->773K(118016K)
[1365083.518s][info][gc,heap      ] GC(251983) CMS: 1118542K->1118542K(1966080K)
[1365083.518s][info][gc,metaspace ] GC(251983) Metaspace: 95515K(98212K)->95515K(98212K) NonClass: 86277K(88004K)->86277K(88004K) Class: 9238K(10208K)->9238K(10208K)
[1365083.518s][info][gc           ] GC(251983) Pause Young (Allocation Failure) 1196M->1093M(2035M) 4.445ms
[1365083.518s][info][gc,cpu       ] GC(251983) User=0.00s Sys=0.00s Real=0.00s
[1365088.877s][info][gc,start     ] GC(251984) Pause Young (Allocation Failure)
[1365088.877s][info][gc,task      ] GC(251984) Using 9 workers of 9 for evacuation
[1365088.883s][info][gc,heap      ] GC(251984) ParNew: 105733K->9344K(118016K)
[1365088.883s][info][gc,heap      ] GC(251984) CMS: 1118542K->1118542K(1966080K)
[1365088.883s][info][gc,metaspace ] GC(251984) Metaspace: 95515K(98212K)->95515K(98212K) NonClass: 86277K(88004K)->86277K(88004K) Class: 9238K(10208K)->9238K(10208K)
[1365088.883s][info][gc           ] GC(251984) Pause Young (Allocation Failure) 1195M->1101M(2035M) 5.516ms
[1365088.883s][info][gc,cpu       ] GC(251984) User=0.00s Sys=0.00s Real=0.00s
[1365094.358s][info][gc,start     ] GC(251985) Pause Young (Allocation Failure)
[1365094.359s][info][gc,task      ] GC(251985) Using 9 workers of 9 for evacuation
[1365094.363s][info][gc,heap      ] GC(251985) ParNew: 114028K->1938K(118016K)
[1365094.363s][info][gc,heap      ] GC(251985) CMS: 1118542K->1118787K(1966080K)
[1365094.363s][info][gc,metaspace ] GC(251985) Metaspace: 95515K(98212K)->95515K(98212K) NonClass: 86277K(88004K)->86277K(88004K) Class: 9238K(10208K)->9238K(10208K)
[1365094.364s][info][gc           ] GC(251985) Pause Young (Allocation Failure) 1203M->1094M(2035M) 5.176ms
[1365094.364s][info][gc,cpu       ] GC(251985) User=0.00s Sys=0.00s Real=0.00s
[1365098.263s][info][gc,start     ] GC(251986) Pause Young (Allocation Failure)
[1365098.263s][info][gc,task      ] GC(251986) Using 9 workers of 9 for evacuation
[1365098.268s][info][gc,heap      ] GC(251986) ParNew: 106898K->9362K(118016K)
[1365098.268s][info][gc,heap      ] GC(251986) CMS: 1118787K->1118787K(1966080K)
[1365098.268s][info][gc,metaspace ] GC(251986) Metaspace: 95515K(98212K)->95515K(98212K) NonClass: 86277K(88004K)->86277K(88004K) Class: 9238K(10208K)->9238K(10208K)
[1365098.268s][info][gc           ] GC(251986) Pause Young (Allocation Failure) 1196M->1101M(2035M) 4.666ms
[1365098.268s][info][gc,cpu       ] GC(251986) User=0.06s Sys=0.02s Real=0.02s
[1365103.034s][info][gc,start     ] GC(251987) Pause Young (Allocation Failure)
[1365103.034s][info][gc,task      ] GC(251987) Using 9 workers of 9 for evacuation
[1365103.038s][info][gc,heap      ] GC(251987) ParNew: 114322K->1758K(118016K)
[1365103.038s][info][gc,heap      ] GC(251987) CMS: 1118787K->1118910K(1966080K)
[1365103.038s][info][gc,metaspace ] GC(251987) Metaspace: 95515K(98212K)->95515K(98212K) NonClass: 86277K(88004K)->86277K(88004K) Class: 9238K(10208K)->9238K(10208K)
[1365103.038s][info][gc           ] GC(251987) Pause Young (Allocation Failure) 1204M->1094M(2035M) 4.133ms
[1365103.038s][info][gc,cpu       ] GC(251987) User=0.00s Sys=0.00s Real=0.00s
[1365107.518s][info][gc,start     ] GC(251988) Pause Young (Allocation Failure)
[1365107.518s][info][gc,task      ] GC(251988) Using 9 workers of 9 for evacuation
[1365107.523s][info][gc,heap      ] GC(251988) ParNew: 106718K->9326K(118016K)
[1365107.523s][info][gc,heap      ] GC(251988) CMS: 1118910K->1118910K(1966080K)
[1365107.523s][info][gc,metaspace ] GC(251988) Metaspace: 95515K(98212K)->95515K(98212K) NonClass: 86277K(88004K)->86277K(88004K) Class: 9238K(10208K)->9238K(10208K)
[1365107.523s][info][gc           ] GC(251988) Pause Young (Allocation Failure) 1196M->1101M(2035M) 4.625ms
[1365107.523s][info][gc,cpu       ] GC(251988) User=0.00s Sys=0.00s Real=0.00s
[1365111.281s][info][gc,start     ] GC(251989) Pause Young (Allocation Failure)
[1365111.281s][info][gc,task      ] GC(251989) Using 9 workers of 9 for evacuation
[1365111.286s][info][gc,heap      ] GC(251989) ParNew: 114286K->1758K(118016K)
[1365111.286s][info][gc,heap      ] GC(251989) CMS: 1118910K->1127698K(1966080K)
[1365111.286s][info][gc,metaspace ] GC(251989) Metaspace: 95515K(98212K)->95515K(98212K) NonClass: 86277K(88004K)->86277K(88004K) Class: 9238K(10208K)->9238K(10208K)
[1365111.286s][info][gc           ] GC(251989) Pause Young (Allocation Failure) 1204M->1102M(2035M) 5.258ms
[1365111.286s][info][gc,cpu       ] GC(251989) User=0.00s Sys=0.00s Real=0.00s
[1365115.352s][info][gc,start     ] GC(251990) Pause Young (Allocation Failure)
[1365115.352s][info][gc,task      ] GC(251990) Using 9 workers of 9 for evacuation
[1365115.357s][info][gc,heap      ] GC(251990) ParNew: 106718K->9469K(118016K)
[1365115.357s][info][gc,heap      ] GC(251990) CMS: 1127698K->1127698K(1966080K)
[1365115.357s][info][gc,metaspace ] GC(251990) Metaspace: 95515K(98212K)->95515K(98212K) NonClass: 86277K(88004K)->86277K(88004K) Class: 9238K(10208K)->9238K(10208K)
[1365115.357s][info][gc           ] GC(251990) Pause Young (Allocation Failure) 1205M->1110M(2035M) 5.763ms
[1365115.357s][info][gc,cpu       ] GC(251990) User=0.13s Sys=0.00s Real=0.02s
[1365120.211s][info][gc,start     ] GC(251991) Pause Young (Allocation Failure)
[1365120.211s][info][gc,task      ] GC(251991) Using 9 workers of 9 for evacuation
[1365120.216s][info][gc,heap      ] GC(251991) ParNew: 114429K->1719K(118016K)
[1365120.216s][info][gc,heap      ] GC(251991) CMS: 1127698K->1136497K(1966080K)
[1365120.216s][info][gc,metaspace ] GC(251991) Metaspace: 95515K(98212K)->95515K(98212K) NonClass: 86277K(88004K)->86277K(88004K) Class: 9238K(10208K)->9238K(10208K)
[1365120.216s][info][gc           ] GC(251991) Pause Young (Allocation Failure) 1213M->1111M(2035M) 5.204ms
[1365120.216s][info][gc,cpu       ] GC(251991) User=0.11s Sys=0.00s Real=0.01s
[1365124.492s][info][gc,start     ] GC(251992) Pause Young (Allocation Failure)
[1365124.493s][info][gc,task      ] GC(251992) Using 9 workers of 9 for evacuation
[1365124.496s][info][gc,heap      ] GC(251992) ParNew: 106679K->671K(118016K)
[1365124.497s][info][gc,heap      ] GC(251992) CMS: 1136497K->1136497K(1966080K)
[1365124.497s][info][gc,metaspace ] GC(251992) Metaspace: 95515K(98212K)->95515K(98212K) NonClass: 86277K(88004K)->86277K(88004K) Class: 9238K(10208K)->9238K(10208K)
[1365124.497s][info][gc           ] GC(251992) Pause Young (Allocation Failure) 1214M->1110M(2035M) 4.139ms
[1365124.497s][info][gc,cpu       ] GC(251992) User=0.14s Sys=0.00s Real=0.02s
[1365129.119s][info][gc,start     ] GC(251993) Pause Young (Allocation Failure)
[1365129.119s][info][gc,task      ] GC(251993) Using 9 workers of 9 for evacuation
[1365129.124s][info][gc,heap      ] GC(251993) ParNew: 105631K->9219K(118016K)
[1365129.124s][info][gc,heap      ] GC(251993) CMS: 1136497K->1136497K(1966080K)
[1365129.124s][info][gc,metaspace ] GC(251993) Metaspace: 95515K(98212K)->95515K(98212K) NonClass: 86277K(88004K)->86277K(88004K) Class: 9238K(10208K)->9238K(10208K)
[1365129.124s][info][gc           ] GC(251993) Pause Young (Allocation Failure) 1213M->1118M(2035M) 5.150ms
[1365129.124s][info][gc,cpu       ] GC(251993) User=0.14s Sys=0.00s Real=0.01s
[1365134.173s][info][gc,start     ] GC(251994) Pause Young (Allocation Failure)
[1365134.174s][info][gc,task      ] GC(251994) Using 9 workers of 9 for evacuation
[1365134.178s][info][gc,heap      ] GC(251994) ParNew: 114179K->1246K(118016K)
[1365134.178s][info][gc,heap      ] GC(251994) CMS: 1136497K->1136694K(1966080K)
[1365134.178s][info][gc,metaspace ] GC(251994) Metaspace: 95515K(98212K)->95515K(98212K) NonClass: 86277K(88004K)->86277K(88004K) Class: 9238K(10208K)->9238K(10208K)
[1365134.178s][info][gc           ] GC(251994) Pause Young (Allocation Failure) 1221M->1111M(2035M) 4.460ms
[1365134.178s][info][gc,cpu       ] GC(251994) User=0.00s Sys=0.00s Real=0.00s
[1365137.980s][info][gc,start     ] GC(251995) Pause Young (Allocation Failure)
[1365137.980s][info][gc,task      ] GC(251995) Using 9 workers of 9 for evacuation
[1365137.985s][info][gc,heap      ] GC(251995) ParNew: 106206K->9278K(118016K)
[1365137.985s][info][gc,heap      ] GC(251995) CMS: 1136694K->1136694K(1966080K)
[1365137.985s][info][gc,metaspace ] GC(251995) Metaspace: 95515K(98212K)->95515K(98212K) NonClass: 86277K(88004K)->86277K(88004K) Class: 9238K(10208K)->9238K(10208K)
[1365137.985s][info][gc           ] GC(251995) Pause Young (Allocation Failure) 1213M->1119M(2035M) 4.595ms
[1365137.985s][info][gc,cpu       ] GC(251995) User=0.02s Sys=0.00s Real=0.02s
[1365141.301s][info][gc,start     ] GC(251996) Pause Young (Allocation Failure)
[1365141.302s][info][gc,task      ] GC(251996) Using 9 workers of 9 for evacuation
[1365141.308s][info][gc,heap      ] GC(251996) ParNew: 114238K->1463K(118016K)
[1365141.308s][info][gc,heap      ] GC(251996) CMS: 1136694K->1145488K(1966080K)
[1365141.308s][info][gc,metaspace ] GC(251996) Metaspace: 95515K(98212K)->95515K(98212K) NonClass: 86277K(88004K)->86277K(88004K) Class: 9238K(10208K)->9238K(10208K)
[1365141.308s][info][gc           ] GC(251996) Pause Young (Allocation Failure) 1221M->1120M(2035M) 6.294ms
[1365141.308s][info][gc,cpu       ] GC(251996) User=0.00s Sys=0.00s Real=0.00s
[1365145.846s][info][gc,start     ] GC(251997) Pause Young (Allocation Failure)
[1365145.846s][info][gc,task      ] GC(251997) Using 9 workers of 9 for evacuation
[1365145.851s][info][gc,heap      ] GC(251997) ParNew: 106423K->6718K(118016K)
[1365145.851s][info][gc,heap      ] GC(251997) CMS: 1145488K->1145488K(1966080K)
[1365145.851s][info][gc,metaspace ] GC(251997) Metaspace: 95515K(98212K)->95515K(98212K) NonClass: 86277K(88004K)->86277K(88004K) Class: 9238K(10208K)->9238K(10208K)
[1365145.851s][info][gc           ] GC(251997) Pause Young (Allocation Failure) 1222M->1125M(2035M) 4.758ms
[1365145.851s][info][gc,cpu       ] GC(251997) User=0.00s Sys=0.00s Real=0.00s
[1365149.758s][info][gc,start     ] GC(251998) Pause Young (Allocation Failure)
[1365149.758s][info][gc,task      ] GC(251998) Using 9 workers of 9 for evacuation
[1365149.762s][info][gc,heap      ] GC(251998) ParNew: 111678K->9643K(118016K)
[1365149.762s][info][gc,heap      ] GC(251998) CMS: 1145488K->1145488K(1966080K)
[1365149.762s][info][gc,metaspace ] GC(251998) Metaspace: 95515K(98212K)->95515K(98212K) NonClass: 86277K(88004K)->86277K(88004K) Class: 9238K(10208K)->9238K(10208K)
[1365149.763s][info][gc           ] GC(251998) Pause Young (Allocation Failure) 1227M->1128M(2035M) 4.451ms
[1365149.763s][info][gc,cpu       ] GC(251998) User=0.00s Sys=0.00s Real=0.00s
[1365154.380s][info][gc,start     ] GC(251999) Pause Young (Allocation Failure)
[1365154.380s][info][gc,task      ] GC(251999) Using 9 workers of 9 for evacuation
[1365154.384s][info][gc,heap      ] GC(251999) ParNew: 114603K->2808K(118016K)
[1365154.384s][info][gc,heap      ] GC(251999) CMS: 1145488K->1145618K(1966080K)
[1365154.384s][info][gc,metaspace ] GC(251999) Metaspace: 95515K(98212K)->95515K(98212K) NonClass: 86277K(88004K)->86277K(88004K) Class: 9238K(10208K)->9238K(10208K)
[1365154.384s][info][gc           ] GC(251999) Pause Young (Allocation Failure) 1230M->1121M(2035M) 4.696ms
[1365154.384s][info][gc,cpu       ] GC(251999) User=0.00s Sys=0.00s Real=0.00s
[1365157.478s][info][gc,start     ] GC(252000) Pause Young (Allocation Failure)
[1365157.478s][info][gc,task      ] GC(252000) Using 9 workers of 9 for evacuation
[1365157.482s][info][gc,heap      ] GC(252000) ParNew: 107768K->9687K(118016K)
[1365157.482s][info][gc,heap      ] GC(252000) CMS: 1145618K->1145618K(1966080K)
[1365157.482s][info][gc,metaspace ] GC(252000) Metaspace: 95515K(98212K)->95515K(98212K) NonClass: 86277K(88004K)->86277K(88004K) Class: 9238K(10208K)->9238K(10208K)
[1365157.482s][info][gc           ] GC(252000) Pause Young (Allocation Failure) 1224M->1128M(2035M) 4.267ms
[1365157.482s][info][gc,cpu       ] GC(252000) User=0.00s Sys=0.00s Real=0.00s
[1365163.715s][info][gc,start     ] GC(252001) Pause Young (Allocation Failure)
[1365163.715s][info][gc,task      ] GC(252001) Using 9 workers of 9 for evacuation
[1365163.720s][info][gc,heap      ] GC(252001) ParNew: 114647K->2516K(118016K)
[1365163.721s][info][gc,heap      ] GC(252001) CMS: 1145618K->1145986K(1966080K)
[1365163.721s][info][gc,metaspace ] GC(252001) Metaspace: 95515K(98212K)->95515K(98212K) NonClass: 86277K(88004K)->86277K(88004K) Class: 9238K(10208K)->9238K(10208K)
[1365163.721s][info][gc           ] GC(252001) Pause Young (Allocation Failure) 1230M->1121M(2035M) 5.399ms
[1365163.721s][info][gc,cpu       ] GC(252001) User=0.02s Sys=0.00s Real=0.01s
[1365167.690s][info][gc,start     ] GC(252002) Pause Young (Allocation Failure)
[1365167.691s][info][gc,task      ] GC(252002) Using 9 workers of 9 for evacuation
[1365167.695s][info][gc,heap      ] GC(252002) ParNew: 107476K->9334K(118016K)
[1365167.695s][info][gc,heap      ] GC(252002) CMS: 1145986K->1145986K(1966080K)
[1365167.695s][info][gc,metaspace ] GC(252002) Metaspace: 95515K(98212K)->95515K(98212K) NonClass: 86277K(88004K)->86277K(88004K) Class: 9238K(10208K)->9238K(10208K)
[1365167.695s][info][gc           ] GC(252002) Pause Young (Allocation Failure) 1224M->1128M(2035M) 4.938ms
[1365167.695s][info][gc,cpu       ] GC(252002) User=0.00s Sys=0.00s Real=0.00s
[1365172.352s][info][gc,start     ] GC(252003) Pause Young (Allocation Failure)
[1365172.352s][info][gc,task      ] GC(252003) Using 9 workers of 9 for evacuation
[1365172.356s][info][gc,heap      ] GC(252003) ParNew: 114294K->2110K(118016K)
[1365172.356s][info][gc,heap      ] GC(252003) CMS: 1145986K->1146116K(1966080K)
[1365172.356s][info][gc,metaspace ] GC(252003) Metaspace: 95515K(98212K)->95515K(98212K) NonClass: 86277K(88004K)->86277K(88004K) Class: 9238K(10208K)->9238K(10208K)
[1365172.356s][info][gc           ] GC(252003) Pause Young (Allocation Failure) 1230M->1121M(2035M) 4.443ms
[1365172.356s][info][gc,cpu       ] GC(252003) User=0.00s Sys=0.00s Real=0.01s
[1365176.491s][info][gc,start     ] GC(252004) Pause Young (Allocation Failure)
[1365176.491s][info][gc,task      ] GC(252004) Using 9 workers of 9 for evacuation
[1365176.495s][info][gc,heap      ] GC(252004) ParNew: 107070K->3069K(118016K)
[1365176.495s][info][gc,heap      ] GC(252004) CMS: 1146116K->1146116K(1966080K)
[1365176.495s][info][gc,metaspace ] GC(252004) Metaspace: 95515K(98212K)->95515K(98212K) NonClass: 86277K(88004K)->86277K(88004K) Class: 9238K(10208K)->9238K(10208K)
[1365176.495s][info][gc           ] GC(252004) Pause Young (Allocation Failure) 1223M->1122M(2035M) 4.144ms
[1365176.495s][info][gc,cpu       ] GC(252004) User=0.00s Sys=0.00s Real=0.00s
[1365180.986s][info][gc,start     ] GC(252005) Pause Young (Allocation Failure)
[1365180.986s][info][gc,task      ] GC(252005) Using 9 workers of 9 for evacuation
[1365180.991s][info][gc,heap      ] GC(252005) ParNew: 108029K->9541K(118016K)
[1365180.992s][info][gc,heap      ] GC(252005) CMS: 1146116K->1146116K(1966080K)
[1365180.992s][info][gc,metaspace ] GC(252005) Metaspace: 95515K(98212K)->95515K(98212K) NonClass: 86277K(88004K)->86277K(88004K) Class: 9238K(10208K)->9238K(10208K)
[1365180.992s][info][gc           ] GC(252005) Pause Young (Allocation Failure) 1224M->1128M(2035M) 5.374ms
[1365180.992s][info][gc,cpu       ] GC(252005) User=0.09s Sys=0.02s Real=0.02s
[1365184.931s][info][gc,start     ] GC(252006) Pause Young (Allocation Failure)
[1365184.931s][info][gc,task      ] GC(252006) Using 9 workers of 9 for evacuation
[1365184.936s][info][gc,heap      ] GC(252006) ParNew: 114501K->2117K(118016K)
[1365184.936s][info][gc,heap      ] GC(252006) CMS: 1146116K->1146304K(1966080K)
[1365184.936s][info][gc,metaspace ] GC(252006) Metaspace: 95515K(98212K)->95515K(98212K) NonClass: 86277K(88004K)->86277K(88004K) Class: 9238K(10208K)->9238K(10208K)
[1365184.936s][info][gc           ] GC(252006) Pause Young (Allocation Failure) 1231M->1121M(2035M) 5.098ms
[1365184.936s][info][gc,cpu       ] GC(252006) User=0.00s Sys=0.00s Real=0.00s
[1365188.256s][info][gc,start     ] GC(252007) Pause Young (Allocation Failure)
[1365188.256s][info][gc,task      ] GC(252007) Using 9 workers of 9 for evacuation
[1365188.262s][info][gc,heap      ] GC(252007) ParNew: 107077K->9392K(118016K)
[1365188.262s][info][gc,heap      ] GC(252007) CMS: 1146304K->1146304K(1966080K)
[1365188.262s][info][gc,metaspace ] GC(252007) Metaspace: 95515K(98212K)->95515K(98212K) NonClass: 86277K(88004K)->86277K(88004K) Class: 9238K(10208K)->9238K(10208K)
[1365188.262s][info][gc           ] GC(252007) Pause Young (Allocation Failure) 1224M->1128M(2035M) 5.946ms
[1365188.262s][info][gc,cpu       ] GC(252007) User=0.00s Sys=0.00s Real=0.00s
[1365193.663s][info][gc,start     ] GC(252008) Pause Young (Allocation Failure)
[1365193.663s][info][gc,task      ] GC(252008) Using 9 workers of 9 for evacuation
[1365193.667s][info][gc,heap      ] GC(252008) ParNew: 114352K->2060K(118016K)
[1365193.667s][info][gc,heap      ] GC(252008) CMS: 1146304K->1146500K(1966080K)
[1365193.667s][info][gc,metaspace ] GC(252008) Metaspace: 95515K(98212K)->95515K(98212K) NonClass: 86277K(88004K)->86277K(88004K) Class: 9238K(10208K)->9238K(10208K)
[1365193.667s][info][gc           ] GC(252008) Pause Young (Allocation Failure) 1231M->1121M(2035M) 4.222ms
[1365193.667s][info][gc,cpu       ] GC(252008) User=0.00s Sys=0.00s Real=0.00s
[1365198.473s][info][gc,start     ] GC(252009) Pause Young (Allocation Failure)
[1365198.473s][info][gc,task      ] GC(252009) Using 9 workers of 9 for evacuation
[1365198.478s][info][gc,heap      ] GC(252009) ParNew: 107020K->9368K(118016K)
[1365198.478s][info][gc,heap      ] GC(252009) CMS: 1146500K->1146500K(1966080K)
[1365198.478s][info][gc,metaspace ] GC(252009) Metaspace: 95515K(98212K)->95515K(98212K) NonClass: 86277K(88004K)->86277K(88004K) Class: 9238K(10208K)->9238K(10208K)
[1365198.478s][info][gc           ] GC(252009) Pause Young (Allocation Failure) 1224M->1128M(2035M) 5.065ms
[1365198.478s][info][gc,cpu       ] GC(252009) User=0.14s Sys=0.00s Real=0.01s
[1365201.088s][info][gc,start     ] GC(252010) Pause Young (Allocation Failure)
[1365201.089s][info][gc,task      ] GC(252010) Using 9 workers of 9 for evacuation
[1365201.094s][info][gc,heap      ] GC(252010) ParNew: 114328K->1913K(118016K)
[1365201.094s][info][gc,heap      ] GC(252010) CMS: 1146500K->1155284K(1966080K)
[1365201.094s][info][gc,metaspace ] GC(252010) Metaspace: 95515K(98212K)->95515K(98212K) NonClass: 86277K(88004K)->86277K(88004K) Class: 9238K(10208K)->9238K(10208K)
[1365201.094s][info][gc           ] GC(252010) Pause Young (Allocation Failure) 1231M->1130M(2035M) 5.354ms
[1365201.094s][info][gc,cpu       ] GC(252010) User=0.00s Sys=0.00s Real=0.00s
[1365204.871s][info][gc,start     ] GC(252011) Pause Young (Allocation Failure)
[1365204.871s][info][gc,task      ] GC(252011) Using 9 workers of 9 for evacuation
[1365204.875s][info][gc,heap      ] GC(252011) ParNew: 106873K->812K(118016K)
[1365204.875s][info][gc,heap      ] GC(252011) CMS: 1155284K->1155284K(1966080K)
[1365204.876s][info][gc,metaspace ] GC(252011) Metaspace: 95515K(98212K)->95515K(98212K) NonClass: 86277K(88004K)->86277K(88004K) Class: 9238K(10208K)->9238K(10208K)
[1365204.876s][info][gc           ] GC(252011) Pause Young (Allocation Failure) 1232M->1129M(2035M) 4.818ms
[1365204.876s][info][gc,cpu       ] GC(252011) User=0.00s Sys=0.00s Real=0.00s
[1365208.847s][info][gc,start     ] GC(252012) Pause Young (Allocation Failure)
[1365208.847s][info][gc,task      ] GC(252012) Using 9 workers of 9 for evacuation
[1365208.852s][info][gc,heap      ] GC(252012) ParNew: 105772K->9461K(118016K)
[1365208.852s][info][gc,heap      ] GC(252012) CMS: 1155284K->1155284K(1966080K)
[1365208.852s][info][gc,metaspace ] GC(252012) Metaspace: 95515K(98212K)->95515K(98212K) NonClass: 86277K(88004K)->86277K(88004K) Class: 9238K(10208K)->9238K(10208K)
[1365208.852s][info][gc           ] GC(252012) Pause Young (Allocation Failure) 1231M->1137M(2035M) 5.079ms
[1365208.852s][info][gc,cpu       ] GC(252012) User=0.14s Sys=0.00s Real=0.02s
[1365212.714s][info][gc,start     ] GC(252013) Pause Young (Allocation Failure)
[1365212.714s][info][gc,task      ] GC(252013) Using 9 workers of 9 for evacuation
[1365212.719s][info][gc,heap      ] GC(252013) ParNew: 114421K->10064K(118016K)
[1365212.719s][info][gc,heap      ] GC(252013) CMS: 1155284K->1155574K(1966080K)
[1365212.719s][info][gc,metaspace ] GC(252013) Metaspace: 95515K(98212K)->95515K(98212K) NonClass: 86277K(88004K)->86277K(88004K) Class: 9238K(10208K)->9238K(10208K)
[1365212.719s][info][gc           ] GC(252013) Pause Young (Allocation Failure) 1239M->1138M(2035M) 4.526ms
[1365212.719s][info][gc,cpu       ] GC(252013) User=0.00s Sys=0.00s Real=0.00s
[1365216.908s][info][gc,start     ] GC(252014) Pause Young (Allocation Failure)
[1365216.908s][info][gc,task      ] GC(252014) Using 9 workers of 9 for evacuation
[1365216.913s][info][gc,heap      ] GC(252014) ParNew: 115024K->3128K(118016K)
[1365216.913s][info][gc,heap      ] GC(252014) CMS: 1155574K->1164340K(1966080K)
[1365216.913s][info][gc,metaspace ] GC(252014) Metaspace: 95515K(98212K)->95515K(98212K) NonClass: 86277K(88004K)->86277K(88004K) Class: 9238K(10208K)->9238K(10208K)
[1365216.913s][info][gc           ] GC(252014) Pause Young (Allocation Failure) 1240M->1140M(2035M) 5.870ms
[1365216.914s][info][gc,cpu       ] GC(252014) User=0.00s Sys=0.02s Real=0.02s
[1365222.759s][info][gc,start     ] GC(252015) Pause Young (Allocation Failure)
[1365222.760s][info][gc,task      ] GC(252015) Using 9 workers of 9 for evacuation
[1365222.764s][info][gc,heap      ] GC(252015) ParNew: 108088K->9372K(118016K)
[1365222.764s][info][gc,heap      ] GC(252015) CMS: 1164340K->1164340K(1966080K)
[1365222.764s][info][gc,metaspace ] GC(252015) Metaspace: 95515K(98212K)->95515K(98212K) NonClass: 86277K(88004K)->86277K(88004K) Class: 9238K(10208K)->9238K(10208K)
[1365222.764s][info][gc           ] GC(252015) Pause Young (Allocation Failure) 1242M->1146M(2035M) 4.736ms
[1365222.764s][info][gc,cpu       ] GC(252015) User=0.00s Sys=0.00s Real=0.00s
[1365226.624s][info][gc,start     ] GC(252016) Pause Young (Allocation Failure)
[1365226.624s][info][gc,task      ] GC(252016) Using 9 workers of 9 for evacuation
[1365226.629s][info][gc,heap      ] GC(252016) ParNew: 114332K->2438K(118016K)
[1365226.629s][info][gc,heap      ] GC(252016) CMS: 1164340K->1173000K(1966080K)
[1365226.629s][info][gc,metaspace ] GC(252016) Metaspace: 95515K(98212K)->95515K(98212K) NonClass: 86277K(88004K)->86277K(88004K) Class: 9238K(10208K)->9238K(10208K)
[1365226.629s][info][gc           ] GC(252016) Pause Young (Allocation Failure) 1248M->1147M(2035M) 5.340ms
[1365226.629s][info][gc,cpu       ] GC(252016) User=0.00s Sys=0.00s Real=0.00s
[1365231.834s][info][gc,start     ] GC(252017) Pause Young (Allocation Failure)
[1365231.835s][info][gc,task      ] GC(252017) Using 9 workers of 9 for evacuation
[1365231.839s][info][gc,heap      ] GC(252017) ParNew: 107398K->1071K(118016K)
[1365231.839s][info][gc,heap      ] GC(252017) CMS: 1173000K->1173000K(1966080K)
[1365231.839s][info][gc,metaspace ] GC(252017) Metaspace: 95515K(98212K)->95515K(98212K) NonClass: 86277K(88004K)->86277K(88004K) Class: 9238K(10208K)->9238K(10208K)
[1365231.839s][info][gc           ] GC(252017) Pause Young (Allocation Failure) 1250M->1146M(2035M) 4.518ms
[1365231.839s][info][gc,cpu       ] GC(252017) User=0.00s Sys=0.00s Real=0.00s
[1365235.601s][info][gc,start     ] GC(252018) Pause Young (Allocation Failure)
[1365235.601s][info][gc,task      ] GC(252018) Using 9 workers of 9 for evacuation
[1365235.605s][info][gc,heap      ] GC(252018) ParNew: 106031K->9428K(118016K)
[1365235.605s][info][gc,heap      ] GC(252018) CMS: 1173000K->1173000K(1966080K)
[1365235.605s][info][gc,metaspace ] GC(252018) Metaspace: 95515K(98212K)->95515K(98212K) NonClass: 86277K(88004K)->86277K(88004K) Class: 9238K(10208K)->9238K(10208K)
[1365235.605s][info][gc           ] GC(252018) Pause Young (Allocation Failure) 1249M->1154M(2035M) 4.417ms
[1365235.605s][info][gc,cpu       ] GC(252018) User=0.00s Sys=0.00s Real=0.00s
[1365240.498s][info][gc,start     ] GC(252019) Pause Young (Allocation Failure)
[1365240.498s][info][gc,task      ] GC(252019) Using 9 workers of 9 for evacuation
[1365240.504s][info][gc,heap      ] GC(252019) ParNew: 114388K->1485K(118016K)
[1365240.504s][info][gc,heap      ] GC(252019) CMS: 1173000K->1181935K(1966080K)
[1365240.504s][info][gc,metaspace ] GC(252019) Metaspace: 95515K(98212K)->95515K(98212K) NonClass: 86277K(88004K)->86277K(88004K) Class: 9238K(10208K)->9238K(10208K)
[1365240.504s][info][gc           ] GC(252019) Pause Young (Allocation Failure) 1257M->1155M(2035M) 5.485ms
[1365240.504s][info][gc,cpu       ] GC(252019) User=0.00s Sys=0.00s Real=0.00s
[1365244.622s][info][gc,start     ] GC(252020) Pause Young (Allocation Failure)
[1365244.623s][info][gc,task      ] GC(252020) Using 9 workers of 9 for evacuation
[1365244.627s][info][gc,heap      ] GC(252020) ParNew: 106445K->9384K(118016K)
[1365244.627s][info][gc,heap      ] GC(252020) CMS: 1181935K->1181935K(1966080K)
[1365244.627s][info][gc,metaspace ] GC(252020) Metaspace: 95515K(98212K)->95515K(98212K) NonClass: 86277K(88004K)->86277K(88004K) Class: 9238K(10208K)->9238K(10208K)
[1365244.627s][info][gc           ] GC(252020) Pause Young (Allocation Failure) 1258M->1163M(2035M) 4.658ms
[1365244.627s][info][gc,cpu       ] GC(252020) User=0.00s Sys=0.00s Real=0.00s
[1365248.547s][info][gc,start     ] GC(252021) Pause Young (Allocation Failure)
[1365248.548s][info][gc,task      ] GC(252021) Using 9 workers of 9 for evacuation
[1365248.553s][info][gc,heap      ] GC(252021) ParNew: 114344K->1701K(118016K)
[1365248.553s][info][gc,heap      ] GC(252021) CMS: 1181935K->1190771K(1966080K)
[1365248.553s][info][gc,metaspace ] GC(252021) Metaspace: 95515K(98212K)->95515K(98212K) NonClass: 86277K(88004K)->86277K(88004K) Class: 9238K(10208K)->9238K(10208K)
[1365248.553s][info][gc           ] GC(252021) Pause Young (Allocation Failure) 1265M->1164M(2035M) 5.452ms
[1365248.553s][info][gc,cpu       ] GC(252021) User=0.02s Sys=0.00s Real=0.02s
[1365253.040s][info][gc,start     ] GC(252022) Pause Young (Allocation Failure)
[1365253.040s][info][gc,task      ] GC(252022) Using 9 workers of 9 for evacuation
[1365253.045s][info][gc,heap      ] GC(252022) ParNew: 106661K->683K(118016K)
[1365253.045s][info][gc,heap      ] GC(252022) CMS: 1190771K->1190771K(1966080K)
[1365253.045s][info][gc,metaspace ] GC(252022) Metaspace: 95515K(98212K)->95515K(98212K) NonClass: 86277K(88004K)->86277K(88004K) Class: 9238K(10208K)->9238K(10208K)
[1365253.045s][info][gc           ] GC(252022) Pause Young (Allocation Failure) 1267M->1163M(2035M) 4.920ms
[1365253.045s][info][gc,cpu       ] GC(252022) User=0.00s Sys=0.00s Real=0.00s
[1365255.597s][info][gc,start     ] GC(252023) Pause Young (Allocation Failure)
[1365255.597s][info][gc,task      ] GC(252023) Using 9 workers of 9 for evacuation
[1365255.601s][info][gc,heap      ] GC(252023) ParNew: 105643K->9298K(118016K)
[1365255.602s][info][gc,heap      ] GC(252023) CMS: 1190771K->1190771K(1966080K)
[1365255.602s][info][gc,metaspace ] GC(252023) Metaspace: 95515K(98212K)->95515K(98212K) NonClass: 86277K(88004K)->86277K(88004K) Class: 9238K(10208K)->9238K(10208K)
[1365255.602s][info][gc           ] GC(252023) Pause Young (Allocation Failure) 1266M->1171M(2035M) 4.666ms
[1365255.602s][info][gc,cpu       ] GC(252023) User=0.14s Sys=0.00s Real=0.02s
[1365260.186s][info][gc,start     ] GC(252024) Pause Young (Allocation Failure)
[1365260.186s][info][gc,task      ] GC(252024) Using 9 workers of 9 for evacuation
[1365260.191s][info][gc,heap      ] GC(252024) ParNew: 114258K->1297K(118016K)
[1365260.191s][info][gc,heap      ] GC(252024) CMS: 1190771K->1199633K(1966080K)
[1365260.191s][info][gc,metaspace ] GC(252024) Metaspace: 95515K(98212K)->95515K(98212K) NonClass: 86277K(88004K)->86277K(88004K) Class: 9238K(10208K)->9238K(10208K)
[1365260.191s][info][gc           ] GC(252024) Pause Young (Allocation Failure) 1274M->1172M(2035M) 5.289ms
[1365260.191s][info][gc,cpu       ] GC(252024) User=0.00s Sys=0.00s Real=0.00s
[1365263.657s][info][gc,start     ] GC(252025) Pause Young (Allocation Failure)
[1365263.657s][info][gc,task      ] GC(252025) Using 9 workers of 9 for evacuation
[1365263.661s][info][gc,heap      ] GC(252025) ParNew: 106180K->7841K(118016K)
[1365263.662s][info][gc,heap      ] GC(252025) CMS: 1199633K->1199633K(1966080K)
[1365263.662s][info][gc,metaspace ] GC(252025) Metaspace: 95515K(98212K)->95515K(98212K) NonClass: 86277K(88004K)->86277K(88004K) Class: 9238K(10208K)->9238K(10208K)
[1365263.662s][info][gc           ] GC(252025) Pause Young (Allocation Failure) 1275M->1179M(2035M) 5.019ms
[1365263.662s][info][gc,cpu       ] GC(252025) User=0.00s Sys=0.00s Real=0.00s
[1365267.919s][info][gc,start     ] GC(252026) Pause Young (Allocation Failure)
[1365267.919s][info][gc,task      ] GC(252026) Using 9 workers of 9 for evacuation
[1365267.924s][info][gc,heap      ] GC(252026) ParNew: 112799K->2678K(118016K)
[1365267.924s][info][gc,heap      ] GC(252026) CMS: 1199633K->1207014K(1966080K)
[1365267.924s][info][gc,metaspace ] GC(252026) Metaspace: 95515K(98212K)->95515K(98212K) NonClass: 86277K(88004K)->86277K(88004K) Class: 9238K(10208K)->9238K(10208K)
[1365267.924s][info][gc           ] GC(252026) Pause Young (Allocation Failure) 1281M->1181M(2035M) 5.205ms
[1365267.924s][info][gc,cpu       ] GC(252026) User=0.00s Sys=0.00s Real=0.00s
[1365272.361s][info][gc,start     ] GC(252027) Pause Young (Allocation Failure)
[1365272.361s][info][gc,task      ] GC(252027) Using 9 workers of 9 for evacuation
[1365272.366s][info][gc,heap      ] GC(252027) ParNew: 107638K->2473K(118016K)
[1365272.366s][info][gc,heap      ] GC(252027) CMS: 1207014K->1207014K(1966080K)
[1365272.366s][info][gc,metaspace ] GC(252027) Metaspace: 95515K(98212K)->95515K(98212K) NonClass: 86277K(88004K)->86277K(88004K) Class: 9238K(10208K)->9238K(10208K)
[1365272.366s][info][gc           ] GC(252027) Pause Young (Allocation Failure) 1283M->1181M(2035M) 5.457ms
[1365272.366s][info][gc,cpu       ] GC(252027) User=0.00s Sys=0.00s Real=0.00s
[1365277.075s][info][gc,start     ] GC(252028) Pause Young (Allocation Failure)
[1365277.075s][info][gc,task      ] GC(252028) Using 9 workers of 9 for evacuation
[1365277.080s][info][gc,heap      ] GC(252028) ParNew: 107433K->9592K(118016K)
[1365277.080s][info][gc,heap      ] GC(252028) CMS: 1207014K->1207014K(1966080K)
[1365277.080s][info][gc,metaspace ] GC(252028) Metaspace: 95515K(98212K)->95515K(98212K) NonClass: 86277K(88004K)->86277K(88004K) Class: 9238K(10208K)->9238K(10208K)
[1365277.080s][info][gc           ] GC(252028) Pause Young (Allocation Failure) 1283M->1188M(2035M) 5.199ms
[1365277.081s][info][gc,cpu       ] GC(252028) User=0.00s Sys=0.00s Real=0.00s
[1365282.076s][info][gc,start     ] GC(252029) Pause Young (Allocation Failure)
[1365282.076s][info][gc,task      ] GC(252029) Using 9 workers of 9 for evacuation
[1365282.081s][info][gc,heap      ] GC(252029) ParNew: 114552K->2366K(118016K)
[1365282.081s][info][gc,heap      ] GC(252029) CMS: 1207014K->1215953K(1966080K)
[1365282.081s][info][gc,metaspace ] GC(252029) Metaspace: 95515K(98212K)->95515K(98212K) NonClass: 86277K(88004K)->86277K(88004K) Class: 9238K(10208K)->9238K(10208K)
[1365282.081s][info][gc           ] GC(252029) Pause Young (Allocation Failure) 1290M->1189M(2035M) 5.624ms
[1365282.082s][info][gc,cpu       ] GC(252029) User=0.00s Sys=0.00s Real=0.00s
[1365286.748s][info][gc,start     ] GC(252030) Pause Young (Allocation Failure)
[1365286.749s][info][gc,task      ] GC(252030) Using 9 workers of 9 for evacuation
[1365286.754s][info][gc,heap      ] GC(252030) ParNew: 107326K->9346K(118016K)
[1365286.754s][info][gc,heap      ] GC(252030) CMS: 1215953K->1215953K(1966080K)
[1365286.754s][info][gc,metaspace ] GC(252030) Metaspace: 95515K(98212K)->95515K(98212K) NonClass: 86277K(88004K)->86277K(88004K) Class: 9238K(10208K)->9238K(10208K)
[1365286.754s][info][gc           ] GC(252030) Pause Young (Allocation Failure) 1292M->1196M(2035M) 5.521ms
[1365286.754s][info][gc,cpu       ] GC(252030) User=0.00s Sys=0.00s Real=0.00s
[1365293.310s][info][gc,start     ] GC(252031) Pause Young (Allocation Failure)
[1365293.310s][info][gc,task      ] GC(252031) Using 9 workers of 9 for evacuation
[1365293.315s][info][gc,heap      ] GC(252031) ParNew: 114306K->1945K(118016K)
[1365293.315s][info][gc,heap      ] GC(252031) CMS: 1215953K->1216000K(1966080K)
[1365293.315s][info][gc,metaspace ] GC(252031) Metaspace: 95515K(98212K)->95515K(98212K) NonClass: 86277K(88004K)->86277K(88004K) Class: 9238K(10208K)->9238K(10208K)
[1365293.315s][info][gc           ] GC(252031) Pause Young (Allocation Failure) 1299M->1189M(2035M) 4.882ms
[1365293.315s][info][gc,cpu       ] GC(252031) User=0.00s Sys=0.00s Real=0.00s
[1365297.147s][info][gc,start     ] GC(252032) Pause Young (Allocation Failure)
[1365297.147s][info][gc,task      ] GC(252032) Using 9 workers of 9 for evacuation
[1365297.151s][info][gc,heap      ] GC(252032) ParNew: 106905K->9291K(118016K)
[1365297.151s][info][gc,heap      ] GC(252032) CMS: 1216000K->1216000K(1966080K)
[1365297.151s][info][gc,metaspace ] GC(252032) Metaspace: 95515K(98212K)->95515K(98212K) NonClass: 86277K(88004K)->86277K(88004K) Class: 9238K(10208K)->9238K(10208K)
[1365297.152s][info][gc           ] GC(252032) Pause Young (Allocation Failure) 1291M->1196M(2035M) 4.826ms
[1365297.152s][info][gc,cpu       ] GC(252032) User=0.02s Sys=0.00s Real=0.02s
[1365300.047s][info][gc,start     ] GC(252033) Pause Young (Allocation Failure)
[1365300.047s][info][gc,task      ] GC(252033) Using 9 workers of 9 for evacuation
[1365300.051s][info][gc,heap      ] GC(252033) ParNew: 114251K->1885K(118016K)
[1365300.052s][info][gc,heap      ] GC(252033) CMS: 1216000K->1224815K(1966080K)
[1365300.052s][info][gc,metaspace ] GC(252033) Metaspace: 95515K(98212K)->95515K(98212K) NonClass: 86277K(88004K)->86277K(88004K) Class: 9238K(10208K)->9238K(10208K)
[1365300.052s][info][gc           ] GC(252033) Pause Young (Allocation Failure) 1299M->1197M(2035M) 4.698ms
[1365300.052s][info][gc,cpu       ] GC(252033) User=0.00s Sys=0.00s Real=0.00s
[1365304.261s][info][gc,start     ] GC(252034) Pause Young (Allocation Failure)
[1365304.261s][info][gc,task      ] GC(252034) Using 9 workers of 9 for evacuation
[1365304.266s][info][gc,heap      ] GC(252034) ParNew: 106845K->9390K(118016K)
[1365304.266s][info][gc,heap      ] GC(252034) CMS: 1224815K->1224815K(1966080K)
[1365304.266s][info][gc,metaspace ] GC(252034) Metaspace: 95515K(98212K)->95515K(98212K) NonClass: 86277K(88004K)->86277K(88004K) Class: 9238K(10208K)->9238K(10208K)
[1365304.266s][info][gc           ] GC(252034) Pause Young (Allocation Failure) 1300M->1205M(2035M) 4.756ms
[1365304.266s][info][gc,cpu       ] GC(252034) User=0.00s Sys=0.00s Real=0.00s
[1365308.351s][info][gc,start     ] GC(252035) Pause Young (Allocation Failure)
[1365308.351s][info][gc,task      ] GC(252035) Using 9 workers of 9 for evacuation
[1365308.356s][info][gc,heap      ] GC(252035) ParNew: 114350K->1770K(118016K)
[1365308.356s][info][gc,heap      ] GC(252035) CMS: 1224815K->1233646K(1966080K)
[1365308.356s][info][gc,metaspace ] GC(252035) Metaspace: 95515K(98212K)->95515K(98212K) NonClass: 86277K(88004K)->86277K(88004K) Class: 9238K(10208K)->9238K(10208K)
[1365308.356s][info][gc           ] GC(252035) Pause Young (Allocation Failure) 1307M->1206M(2035M) 4.940ms
[1365308.356s][info][gc,cpu       ] GC(252035) User=0.00s Sys=0.00s Real=0.00s
[1365313.008s][info][gc,start     ] GC(252036) Pause Young (Allocation Failure)
[1365313.008s][info][gc,task      ] GC(252036) Using 9 workers of 9 for evacuation
[1365313.013s][info][gc,heap      ] GC(252036) ParNew: 106730K->663K(118016K)
[1365313.013s][info][gc,heap      ] GC(252036) CMS: 1233646K->1233646K(1966080K)
[1365313.013s][info][gc,metaspace ] GC(252036) Metaspace: 95515K(98212K)->95515K(98212K) NonClass: 86277K(88004K)->86277K(88004K) Class: 9238K(10208K)->9238K(10208K)
[1365313.013s][info][gc           ] GC(252036) Pause Young (Allocation Failure) 1308M->1205M(2035M) 4.434ms
[1365313.013s][info][gc,cpu       ] GC(252036) User=0.00s Sys=0.00s Real=0.00s
[1365316.063s][info][gc,start     ] GC(252037) Pause Young (Allocation Failure)
[1365316.063s][info][gc,task      ] GC(252037) Using 9 workers of 9 for evacuation
[1365316.067s][info][gc,heap      ] GC(252037) ParNew: 105623K->9291K(118016K)
[1365316.068s][info][gc,heap      ] GC(252037) CMS: 1233646K->1233646K(1966080K)
[1365316.068s][info][gc,metaspace ] GC(252037) Metaspace: 95515K(98212K)->95515K(98212K) NonClass: 86277K(88004K)->86277K(88004K) Class: 9238K(10208K)->9238K(10208K)
[1365316.068s][info][gc           ] GC(252037) Pause Young (Allocation Failure) 1307M->1213M(2035M) 5.030ms
[1365316.068s][info][gc,cpu       ] GC(252037) User=0.14s Sys=0.00s Real=0.01s
[1365319.728s][info][gc,start     ] GC(252038) Pause Young (Allocation Failure)
[1365319.728s][info][gc,task      ] GC(252038) Using 9 workers of 9 for evacuation
[1365319.732s][info][gc,heap      ] GC(252038) ParNew: 114251K->1227K(118016K)
[1365319.732s][info][gc,heap      ] GC(252038) CMS: 1233646K->1242509K(1966080K)
[1365319.732s][info][gc,metaspace ] GC(252038) Metaspace: 95515K(98212K)->95515K(98212K) NonClass: 86277K(88004K)->86277K(88004K) Class: 9238K(10208K)->9238K(10208K)
[1365319.733s][info][gc           ] GC(252038) Pause Young (Allocation Failure) 1316M->1214M(2035M) 5.019ms
[1365319.733s][info][gc,cpu       ] GC(252038) User=0.00s Sys=0.00s Real=0.00s
[1365325.046s][info][gc,start     ] GC(252039) Pause Young (Allocation Failure)
[1365325.047s][info][gc,task      ] GC(252039) Using 9 workers of 9 for evacuation
[1365325.051s][info][gc,heap      ] GC(252039) ParNew: 106187K->9401K(118016K)
[1365325.051s][info][gc,heap      ] GC(252039) CMS: 1242509K->1242509K(1966080K)
[1365325.051s][info][gc,metaspace ] GC(252039) Metaspace: 95515K(98212K)->95515K(98212K) NonClass: 86277K(88004K)->86277K(88004K) Class: 9238K(10208K)->9238K(10208K)
[1365325.051s][info][gc           ] GC(252039) Pause Young (Allocation Failure) 1317M->1222M(2035M) 4.507ms
[1365325.051s][info][gc,cpu       ] GC(252039) User=0.00s Sys=0.00s Real=0.00s
[1365330.442s][info][gc,start     ] GC(252040) Pause Young (Allocation Failure)
[1365330.442s][info][gc,task      ] GC(252040) Using 9 workers of 9 for evacuation
[1365330.447s][info][gc,heap      ] GC(252040) ParNew: 114361K->1464K(118016K)
[1365330.447s][info][gc,heap      ] GC(252040) CMS: 1242509K->1251367K(1966080K)
[1365330.447s][info][gc,metaspace ] GC(252040) Metaspace: 95515K(98212K)->95515K(98212K) NonClass: 86277K(88004K)->86277K(88004K) Class: 9238K(10208K)->9238K(10208K)
[1365330.447s][info][gc           ] GC(252040) Pause Young (Allocation Failure) 1325M->1223M(2035M) 5.366ms
[1365330.447s][info][gc,cpu       ] GC(252040) User=0.02s Sys=0.02s Real=0.02s
[1365336.989s][info][gc,start     ] GC(252041) Pause Young (Allocation Failure)
[1365336.989s][info][gc,task      ] GC(252041) Using 9 workers of 9 for evacuation
[1365336.994s][info][gc,heap      ] GC(252041) ParNew: 106424K->9226K(118016K)
[1365336.994s][info][gc,heap      ] GC(252041) CMS: 1251367K->1251367K(1966080K)
[1365336.994s][info][gc,metaspace ] GC(252041) Metaspace: 95515K(98212K)->95515K(98212K) NonClass: 86277K(88004K)->86277K(88004K) Class: 9238K(10208K)->9238K(10208K)
[1365336.994s][info][gc           ] GC(252041) Pause Young (Allocation Failure) 1325M->1231M(2035M) 5.032ms
[1365336.994s][info][gc,cpu       ] GC(252041) User=0.14s Sys=0.00s Real=0.02s
[1365343.439s][info][gc,start     ] GC(252042) Pause Young (Allocation Failure)
[1365343.439s][info][gc,task      ] GC(252042) Using 9 workers of 9 for evacuation
[1365343.443s][info][gc,heap      ] GC(252042) ParNew: 114186K->1543K(118016K)
[1365343.443s][info][gc,heap      ] GC(252042) CMS: 1251367K->1251464K(1966080K)
[1365343.443s][info][gc,metaspace ] GC(252042) Metaspace: 95515K(98212K)->95515K(98212K) NonClass: 86277K(88004K)->86277K(88004K) Class: 9238K(10208K)->9238K(10208K)
[1365343.443s][info][gc           ] GC(252042) Pause Young (Allocation Failure) 1333M->1223M(2035M) 4.654ms
[1365343.443s][info][gc,cpu       ] GC(252042) User=0.00s Sys=0.00s Real=0.00s
[1365347.421s][info][gc,start     ] GC(252043) Pause Young (Allocation Failure)
[1365347.422s][info][gc,task      ] GC(252043) Using 9 workers of 9 for evacuation
[1365347.426s][info][gc,heap      ] GC(252043) ParNew: 106503K->9231K(118016K)
[1365347.426s][info][gc,heap      ] GC(252043) CMS: 1251464K->1251464K(1966080K)
[1365347.426s][info][gc,metaspace ] GC(252043) Metaspace: 95515K(98212K)->95515K(98212K) NonClass: 86277K(88004K)->86277K(88004K) Class: 9238K(10208K)->9238K(10208K)
[1365347.426s][info][gc           ] GC(252043) Pause Young (Allocation Failure) 1326M->1231M(2035M) 4.583ms
[1365347.426s][info][gc,cpu       ] GC(252043) User=0.11s Sys=0.02s Real=0.01s
[1365351.695s][info][gc,start     ] GC(252044) Pause Young (Allocation Failure)
[1365351.695s][info][gc,task      ] GC(252044) Using 9 workers of 9 for evacuation
[1365351.700s][info][gc,heap      ] GC(252044) ParNew: 114191K->1630K(118016K)
[1365351.700s][info][gc,heap      ] GC(252044) CMS: 1251464K->1260227K(1966080K)
[1365351.700s][info][gc,metaspace ] GC(252044) Metaspace: 95515K(98212K)->95515K(98212K) NonClass: 86277K(88004K)->86277K(88004K) Class: 9238K(10208K)->9238K(10208K)
[1365351.700s][info][gc           ] GC(252044) Pause Young (Allocation Failure) 1333M->1232M(2035M) 5.219ms
[1365351.700s][info][gc,cpu       ] GC(252044) User=0.00s Sys=0.00s Real=0.00s
[1365355.670s][info][gc,start     ] GC(252045) Pause Young (Allocation Failure)
[1365355.670s][info][gc,task      ] GC(252045) Using 9 workers of 9 for evacuation
[1365355.675s][info][gc,heap      ] GC(252045) ParNew: 106590K->9306K(118016K)
[1365355.675s][info][gc,heap      ] GC(252045) CMS: 1260227K->1260227K(1966080K)
[1365355.675s][info][gc,metaspace ] GC(252045) Metaspace: 95515K(98212K)->95515K(98212K) NonClass: 86277K(88004K)->86277K(88004K) Class: 9238K(10208K)->9238K(10208K)
[1365355.675s][info][gc           ] GC(252045) Pause Young (Allocation Failure) 1334M->1239M(2035M) 4.766ms
[1365355.675s][info][gc,cpu       ] GC(252045) User=0.00s Sys=0.00s Real=0.00s
[1365360.188s][info][gc,start     ] GC(252046) Pause Young (Allocation Failure)
[1365360.188s][info][gc,task      ] GC(252046) Using 9 workers of 9 for evacuation
[1365360.193s][info][gc,heap      ] GC(252046) ParNew: 114266K->1578K(118016K)
[1365360.193s][info][gc,heap      ] GC(252046) CMS: 1260227K->1269060K(1966080K)
[1365360.193s][info][gc,metaspace ] GC(252046) Metaspace: 95515K(98212K)->95515K(98212K) NonClass: 86277K(88004K)->86277K(88004K) Class: 9238K(10208K)->9238K(10208K)
[1365360.193s][info][gc           ] GC(252046) Pause Young (Allocation Failure) 1342M->1240M(2035M) 5.333ms
[1365360.193s][info][gc,cpu       ] GC(252046) User=0.05s Sys=0.00s Real=0.02s
[1365365.142s][info][gc,start     ] GC(252047) Pause Young (Allocation Failure)
[1365365.143s][info][gc,task      ] GC(252047) Using 9 workers of 9 for evacuation
[1365365.146s][info][gc,heap      ] GC(252047) ParNew: 106538K->3141K(118016K)
[1365365.146s][info][gc,heap      ] GC(252047) CMS: 1269060K->1269060K(1966080K)
[1365365.146s][info][gc,metaspace ] GC(252047) Metaspace: 95515K(98212K)->95515K(98212K) NonClass: 86277K(88004K)->86277K(88004K) Class: 9238K(10208K)->9238K(10208K)
[1365365.147s][info][gc           ] GC(252047) Pause Young (Allocation Failure) 1343M->1242M(2035M) 4.025ms
[1365365.147s][info][gc,cpu       ] GC(252047) User=0.14s Sys=0.00s Real=0.02s
[1365368.430s][info][gc,start     ] GC(252048) Pause Young (Allocation Failure)
[1365368.430s][info][gc,task      ] GC(252048) Using 9 workers of 9 for evacuation
[1365368.434s][info][gc,heap      ] GC(252048) ParNew: 108101K->9454K(118016K)
[1365368.435s][info][gc,heap      ] GC(252048) CMS: 1269060K->1269060K(1966080K)
[1365368.435s][info][gc,metaspace ] GC(252048) Metaspace: 95515K(98212K)->95515K(98212K) NonClass: 86277K(88004K)->86277K(88004K) Class: 9238K(10208K)->9238K(10208K)
[1365368.435s][info][gc           ] GC(252048) Pause Young (Allocation Failure) 1344M->1248M(2035M) 4.949ms
[1365368.435s][info][gc,cpu       ] GC(252048) User=0.00s Sys=0.00s Real=0.00s
[1365374.104s][info][gc,start     ] GC(252049) Pause Young (Allocation Failure)
[1365374.104s][info][gc,task      ] GC(252049) Using 9 workers of 9 for evacuation
[1365374.108s][info][gc,heap      ] GC(252049) ParNew: 114414K->2074K(118016K)
[1365374.108s][info][gc,heap      ] GC(252049) CMS: 1269060K->1269241K(1966080K)
[1365374.108s][info][gc,metaspace ] GC(252049) Metaspace: 95515K(98212K)->95515K(98212K) NonClass: 86277K(88004K)->86277K(88004K) Class: 9238K(10208K)->9238K(10208K)
[1365374.108s][info][gc           ] GC(252049) Pause Young (Allocation Failure) 1351M->1241M(2035M) 4.570ms
[1365374.109s][info][gc,cpu       ] GC(252049) User=0.00s Sys=0.00s Real=0.00s
[1365378.821s][info][gc,start     ] GC(252050) Pause Young (Allocation Failure)
[1365378.822s][info][gc,task      ] GC(252050) Using 9 workers of 9 for evacuation
[1365378.826s][info][gc,heap      ] GC(252050) ParNew: 107034K->9366K(118016K)
[1365378.826s][info][gc,heap      ] GC(252050) CMS: 1269241K->1269241K(1966080K)
[1365378.826s][info][gc,metaspace ] GC(252050) Metaspace: 95515K(98212K)->95515K(98212K) NonClass: 86277K(88004K)->86277K(88004K) Class: 9238K(10208K)->9238K(10208K)
[1365378.826s][info][gc           ] GC(252050) Pause Young (Allocation Failure) 1344M->1248M(2035M) 4.446ms
[1365378.826s][info][gc,cpu       ] GC(252050) User=0.00s Sys=0.00s Real=0.00s
[1365386.146s][info][gc,start     ] GC(252051) Pause Young (Allocation Failure)
[1365386.146s][info][gc,task      ] GC(252051) Using 9 workers of 9 for evacuation
[1365386.150s][info][gc,heap      ] GC(252051) ParNew: 114326K->9611K(118016K)
[1365386.150s][info][gc,heap      ] GC(252051) CMS: 1269241K->1269338K(1966080K)
[1365386.150s][info][gc,metaspace ] GC(252051) Metaspace: 95515K(98212K)->95515K(98212K) NonClass: 86277K(88004K)->86277K(88004K) Class: 9238K(10208K)->9238K(10208K)
[1365386.150s][info][gc           ] GC(252051) Pause Young (Allocation Failure) 1351M->1248M(2035M) 4.759ms
[1365386.150s][info][gc,cpu       ] GC(252051) User=0.00s Sys=0.00s Real=0.00s
[1365389.737s][info][gc,start     ] GC(252052) Pause Young (Allocation Failure)
[1365389.737s][info][gc,task      ] GC(252052) Using 9 workers of 9 for evacuation
[1365389.742s][info][gc,heap      ] GC(252052) ParNew: 114571K->3300K(118016K)
[1365389.742s][info][gc,heap      ] GC(252052) CMS: 1269338K->1278038K(1966080K)
[1365389.742s][info][gc,metaspace ] GC(252052) Metaspace: 95515K(98212K)->95515K(98212K) NonClass: 86277K(88004K)->86277K(88004K) Class: 9238K(10208K)->9238K(10208K)
[1365389.742s][info][gc           ] GC(252052) Pause Young (Allocation Failure) 1351M->1251M(2035M) 4.939ms
[1365389.742s][info][gc,cpu       ] GC(252052) User=0.00s Sys=0.00s Real=0.00s
[1365395.325s][info][gc,start     ] GC(252053) Pause Young (Allocation Failure)
[1365395.325s][info][gc,task      ] GC(252053) Using 9 workers of 9 for evacuation
[1365395.329s][info][gc,heap      ] GC(252053) ParNew: 108260K->1102K(118016K)
[1365395.329s][info][gc,heap      ] GC(252053) CMS: 1278038K->1278038K(1966080K)
[1365395.329s][info][gc,metaspace ] GC(252053) Metaspace: 95515K(98212K)->95515K(98212K) NonClass: 86277K(88004K)->86277K(88004K) Class: 9238K(10208K)->9238K(10208K)
[1365395.329s][info][gc           ] GC(252053) Pause Young (Allocation Failure) 1353M->1249M(2035M) 4.087ms
[1365395.329s][info][gc,cpu       ] GC(252053) User=0.00s Sys=0.00s Real=0.00s
[1365400.099s][info][gc,start     ] GC(252054) Pause Young (Allocation Failure)
[1365400.099s][info][gc,task      ] GC(252054) Using 9 workers of 9 for evacuation
[1365400.104s][info][gc,heap      ] GC(252054) ParNew: 106062K->9441K(118016K)
[1365400.104s][info][gc,heap      ] GC(252054) CMS: 1278038K->1278038K(1966080K)
[1365400.104s][info][gc,metaspace ] GC(252054) Metaspace: 95515K(98212K)->95515K(98212K) NonClass: 86277K(88004K)->86277K(88004K) Class: 9238K(10208K)->9238K(10208K)
[1365400.104s][info][gc           ] GC(252054) Pause Young (Allocation Failure) 1351M->1257M(2035M) 4.725ms
[1365400.104s][info][gc,cpu       ] GC(252054) User=0.00s Sys=0.00s Real=0.00s
[1365406.728s][info][gc,start     ] GC(252055) Pause Young (Allocation Failure)
[1365406.728s][info][gc,task      ] GC(252055) Using 9 workers of 9 for evacuation
[1365406.733s][info][gc,heap      ] GC(252055) ParNew: 114218K->2085K(118016K)
[1365406.733s][info][gc,heap      ] GC(252055) CMS: 1278038K->1278345K(1966080K)
[1365406.733s][info][gc,metaspace ] GC(252055) Metaspace: 95515K(98212K)->95515K(98212K) NonClass: 86277K(88004K)->86277K(88004K) Class: 9238K(10208K)->9238K(10208K)
[1365406.733s][info][gc           ] GC(252055) Pause Young (Allocation Failure) 1359M->1250M(2035M) 5.033ms
[1365406.733s][info][gc,cpu       ] GC(252055) User=0.00s Sys=0.00s Real=0.00s
[1365411.962s][info][gc,start     ] GC(252056) Pause Young (Allocation Failure)
[1365411.962s][info][gc,task      ] GC(252056) Using 9 workers of 9 for evacuation
[1365411.966s][info][gc,heap      ] GC(252056) ParNew: 107045K->9421K(118016K)
[1365411.967s][info][gc,heap      ] GC(252056) CMS: 1278345K->1278345K(1966080K)
[1365411.967s][info][gc,metaspace ] GC(252056) Metaspace: 95515K(98212K)->95515K(98212K) NonClass: 86277K(88004K)->86277K(88004K) Class: 9238K(10208K)->9238K(10208K)
[1365411.967s][info][gc           ] GC(252056) Pause Young (Allocation Failure) 1352M->1257M(2035M) 4.580ms
[1365411.967s][info][gc,cpu       ] GC(252056) User=0.00s Sys=0.00s Real=0.00s
[1365416.713s][info][gc,start     ] GC(252057) Pause Young (Allocation Failure)
[1365416.713s][info][gc,task      ] GC(252057) Using 9 workers of 9 for evacuation
[1365416.717s][info][gc,heap      ] GC(252057) ParNew: 114381K->2017K(118016K)
[1365416.717s][info][gc,heap      ] GC(252057) CMS: 1278345K->1278547K(1966080K)
[1365416.717s][info][gc,metaspace ] GC(252057) Metaspace: 95515K(98212K)->95515K(98212K) NonClass: 86277K(88004K)->86277K(88004K) Class: 9238K(10208K)->9238K(10208K)
[1365416.717s][info][gc           ] GC(252057) Pause Young (Allocation Failure) 1360M->1250M(2035M) 4.403ms
[1365416.717s][info][gc,cpu       ] GC(252057) User=0.00s Sys=0.00s Real=0.00s
[1365425.101s][info][gc,start     ] GC(252058) Pause Young (Allocation Failure)
[1365425.101s][info][gc,task      ] GC(252058) Using 9 workers of 9 for evacuation
[1365425.104s][info][gc,heap      ] GC(252058) ParNew: 106971K->751K(118016K)
[1365425.105s][info][gc,heap      ] GC(252058) CMS: 1278547K->1278547K(1966080K)
[1365425.105s][info][gc,metaspace ] GC(252058) Metaspace: 95515K(98212K)->95515K(98212K) NonClass: 86277K(88004K)->86277K(88004K) Class: 9238K(10208K)->9238K(10208K)
[1365425.105s][info][gc           ] GC(252058) Pause Young (Allocation Failure) 1353M->1249M(2035M) 3.992ms
[1365425.105s][info][gc,cpu       ] GC(252058) User=0.00s Sys=0.00s Real=0.00s
[1365432.097s][info][gc,start     ] GC(252059) Pause Young (Allocation Failure)
[1365432.097s][info][gc,task      ] GC(252059) Using 9 workers of 9 for evacuation
[1365432.102s][info][gc,heap      ] GC(252059) ParNew: 105711K->9224K(118016K)
[1365432.102s][info][gc,heap      ] GC(252059) CMS: 1278547K->1278547K(1966080K)
[1365432.102s][info][gc,metaspace ] GC(252059) Metaspace: 95515K(98212K)->95515K(98212K) NonClass: 86277K(88004K)->86277K(88004K) Class: 9238K(10208K)->9238K(10208K)
[1365432.102s][info][gc           ] GC(252059) Pause Young (Allocation Failure) 1351M->1257M(2035M) 4.604ms
[1365432.102s][info][gc,cpu       ] GC(252059) User=0.02s Sys=0.00s Real=0.02s
[1365437.926s][info][gc,start     ] GC(252060) Pause Young (Allocation Failure)
[1365437.926s][info][gc,task      ] GC(252060) Using 9 workers of 9 for evacuation
[1365437.931s][info][gc,heap      ] GC(252060) ParNew: 114184K->9763K(118016K)
[1365437.931s][info][gc,heap      ] GC(252060) CMS: 1278547K->1278708K(1966080K)
[1365437.931s][info][gc,metaspace ] GC(252060) Metaspace: 95515K(98212K)->95515K(98212K) NonClass: 86277K(88004K)->86277K(88004K) Class: 9238K(10208K)->9238K(10208K)
[1365437.931s][info][gc           ] GC(252060) Pause Young (Allocation Failure) 1360M->1258M(2035M) 4.899ms
[1365437.931s][info][gc,cpu       ] GC(252060) User=0.03s Sys=0.00s Real=0.02s
[1365443.635s][info][gc,start     ] GC(252061) Pause Young (Allocation Failure)
[1365443.635s][info][gc,task      ] GC(252061) Using 9 workers of 9 for evacuation
[1365443.639s][info][gc,heap      ] GC(252061) ParNew: 114723K->9919K(118016K)
[1365443.639s][info][gc,heap      ] GC(252061) CMS: 1278708K->1278774K(1966080K)
[1365443.639s][info][gc,metaspace ] GC(252061) Metaspace: 95515K(98212K)->95515K(98212K) NonClass: 86277K(88004K)->86277K(88004K) Class: 9238K(10208K)->9238K(10208K)
[1365443.639s][info][gc           ] GC(252061) Pause Young (Allocation Failure) 1360M->1258M(2035M) 4.491ms
[1365443.639s][info][gc,cpu       ] GC(252061) User=0.00s Sys=0.00s Real=0.00s
[1365450.887s][info][gc,start     ] GC(252062) Pause Young (Allocation Failure)
[1365450.887s][info][gc,task      ] GC(252062) Using 9 workers of 9 for evacuation
[1365450.892s][info][gc,heap      ] GC(252062) ParNew: 114879K->4239K(118016K)
[1365450.892s][info][gc,heap      ] GC(252062) CMS: 1278774K->1287515K(1966080K)
[1365450.892s][info][gc,metaspace ] GC(252062) Metaspace: 95515K(98212K)->95515K(98212K) NonClass: 86277K(88004K)->86277K(88004K) Class: 9238K(10208K)->9238K(10208K)
[1365450.892s][info][gc           ] GC(252062) Pause Young (Allocation Failure) 1360M->1261M(2035M) 5.174ms
[1365450.892s][info][gc,cpu       ] GC(252062) User=0.00s Sys=0.00s Real=0.00s
[1365454.611s][info][gc,start     ] GC(252063) Pause Young (Allocation Failure)
[1365454.611s][info][gc,task      ] GC(252063) Using 9 workers of 9 for evacuation
[1365454.616s][info][gc,heap      ] GC(252063) ParNew: 109199K->9760K(118016K)
[1365454.616s][info][gc,heap      ] GC(252063) CMS: 1287515K->1287515K(1966080K)
[1365454.616s][info][gc,metaspace ] GC(252063) Metaspace: 95515K(98212K)->95515K(98212K) NonClass: 86277K(88004K)->86277K(88004K) Class: 9238K(10208K)->9238K(10208K)
[1365454.616s][info][gc           ] GC(252063) Pause Young (Allocation Failure) 1363M->1266M(2035M) 5.085ms
[1365454.616s][info][gc,cpu       ] GC(252063) User=0.14s Sys=0.00s Real=0.02s
[1365458.538s][info][gc,start     ] GC(252064) Pause Young (Allocation Failure)
[1365458.538s][info][gc,task      ] GC(252064) Using 9 workers of 9 for evacuation
[1365458.543s][info][gc,heap      ] GC(252064) ParNew: 114720K->2820K(118016K)
[1365458.543s][info][gc,heap      ] GC(252064) CMS: 1287515K->1296296K(1966080K)
[1365458.543s][info][gc,metaspace ] GC(252064) Metaspace: 95515K(98212K)->95515K(98212K) NonClass: 86277K(88004K)->86277K(88004K) Class: 9238K(10208K)->9238K(10208K)
[1365458.543s][info][gc           ] GC(252064) Pause Young (Allocation Failure) 1369M->1268M(2035M) 5.490ms
[1365458.543s][info][gc,cpu       ] GC(252064) User=0.00s Sys=0.00s Real=0.00s
[1365463.478s][info][gc,start     ] GC(252065) Pause Young (Allocation Failure)
[1365463.478s][info][gc,task      ] GC(252065) Using 9 workers of 9 for evacuation
[1365463.482s][info][gc,heap      ] GC(252065) ParNew: 107780K->950K(118016K)
[1365463.482s][info][gc,heap      ] GC(252065) CMS: 1296296K->1296296K(1966080K)
[1365463.482s][info][gc,metaspace ] GC(252065) Metaspace: 95515K(98212K)->95515K(98212K) NonClass: 86277K(88004K)->86277K(88004K) Class: 9238K(10208K)->9238K(10208K)
[1365463.482s][info][gc           ] GC(252065) Pause Young (Allocation Failure) 1371M->1266M(2035M) 4.416ms
[1365463.482s][info][gc,cpu       ] GC(252065) User=0.00s Sys=0.00s Real=0.00s
[1365468.252s][info][gc,start     ] GC(252066) Pause Young (Allocation Failure)
[1365468.252s][info][gc,task      ] GC(252066) Using 9 workers of 9 for evacuation
[1365468.256s][info][gc,heap      ] GC(252066) ParNew: 105910K->9379K(118016K)
[1365468.256s][info][gc,heap      ] GC(252066) CMS: 1296296K->1296296K(1966080K)
[1365468.256s][info][gc,metaspace ] GC(252066) Metaspace: 95515K(98212K)->95515K(98212K) NonClass: 86277K(88004K)->86277K(88004K) Class: 9238K(10208K)->9238K(10208K)
[1365468.256s][info][gc           ] GC(252066) Pause Young (Allocation Failure) 1369M->1275M(2035M) 4.479ms
[1365468.256s][info][gc,cpu       ] GC(252066) User=0.00s Sys=0.00s Real=0.02s
[1365472.809s][info][gc,start     ] GC(252067) Pause Young (Allocation Failure)
[1365472.809s][info][gc,task      ] GC(252067) Using 9 workers of 9 for evacuation
[1365472.812s][info][gc,heap      ] GC(252067) ParNew: 114339K->1542K(118016K)
[1365472.813s][info][gc,heap      ] GC(252067) CMS: 1296296K->1296543K(1966080K)
[1365472.813s][info][gc,metaspace ] GC(252067) Metaspace: 95515K(98212K)->95515K(98212K) NonClass: 86277K(88004K)->86277K(88004K) Class: 9238K(10208K)->9238K(10208K)
[1365472.813s][info][gc           ] GC(252067) Pause Young (Allocation Failure) 1377M->1267M(2035M) 4.110ms
[1365472.813s][info][gc,cpu       ] GC(252067) User=0.00s Sys=0.00s Real=0.00s
[1365476.567s][info][gc,start     ] GC(252068) Pause Young (Allocation Failure)
[1365476.567s][info][gc,task      ] GC(252068) Using 9 workers of 9 for evacuation
[1365476.572s][info][gc,heap      ] GC(252068) ParNew: 106502K->9321K(118016K)
[1365476.572s][info][gc,heap      ] GC(252068) CMS: 1296543K->1296543K(1966080K)
[1365476.572s][info][gc,metaspace ] GC(252068) Metaspace: 95515K(98212K)->95515K(98212K) NonClass: 86277K(88004K)->86277K(88004K) Class: 9238K(10208K)->9238K(10208K)
[1365476.572s][info][gc           ] GC(252068) Pause Young (Allocation Failure) 1370M->1275M(2035M) 5.057ms
[1365476.572s][info][gc,cpu       ] GC(252068) User=0.02s Sys=0.00s Real=0.02s
[1365479.893s][info][gc,start     ] GC(252069) Pause Young (Allocation Failure)
[1365479.893s][info][gc,task      ] GC(252069) Using 9 workers of 9 for evacuation
[1365479.898s][info][gc,heap      ] GC(252069) ParNew: 114281K->1484K(118016K)
[1365479.898s][info][gc,heap      ] GC(252069) CMS: 1296543K->1305311K(1966080K)
[1365479.898s][info][gc,metaspace ] GC(252069) Metaspace: 95515K(98212K)->95515K(98212K) NonClass: 86277K(88004K)->86277K(88004K) Class: 9238K(10208K)->9238K(10208K)
[1365479.898s][info][gc           ] GC(252069) Pause Young (Allocation Failure) 1377M->1276M(2035M) 5.108ms
[1365479.898s][info][gc,cpu       ] GC(252069) User=0.11s Sys=0.02s Real=0.01s
[1365483.646s][info][gc,start     ] GC(252070) Pause Young (Allocation Failure)
[1365483.647s][info][gc,task      ] GC(252070) Using 9 workers of 9 for evacuation
[1365483.650s][info][gc,heap      ] GC(252070) ParNew: 106444K->822K(118016K)
[1365483.651s][info][gc,heap      ] GC(252070) CMS: 1305311K->1305311K(1966080K)
[1365483.651s][info][gc,metaspace ] GC(252070) Metaspace: 95515K(98212K)->95515K(98212K) NonClass: 86277K(88004K)->86277K(88004K) Class: 9238K(10208K)->9238K(10208K)
[1365483.651s][info][gc           ] GC(252070) Pause Young (Allocation Failure) 1378M->1275M(2035M) 4.251ms
[1365483.651s][info][gc,cpu       ] GC(252070) User=0.00s Sys=0.02s Real=0.02s
[1365486.841s][info][gc,start     ] GC(252071) Pause Young (Allocation Failure)
[1365486.841s][info][gc,task      ] GC(252071) Using 9 workers of 9 for evacuation
[1365486.846s][info][gc,heap      ] GC(252071) ParNew: 105782K->9479K(118016K)
[1365486.847s][info][gc,heap      ] GC(252071) CMS: 1305311K->1305311K(1966080K)
[1365486.847s][info][gc,metaspace ] GC(252071) Metaspace: 95515K(98212K)->95515K(98212K) NonClass: 86277K(88004K)->86277K(88004K) Class: 9238K(10208K)->9238K(10208K)
[1365486.847s][info][gc           ] GC(252071) Pause Young (Allocation Failure) 1378M->1283M(2035M) 5.367ms
[1365486.847s][info][gc,cpu       ] GC(252071) User=0.00s Sys=0.00s Real=0.00s
[1365491.196s][info][gc,start     ] GC(252072) Pause Young (Allocation Failure)
[1365491.196s][info][gc,task      ] GC(252072) Using 9 workers of 9 for evacuation
[1365491.201s][info][gc,heap      ] GC(252072) ParNew: 114439K->1820K(118016K)
[1365491.201s][info][gc,heap      ] GC(252072) CMS: 1305311K->1314294K(1966080K)
[1365491.201s][info][gc,metaspace ] GC(252072) Metaspace: 95515K(98212K)->95515K(98212K) NonClass: 86277K(88004K)->86277K(88004K) Class: 9238K(10208K)->9238K(10208K)
[1365491.201s][info][gc           ] GC(252072) Pause Young (Allocation Failure) 1386M->1285M(2035M) 5.035ms
[1365491.201s][info][gc,cpu       ] GC(252072) User=0.02s Sys=0.02s Real=0.02s
[1365496.525s][info][gc,start     ] GC(252073) Pause Young (Allocation Failure)
[1365496.525s][info][gc,task      ] GC(252073) Using 9 workers of 9 for evacuation
[1365496.530s][info][gc,heap      ] GC(252073) ParNew: 106780K->9353K(118016K)
[1365496.530s][info][gc,heap      ] GC(252073) CMS: 1314294K->1314294K(1966080K)
[1365496.530s][info][gc,metaspace ] GC(252073) Metaspace: 95515K(98212K)->95515K(98212K) NonClass: 86277K(88004K)->86277K(88004K) Class: 9238K(10208K)->9238K(10208K)
[1365496.530s][info][gc           ] GC(252073) Pause Young (Allocation Failure) 1387M->1292M(2035M) 5.309ms
[1365496.531s][info][gc,cpu       ] GC(252073) User=0.03s Sys=0.00s Real=0.02s
[1365503.285s][info][gc,start     ] GC(252074) Pause Young (Allocation Failure)
[1365503.285s][info][gc,task      ] GC(252074) Using 9 workers of 9 for evacuation
[1365503.288s][info][gc,heap      ] GC(252074) ParNew: 114313K->1725K(118016K)
[1365503.289s][info][gc,heap      ] GC(252074) CMS: 1314294K->1314421K(1966080K)
[1365503.289s][info][gc,metaspace ] GC(252074) Metaspace: 95515K(98212K)->95515K(98212K) NonClass: 86277K(88004K)->86277K(88004K) Class: 9238K(10208K)->9238K(10208K)
[1365503.289s][info][gc           ] GC(252074) Pause Young (Allocation Failure) 1395M->1285M(2035M) 4.097ms
[1365503.289s][info][gc,cpu       ] GC(252074) User=0.00s Sys=0.00s Real=0.00s
[1365506.991s][info][gc,start     ] GC(252075) Pause Young (Allocation Failure)
[1365506.991s][info][gc,task      ] GC(252075) Using 9 workers of 9 for evacuation
[1365506.996s][info][gc,heap      ] GC(252075) ParNew: 106685K->9401K(118016K)
[1365506.996s][info][gc,heap      ] GC(252075) CMS: 1314421K->1314421K(1966080K)
[1365506.996s][info][gc,metaspace ] GC(252075) Metaspace: 95515K(98212K)->95515K(98212K) NonClass: 86277K(88004K)->86277K(88004K) Class: 9238K(10208K)->9238K(10208K)
[1365506.996s][info][gc           ] GC(252075) Pause Young (Allocation Failure) 1387M->1292M(2035M) 4.412ms
[1365506.996s][info][gc,cpu       ] GC(252075) User=0.00s Sys=0.02s Real=0.02s
[1365514.416s][info][gc,start     ] GC(252076) Pause Young (Allocation Failure)
[1365514.416s][info][gc,task      ] GC(252076) Using 9 workers of 9 for evacuation
[1365514.419s][info][gc,heap      ] GC(252076) ParNew: 114361K->1658K(118016K)
[1365514.419s][info][gc,heap      ] GC(252076) CMS: 1314421K->1314616K(1966080K)
[1365514.419s][info][gc,metaspace ] GC(252076) Metaspace: 95515K(98212K)->95515K(98212K) NonClass: 86277K(88004K)->86277K(88004K) Class: 9238K(10208K)->9238K(10208K)
[1365514.420s][info][gc           ] GC(252076) Pause Young (Allocation Failure) 1395M->1285M(2035M) 4.024ms
[1365514.420s][info][gc,cpu       ] GC(252076) User=0.14s Sys=0.00s Real=0.02s
[1365518.308s][info][gc,start     ] GC(252077) Pause Young (Allocation Failure)
[1365518.308s][info][gc,task      ] GC(252077) Using 9 workers of 9 for evacuation
[1365518.312s][info][gc,heap      ] GC(252077) ParNew: 106618K->9372K(118016K)
[1365518.312s][info][gc,heap      ] GC(252077) CMS: 1314616K->1314616K(1966080K)
[1365518.312s][info][gc,metaspace ] GC(252077) Metaspace: 95515K(98212K)->95515K(98212K) NonClass: 86277K(88004K)->86277K(88004K) Class: 9238K(10208K)->9238K(10208K)
[1365518.312s][info][gc           ] GC(252077) Pause Young (Allocation Failure) 1387M->1292M(2035M) 4.773ms
[1365518.312s][info][gc,cpu       ] GC(252077) User=0.00s Sys=0.00s Real=0.00s
[1365524.267s][info][gc,start     ] GC(252078) Pause Young (Allocation Failure)
[1365524.268s][info][gc,task      ] GC(252078) Using 9 workers of 9 for evacuation
[1365524.271s][info][gc,heap      ] GC(252078) ParNew: 114332K->1653K(118016K)
[1365524.271s][info][gc,heap      ] GC(252078) CMS: 1314616K->1314749K(1966080K)
[1365524.271s][info][gc,metaspace ] GC(252078) Metaspace: 95515K(98212K)->95515K(98212K) NonClass: 86277K(88004K)->86277K(88004K) Class: 9238K(10208K)->9238K(10208K)
[1365524.272s][info][gc           ] GC(252078) Pause Young (Allocation Failure) 1395M->1285M(2035M) 4.110ms
[1365524.272s][info][gc,cpu       ] GC(252078) User=0.00s Sys=0.00s Real=0.00s
[1365527.554s][info][gc,start     ] GC(252079) Pause Young (Allocation Failure)
[1365527.554s][info][gc,task      ] GC(252079) Using 9 workers of 9 for evacuation
[1365527.558s][info][gc,heap      ] GC(252079) ParNew: 106613K->9291K(118016K)
[1365527.558s][info][gc,heap      ] GC(252079) CMS: 1314749K->1314749K(1966080K)
[1365527.558s][info][gc,metaspace ] GC(252079) Metaspace: 95515K(98212K)->95515K(98212K) NonClass: 86277K(88004K)->86277K(88004K) Class: 9238K(10208K)->9238K(10208K)
[1365527.558s][info][gc           ] GC(252079) Pause Young (Allocation Failure) 1388M->1293M(2035M) 4.784ms
[1365527.558s][info][gc,cpu       ] GC(252079) User=0.00s Sys=0.00s Real=0.00s
[1365532.113s][info][gc,start     ] GC(252080) Pause Young (Allocation Failure)
[1365532.113s][info][gc,task      ] GC(252080) Using 9 workers of 9 for evacuation
[1365532.118s][info][gc,heap      ] GC(252080) ParNew: 114251K->1612K(118016K)
[1365532.118s][info][gc,heap      ] GC(252080) CMS: 1314749K->1323550K(1966080K)
[1365532.118s][info][gc,metaspace ] GC(252080) Metaspace: 95515K(98212K)->95515K(98212K) NonClass: 86277K(88004K)->86277K(88004K) Class: 9238K(10208K)->9238K(10208K)
[1365532.118s][info][gc           ] GC(252080) Pause Young (Allocation Failure) 1395M->1294M(2035M) 5.037ms
[1365532.118s][info][gc,cpu       ] GC(252080) User=0.00s Sys=0.00s Real=0.00s
[1365536.731s][info][gc,start     ] GC(252081) Pause Young (Allocation Failure)
[1365536.731s][info][gc,task      ] GC(252081) Using 9 workers of 9 for evacuation
[1365536.735s][info][gc,heap      ] GC(252081) ParNew: 106572K->9284K(118016K)
[1365536.735s][info][gc,heap      ] GC(252081) CMS: 1323550K->1323550K(1966080K)
[1365536.735s][info][gc,metaspace ] GC(252081) Metaspace: 95515K(98212K)->95515K(98212K) NonClass: 86277K(88004K)->86277K(88004K) Class: 9238K(10208K)->9238K(10208K)
[1365536.735s][info][gc           ] GC(252081) Pause Young (Allocation Failure) 1396M->1301M(2035M) 4.761ms
[1365536.736s][info][gc,cpu       ] GC(252081) User=0.00s Sys=0.00s Real=0.00s
[1365540.765s][info][gc,start     ] GC(252082) Pause Young (Allocation Failure)
[1365540.766s][info][gc,task      ] GC(252082) Using 9 workers of 9 for evacuation
[1365540.771s][info][gc,heap      ] GC(252082) ParNew: 114244K->1684K(118016K)
[1365540.771s][info][gc,heap      ] GC(252082) CMS: 1323550K->1332327K(1966080K)
[1365540.771s][info][gc,metaspace ] GC(252082) Metaspace: 95515K(98212K)->95515K(98212K) NonClass: 86277K(88004K)->86277K(88004K) Class: 9238K(10208K)->9238K(10208K)
[1365540.771s][info][gc           ] GC(252082) Pause Young (Allocation Failure) 1404M->1302M(2035M) 5.459ms
[1365540.771s][info][gc,cpu       ] GC(252082) User=0.00s Sys=0.00s Real=0.00s
[1365544.389s][info][gc,start     ] GC(252083) Pause Young (Allocation Failure)
[1365544.389s][info][gc,task      ] GC(252083) Using 9 workers of 9 for evacuation
[1365544.393s][info][gc,heap      ] GC(252083) ParNew: 106644K->692K(118016K)
[1365544.393s][info][gc,heap      ] GC(252083) CMS: 1332327K->1332327K(1966080K)
[1365544.393s][info][gc,metaspace ] GC(252083) Metaspace: 95515K(98212K)->95515K(98212K) NonClass: 86277K(88004K)->86277K(88004K) Class: 9238K(10208K)->9238K(10208K)
[1365544.393s][info][gc           ] GC(252083) Pause Young (Allocation Failure) 1405M->1301M(2035M) 4.098ms
[1365544.393s][info][gc,cpu       ] GC(252083) User=0.00s Sys=0.00s Real=0.00s
[1365548.341s][info][gc,start     ] GC(252084) Pause Young (Allocation Failure)
[1365548.341s][info][gc,task      ] GC(252084) Using 9 workers of 9 for evacuation
[1365548.346s][info][gc,heap      ] GC(252084) ParNew: 105652K->9489K(118016K)
[1365548.346s][info][gc,heap      ] GC(252084) CMS: 1332327K->1332327K(1966080K)
[1365548.346s][info][gc,metaspace ] GC(252084) Metaspace: 95515K(98212K)->95515K(98212K) NonClass: 86277K(88004K)->86277K(88004K) Class: 9238K(10208K)->9238K(10208K)
[1365548.346s][info][gc           ] GC(252084) Pause Young (Allocation Failure) 1404M->1310M(2035M) 5.278ms
[1365548.346s][info][gc,cpu       ] GC(252084) User=0.00s Sys=0.00s Real=0.00s
[1365554.698s][info][gc,start     ] GC(252085) Pause Young (Allocation Failure)
[1365554.698s][info][gc,task      ] GC(252085) Using 9 workers of 9 for evacuation
[1365554.702s][info][gc,heap      ] GC(252085) ParNew: 114449K->1701K(118016K)
[1365554.702s][info][gc,heap      ] GC(252085) CMS: 1332327K->1332592K(1966080K)
[1365554.702s][info][gc,metaspace ] GC(252085) Metaspace: 95515K(98212K)->95515K(98212K) NonClass: 86277K(88004K)->86277K(88004K) Class: 9238K(10208K)->9238K(10208K)
[1365554.702s][info][gc           ] GC(252085) Pause Young (Allocation Failure) 1412M->1303M(2035M) 4.406ms
[1365554.703s][info][gc,cpu       ] GC(252085) User=0.14s Sys=0.00s Real=0.02s
[1365561.870s][info][gc,start     ] GC(252086) Pause Young (Allocation Failure)
[1365561.870s][info][gc,task      ] GC(252086) Using 9 workers of 9 for evacuation
[1365561.874s][info][gc,heap      ] GC(252086) ParNew: 106661K->9477K(118016K)
[1365561.875s][info][gc,heap      ] GC(252086) CMS: 1332592K->1332592K(1966080K)
[1365561.875s][info][gc,metaspace ] GC(252086) Metaspace: 95515K(98212K)->95515K(98212K) NonClass: 86277K(88004K)->86277K(88004K) Class: 9238K(10208K)->9238K(10208K)
[1365561.875s][info][gc           ] GC(252086) Pause Young (Allocation Failure) 1405M->1310M(2035M) 4.885ms
[1365561.875s][info][gc,cpu       ] GC(252086) User=0.00s Sys=0.00s Real=0.01s
[1365568.272s][info][gc,start     ] GC(252087) Pause Young (Allocation Failure)
[1365568.272s][info][gc,task      ] GC(252087) Using 9 workers of 9 for evacuation
[1365568.277s][info][gc,heap      ] GC(252087) ParNew: 114437K->10083K(118016K)
[1365568.277s][info][gc,heap      ] GC(252087) CMS: 1332592K->1332760K(1966080K)
[1365568.277s][info][gc,metaspace ] GC(252087) Metaspace: 95515K(98212K)->95515K(98212K) NonClass: 86277K(88004K)->86277K(88004K) Class: 9238K(10208K)->9238K(10208K)
[1365568.277s][info][gc           ] GC(252087) Pause Young (Allocation Failure) 1413M->1311M(2035M) 5.378ms
[1365568.277s][info][gc,cpu       ] GC(252087) User=0.00s Sys=0.00s Real=0.00s
[1365574.029s][info][gc,start     ] GC(252088) Pause Young (Allocation Failure)
[1365574.029s][info][gc,task      ] GC(252088) Using 9 workers of 9 for evacuation
[1365574.033s][info][gc,heap      ] GC(252088) ParNew: 115043K->2883K(118016K)
[1365574.033s][info][gc,heap      ] GC(252088) CMS: 1332760K->1332808K(1966080K)
[1365574.033s][info][gc,metaspace ] GC(252088) Metaspace: 95515K(98212K)->95515K(98212K) NonClass: 86277K(88004K)->86277K(88004K) Class: 9238K(10208K)->9238K(10208K)
[1365574.033s][info][gc           ] GC(252088) Pause Young (Allocation Failure) 1413M->1304M(2035M) 4.074ms
[1365574.033s][info][gc,cpu       ] GC(252088) User=0.00s Sys=0.00s Real=0.00s
[1365578.638s][info][gc,start     ] GC(252089) Pause Young (Allocation Failure)
[1365578.638s][info][gc,task      ] GC(252089) Using 9 workers of 9 for evacuation
[1365578.642s][info][gc,heap      ] GC(252089) ParNew: 107843K->9495K(118016K)
[1365578.643s][info][gc,heap      ] GC(252089) CMS: 1332808K->1332808K(1966080K)
[1365578.643s][info][gc,metaspace ] GC(252089) Metaspace: 95515K(98212K)->95515K(98212K) NonClass: 86277K(88004K)->86277K(88004K) Class: 9238K(10208K)->9238K(10208K)
[1365578.643s][info][gc           ] GC(252089) Pause Young (Allocation Failure) 1406M->1310M(2035M) 4.591ms
[1365578.643s][info][gc,cpu       ] GC(252089) User=0.00s Sys=0.00s Real=0.00s
[1365584.177s][info][gc,start     ] GC(252090) Pause Young (Allocation Failure)
[1365584.178s][info][gc,task      ] GC(252090) Using 9 workers of 9 for evacuation
[1365584.181s][info][gc,heap      ] GC(252090) ParNew: 114455K->2185K(118016K)
[1365584.182s][info][gc,heap      ] GC(252090) CMS: 1332808K->1332961K(1966080K)
[1365584.182s][info][gc,metaspace ] GC(252090) Metaspace: 95515K(98212K)->95515K(98212K) NonClass: 86277K(88004K)->86277K(88004K) Class: 9238K(10208K)->9238K(10208K)
[1365584.182s][info][gc           ] GC(252090) Pause Young (Allocation Failure) 1413M->1303M(2035M) 4.259ms
[1365584.182s][info][gc,cpu       ] GC(252090) User=0.00s Sys=0.00s Real=0.00s
[1365588.516s][info][gc,start     ] GC(252091) Pause Young (Allocation Failure)
[1365588.517s][info][gc,task      ] GC(252091) Using 9 workers of 9 for evacuation
[1365588.521s][info][gc,heap      ] GC(252091) ParNew: 107142K->9357K(118016K)
[1365588.521s][info][gc,heap      ] GC(252091) CMS: 1332961K->1332961K(1966080K)
[1365588.521s][info][gc,metaspace ] GC(252091) Metaspace: 95515K(98212K)->95515K(98212K) NonClass: 86277K(88004K)->86277K(88004K) Class: 9238K(10208K)->9238K(10208K)
[1365588.521s][info][gc           ] GC(252091) Pause Young (Allocation Failure) 1406M->1310M(2035M) 4.752ms
[1365588.521s][info][gc,cpu       ] GC(252091) User=0.00s Sys=0.00s Real=0.00s
[1365591.069s][info][gc,start     ] GC(252092) Pause Young (Allocation Failure)
[1365591.069s][info][gc,task      ] GC(252092) Using 9 workers of 9 for evacuation
[1365591.074s][info][gc,heap      ] GC(252092) ParNew: 114317K->1947K(118016K)
[1365591.074s][info][gc,heap      ] GC(252092) CMS: 1332961K->1341734K(1966080K)
[1365591.074s][info][gc,metaspace ] GC(252092) Metaspace: 95515K(98212K)->95515K(98212K) NonClass: 86277K(88004K)->86277K(88004K) Class: 9238K(10208K)->9238K(10208K)
[1365591.074s][info][gc           ] GC(252092) Pause Young (Allocation Failure) 1413M->1312M(2035M) 5.056ms
[1365591.074s][info][gc,cpu       ] GC(252092) User=0.00s Sys=0.00s Real=0.02s
[1365595.628s][info][gc,start     ] GC(252093) Pause Young (Allocation Failure)
[1365595.628s][info][gc,task      ] GC(252093) Using 9 workers of 9 for evacuation
[1365595.632s][info][gc,heap      ] GC(252093) ParNew: 106907K->777K(118016K)
[1365595.632s][info][gc,heap      ] GC(252093) CMS: 1341734K->1341734K(1966080K)
[1365595.632s][info][gc,metaspace ] GC(252093) Metaspace: 95515K(98212K)->95515K(98212K) NonClass: 86277K(88004K)->86277K(88004K) Class: 9238K(10208K)->9238K(10208K)
[1365595.632s][info][gc           ] GC(252093) Pause Young (Allocation Failure) 1414M->1311M(2035M) 4.307ms
[1365595.632s][info][gc,cpu       ] GC(252093) User=0.00s Sys=0.00s Real=0.00s
[1365599.286s][info][gc,start     ] GC(252094) Pause Young (Allocation Failure)
[1365599.286s][info][gc,task      ] GC(252094) Using 9 workers of 9 for evacuation
[1365599.290s][info][gc,heap      ] GC(252094) ParNew: 105737K->9529K(118016K)
[1365599.290s][info][gc,heap      ] GC(252094) CMS: 1341734K->1341734K(1966080K)
[1365599.290s][info][gc,metaspace ] GC(252094) Metaspace: 95515K(98212K)->95515K(98212K) NonClass: 86277K(88004K)->86277K(88004K) Class: 9238K(10208K)->9238K(10208K)
[1365599.290s][info][gc           ] GC(252094) Pause Young (Allocation Failure) 1413M->1319M(2035M) 4.636ms
[1365599.290s][info][gc,cpu       ] GC(252094) User=0.00s Sys=0.00s Real=0.00s
[1365602.329s][info][gc,start     ] GC(252095) Pause Young (Allocation Failure)
[1365602.329s][info][gc,task      ] GC(252095) Using 9 workers of 9 for evacuation
[1365602.334s][info][gc,heap      ] GC(252095) ParNew: 114489K->1760K(118016K)
[1365602.334s][info][gc,heap      ] GC(252095) CMS: 1341734K->1350728K(1966080K)
[1365602.334s][info][gc,metaspace ] GC(252095) Metaspace: 95515K(98212K)->95515K(98212K) NonClass: 86277K(88004K)->86277K(88004K) Class: 9238K(10208K)->9238K(10208K)
[1365602.334s][info][gc           ] GC(252095) Pause Young (Allocation Failure) 1422M->1320M(2035M) 5.903ms
[1365602.335s][info][gc,cpu       ] GC(252095) User=0.00s Sys=0.00s Real=0.00s
[1365606.259s][info][gc,start     ] GC(252096) Pause Young (Allocation Failure)
[1365606.259s][info][gc,task      ] GC(252096) Using 9 workers of 9 for evacuation
[1365606.264s][info][gc,heap      ] GC(252096) ParNew: 106720K->820K(118016K)
[1365606.264s][info][gc,heap      ] GC(252096) CMS: 1350728K->1350728K(1966080K)
[1365606.264s][info][gc,metaspace ] GC(252096) Metaspace: 95515K(98212K)->95515K(98212K) NonClass: 86277K(88004K)->86277K(88004K) Class: 9238K(10208K)->9238K(10208K)
[1365606.264s][info][gc           ] GC(252096) Pause Young (Allocation Failure) 1423M->1319M(2035M) 4.516ms
[1365606.264s][info][gc,cpu       ] GC(252096) User=0.14s Sys=0.00s Real=0.02s
[1365609.766s][info][gc,start     ] GC(252097) Pause Young (Allocation Failure)
[1365609.766s][info][gc,task      ] GC(252097) Using 9 workers of 9 for evacuation
[1365609.770s][info][gc,heap      ] GC(252097) ParNew: 105780K->9532K(118016K)
[1365609.770s][info][gc,heap      ] GC(252097) CMS: 1350728K->1350728K(1966080K)
[1365609.770s][info][gc,metaspace ] GC(252097) Metaspace: 95515K(98212K)->95515K(98212K) NonClass: 86277K(88004K)->86277K(88004K) Class: 9238K(10208K)->9238K(10208K)
[1365609.770s][info][gc           ] GC(252097) Pause Young (Allocation Failure) 1422M->1328M(2035M) 4.570ms
[1365609.771s][info][gc,cpu       ] GC(252097) User=0.00s Sys=0.00s Real=0.00s
[1365613.169s][info][gc,start     ] GC(252098) Pause Young (Allocation Failure)
[1365613.169s][info][gc,task      ] GC(252098) Using 9 workers of 9 for evacuation
[1365613.173s][info][gc,heap      ] GC(252098) ParNew: 114492K->10073K(118016K)
[1365613.173s][info][gc,heap      ] GC(252098) CMS: 1350728K->1351052K(1966080K)
[1365613.173s][info][gc,metaspace ] GC(252098) Metaspace: 95515K(98212K)->95515K(98212K) NonClass: 86277K(88004K)->86277K(88004K) Class: 9238K(10208K)->9238K(10208K)
[1365613.173s][info][gc           ] GC(252098) Pause Young (Allocation Failure) 1430M->1329M(2035M) 4.469ms
[1365613.173s][info][gc,cpu       ] GC(252098) User=0.06s Sys=0.00s Real=0.02s
[1365618.290s][info][gc,start     ] GC(252099) Pause Young (Allocation Failure)
[1365618.290s][info][gc,task      ] GC(252099) Using 9 workers of 9 for evacuation
[1365618.296s][info][gc,heap      ] GC(252099) ParNew: 115031K->3141K(118016K)
[1365618.296s][info][gc,heap      ] GC(252099) CMS: 1351052K->1359774K(1966080K)
[1365618.296s][info][gc,metaspace ] GC(252099) Metaspace: 95515K(98212K)->95515K(98212K) NonClass: 86277K(88004K)->86277K(88004K) Class: 9238K(10208K)->9238K(10208K)
[1365618.296s][info][gc           ] GC(252099) Pause Young (Allocation Failure) 1431M->1330M(2035M) 5.969ms
[1365618.296s][info][gc,cpu       ] GC(252099) User=0.00s Sys=0.00s Real=0.00s
[1365622.124s][info][gc,start     ] GC(252100) Pause Young (Allocation Failure)
[1365622.124s][info][gc,task      ] GC(252100) Using 9 workers of 9 for evacuation
[1365622.128s][info][gc,heap      ] GC(252100) ParNew: 108101K->966K(118016K)
[1365622.128s][info][gc,heap      ] GC(252100) CMS: 1359774K->1359774K(1966080K)
[1365622.128s][info][gc,metaspace ] GC(252100) Metaspace: 95515K(98212K)->95515K(98212K) NonClass: 86277K(88004K)->86277K(88004K) Class: 9238K(10208K)->9238K(10208K)
[1365622.128s][info][gc           ] GC(252100) Pause Young (Allocation Failure) 1433M->1328M(2035M) 4.083ms
[1365622.128s][info][gc,cpu       ] GC(252100) User=0.14s Sys=0.00s Real=0.02s
[1365627.022s][info][gc,start     ] GC(252101) Pause Young (Allocation Failure)
[1365627.022s][info][gc,task      ] GC(252101) Using 9 workers of 9 for evacuation
[1365627.027s][info][gc,heap      ] GC(252101) ParNew: 105926K->9347K(118016K)
[1365627.027s][info][gc,heap      ] GC(252101) CMS: 1359774K->1359774K(1966080K)
[1365627.027s][info][gc,metaspace ] GC(252101) Metaspace: 95515K(98212K)->95515K(98212K) NonClass: 86277K(88004K)->86277K(88004K) Class: 9238K(10208K)->9238K(10208K)
[1365627.027s][info][gc           ] GC(252101) Pause Young (Allocation Failure) 1431M->1337M(2035M) 5.135ms
[1365627.027s][info][gc,cpu       ] GC(252101) User=0.00s Sys=0.00s Real=0.00s
[1365631.351s][info][gc,start     ] GC(252102) Pause Young (Allocation Failure)
[1365631.351s][info][gc,task      ] GC(252102) Using 9 workers of 9 for evacuation
[1365631.356s][info][gc,heap      ] GC(252102) ParNew: 114307K->1460K(118016K)
[1365631.356s][info][gc,heap      ] GC(252102) CMS: 1359774K->1368678K(1966080K)
[1365631.356s][info][gc,metaspace ] GC(252102) Metaspace: 95515K(98212K)->95515K(98212K) NonClass: 86277K(88004K)->86277K(88004K) Class: 9238K(10208K)->9238K(10208K)
[1365631.356s][info][gc           ] GC(252102) Pause Young (Allocation Failure) 1439M->1338M(2035M) 5.152ms
[1365631.356s][info][gc,cpu       ] GC(252102) User=0.00s Sys=0.00s Real=0.00s
[1365635.237s][info][gc,start     ] GC(252103) Pause Young (Allocation Failure)
[1365635.237s][info][gc,task      ] GC(252103) Using 9 workers of 9 for evacuation
[1365635.241s][info][gc,heap      ] GC(252103) ParNew: 106420K->9303K(118016K)
[1365635.241s][info][gc,heap      ] GC(252103) CMS: 1368678K->1368678K(1966080K)
[1365635.241s][info][gc,metaspace ] GC(252103) Metaspace: 95515K(98212K)->95515K(98212K) NonClass: 86277K(88004K)->86277K(88004K) Class: 9238K(10208K)->9238K(10208K)
[1365635.241s][info][gc           ] GC(252103) Pause Young (Allocation Failure) 1440M->1345M(2035M) 4.633ms
[1365635.241s][info][gc,cpu       ] GC(252103) User=0.00s Sys=0.00s Real=0.00s
[1365641.474s][info][gc,start     ] GC(252104) Pause Young (Allocation Failure)
[1365641.474s][info][gc,task      ] GC(252104) Using 9 workers of 9 for evacuation
[1365641.479s][info][gc,heap      ] GC(252104) ParNew: 114263K->1614K(118016K)
[1365641.479s][info][gc,heap      ] GC(252104) CMS: 1368678K->1377530K(1966080K)
[1365641.479s][info][gc,metaspace ] GC(252104) Metaspace: 95515K(98212K)->95515K(98212K) NonClass: 86277K(88004K)->86277K(88004K) Class: 9238K(10208K)->9238K(10208K)
[1365641.479s][info][gc           ] GC(252104) Pause Young (Allocation Failure) 1448M->1346M(2035M) 5.376ms
[1365641.479s][info][gc,cpu       ] GC(252104) User=0.05s Sys=0.00s Real=0.02s
[1365645.083s][info][gc,start     ] GC(252105) Pause Young (Allocation Failure)
[1365645.083s][info][gc,task      ] GC(252105) Using 9 workers of 9 for evacuation
[1365645.088s][info][gc,heap      ] GC(252105) ParNew: 106574K->9322K(118016K)
[1365645.088s][info][gc,heap      ] GC(252105) CMS: 1377530K->1377530K(1966080K)
[1365645.088s][info][gc,metaspace ] GC(252105) Metaspace: 95515K(98212K)->95515K(98212K) NonClass: 86277K(88004K)->86277K(88004K) Class: 9238K(10208K)->9238K(10208K)
[1365645.088s][info][gc           ] GC(252105) Pause Young (Allocation Failure) 1449M->1354M(2035M) 5.014ms
[1365645.088s][info][gc,cpu       ] GC(252105) User=0.08s Sys=0.02s Real=0.02s
[1365648.585s][info][gc,start     ] GC(252106) Pause Young (Allocation Failure)
[1365648.585s][info][gc,task      ] GC(252106) Using 9 workers of 9 for evacuation
[1365648.590s][info][gc,heap      ] GC(252106) ParNew: 114282K->1707K(118016K)
[1365648.590s][info][gc,heap      ] GC(252106) CMS: 1377530K->1386332K(1966080K)
[1365648.590s][info][gc,metaspace ] GC(252106) Metaspace: 95515K(98212K)->95515K(98212K) NonClass: 86277K(88004K)->86277K(88004K) Class: 9238K(10208K)->9238K(10208K)
[1365648.590s][info][gc           ] GC(252106) Pause Young (Allocation Failure) 1456M->1355M(2035M) 5.087ms
[1365648.590s][info][gc,cpu       ] GC(252106) User=0.00s Sys=0.00s Real=0.00s
[1365651.865s][info][gc,start     ] GC(252107) Pause Young (Allocation Failure)
[1365651.865s][info][gc,task      ] GC(252107) Using 9 workers of 9 for evacuation
[1365651.869s][info][gc,heap      ] GC(252107) ParNew: 106667K->792K(118016K)
[1365651.869s][info][gc,heap      ] GC(252107) CMS: 1386332K->1386332K(1966080K)
[1365651.869s][info][gc,metaspace ] GC(252107) Metaspace: 95515K(98212K)->95515K(98212K) NonClass: 86277K(88004K)->86277K(88004K) Class: 9238K(10208K)->9238K(10208K)
[1365651.869s][info][gc           ] GC(252107) Pause Young (Allocation Failure) 1458M->1354M(2035M) 4.163ms
[1365651.869s][info][gc,cpu       ] GC(252107) User=0.03s Sys=0.00s Real=0.02s
[1365654.922s][info][gc,start     ] GC(252108) Pause Young (Allocation Failure)
[1365654.922s][info][gc,task      ] GC(252108) Using 9 workers of 9 for evacuation
[1365654.926s][info][gc,heap      ] GC(252108) ParNew: 105752K->9484K(118016K)
[1365654.926s][info][gc,heap      ] GC(252108) CMS: 1386332K->1386332K(1966080K)
[1365654.926s][info][gc,metaspace ] GC(252108) Metaspace: 95515K(98212K)->95515K(98212K) NonClass: 86277K(88004K)->86277K(88004K) Class: 9238K(10208K)->9238K(10208K)
[1365654.926s][info][gc           ] GC(252108) Pause Young (Allocation Failure) 1457M->1363M(2035M) 4.842ms
[1365654.927s][info][gc,cpu       ] GC(252108) User=0.00s Sys=0.00s Real=0.00s
[1365659.259s][info][gc,start     ] GC(252109) Pause Young (Allocation Failure)
[1365659.259s][info][gc,task      ] GC(252109) Using 9 workers of 9 for evacuation
[1365659.264s][info][gc,heap      ] GC(252109) ParNew: 114444K->1849K(118016K)
[1365659.264s][info][gc,heap      ] GC(252109) CMS: 1386332K->1395315K(1966080K)
[1365659.264s][info][gc,metaspace ] GC(252109) Metaspace: 95515K(98212K)->95515K(98212K) NonClass: 86277K(88004K)->86277K(88004K) Class: 9238K(10208K)->9238K(10208K)
[1365659.264s][info][gc           ] GC(252109) Pause Young (Allocation Failure) 1465M->1364M(2035M) 4.922ms
[1365659.264s][info][gc,cpu       ] GC(252109) User=0.00s Sys=0.00s Real=0.00s
[1365664.224s][info][gc,start     ] GC(252110) Pause Young (Allocation Failure)
[1365664.224s][info][gc,task      ] GC(252110) Using 9 workers of 9 for evacuation
[1365664.229s][info][gc,heap      ] GC(252110) ParNew: 106493K->2323K(118016K)
[1365664.229s][info][gc,heap      ] GC(252110) CMS: 1395315K->1395315K(1966080K)
[1365664.229s][info][gc,metaspace ] GC(252110) Metaspace: 95515K(98212K)->95515K(98212K) NonClass: 86277K(88004K)->86277K(88004K) Class: 9238K(10208K)->9238K(10208K)
[1365664.229s][info][gc           ] GC(252110) Pause Young (Allocation Failure) 1466M->1364M(2035M) 4.852ms
[1365664.229s][info][gc,cpu       ] GC(252110) User=0.08s Sys=0.02s Real=0.02s
[1365668.468s][info][gc,start     ] GC(252111) Pause Young (Allocation Failure)
[1365668.468s][info][gc,task      ] GC(252111) Using 9 workers of 9 for evacuation
[1365668.472s][info][gc,heap      ] GC(252111) ParNew: 107283K->9451K(118016K)
[1365668.473s][info][gc,heap      ] GC(252111) CMS: 1395315K->1395315K(1966080K)
[1365668.473s][info][gc,metaspace ] GC(252111) Metaspace: 95515K(98212K)->95515K(98212K) NonClass: 86277K(88004K)->86277K(88004K) Class: 9238K(10208K)->9238K(10208K)
[1365668.473s][info][gc           ] GC(252111) Pause Young (Allocation Failure) 1467M->1371M(2035M) 5.098ms
[1365668.473s][info][gc,cpu       ] GC(252111) User=0.00s Sys=0.00s Real=0.00s
[1365670.904s][info][gc,start     ] GC(252112) Pause Young (Allocation Failure)
[1365670.904s][info][gc,task      ] GC(252112) Using 9 workers of 9 for evacuation
[1365670.909s][info][gc,heap      ] GC(252112) ParNew: 114411K->1820K(118016K)
[1365670.909s][info][gc,heap      ] GC(252112) CMS: 1395315K->1404248K(1966080K)
[1365670.909s][info][gc,metaspace ] GC(252112) Metaspace: 95515K(98212K)->95515K(98212K) NonClass: 86277K(88004K)->86277K(88004K) Class: 9238K(10208K)->9238K(10208K)
[1365670.909s][info][gc           ] GC(252112) Pause Young (Allocation Failure) 1474M->1373M(2035M) 5.040ms
[1365670.909s][info][gc,cpu       ] GC(252112) User=0.00s Sys=0.00s Real=0.00s
[1365674.060s][info][gc,start     ] GC(252113) Pause Young (Allocation Failure)
[1365674.060s][info][gc,task      ] GC(252113) Using 9 workers of 9 for evacuation
[1365674.065s][info][gc,heap      ] GC(252113) ParNew: 106780K->1014K(118016K)
[1365674.065s][info][gc,heap      ] GC(252113) CMS: 1404248K->1404248K(1966080K)
[1365674.065s][info][gc,metaspace ] GC(252113) Metaspace: 95515K(98212K)->95515K(98212K) NonClass: 86277K(88004K)->86277K(88004K) Class: 9238K(10208K)->9238K(10208K)
[1365674.065s][info][gc           ] GC(252113) Pause Young (Allocation Failure) 1475M->1372M(2035M) 4.486ms
[1365674.065s][info][gc,cpu       ] GC(252113) User=0.00s Sys=0.00s Real=0.00s
[1365677.875s][info][gc,start     ] GC(252114) Pause Young (Allocation Failure)
[1365677.876s][info][gc,task      ] GC(252114) Using 9 workers of 9 for evacuation
[1365677.880s][info][gc,heap      ] GC(252114) ParNew: 105974K->9433K(118016K)
[1365677.880s][info][gc,heap      ] GC(252114) CMS: 1404248K->1404248K(1966080K)
[1365677.880s][info][gc,metaspace ] GC(252114) Metaspace: 95515K(98212K)->95515K(98212K) NonClass: 86277K(88004K)->86277K(88004K) Class: 9238K(10208K)->9238K(10208K)
[1365677.880s][info][gc           ] GC(252114) Pause Young (Allocation Failure) 1474M->1380M(2035M) 4.746ms
[1365677.880s][info][gc,cpu       ] GC(252114) User=0.00s Sys=0.00s Real=0.00s
[1365682.023s][info][gc,start     ] GC(252115) Pause Young (Allocation Failure)
[1365682.024s][info][gc,task      ] GC(252115) Using 9 workers of 9 for evacuation
[1365682.029s][info][gc,heap      ] GC(252115) ParNew: 114393K->1612K(118016K)
[1365682.029s][info][gc,heap      ] GC(252115) CMS: 1404248K->1413239K(1966080K)
[1365682.029s][info][gc,metaspace ] GC(252115) Metaspace: 95515K(98212K)->95515K(98212K) NonClass: 86277K(88004K)->86277K(88004K) Class: 9238K(10208K)->9238K(10208K)
[1365682.029s][info][gc           ] GC(252115) Pause Young (Allocation Failure) 1483M->1381M(2035M) 5.504ms
[1365682.029s][info][gc,cpu       ] GC(252115) User=0.03s Sys=0.00s Real=0.02s
[1365684.903s][info][gc,start     ] GC(252116) Pause Young (Allocation Failure)
[1365684.903s][info][gc,task      ] GC(252116) Using 9 workers of 9 for evacuation
[1365684.907s][info][gc,heap      ] GC(252116) ParNew: 106572K->9332K(118016K)
[1365684.908s][info][gc,heap      ] GC(252116) CMS: 1413239K->1413239K(1966080K)
[1365684.908s][info][gc,metaspace ] GC(252116) Metaspace: 95515K(98212K)->95515K(98212K) NonClass: 86277K(88004K)->86277K(88004K) Class: 9238K(10208K)->9238K(10208K)
[1365684.908s][info][gc           ] GC(252116) Pause Young (Allocation Failure) 1484M->1389M(2035M) 4.655ms
[1365684.908s][info][gc,cpu       ] GC(252116) User=0.00s Sys=0.00s Real=0.00s
[1365688.844s][info][gc,start     ] GC(252117) Pause Young (Allocation Failure)
[1365688.844s][info][gc,task      ] GC(252117) Using 9 workers of 9 for evacuation
[1365688.849s][info][gc,heap      ] GC(252117) ParNew: 114292K->1645K(118016K)
[1365688.849s][info][gc,heap      ] GC(252117) CMS: 1413239K->1422022K(1966080K)
[1365688.849s][info][gc,metaspace ] GC(252117) Metaspace: 95515K(98212K)->95515K(98212K) NonClass: 86277K(88004K)->86277K(88004K) Class: 9238K(10208K)->9238K(10208K)
[1365688.849s][info][gc           ] GC(252117) Pause Young (Allocation Failure) 1491M->1390M(2035M) 5.309ms
[1365688.849s][info][gc,cpu       ] GC(252117) User=0.00s Sys=0.00s Real=0.00s
[1365691.559s][info][gc,start     ] GC(252118) Pause Young (Allocation Failure)
[1365691.559s][info][gc,task      ] GC(252118) Using 9 workers of 9 for evacuation
[1365691.563s][info][gc,heap      ] GC(252118) ParNew: 106605K->637K(118016K)
[1365691.563s][info][gc,heap      ] GC(252118) CMS: 1422022K->1422022K(1966080K)
[1365691.563s][info][gc,metaspace ] GC(252118) Metaspace: 95515K(98212K)->95515K(98212K) NonClass: 86277K(88004K)->86277K(88004K) Class: 9238K(10208K)->9238K(10208K)
[1365691.563s][info][gc           ] GC(252118) Pause Young (Allocation Failure) 1492M->1389M(2035M) 4.280ms
[1365691.563s][info][gc,cpu       ] GC(252118) User=0.00s Sys=0.00s Real=0.00s
[1365695.254s][info][gc,start     ] GC(252119) Pause Young (Allocation Failure)
[1365695.254s][info][gc,task      ] GC(252119) Using 9 workers of 9 for evacuation
[1365695.259s][info][gc,heap      ] GC(252119) ParNew: 105597K->9306K(118016K)
[1365695.259s][info][gc,heap      ] GC(252119) CMS: 1422022K->1422022K(1966080K)
[1365695.259s][info][gc,metaspace ] GC(252119) Metaspace: 95515K(98212K)->95515K(98212K) NonClass: 86277K(88004K)->86277K(88004K) Class: 9238K(10208K)->9238K(10208K)
[1365695.259s][info][gc           ] GC(252119) Pause Young (Allocation Failure) 1491M->1397M(2035M) 5.323ms
[1365695.259s][info][gc,cpu       ] GC(252119) User=0.00s Sys=0.00s Real=0.00s
[1365699.545s][info][gc,start     ] GC(252120) Pause Young (Allocation Failure)
[1365699.545s][info][gc,task      ] GC(252120) Using 9 workers of 9 for evacuation
[1365699.550s][info][gc,heap      ] GC(252120) ParNew: 114266K->1612K(118016K)
[1365699.550s][info][gc,heap      ] GC(252120) CMS: 1422022K->1430867K(1966080K)
[1365699.550s][info][gc,metaspace ] GC(252120) Metaspace: 95515K(98212K)->95515K(98212K) NonClass: 86277K(88004K)->86277K(88004K) Class: 9238K(10208K)->9238K(10208K)
[1365699.550s][info][gc           ] GC(252120) Pause Young (Allocation Failure) 1500M->1398M(2035M) 5.347ms
[1365699.550s][info][gc,cpu       ] GC(252120) User=0.00s Sys=0.02s Real=0.02s
[1365703.708s][info][gc,start     ] GC(252121) Pause Young (Allocation Failure)
[1365703.708s][info][gc,task      ] GC(252121) Using 9 workers of 9 for evacuation
[1365703.712s][info][gc,heap      ] GC(252121) ParNew: 106572K->639K(118016K)
[1365703.712s][info][gc,heap      ] GC(252121) CMS: 1430867K->1430867K(1966080K)
[1365703.712s][info][gc,metaspace ] GC(252121) Metaspace: 95515K(98212K)->95515K(98212K) NonClass: 86277K(88004K)->86277K(88004K) Class: 9238K(10208K)->9238K(10208K)
[1365703.712s][info][gc           ] GC(252121) Pause Young (Allocation Failure) 1501M->1397M(2035M) 4.129ms
[1365703.712s][info][gc,cpu       ] GC(252121) User=0.00s Sys=0.00s Real=0.00s
[1365706.912s][info][gc,start     ] GC(252122) Pause Young (Allocation Failure)
[1365706.912s][info][gc,task      ] GC(252122) Using 9 workers of 9 for evacuation
[1365706.916s][info][gc,heap      ] GC(252122) ParNew: 105599K->9315K(118016K)
[1365706.916s][info][gc,heap      ] GC(252122) CMS: 1430867K->1430867K(1966080K)
[1365706.916s][info][gc,metaspace ] GC(252122) Metaspace: 95515K(98212K)->95515K(98212K) NonClass: 86277K(88004K)->86277K(88004K) Class: 9238K(10208K)->9238K(10208K)
[1365706.916s][info][gc           ] GC(252122) Pause Young (Allocation Failure) 1500M->1406M(2035M) 4.554ms
[1365706.916s][info][gc,cpu       ] GC(252122) User=0.00s Sys=0.00s Real=0.00s
[1365710.028s][info][gc,start     ] GC(252123) Pause Young (Allocation Failure)
[1365710.028s][info][gc,task      ] GC(252123) Using 9 workers of 9 for evacuation
[1365710.034s][info][gc,heap      ] GC(252123) ParNew: 114275K->1273K(118016K)
[1365710.034s][info][gc,heap      ] GC(252123) CMS: 1430867K->1439739K(1966080K)
[1365710.034s][info][gc,metaspace ] GC(252123) Metaspace: 95515K(98212K)->95515K(98212K) NonClass: 86277K(88004K)->86277K(88004K) Class: 9238K(10208K)->9238K(10208K)
[1365710.034s][info][gc           ] GC(252123) Pause Young (Allocation Failure) 1508M->1407M(2035M) 5.710ms
[1365710.034s][info][gc,cpu       ] GC(252123) User=0.00s Sys=0.05s Real=0.02s
[1365713.611s][info][gc,start     ] GC(252124) Pause Young (Allocation Failure)
[1365713.611s][info][gc,task      ] GC(252124) Using 9 workers of 9 for evacuation
[1365713.615s][info][gc,heap      ] GC(252124) ParNew: 106233K->711K(118016K)
[1365713.615s][info][gc,heap      ] GC(252124) CMS: 1439739K->1439739K(1966080K)
[1365713.616s][info][gc,metaspace ] GC(252124) Metaspace: 95515K(98212K)->95515K(98212K) NonClass: 86277K(88004K)->86277K(88004K) Class: 9238K(10208K)->9238K(10208K)
[1365713.616s][info][gc           ] GC(252124) Pause Young (Allocation Failure) 1509M->1406M(2035M) 4.453ms
[1365713.616s][info][gc,cpu       ] GC(252124) User=0.00s Sys=0.00s Real=0.00s
[1365717.512s][info][gc,start     ] GC(252125) Pause Young (Allocation Failure)
[1365717.512s][info][gc,task      ] GC(252125) Using 9 workers of 9 for evacuation
[1365717.517s][info][gc,heap      ] GC(252125) ParNew: 105671K->9502K(118016K)
[1365717.517s][info][gc,heap      ] GC(252125) CMS: 1439739K->1439739K(1966080K)
[1365717.517s][info][gc,metaspace ] GC(252125) Metaspace: 95515K(98212K)->95515K(98212K) NonClass: 86277K(88004K)->86277K(88004K) Class: 9238K(10208K)->9238K(10208K)
[1365717.517s][info][gc           ] GC(252125) Pause Young (Allocation Failure) 1509M->1415M(2035M) 4.604ms
[1365717.517s][info][gc,cpu       ] GC(252125) User=0.05s Sys=0.02s Real=0.02s
[1365722.046s][info][gc,start     ] GC(252126) Pause Young (Allocation Failure)
[1365722.046s][info][gc,task      ] GC(252126) Using 9 workers of 9 for evacuation
[1365722.051s][info][gc,heap      ] GC(252126) ParNew: 114462K->1755K(118016K)
[1365722.051s][info][gc,heap      ] GC(252126) CMS: 1439739K->1448708K(1966080K)
[1365722.051s][info][gc,metaspace ] GC(252126) Metaspace: 95515K(98212K)->95515K(98212K) NonClass: 86277K(88004K)->86277K(88004K) Class: 9238K(10208K)->9238K(10208K)
[1365722.051s][info][gc           ] GC(252126) Pause Young (Allocation Failure) 1517M->1416M(2035M) 5.399ms
[1365722.051s][info][gc,cpu       ] GC(252126) User=0.00s Sys=0.00s Real=0.00s
[1365726.575s][info][gc,start     ] GC(252127) Pause Young (Allocation Failure)
[1365726.576s][info][gc,task      ] GC(252127) Using 9 workers of 9 for evacuation
[1365726.581s][info][gc,heap      ] GC(252127) ParNew: 106715K->9354K(118016K)
[1365726.581s][info][gc,heap      ] GC(252127) CMS: 1448708K->1448708K(1966080K)
[1365726.581s][info][gc,metaspace ] GC(252127) Metaspace: 95515K(98212K)->95515K(98212K) NonClass: 86277K(88004K)->86277K(88004K) Class: 9238K(10208K)->9238K(10208K)
[1365726.581s][info][gc           ] GC(252127) Pause Young (Allocation Failure) 1518M->1423M(2035M) 5.484ms
[1365726.581s][info][gc,cpu       ] GC(252127) User=0.02s Sys=0.00s Real=0.02s
[1365732.168s][info][gc,start     ] GC(252128) Pause Young (Allocation Failure)
[1365732.168s][info][gc,task      ] GC(252128) Using 9 workers of 9 for evacuation
[1365732.174s][info][gc,heap      ] GC(252128) ParNew: 114314K->1845K(118016K)
[1365732.174s][info][gc,heap      ] GC(252128) CMS: 1448708K->1457560K(1966080K)
[1365732.174s][info][gc,metaspace ] GC(252128) Metaspace: 95515K(98212K)->95515K(98212K) NonClass: 86277K(88004K)->86277K(88004K) Class: 9238K(10208K)->9238K(10208K)
[1365732.174s][info][gc           ] GC(252128) Pause Young (Allocation Failure) 1526M->1425M(2035M) 5.661ms
[1365732.174s][info][gc,cpu       ] GC(252128) User=0.13s Sys=0.00s Real=0.02s
[1365736.569s][info][gc,start     ] GC(252129) Pause Young (Allocation Failure)
[1365736.569s][info][gc,task      ] GC(252129) Using 9 workers of 9 for evacuation
[1365736.573s][info][gc,heap      ] GC(252129) ParNew: 106805K->9401K(118016K)
[1365736.573s][info][gc,heap      ] GC(252129) CMS: 1457560K->1457560K(1966080K)
[1365736.573s][info][gc,metaspace ] GC(252129) Metaspace: 95515K(98212K)->95515K(98212K) NonClass: 86277K(88004K)->86277K(88004K) Class: 9238K(10208K)->9238K(10208K)
[1365736.573s][info][gc           ] GC(252129) Pause Young (Allocation Failure) 1527M->1432M(2035M) 4.767ms
[1365736.574s][info][gc,cpu       ] GC(252129) User=0.00s Sys=0.00s Real=0.00s
[1365741.164s][info][gc,start     ] GC(252130) Pause Young (Allocation Failure)
[1365741.164s][info][gc,task      ] GC(252130) Using 9 workers of 9 for evacuation
[1365741.169s][info][gc,heap      ] GC(252130) ParNew: 114361K->1834K(118016K)
[1365741.169s][info][gc,heap      ] GC(252130) CMS: 1457560K->1466372K(1966080K)
[1365741.169s][info][gc,metaspace ] GC(252130) Metaspace: 95515K(98212K)->95515K(98212K) NonClass: 86277K(88004K)->86277K(88004K) Class: 9238K(10208K)->9238K(10208K)
[1365741.169s][info][gc           ] GC(252130) Pause Young (Allocation Failure) 1535M->1433M(2035M) 5.183ms
[1365741.169s][info][gc,cpu       ] GC(252130) User=0.00s Sys=0.00s Real=0.00s
[1365744.790s][info][gc,start     ] GC(252131) Pause Young (Allocation Failure)
[1365744.790s][info][gc,task      ] GC(252131) Using 9 workers of 9 for evacuation
[1365744.794s][info][gc,heap      ] GC(252131) ParNew: 106794K->916K(118016K)
[1365744.794s][info][gc,heap      ] GC(252131) CMS: 1466372K->1466372K(1966080K)
[1365744.794s][info][gc,metaspace ] GC(252131) Metaspace: 95515K(98212K)->95515K(98212K) NonClass: 86277K(88004K)->86277K(88004K) Class: 9238K(10208K)->9238K(10208K)
[1365744.794s][info][gc           ] GC(252131) Pause Young (Allocation Failure) 1536M->1432M(2035M) 4.711ms
[1365744.794s][info][gc,cpu       ] GC(252131) User=0.00s Sys=0.00s Real=0.00s
[1365749.603s][info][gc,start     ] GC(252132) Pause Young (Allocation Failure)
[1365749.603s][info][gc,task      ] GC(252132) Using 9 workers of 9 for evacuation
[1365749.607s][info][gc,heap      ] GC(252132) ParNew: 105876K->9479K(118016K)
[1365749.607s][info][gc,heap      ] GC(252132) CMS: 1466372K->1466372K(1966080K)
[1365749.607s][info][gc,metaspace ] GC(252132) Metaspace: 95515K(98212K)->95515K(98212K) NonClass: 86277K(88004K)->86277K(88004K) Class: 9238K(10208K)->9238K(10208K)
[1365749.607s][info][gc           ] GC(252132) Pause Young (Allocation Failure) 1535M->1441M(2035M) 4.656ms
[1365749.607s][info][gc,cpu       ] GC(252132) User=0.00s Sys=0.00s Real=0.00s
[1365756.271s][info][gc,start     ] GC(252133) Pause Young (Allocation Failure)
[1365756.271s][info][gc,task      ] GC(252133) Using 9 workers of 9 for evacuation
[1365756.276s][info][gc,heap      ] GC(252133) ParNew: 114439K->6738K(118016K)
[1365756.276s][info][gc,heap      ] GC(252133) CMS: 1466372K->1466721K(1966080K)
[1365756.276s][info][gc,metaspace ] GC(252133) Metaspace: 95515K(98212K)->95515K(98212K) NonClass: 86277K(88004K)->86277K(88004K) Class: 9238K(10208K)->9238K(10208K)
[1365756.276s][info][gc           ] GC(252133) Pause Young (Allocation Failure) 1543M->1438M(2035M) 5.150ms
[1365756.277s][info][gc,cpu       ] GC(252133) User=0.00s Sys=0.00s Real=0.00s
[1365761.207s][info][gc,start     ] GC(252134) Pause Young (Allocation Failure)
[1365761.207s][info][gc,task      ] GC(252134) Using 9 workers of 9 for evacuation
[1365761.211s][info][gc,heap      ] GC(252134) ParNew: 111697K->10344K(118016K)
[1365761.211s][info][gc,heap      ] GC(252134) CMS: 1466721K->1466721K(1966080K)
[1365761.211s][info][gc,metaspace ] GC(252134) Metaspace: 95515K(98212K)->95515K(98212K) NonClass: 86277K(88004K)->86277K(88004K) Class: 9238K(10208K)->9238K(10208K)
[1365761.211s][info][gc           ] GC(252134) Pause Young (Allocation Failure) 1541M->1442M(2035M) 4.614ms
[1365761.211s][info][gc,cpu       ] GC(252134) User=0.00s Sys=0.00s Real=0.00s
[1365765.435s][info][gc,start     ] GC(252135) Pause Young (Allocation Failure)
[1365765.435s][info][gc,task      ] GC(252135) Using 9 workers of 9 for evacuation
[1365765.439s][info][gc,heap      ] GC(252135) ParNew: 115304K->3210K(118016K)
[1365765.439s][info][gc,heap      ] GC(252135) CMS: 1466721K->1466794K(1966080K)
[1365765.439s][info][gc,metaspace ] GC(252135) Metaspace: 95515K(98212K)->95515K(98212K) NonClass: 86277K(88004K)->86277K(88004K) Class: 9238K(10208K)->9238K(10208K)
[1365765.440s][info][gc           ] GC(252135) Pause Young (Allocation Failure) 1544M->1435M(2035M) 4.603ms
[1365765.440s][info][gc,cpu       ] GC(252135) User=0.00s Sys=0.00s Real=0.00s
[1365769.709s][info][gc,start     ] GC(252136) Pause Young (Allocation Failure)
[1365769.709s][info][gc,task      ] GC(252136) Using 9 workers of 9 for evacuation
[1365769.713s][info][gc,heap      ] GC(252136) ParNew: 108170K->9495K(118016K)
[1365769.713s][info][gc,heap      ] GC(252136) CMS: 1466794K->1466794K(1966080K)
[1365769.713s][info][gc,metaspace ] GC(252136) Metaspace: 95515K(98212K)->95515K(98212K) NonClass: 86277K(88004K)->86277K(88004K) Class: 9238K(10208K)->9238K(10208K)
[1365769.713s][info][gc           ] GC(252136) Pause Young (Allocation Failure) 1538M->1441M(2035M) 4.465ms
[1365769.713s][info][gc,cpu       ] GC(252136) User=0.00s Sys=0.00s Real=0.00s
[1365775.046s][info][gc,start     ] GC(252137) Pause Young (Allocation Failure)
[1365775.046s][info][gc,task      ] GC(252137) Using 9 workers of 9 for evacuation
[1365775.050s][info][gc,heap      ] GC(252137) ParNew: 114455K->2385K(118016K)
[1365775.050s][info][gc,heap      ] GC(252137) CMS: 1466794K->1467035K(1966080K)
[1365775.050s][info][gc,metaspace ] GC(252137) Metaspace: 95515K(98212K)->95515K(98212K) NonClass: 86277K(88004K)->86277K(88004K) Class: 9238K(10208K)->9238K(10208K)
[1365775.050s][info][gc           ] GC(252137) Pause Young (Allocation Failure) 1544M->1434M(2035M) 4.431ms
[1365775.050s][info][gc,cpu       ] GC(252137) User=0.02s Sys=0.02s Real=0.02s
[1365781.206s][info][gc,start     ] GC(252138) Pause Young (Allocation Failure)
[1365781.206s][info][gc,task      ] GC(252138) Using 9 workers of 9 for evacuation
[1365781.211s][info][gc,heap      ] GC(252138) ParNew: 107339K->9325K(118016K)
[1365781.211s][info][gc,heap      ] GC(252138) CMS: 1467035K->1467035K(1966080K)
[1365781.211s][info][gc,metaspace ] GC(252138) Metaspace: 95515K(98212K)->95515K(98212K) NonClass: 86277K(88004K)->86277K(88004K) Class: 9238K(10208K)->9238K(10208K)
[1365781.211s][info][gc           ] GC(252138) Pause Young (Allocation Failure) 1537M->1441M(2035M) 4.901ms
[1365781.211s][info][gc,cpu       ] GC(252138) User=0.02s Sys=0.02s Real=0.02s
[1365787.491s][info][gc,start     ] GC(252139) Pause Young (Allocation Failure)
[1365787.491s][info][gc,task      ] GC(252139) Using 9 workers of 9 for evacuation
[1365787.496s][info][gc,heap      ] GC(252139) ParNew: 114285K->10437K(118016K)
[1365787.496s][info][gc,heap      ] GC(252139) CMS: 1467035K->1467123K(1966080K)
[1365787.496s][info][gc,metaspace ] GC(252139) Metaspace: 95515K(98212K)->95515K(98212K) NonClass: 86277K(88004K)->86277K(88004K) Class: 9238K(10208K)->9238K(10208K)
[1365787.496s][info][gc           ] GC(252139) Pause Young (Allocation Failure) 1544M->1442M(2035M) 5.543ms
[1365787.496s][info][gc,cpu       ] GC(252139) User=0.00s Sys=0.00s Real=0.00s
[1365793.494s][info][gc,start     ] GC(252140) Pause Young (Allocation Failure)
[1365793.494s][info][gc,task      ] GC(252140) Using 9 workers of 9 for evacuation
[1365793.498s][info][gc,heap      ] GC(252140) ParNew: 115397K->3335K(118016K)
[1365793.498s][info][gc,heap      ] GC(252140) CMS: 1467123K->1467176K(1966080K)
[1365793.498s][info][gc,metaspace ] GC(252140) Metaspace: 95515K(98212K)->95515K(98212K) NonClass: 86277K(88004K)->86277K(88004K) Class: 9238K(10208K)->9238K(10208K)
[1365793.498s][info][gc           ] GC(252140) Pause Young (Allocation Failure) 1545M->1436M(2035M) 4.323ms
[1365793.498s][info][gc,cpu       ] GC(252140) User=0.00s Sys=0.00s Real=0.00s
[1365797.878s][info][gc,start     ] GC(252141) Pause Young (Allocation Failure)
[1365797.879s][info][gc,task      ] GC(252141) Using 9 workers of 9 for evacuation
[1365797.884s][info][gc,heap      ] GC(252141) ParNew: 108295K->7396K(118016K)
[1365797.884s][info][gc,heap      ] GC(252141) CMS: 1467176K->1467176K(1966080K)
[1365797.884s][info][gc,metaspace ] GC(252141) Metaspace: 95515K(98212K)->95515K(98212K) NonClass: 86277K(88004K)->86277K(88004K) Class: 9238K(10208K)->9238K(10208K)
[1365797.884s][info][gc           ] GC(252141) Pause Young (Allocation Failure) 1538M->1440M(2035M) 5.742ms
[1365797.884s][info][gc,cpu       ] GC(252141) User=0.14s Sys=0.00s Real=0.02s
[1365801.346s][info][gc,start     ] GC(252142) Pause Young (Allocation Failure)
[1365801.346s][info][gc,task      ] GC(252142) Using 9 workers of 9 for evacuation
[1365801.351s][info][gc,heap      ] GC(252142) ParNew: 112356K->3828K(118016K)
[1365801.351s][info][gc,heap      ] GC(252142) CMS: 1467176K->1473750K(1966080K)
[1365801.351s][info][gc,metaspace ] GC(252142) Metaspace: 95515K(98212K)->95515K(98212K) NonClass: 86277K(88004K)->86277K(88004K) Class: 9238K(10208K)->9238K(10208K)
[1365801.351s][info][gc           ] GC(252142) Pause Young (Allocation Failure) 1542M->1442M(2035M) 4.942ms
[1365801.351s][info][gc,cpu       ] GC(252142) User=0.00s Sys=0.00s Real=0.02s
[1365805.177s][info][gc,start     ] GC(252143) Pause Young (Allocation Failure)
[1365805.177s][info][gc,task      ] GC(252143) Using 9 workers of 9 for evacuation
[1365805.181s][info][gc,heap      ] GC(252143) ParNew: 108788K->1038K(118016K)
[1365805.181s][info][gc,heap      ] GC(252143) CMS: 1473750K->1473750K(1966080K)
[1365805.181s][info][gc,metaspace ] GC(252143) Metaspace: 95515K(98212K)->95515K(98212K) NonClass: 86277K(88004K)->86277K(88004K) Class: 9238K(10208K)->9238K(10208K)
[1365805.181s][info][gc           ] GC(252143) Pause Young (Allocation Failure) 1545M->1440M(2035M) 4.172ms
[1365805.181s][info][gc,cpu       ] GC(252143) User=0.03s Sys=0.02s Real=0.02s
[1365808.920s][info][gc,start     ] GC(252144) Pause Young (Allocation Failure)
[1365808.920s][info][gc,task      ] GC(252144) Using 9 workers of 9 for evacuation
[1365808.925s][info][gc,heap      ] GC(252144) ParNew: 105992K->9472K(118016K)
[1365808.925s][info][gc,heap      ] GC(252144) CMS: 1473750K->1473750K(1966080K)
[1365808.925s][info][gc,metaspace ] GC(252144) Metaspace: 95515K(98212K)->95515K(98212K) NonClass: 86277K(88004K)->86277K(88004K) Class: 9238K(10208K)->9238K(10208K)
[1365808.925s][info][gc           ] GC(252144) Pause Young (Allocation Failure) 1542M->1448M(2035M) 4.993ms
[1365808.925s][info][gc,cpu       ] GC(252144) User=0.00s Sys=0.00s Real=0.00s
[1365813.848s][info][gc,start     ] GC(252145) Pause Young (Allocation Failure)
[1365813.848s][info][gc,task      ] GC(252145) Using 9 workers of 9 for evacuation
[1365813.852s][info][gc,heap      ] GC(252145) ParNew: 114432K->1757K(118016K)
[1365813.852s][info][gc,heap      ] GC(252145) CMS: 1473750K->1474037K(1966080K)
[1365813.852s][info][gc,metaspace ] GC(252145) Metaspace: 95515K(98212K)->95515K(98212K) NonClass: 86277K(88004K)->86277K(88004K) Class: 9238K(10208K)->9238K(10208K)
[1365813.852s][info][gc           ] GC(252145) Pause Young (Allocation Failure) 1550M->1441M(2035M) 4.440ms
[1365813.852s][info][gc,cpu       ] GC(252145) User=0.14s Sys=0.00s Real=0.02s
[1365820.192s][info][gc,start     ] GC(252146) Pause Young (Allocation Failure)
[1365820.192s][info][gc,task      ] GC(252146) Using 9 workers of 9 for evacuation
[1365820.196s][info][gc,heap      ] GC(252146) ParNew: 106717K->9361K(118016K)
[1365820.196s][info][gc,heap      ] GC(252146) CMS: 1474037K->1474037K(1966080K)
[1365820.196s][info][gc,metaspace ] GC(252146) Metaspace: 95515K(98212K)->95515K(98212K) NonClass: 86277K(88004K)->86277K(88004K) Class: 9238K(10208K)->9238K(10208K)
[1365820.196s][info][gc           ] GC(252146) Pause Young (Allocation Failure) 1543M->1448M(2035M) 4.594ms
[1365820.196s][info][gc,cpu       ] GC(252146) User=0.14s Sys=0.00s Real=0.02s
[1365823.749s][info][gc,start     ] GC(252147) Pause Young (Allocation Failure)
[1365823.750s][info][gc,task      ] GC(252147) Using 9 workers of 9 for evacuation
[1365823.754s][info][gc,heap      ] GC(252147) ParNew: 114321K->1708K(118016K)
[1365823.754s][info][gc,heap      ] GC(252147) CMS: 1474037K->1474186K(1966080K)
[1365823.754s][info][gc,metaspace ] GC(252147) Metaspace: 95515K(98212K)->95515K(98212K) NonClass: 86277K(88004K)->86277K(88004K) Class: 9238K(10208K)->9238K(10208K)
[1365823.754s][info][gc           ] GC(252147) Pause Young (Allocation Failure) 1551M->1441M(2035M) 4.381ms
[1365823.754s][info][gc,cpu       ] GC(252147) User=0.00s Sys=0.00s Real=0.00s
[1365827.384s][info][gc,start     ] GC(252148) Pause Young (Allocation Failure)
[1365827.384s][info][gc,task      ] GC(252148) Using 9 workers of 9 for evacuation
[1365827.388s][info][gc,heap      ] GC(252148) ParNew: 106668K->709K(118016K)
[1365827.388s][info][gc,heap      ] GC(252148) CMS: 1474186K->1474186K(1966080K)
[1365827.388s][info][gc,metaspace ] GC(252148) Metaspace: 95515K(98212K)->95515K(98212K) NonClass: 86277K(88004K)->86277K(88004K) Class: 9238K(10208K)->9238K(10208K)
[1365827.388s][info][gc           ] GC(252148) Pause Young (Allocation Failure) 1543M->1440M(2035M) 4.130ms
[1365827.389s][info][gc,cpu       ] GC(252148) User=0.00s Sys=0.00s Real=0.00s
[1365832.090s][info][gc,start     ] GC(252149) Pause Young (Allocation Failure)
[1365832.090s][info][gc,task      ] GC(252149) Using 9 workers of 9 for evacuation
[1365832.095s][info][gc,heap      ] GC(252149) ParNew: 105669K->9415K(118016K)
[1365832.095s][info][gc,heap      ] GC(252149) CMS: 1474186K->1474186K(1966080K)
[1365832.095s][info][gc,metaspace ] GC(252149) Metaspace: 95515K(98212K)->95515K(98212K) NonClass: 86277K(88004K)->86277K(88004K) Class: 9238K(10208K)->9238K(10208K)
[1365832.095s][info][gc           ] GC(252149) Pause Young (Allocation Failure) 1542M->1448M(2035M) 4.682ms
[1365832.095s][info][gc,cpu       ] GC(252149) User=0.00s Sys=0.00s Real=0.00s
[1365838.082s][info][gc,start     ] GC(252150) Pause Young (Allocation Failure)
[1365838.083s][info][gc,task      ] GC(252150) Using 9 workers of 9 for evacuation
[1365838.088s][info][gc,heap      ] GC(252150) ParNew: 114375K->9986K(118016K)
[1365838.088s][info][gc,heap      ] GC(252150) CMS: 1474186K->1474459K(1966080K)
[1365838.088s][info][gc,metaspace ] GC(252150) Metaspace: 95515K(98212K)->95515K(98212K) NonClass: 86277K(88004K)->86277K(88004K) Class: 9238K(10208K)->9238K(10208K)
[1365838.088s][info][gc           ] GC(252150) Pause Young (Allocation Failure) 1551M->1449M(2035M) 5.460ms
[1365838.088s][info][gc,cpu       ] GC(252150) User=0.00s Sys=0.00s Real=0.00s
[1365843.953s][info][gc,start     ] GC(252151) Pause Young (Allocation Failure)
[1365843.954s][info][gc,task      ] GC(252151) Using 9 workers of 9 for evacuation
[1365843.958s][info][gc,heap      ] GC(252151) ParNew: 114940K->3735K(118016K)
[1365843.958s][info][gc,heap      ] GC(252151) CMS: 1474459K->1474500K(1966080K)
[1365843.958s][info][gc,metaspace ] GC(252151) Metaspace: 95515K(98212K)->95515K(98212K) NonClass: 86277K(88004K)->86277K(88004K) Class: 9238K(10208K)->9238K(10208K)
[1365843.958s][info][gc           ] GC(252151) Pause Young (Allocation Failure) 1552M->1443M(2035M) 4.661ms
[1365843.958s][info][gc,cpu       ] GC(252151) User=0.11s Sys=0.00s Real=0.02s
[1365849.250s][info][gc,start     ] GC(252152) Pause Young (Allocation Failure)
[1365849.250s][info][gc,task      ] GC(252152) Using 9 workers of 9 for evacuation
[1365849.255s][info][gc,heap      ] GC(252152) ParNew: 108695K->9701K(118016K)
[1365849.255s][info][gc,heap      ] GC(252152) CMS: 1474500K->1474500K(1966080K)
[1365849.255s][info][gc,metaspace ] GC(252152) Metaspace: 95515K(98212K)->95515K(98212K) NonClass: 86277K(88004K)->86277K(88004K) Class: 9238K(10208K)->9238K(10208K)
[1365849.255s][info][gc           ] GC(252152) Pause Young (Allocation Failure) 1546M->1449M(2035M) 4.666ms
[1365849.255s][info][gc,cpu       ] GC(252152) User=0.14s Sys=0.00s Real=0.02s
[1365854.554s][info][gc,start     ] GC(252153) Pause Young (Allocation Failure)
[1365854.554s][info][gc,task      ] GC(252153) Using 9 workers of 9 for evacuation
[1365854.559s][info][gc,heap      ] GC(252153) ParNew: 114661K->10438K(118016K)
[1365854.559s][info][gc,heap      ] GC(252153) CMS: 1474500K->1474676K(1966080K)
[1365854.559s][info][gc,metaspace ] GC(252153) Metaspace: 95515K(98212K)->95515K(98212K) NonClass: 86277K(88004K)->86277K(88004K) Class: 9238K(10208K)->9238K(10208K)
[1365854.559s][info][gc           ] GC(252153) Pause Young (Allocation Failure) 1551M->1450M(2035M) 4.946ms
[1365854.559s][info][gc,cpu       ] GC(252153) User=0.00s Sys=0.00s Real=0.00s
[1365859.178s][info][gc,start     ] GC(252154) Pause Young (Allocation Failure)
[1365859.178s][info][gc,task      ] GC(252154) Using 9 workers of 9 for evacuation
[1365859.183s][info][gc,heap      ] GC(252154) ParNew: 115398K->4035K(118016K)
[1365859.183s][info][gc,heap      ] GC(252154) CMS: 1474676K->1483386K(1966080K)
[1365859.183s][info][gc,metaspace ] GC(252154) Metaspace: 95515K(98212K)->95515K(98212K) NonClass: 86277K(88004K)->86277K(88004K) Class: 9238K(10208K)->9238K(10208K)
[1365859.183s][info][gc           ] GC(252154) Pause Young (Allocation Failure) 1552M->1452M(2035M) 5.013ms
[1365859.183s][info][gc,cpu       ] GC(252154) User=0.00s Sys=0.00s Real=0.00s
[1365865.054s][info][gc,start     ] GC(252155) Pause Young (Allocation Failure)
[1365865.054s][info][gc,task      ] GC(252155) Using 9 workers of 9 for evacuation
[1365865.059s][info][gc,heap      ] GC(252155) ParNew: 108995K->3656K(118016K)
[1365865.059s][info][gc,heap      ] GC(252155) CMS: 1483386K->1483386K(1966080K)
[1365865.059s][info][gc,metaspace ] GC(252155) Metaspace: 95515K(98212K)->95515K(98212K) NonClass: 86277K(88004K)->86277K(88004K) Class: 9238K(10208K)->9238K(10208K)
[1365865.059s][info][gc           ] GC(252155) Pause Young (Allocation Failure) 1555M->1452M(2035M) 4.394ms
[1365865.059s][info][gc,cpu       ] GC(252155) User=0.00s Sys=0.00s Real=0.00s
[1365869.878s][info][gc,start     ] GC(252156) Pause Young (Allocation Failure)
[1365869.878s][info][gc,task      ] GC(252156) Using 9 workers of 9 for evacuation
[1365869.883s][info][gc,heap      ] GC(252156) ParNew: 108616K->9535K(118016K)
[1365869.883s][info][gc,heap      ] GC(252156) CMS: 1483386K->1483386K(1966080K)
[1365869.883s][info][gc,metaspace ] GC(252156) Metaspace: 95515K(98212K)->95515K(98212K) NonClass: 86277K(88004K)->86277K(88004K) Class: 9238K(10208K)->9238K(10208K)
[1365869.883s][info][gc           ] GC(252156) Pause Young (Allocation Failure) 1554M->1457M(2035M) 5.229ms
[1365869.883s][info][gc,cpu       ] GC(252156) User=0.14s Sys=0.00s Real=0.02s
[1365875.744s][info][gc,start     ] GC(252157) Pause Young (Allocation Failure)
[1365875.744s][info][gc,task      ] GC(252157) Using 9 workers of 9 for evacuation
[1365875.748s][info][gc,heap      ] GC(252157) ParNew: 114432K->3332K(118016K)
[1365875.748s][info][gc,heap      ] GC(252157) CMS: 1483386K->1483539K(1966080K)
[1365875.748s][info][gc,metaspace ] GC(252157) Metaspace: 95515K(98212K)->95515K(98212K) NonClass: 86277K(88004K)->86277K(88004K) Class: 9238K(10208K)->9238K(10208K)
[1365875.748s][info][gc           ] GC(252157) Pause Young (Allocation Failure) 1560M->1452M(2035M) 4.281ms
[1365875.748s][info][gc,cpu       ] GC(252157) User=0.00s Sys=0.00s Real=0.00s
[1365880.703s][info][gc,start     ] GC(252158) Pause Young (Allocation Failure)
[1365880.703s][info][gc,task      ] GC(252158) Using 9 workers of 9 for evacuation
[1365880.708s][info][gc,heap      ] GC(252158) ParNew: 108292K->9491K(118016K)
[1365880.708s][info][gc,heap      ] GC(252158) CMS: 1483539K->1483539K(1966080K)
[1365880.708s][info][gc,metaspace ] GC(252158) Metaspace: 95515K(98212K)->95515K(98212K) NonClass: 86277K(88004K)->86277K(88004K) Class: 9238K(10208K)->9238K(10208K)
[1365880.708s][info][gc           ] GC(252158) Pause Young (Allocation Failure) 1554M->1458M(2035M) 4.811ms
[1365880.708s][info][gc,cpu       ] GC(252158) User=0.00s Sys=0.00s Real=0.00s
[1365883.985s][info][gc,start     ] GC(252159) Pause Young (Allocation Failure)
[1365883.985s][info][gc,task      ] GC(252159) Using 9 workers of 9 for evacuation
[1365883.990s][info][gc,heap      ] GC(252159) ParNew: 114451K->1887K(118016K)
[1365883.990s][info][gc,heap      ] GC(252159) CMS: 1483539K->1483716K(1966080K)
[1365883.990s][info][gc,metaspace ] GC(252159) Metaspace: 95515K(98212K)->95515K(98212K) NonClass: 86277K(88004K)->86277K(88004K) Class: 9238K(10208K)->9238K(10208K)
[1365883.991s][info][gc           ] GC(252159) Pause Young (Allocation Failure) 1560M->1450M(2035M) 5.307ms
[1365883.991s][info][gc,cpu       ] GC(252159) User=0.00s Sys=0.00s Real=0.00s
[1365886.364s][info][gc,start     ] GC(252160) Pause Young (Allocation Failure)
[1365886.364s][info][gc,task      ] GC(252160) Using 9 workers of 9 for evacuation
[1365886.368s][info][gc,heap      ] GC(252160) ParNew: 106847K->9439K(118016K)
[1365886.368s][info][gc,heap      ] GC(252160) CMS: 1483716K->1483716K(1966080K)
[1365886.369s][info][gc,metaspace ] GC(252160) Metaspace: 95515K(98212K)->95515K(98212K) NonClass: 86277K(88004K)->86277K(88004K) Class: 9238K(10208K)->9238K(10208K)
[1365886.369s][info][gc           ] GC(252160) Pause Young (Allocation Failure) 1553M->1458M(2035M) 4.749ms
[1365886.369s][info][gc,cpu       ] GC(252160) User=0.00s Sys=0.00s Real=0.00s
[1365891.531s][info][gc,start     ] GC(252161) Pause Young (Allocation Failure)
[1365891.531s][info][gc,task      ] GC(252161) Using 9 workers of 9 for evacuation
[1365891.536s][info][gc,heap      ] GC(252161) ParNew: 114399K->1703K(118016K)
[1365891.537s][info][gc,heap      ] GC(252161) CMS: 1483716K->1492580K(1966080K)
[1365891.537s][info][gc,metaspace ] GC(252161) Metaspace: 95515K(98212K)->95515K(98212K) NonClass: 86277K(88004K)->86277K(88004K) Class: 9238K(10208K)->9238K(10208K)
[1365891.537s][info][gc           ] GC(252161) Pause Young (Allocation Failure) 1560M->1459M(2035M) 6.368ms
[1365891.537s][info][gc,cpu       ] GC(252161) User=0.13s Sys=0.00s Real=0.02s
[1365895.093s][info][gc,start     ] GC(252162) Pause Young (Allocation Failure)
[1365895.093s][info][gc,task      ] GC(252162) Using 9 workers of 9 for evacuation
[1365895.097s][info][gc,heap      ] GC(252162) ParNew: 106663K->676K(118016K)
[1365895.097s][info][gc,heap      ] GC(252162) CMS: 1492580K->1492580K(1966080K)
[1365895.097s][info][gc,metaspace ] GC(252162) Metaspace: 95515K(98212K)->95515K(98212K) NonClass: 86277K(88004K)->86277K(88004K) Class: 9238K(10208K)->9238K(10208K)
[1365895.097s][info][gc           ] GC(252162) Pause Young (Allocation Failure) 1561M->1458M(2035M) 4.443ms
[1365895.097s][info][gc,cpu       ] GC(252162) User=0.00s Sys=0.00s Real=0.02s
[1365899.558s][info][gc,start     ] GC(252163) Pause Young (Allocation Failure)
[1365899.559s][info][gc,task      ] GC(252163) Using 9 workers of 9 for evacuation
[1365899.563s][info][gc,heap      ] GC(252163) ParNew: 105636K->9226K(118016K)
[1365899.563s][info][gc,heap      ] GC(252163) CMS: 1492580K->1492580K(1966080K)
[1365899.563s][info][gc,metaspace ] GC(252163) Metaspace: 95515K(98212K)->95515K(98212K) NonClass: 86277K(88004K)->86277K(88004K) Class: 9238K(10208K)->9238K(10208K)
[1365899.563s][info][gc           ] GC(252163) Pause Young (Allocation Failure) 1560M->1466M(2035M) 4.750ms
[1365899.563s][info][gc,cpu       ] GC(252163) User=0.00s Sys=0.00s Real=0.00s
[1365903.944s][info][gc,start     ] GC(252164) Pause Young (Allocation Failure)
[1365903.945s][info][gc,task      ] GC(252164) Using 9 workers of 9 for evacuation
[1365903.948s][info][gc,heap      ] GC(252164) ParNew: 114186K->1164K(118016K)
[1365903.948s][info][gc,heap      ] GC(252164) CMS: 1492580K->1492741K(1966080K)
[1365903.948s][info][gc,metaspace ] GC(252164) Metaspace: 95515K(98212K)->95515K(98212K) NonClass: 86277K(88004K)->86277K(88004K) Class: 9238K(10208K)->9238K(10208K)
[1365903.949s][info][gc           ] GC(252164) Pause Young (Allocation Failure) 1569M->1458M(2035M) 4.073ms
[1365903.949s][info][gc,cpu       ] GC(252164) User=0.00s Sys=0.00s Real=0.00s
[1365907.479s][info][gc,start     ] GC(252165) Pause Young (Allocation Failure)
[1365907.479s][info][gc,task      ] GC(252165) Using 9 workers of 9 for evacuation
[1365907.484s][info][gc,heap      ] GC(252165) ParNew: 106124K->9284K(118016K)
[1365907.484s][info][gc,heap      ] GC(252165) CMS: 1492741K->1492741K(1966080K)
[1365907.484s][info][gc,metaspace ] GC(252165) Metaspace: 95515K(98212K)->95515K(98212K) NonClass: 86277K(88004K)->86277K(88004K) Class: 9238K(10208K)->9238K(10208K)
[1365907.484s][info][gc           ] GC(252165) Pause Young (Allocation Failure) 1561M->1466M(2035M) 5.143ms
[1365907.484s][info][gc,cpu       ] GC(252165) User=0.00s Sys=0.00s Real=0.00s
[1365910.975s][info][gc,start     ] GC(252166) Pause Young (Allocation Failure)
[1365910.975s][info][gc,task      ] GC(252166) Using 9 workers of 9 for evacuation
[1365910.980s][info][gc,heap      ] GC(252166) ParNew: 114244K->1456K(118016K)
[1365910.980s][info][gc,heap      ] GC(252166) CMS: 1492741K->1501549K(1966080K)
[1365910.980s][info][gc,metaspace ] GC(252166) Metaspace: 95515K(98212K)->95515K(98212K) NonClass: 86277K(88004K)->86277K(88004K) Class: 9238K(10208K)->9238K(10208K)
[1365910.980s][info][gc           ] GC(252166) Pause Young (Allocation Failure) 1569M->1467M(2035M) 5.301ms
[1365910.980s][info][gc,cpu       ] GC(252166) User=0.00s Sys=0.00s Real=0.00s
[1365915.192s][info][gc,start     ] GC(252167) Pause Young (Allocation Failure)
[1365915.192s][info][gc,task      ] GC(252167) Using 9 workers of 9 for evacuation
[1365915.196s][info][gc,heap      ] GC(252167) ParNew: 106416K->650K(118016K)
[1365915.196s][info][gc,heap      ] GC(252167) CMS: 1501549K->1501549K(1966080K)
[1365915.196s][info][gc,metaspace ] GC(252167) Metaspace: 95515K(98212K)->95515K(98212K) NonClass: 86277K(88004K)->86277K(88004K) Class: 9238K(10208K)->9238K(10208K)
[1365915.196s][info][gc           ] GC(252167) Pause Young (Allocation Failure) 1570M->1466M(2035M) 4.450ms
[1365915.196s][info][gc,cpu       ] GC(252167) User=0.08s Sys=0.00s Real=0.02s
[1365920.526s][info][gc,start     ] GC(252168) Pause Young (Allocation Failure)
[1365920.526s][info][gc,task      ] GC(252168) Using 9 workers of 9 for evacuation
[1365920.530s][info][gc,heap      ] GC(252168) ParNew: 105610K->9317K(118016K)
[1365920.530s][info][gc,heap      ] GC(252168) CMS: 1501549K->1501549K(1966080K)
[1365920.530s][info][gc,metaspace ] GC(252168) Metaspace: 95515K(98212K)->95515K(98212K) NonClass: 86277K(88004K)->86277K(88004K) Class: 9238K(10208K)->9238K(10208K)
[1365920.530s][info][gc           ] GC(252168) Pause Young (Allocation Failure) 1569M->1475M(2035M) 4.596ms
[1365920.530s][info][gc,cpu       ] GC(252168) User=0.00s Sys=0.00s Real=0.00s
[1365925.673s][info][gc,start     ] GC(252169) Pause Young (Allocation Failure)
[1365925.673s][info][gc,task      ] GC(252169) Using 9 workers of 9 for evacuation
[1365925.677s][info][gc,heap      ] GC(252169) ParNew: 114277K->1509K(118016K)
[1365925.677s][info][gc,heap      ] GC(252169) CMS: 1501549K->1501721K(1966080K)
[1365925.678s][info][gc,metaspace ] GC(252169) Metaspace: 95515K(98212K)->95515K(98212K) NonClass: 86277K(88004K)->86277K(88004K) Class: 9238K(10208K)->9238K(10208K)
[1365925.678s][info][gc           ] GC(252169) Pause Young (Allocation Failure) 1577M->1467M(2035M) 4.259ms
[1365925.678s][info][gc,cpu       ] GC(252169) User=0.02s Sys=0.00s Real=0.02s
[1365929.206s][info][gc,start     ] GC(252170) Pause Young (Allocation Failure)
[1365929.206s][info][gc,task      ] GC(252170) Using 9 workers of 9 for evacuation
[1365929.210s][info][gc,heap      ] GC(252170) ParNew: 106469K->9268K(118016K)
[1365929.210s][info][gc,heap      ] GC(252170) CMS: 1501721K->1501721K(1966080K)
[1365929.211s][info][gc,metaspace ] GC(252170) Metaspace: 95515K(98212K)->95515K(98212K) NonClass: 86277K(88004K)->86277K(88004K) Class: 9238K(10208K)->9238K(10208K)
[1365929.211s][info][gc           ] GC(252170) Pause Young (Allocation Failure) 1570M->1475M(2035M) 4.585ms
[1365929.211s][info][gc,cpu       ] GC(252170) User=0.14s Sys=0.00s Real=0.02s
[1365935.687s][info][gc,start     ] GC(252171) Pause Young (Allocation Failure)
[1365935.687s][info][gc,task      ] GC(252171) Using 9 workers of 9 for evacuation
[1365935.692s][info][gc,heap      ] GC(252171) ParNew: 114228K->1606K(118016K)
[1365935.692s][info][gc,heap      ] GC(252171) CMS: 1501721K->1501878K(1966080K)
[1365935.692s][info][gc,metaspace ] GC(252171) Metaspace: 95515K(98212K)->95515K(98212K) NonClass: 86277K(88004K)->86277K(88004K) Class: 9238K(10208K)->9238K(10208K)
[1365935.692s][info][gc           ] GC(252171) Pause Young (Allocation Failure) 1578M->1468M(2035M) 4.448ms
[1365935.692s][info][gc,cpu       ] GC(252171) User=0.00s Sys=0.00s Real=0.00s
[1365940.224s][info][gc,start     ] GC(252172) Pause Young (Allocation Failure)
[1365940.224s][info][gc,task      ] GC(252172) Using 9 workers of 9 for evacuation
[1365940.229s][info][gc,heap      ] GC(252172) ParNew: 106566K->9319K(118016K)
[1365940.229s][info][gc,heap      ] GC(252172) CMS: 1501878K->1501878K(1966080K)
[1365940.229s][info][gc,metaspace ] GC(252172) Metaspace: 95515K(98212K)->95515K(98212K) NonClass: 86277K(88004K)->86277K(88004K) Class: 9238K(10208K)->9238K(10208K)
[1365940.229s][info][gc           ] GC(252172) Pause Young (Allocation Failure) 1570M->1475M(2035M) 4.523ms
[1365940.229s][info][gc,cpu       ] GC(252172) User=0.14s Sys=0.00s Real=0.02s
[1365945.052s][info][gc,start     ] GC(252173) Pause Young (Allocation Failure)
[1365945.052s][info][gc,task      ] GC(252173) Using 9 workers of 9 for evacuation
[1365945.056s][info][gc,heap      ] GC(252173) ParNew: 114279K->1627K(118016K)
[1365945.057s][info][gc,heap      ] GC(252173) CMS: 1501878K->1502004K(1966080K)
[1365945.057s][info][gc,metaspace ] GC(252173) Metaspace: 95515K(98212K)->95515K(98212K) NonClass: 86277K(88004K)->86277K(88004K) Class: 9238K(10208K)->9238K(10208K)
[1365945.057s][info][gc           ] GC(252173) Pause Young (Allocation Failure) 1578M->1468M(2035M) 4.249ms
[1365945.057s][info][gc,cpu       ] GC(252173) User=0.00s Sys=0.00s Real=0.00s
[1365950.181s][info][gc,start     ] GC(252174) Pause Young (Allocation Failure)
[1365950.181s][info][gc,task      ] GC(252174) Using 9 workers of 9 for evacuation
[1365950.185s][info][gc,heap      ] GC(252174) ParNew: 106587K->9393K(118016K)
[1365950.185s][info][gc,heap      ] GC(252174) CMS: 1502004K->1502004K(1966080K)
[1365950.185s][info][gc,metaspace ] GC(252174) Metaspace: 95515K(98212K)->95515K(98212K) NonClass: 86277K(88004K)->86277K(88004K) Class: 9238K(10208K)->9238K(10208K)
[1365950.185s][info][gc           ] GC(252174) Pause Young (Allocation Failure) 1570M->1475M(2035M) 4.574ms
[1365950.185s][info][gc,cpu       ] GC(252174) User=0.00s Sys=0.00s Real=0.00s
[1365956.799s][info][gc,start     ] GC(252175) Pause Young (Allocation Failure)
[1365956.799s][info][gc,task      ] GC(252175) Using 9 workers of 9 for evacuation
[1365956.803s][info][gc,heap      ] GC(252175) ParNew: 114353K->1665K(118016K)
[1365956.803s][info][gc,heap      ] GC(252175) CMS: 1502004K->1502210K(1966080K)
[1365956.803s][info][gc,metaspace ] GC(252175) Metaspace: 95515K(98212K)->95515K(98212K) NonClass: 86277K(88004K)->86277K(88004K) Class: 9238K(10208K)->9238K(10208K)
[1365956.803s][info][gc           ] GC(252175) Pause Young (Allocation Failure) 1578M->1468M(2035M) 4.438ms
[1365956.803s][info][gc,cpu       ] GC(252175) User=0.00s Sys=0.00s Real=0.00s
[1365962.490s][info][gc,start     ] GC(252176) Pause Young (Allocation Failure)
[1365962.490s][info][gc,task      ] GC(252176) Using 9 workers of 9 for evacuation
[1365962.495s][info][gc,heap      ] GC(252176) ParNew: 106625K->9322K(118016K)
[1365962.495s][info][gc,heap      ] GC(252176) CMS: 1502210K->1502210K(1966080K)
[1365962.495s][info][gc,metaspace ] GC(252176) Metaspace: 95515K(98212K)->95515K(98212K) NonClass: 86277K(88004K)->86277K(88004K) Class: 9238K(10208K)->9238K(10208K)
[1365962.495s][info][gc           ] GC(252176) Pause Young (Allocation Failure) 1571M->1476M(2035M) 4.557ms
[1365962.495s][info][gc,cpu       ] GC(252176) User=0.00s Sys=0.00s Real=0.00s
[1365966.112s][info][gc,start     ] GC(252177) Pause Young (Allocation Failure)
[1365966.112s][info][gc,task      ] GC(252177) Using 9 workers of 9 for evacuation
[1365966.116s][info][gc,heap      ] GC(252177) ParNew: 114276K->1707K(118016K)
[1365966.116s][info][gc,heap      ] GC(252177) CMS: 1502210K->1502314K(1966080K)
[1365966.116s][info][gc,metaspace ] GC(252177) Metaspace: 95515K(98212K)->95515K(98212K) NonClass: 86277K(88004K)->86277K(88004K) Class: 9238K(10208K)->9238K(10208K)
[1365966.116s][info][gc           ] GC(252177) Pause Young (Allocation Failure) 1578M->1468M(2035M) 4.772ms
[1365966.116s][info][gc,cpu       ] GC(252177) User=0.00s Sys=0.00s Real=0.00s
[1365970.236s][info][gc,start     ] GC(252178) Pause Young (Allocation Failure)
[1365970.236s][info][gc,task      ] GC(252178) Using 9 workers of 9 for evacuation
[1365970.241s][info][gc,heap      ] GC(252178) ParNew: 106667K->9336K(118016K)
[1365970.241s][info][gc,heap      ] GC(252178) CMS: 1502314K->1502314K(1966080K)
[1365970.241s][info][gc,metaspace ] GC(252178) Metaspace: 95515K(98212K)->95515K(98212K) NonClass: 86277K(88004K)->86277K(88004K) Class: 9238K(10208K)->9238K(10208K)
[1365970.241s][info][gc           ] GC(252178) Pause Young (Allocation Failure) 1571M->1476M(2035M) 4.974ms
[1365970.241s][info][gc,cpu       ] GC(252178) User=0.00s Sys=0.00s Real=0.00s
[1365974.547s][info][gc,start     ] GC(252179) Pause Young (Allocation Failure)
[1365974.547s][info][gc,task      ] GC(252179) Using 9 workers of 9 for evacuation
[1365974.552s][info][gc,heap      ] GC(252179) ParNew: 114296K->1703K(118016K)
[1365974.552s][info][gc,heap      ] GC(252179) CMS: 1502314K->1502480K(1966080K)
[1365974.552s][info][gc,metaspace ] GC(252179) Metaspace: 95515K(98212K)->95515K(98212K) NonClass: 86277K(88004K)->86277K(88004K) Class: 9238K(10208K)->9238K(10208K)
[1365974.552s][info][gc           ] GC(252179) Pause Young (Allocation Failure) 1578M->1468M(2035M) 4.597ms
[1365974.552s][info][gc,cpu       ] GC(252179) User=0.02s Sys=0.02s Real=0.02s
[1365977.760s][info][gc,start     ] GC(252180) Pause Young (Allocation Failure)
[1365977.760s][info][gc,task      ] GC(252180) Using 9 workers of 9 for evacuation
[1365977.764s][info][gc,heap      ] GC(252180) ParNew: 106663K->792K(118016K)
[1365977.764s][info][gc,heap      ] GC(252180) CMS: 1502480K->1502480K(1966080K)
[1365977.765s][info][gc,metaspace ] GC(252180) Metaspace: 95515K(98212K)->95515K(98212K) NonClass: 86277K(88004K)->86277K(88004K) Class: 9238K(10208K)->9238K(10208K)
[1365977.765s][info][gc           ] GC(252180) Pause Young (Allocation Failure) 1571M->1468M(2035M) 4.376ms
[1365977.765s][info][gc,cpu       ] GC(252180) User=0.00s Sys=0.00s Real=0.00s
[1365981.868s][info][gc,start     ] GC(252181) Pause Young (Allocation Failure)
[1365981.868s][info][gc,task      ] GC(252181) Using 9 workers of 9 for evacuation
[1365981.872s][info][gc,heap      ] GC(252181) ParNew: 105752K->9293K(118016K)
[1365981.872s][info][gc,heap      ] GC(252181) CMS: 1502480K->1502480K(1966080K)
[1365981.872s][info][gc,metaspace ] GC(252181) Metaspace: 95515K(98212K)->95515K(98212K) NonClass: 86277K(88004K)->86277K(88004K) Class: 9238K(10208K)->9238K(10208K)
[1365981.872s][info][gc           ] GC(252181) Pause Young (Allocation Failure) 1570M->1476M(2035M) 4.563ms
[1365981.873s][info][gc,cpu       ] GC(252181) User=0.00s Sys=0.00s Real=0.00s
[1365986.153s][info][gc,start     ] GC(252182) Pause Young (Allocation Failure)
[1365986.154s][info][gc,task      ] GC(252182) Using 9 workers of 9 for evacuation
[1365986.157s][info][gc,heap      ] GC(252182) ParNew: 114253K->1313K(118016K)
[1365986.157s][info][gc,heap      ] GC(252182) CMS: 1502480K->1502701K(1966080K)
[1365986.157s][info][gc,metaspace ] GC(252182) Metaspace: 95515K(98212K)->95515K(98212K) NonClass: 86277K(88004K)->86277K(88004K) Class: 9238K(10208K)->9238K(10208K)
[1365986.157s][info][gc           ] GC(252182) Pause Young (Allocation Failure) 1578M->1468M(2035M) 4.044ms
[1365986.158s][info][gc,cpu       ] GC(252182) User=0.00s Sys=0.00s Real=0.00s
[1365988.726s][info][gc,start     ] GC(252183) Pause Young (Allocation Failure)
[1365988.726s][info][gc,task      ] GC(252183) Using 9 workers of 9 for evacuation
[1365988.731s][info][gc,heap      ] GC(252183) ParNew: 106273K->9283K(118016K)
[1365988.731s][info][gc,heap      ] GC(252183) CMS: 1502701K->1502701K(1966080K)
[1365988.731s][info][gc,metaspace ] GC(252183) Metaspace: 95515K(98212K)->95515K(98212K) NonClass: 86277K(88004K)->86277K(88004K) Class: 9238K(10208K)->9238K(10208K)
[1365988.731s][info][gc           ] GC(252183) Pause Young (Allocation Failure) 1571M->1476M(2035M) 5.012ms
[1365988.731s][info][gc,cpu       ] GC(252183) User=0.00s Sys=0.02s Real=0.02s
[1365993.154s][info][gc,start     ] GC(252184) Pause Young (Allocation Failure)
[1365993.155s][info][gc,task      ] GC(252184) Using 9 workers of 9 for evacuation
[1365993.159s][info][gc,heap      ] GC(252184) ParNew: 114243K->1512K(118016K)
[1365993.159s][info][gc,heap      ] GC(252184) CMS: 1502701K->1511477K(1966080K)
[1365993.159s][info][gc,metaspace ] GC(252184) Metaspace: 95515K(98212K)->95515K(98212K) NonClass: 86277K(88004K)->86277K(88004K) Class: 9238K(10208K)->9238K(10208K)
[1365993.160s][info][gc           ] GC(252184) Pause Young (Allocation Failure) 1579M->1477M(2035M) 5.109ms
[1365993.160s][info][gc,cpu       ] GC(252184) User=0.00s Sys=0.00s Real=0.00s
[1365998.130s][info][gc,start     ] GC(252185) Pause Young (Allocation Failure)
[1365998.130s][info][gc,task      ] GC(252185) Using 9 workers of 9 for evacuation
[1365998.135s][info][gc,heap      ] GC(252185) ParNew: 106472K->707K(118016K)
[1365998.135s][info][gc,heap      ] GC(252185) CMS: 1511477K->1511477K(1966080K)
[1365998.135s][info][gc,metaspace ] GC(252185) Metaspace: 95515K(98212K)->95515K(98212K) NonClass: 86277K(88004K)->86277K(88004K) Class: 9238K(10208K)->9238K(10208K)
[1365998.135s][info][gc           ] GC(252185) Pause Young (Allocation Failure) 1580M->1476M(2035M) 4.765ms
[1365998.135s][info][gc,cpu       ] GC(252185) User=0.00s Sys=0.00s Real=0.00s
[1366000.606s][info][gc,start     ] GC(252186) Pause Young (Allocation Failure)
[1366000.606s][info][gc,task      ] GC(252186) Using 9 workers of 9 for evacuation
[1366000.610s][info][gc,heap      ] GC(252186) ParNew: 105667K->9295K(118016K)
[1366000.610s][info][gc,heap      ] GC(252186) CMS: 1511477K->1511477K(1966080K)
[1366000.610s][info][gc,metaspace ] GC(252186) Metaspace: 95515K(98212K)->95515K(98212K) NonClass: 86277K(88004K)->86277K(88004K) Class: 9238K(10208K)->9238K(10208K)
[1366000.610s][info][gc           ] GC(252186) Pause Young (Allocation Failure) 1579M->1485M(2035M) 4.509ms
[1366000.610s][info][gc,cpu       ] GC(252186) User=0.00s Sys=0.00s Real=0.00s
[1366005.345s][info][gc,start     ] GC(252187) Pause Young (Allocation Failure)
[1366005.345s][info][gc,task      ] GC(252187) Using 9 workers of 9 for evacuation
[1366005.350s][info][gc,heap      ] GC(252187) ParNew: 114255K->9878K(118016K)
[1366005.350s][info][gc,heap      ] GC(252187) CMS: 1511477K->1511704K(1966080K)
[1366005.350s][info][gc,metaspace ] GC(252187) Metaspace: 95515K(98212K)->95515K(98212K) NonClass: 86277K(88004K)->86277K(88004K) Class: 9238K(10208K)->9238K(10208K)
[1366005.350s][info][gc           ] GC(252187) Pause Young (Allocation Failure) 1587M->1485M(2035M) 4.812ms
[1366005.350s][info][gc,cpu       ] GC(252187) User=0.00s Sys=0.02s Real=0.02s
[1366010.807s][info][gc,start     ] GC(252188) Pause Young (Allocation Failure)
[1366010.807s][info][gc,task      ] GC(252188) Using 9 workers of 9 for evacuation
[1366010.811s][info][gc,heap      ] GC(252188) ParNew: 114838K->2820K(118016K)
[1366010.811s][info][gc,heap      ] GC(252188) CMS: 1511704K->1520440K(1966080K)
[1366010.811s][info][gc,metaspace ] GC(252188) Metaspace: 95515K(98212K)->95515K(98212K) NonClass: 86277K(88004K)->86277K(88004K) Class: 9238K(10208K)->9238K(10208K)
[1366010.812s][info][gc           ] GC(252188) Pause Young (Allocation Failure) 1588M->1487M(2035M) 4.967ms
[1366010.812s][info][gc,cpu       ] GC(252188) User=0.00s Sys=0.00s Real=0.00s
[1366014.814s][info][gc,start     ] GC(252189) Pause Young (Allocation Failure)
[1366014.814s][info][gc,task      ] GC(252189) Using 9 workers of 9 for evacuation
[1366014.820s][info][gc,heap      ] GC(252189) ParNew: 107780K->9508K(118016K)
[1366014.820s][info][gc,heap      ] GC(252189) CMS: 1520440K->1520440K(1966080K)
[1366014.820s][info][gc,metaspace ] GC(252189) Metaspace: 95515K(98212K)->95515K(98212K) NonClass: 86277K(88004K)->86277K(88004K) Class: 9238K(10208K)->9238K(10208K)
[1366014.820s][info][gc           ] GC(252189) Pause Young (Allocation Failure) 1590M->1494M(2035M) 5.330ms
[1366014.820s][info][gc,cpu       ] GC(252189) User=0.00s Sys=0.02s Real=0.02s
[1366019.473s][info][gc,start     ] GC(252190) Pause Young (Allocation Failure)
[1366019.473s][info][gc,task      ] GC(252190) Using 9 workers of 9 for evacuation
[1366019.478s][info][gc,heap      ] GC(252190) ParNew: 114468K->2122K(118016K)
[1366019.479s][info][gc,heap      ] GC(252190) CMS: 1520440K->1529267K(1966080K)
[1366019.479s][info][gc,metaspace ] GC(252190) Metaspace: 95515K(98212K)->95515K(98212K) NonClass: 86277K(88004K)->86277K(88004K) Class: 9238K(10208K)->9238K(10208K)
[1366019.479s][info][gc           ] GC(252190) Pause Young (Allocation Failure) 1596M->1495M(2035M) 6.089ms
[1366019.479s][info][gc,cpu       ] GC(252190) User=0.14s Sys=0.00s Real=0.02s
[1366023.693s][info][gc,start     ] GC(252191) Pause Young (Allocation Failure)
[1366023.693s][info][gc,task      ] GC(252191) Using 9 workers of 9 for evacuation
[1366023.698s][info][gc,heap      ] GC(252191) ParNew: 107082K->9413K(118016K)
[1366023.698s][info][gc,heap      ] GC(252191) CMS: 1529267K->1529267K(1966080K)
[1366023.698s][info][gc,metaspace ] GC(252191) Metaspace: 95515K(98212K)->95515K(98212K) NonClass: 86277K(88004K)->86277K(88004K) Class: 9238K(10208K)->9238K(10208K)
[1366023.698s][info][gc           ] GC(252191) Pause Young (Allocation Failure) 1597M->1502M(2035M) 4.671ms
[1366023.698s][info][gc,cpu       ] GC(252191) User=0.03s Sys=0.00s Real=0.02s
[1366029.494s][info][gc,start     ] GC(252192) Pause Young (Allocation Failure)
[1366029.494s][info][gc,task      ] GC(252192) Using 9 workers of 9 for evacuation
[1366029.498s][info][gc,heap      ] GC(252192) ParNew: 114373K->2019K(118016K)
[1366029.498s][info][gc,heap      ] GC(252192) CMS: 1529267K->1538107K(1966080K)
[1366029.498s][info][gc,metaspace ] GC(252192) Metaspace: 95515K(98212K)->95515K(98212K) NonClass: 86277K(88004K)->86277K(88004K) Class: 9238K(10208K)->9238K(10208K)
[1366029.499s][info][gc           ] GC(252192) Pause Young (Allocation Failure) 1605M->1504M(2035M) 5.034ms
[1366029.499s][info][gc,cpu       ] GC(252192) User=0.00s Sys=0.00s Real=0.00s
[1366033.998s][info][gc,start     ] GC(252193) Pause Young (Allocation Failure)
[1366033.998s][info][gc,task      ] GC(252193) Using 9 workers of 9 for evacuation
[1366034.003s][info][gc,heap      ] GC(252193) ParNew: 106979K->9335K(118016K)
[1366034.003s][info][gc,heap      ] GC(252193) CMS: 1538107K->1538107K(1966080K)
[1366034.003s][info][gc,metaspace ] GC(252193) Metaspace: 95515K(98212K)->95515K(98212K) NonClass: 86277K(88004K)->86277K(88004K) Class: 9238K(10208K)->9238K(10208K)
[1366034.003s][info][gc           ] GC(252193) Pause Young (Allocation Failure) 1606M->1511M(2035M) 4.536ms
[1366034.003s][info][gc,cpu       ] GC(252193) User=0.00s Sys=0.00s Real=0.00s
[1366038.867s][info][gc,start     ] GC(252194) Pause Young (Allocation Failure)
[1366038.867s][info][gc,task      ] GC(252194) Using 9 workers of 9 for evacuation
[1366038.872s][info][gc,heap      ] GC(252194) ParNew: 114295K->1904K(118016K)
[1366038.872s][info][gc,heap      ] GC(252194) CMS: 1538107K->1546856K(1966080K)
[1366038.872s][info][gc,metaspace ] GC(252194) Metaspace: 95515K(98212K)->95515K(98212K) NonClass: 86277K(88004K)->86277K(88004K) Class: 9238K(10208K)->9238K(10208K)
[1366038.872s][info][gc           ] GC(252194) Pause Young (Allocation Failure) 1613M->1512M(2035M) 5.361ms
[1366038.872s][info][gc,cpu       ] GC(252194) User=0.14s Sys=0.00s Real=0.02s
[1366043.041s][info][gc,start     ] GC(252195) Pause Young (Allocation Failure)
[1366043.041s][info][gc,task      ] GC(252195) Using 9 workers of 9 for evacuation
[1366043.046s][info][gc,heap      ] GC(252195) ParNew: 106864K->694K(118016K)
[1366043.046s][info][gc,heap      ] GC(252195) CMS: 1546856K->1546856K(1966080K)
[1366043.046s][info][gc,metaspace ] GC(252195) Metaspace: 95515K(98212K)->95515K(98212K) NonClass: 86277K(88004K)->86277K(88004K) Class: 9238K(10208K)->9238K(10208K)
[1366043.046s][info][gc           ] GC(252195) Pause Young (Allocation Failure) 1614M->1511M(2035M) 4.898ms
[1366043.046s][info][gc,cpu       ] GC(252195) User=0.00s Sys=0.00s Real=0.00s
[1366046.202s][info][gc,start     ] GC(252196) Pause Young (Allocation Failure)
[1366046.202s][info][gc,task      ] GC(252196) Using 9 workers of 9 for evacuation
[1366046.206s][info][gc,heap      ] GC(252196) ParNew: 105654K->9262K(118016K)
[1366046.206s][info][gc,heap      ] GC(252196) CMS: 1546856K->1546856K(1966080K)
[1366046.206s][info][gc,metaspace ] GC(252196) Metaspace: 95515K(98212K)->95515K(98212K) NonClass: 86277K(88004K)->86277K(88004K) Class: 9238K(10208K)->9238K(10208K)
[1366046.206s][info][gc           ] GC(252196) Pause Young (Allocation Failure) 1613M->1519M(2035M) 4.533ms
[1366046.206s][info][gc,cpu       ] GC(252196) User=0.00s Sys=0.00s Real=0.00s
[1366051.588s][info][gc,start     ] GC(252197) Pause Young (Allocation Failure)
[1366051.588s][info][gc,task      ] GC(252197) Using 9 workers of 9 for evacuation
[1366051.593s][info][gc,heap      ] GC(252197) ParNew: 114222K->1285K(118016K)
[1366051.593s][info][gc,heap      ] GC(252197) CMS: 1546856K->1555706K(1966080K)
[1366051.593s][info][gc,metaspace ] GC(252197) Metaspace: 95515K(98212K)->95515K(98212K) NonClass: 86277K(88004K)->86277K(88004K) Class: 9238K(10208K)->9238K(10208K)
[1366051.593s][info][gc           ] GC(252197) Pause Young (Allocation Failure) 1622M->1520M(2035M) 5.324ms
[1366051.593s][info][gc,cpu       ] GC(252197) User=0.00s Sys=0.00s Real=0.00s
[1366054.336s][info][gc,start     ] GC(252198) Pause Young (Allocation Failure)
[1366054.336s][info][gc,task      ] GC(252198) Using 9 workers of 9 for evacuation
[1366054.340s][info][gc,heap      ] GC(252198) ParNew: 106245K->9362K(118016K)
[1366054.340s][info][gc,heap      ] GC(252198) CMS: 1555706K->1555706K(1966080K)
[1366054.340s][info][gc,metaspace ] GC(252198) Metaspace: 95515K(98212K)->95515K(98212K) NonClass: 86277K(88004K)->86277K(88004K) Class: 9238K(10208K)->9238K(10208K)
[1366054.340s][info][gc           ] GC(252198) Pause Young (Allocation Failure) 1623M->1528M(2035M) 4.647ms
[1366054.340s][info][gc,cpu       ] GC(252198) User=0.00s Sys=0.00s Real=0.00s
[1366058.532s][info][gc,start     ] GC(252199) Pause Young (Allocation Failure)
[1366058.532s][info][gc,task      ] GC(252199) Using 9 workers of 9 for evacuation
[1366058.537s][info][gc,heap      ] GC(252199) ParNew: 114322K->1430K(118016K)
[1366058.537s][info][gc,heap      ] GC(252199) CMS: 1555706K->1564528K(1966080K)
[1366058.537s][info][gc,metaspace ] GC(252199) Metaspace: 95515K(98212K)->95515K(98212K) NonClass: 86277K(88004K)->86277K(88004K) Class: 9238K(10208K)->9238K(10208K)
[1366058.537s][info][gc           ] GC(252199) Pause Young (Allocation Failure) 1630M->1529M(2035M) 5.305ms
[1366058.537s][info][gc,cpu       ] GC(252199) User=0.00s Sys=0.00s Real=0.00s
[1366064.381s][info][gc,start     ] GC(252200) Pause Young (Allocation Failure)
[1366064.381s][info][gc,task      ] GC(252200) Using 9 workers of 9 for evacuation
[1366064.385s][info][gc,heap      ] GC(252200) ParNew: 106383K->1976K(118016K)
[1366064.385s][info][gc,heap      ] GC(252200) CMS: 1564528K->1564528K(1966080K)
[1366064.385s][info][gc,metaspace ] GC(252200) Metaspace: 95515K(98212K)->95515K(98212K) NonClass: 86277K(88004K)->86277K(88004K) Class: 9238K(10208K)->9238K(10208K)
[1366064.385s][info][gc           ] GC(252200) Pause Young (Allocation Failure) 1631M->1529M(2035M) 4.361ms
[1366064.385s][info][gc,cpu       ] GC(252200) User=0.14s Sys=0.00s Real=0.02s
[1366068.969s][info][gc,start     ] GC(252201) Pause Young (Allocation Failure)
[1366068.969s][info][gc,task      ] GC(252201) Using 9 workers of 9 for evacuation
[1366068.973s][info][gc,heap      ] GC(252201) ParNew: 106936K->9451K(118016K)
[1366068.973s][info][gc,heap      ] GC(252201) CMS: 1564528K->1564528K(1966080K)
[1366068.973s][info][gc,metaspace ] GC(252201) Metaspace: 95515K(98212K)->95515K(98212K) NonClass: 86277K(88004K)->86277K(88004K) Class: 9238K(10208K)->9238K(10208K)
[1366068.973s][info][gc           ] GC(252201) Pause Young (Allocation Failure) 1632M->1537M(2035M) 4.393ms
[1366068.973s][info][gc,cpu       ] GC(252201) User=0.11s Sys=0.02s Real=0.01s
[1366074.561s][info][gc,start     ] GC(252202) Pause Young (Allocation Failure)
[1366074.561s][info][gc,task      ] GC(252202) Using 9 workers of 9 for evacuation
[1366074.565s][info][gc,heap      ] GC(252202) ParNew: 114411K->10461K(118016K)
[1366074.565s][info][gc,heap      ] GC(252202) CMS: 1564528K->1564720K(1966080K)
[1366074.565s][info][gc,metaspace ] GC(252202) Metaspace: 95515K(98212K)->95515K(98212K) NonClass: 86277K(88004K)->86277K(88004K) Class: 9238K(10208K)->9238K(10208K)
[1366074.565s][info][gc           ] GC(252202) Pause Young (Allocation Failure) 1639M->1538M(2035M) 4.538ms
[1366074.565s][info][gc,cpu       ] GC(252202) User=0.00s Sys=0.00s Real=0.00s
[1366079.973s][info][gc,start     ] GC(252203) Pause Young (Allocation Failure)
[1366079.973s][info][gc,task      ] GC(252203) Using 9 workers of 9 for evacuation
[1366079.978s][info][gc,heap      ] GC(252203) ParNew: 115421K->3153K(118016K)
[1366079.978s][info][gc,heap      ] GC(252203) CMS: 1564720K->1573459K(1966080K)
[1366079.978s][info][gc,metaspace ] GC(252203) Metaspace: 95515K(98212K)->95515K(98212K) NonClass: 86277K(88004K)->86277K(88004K) Class: 9238K(10208K)->9238K(10208K)
[1366079.978s][info][gc           ] GC(252203) Pause Young (Allocation Failure) 1640M->1539M(2035M) 5.284ms
[1366079.979s][info][gc,cpu       ] GC(252203) User=0.09s Sys=0.00s Real=0.02s
[1366083.945s][info][gc,start     ] GC(252204) Pause Young (Allocation Failure)
[1366083.945s][info][gc,task      ] GC(252204) Using 9 workers of 9 for evacuation
[1366083.949s][info][gc,heap      ] GC(252204) ParNew: 108108K->1135K(118016K)
[1366083.950s][info][gc,heap      ] GC(252204) CMS: 1573459K->1573459K(1966080K)
[1366083.950s][info][gc,metaspace ] GC(252204) Metaspace: 95515K(98212K)->95515K(98212K) NonClass: 86277K(88004K)->86277K(88004K) Class: 9238K(10208K)->9238K(10208K)
[1366083.950s][info][gc           ] GC(252204) Pause Young (Allocation Failure) 1642M->1537M(2035M) 4.581ms
[1366083.950s][info][gc,cpu       ] GC(252204) User=0.00s Sys=0.00s Real=0.00s
[1366087.776s][info][gc,start     ] GC(252205) Pause Young (Allocation Failure)
[1366087.776s][info][gc,task      ] GC(252205) Using 9 workers of 9 for evacuation
[1366087.780s][info][gc,heap      ] GC(252205) ParNew: 106095K->9502K(118016K)
[1366087.781s][info][gc,heap      ] GC(252205) CMS: 1573459K->1573459K(1966080K)
[1366087.781s][info][gc,metaspace ] GC(252205) Metaspace: 95515K(98212K)->95515K(98212K) NonClass: 86277K(88004K)->86277K(88004K) Class: 9238K(10208K)->9238K(10208K)
[1366087.781s][info][gc           ] GC(252205) Pause Young (Allocation Failure) 1640M->1545M(2035M) 4.722ms
[1366087.781s][info][gc,cpu       ] GC(252205) User=0.00s Sys=0.00s Real=0.00s
[1366093.618s][info][gc,start     ] GC(252206) Pause Young (Allocation Failure)
[1366093.618s][info][gc,task      ] GC(252206) Using 9 workers of 9 for evacuation
[1366093.623s][info][gc,heap      ] GC(252206) ParNew: 114462K->1606K(118016K)
[1366093.623s][info][gc,heap      ] GC(252206) CMS: 1573459K->1582470K(1966080K)
[1366093.623s][info][gc,metaspace ] GC(252206) Metaspace: 95515K(98212K)->95515K(98212K) NonClass: 86277K(88004K)->86277K(88004K) Class: 9238K(10208K)->9238K(10208K)
[1366093.623s][info][gc           ] GC(252206) Pause Young (Allocation Failure) 1648M->1546M(2035M) 5.066ms
[1366093.623s][info][gc,cpu       ] GC(252206) User=0.14s Sys=0.00s Real=0.02s
[1366099.574s][info][gc,start     ] GC(252207) Pause Young (Allocation Failure)
[1366099.574s][info][gc,task      ] GC(252207) Using 9 workers of 9 for evacuation
[1366099.579s][info][gc,heap      ] GC(252207) ParNew: 106566K->9252K(118016K)
[1366099.579s][info][gc,heap      ] GC(252207) CMS: 1582470K->1582470K(1966080K)
[1366099.579s][info][gc,metaspace ] GC(252207) Metaspace: 95515K(98212K)->95515K(98212K) NonClass: 86277K(88004K)->86277K(88004K) Class: 9238K(10208K)->9238K(10208K)
[1366099.579s][info][gc           ] GC(252207) Pause Young (Allocation Failure) 1649M->1554M(2035M) 5.087ms
[1366099.579s][info][gc,cpu       ] GC(252207) User=0.02s Sys=0.00s Real=0.02s
[1366105.018s][info][gc,start     ] GC(252208) Pause Young (Allocation Failure)
[1366105.019s][info][gc,task      ] GC(252208) Using 9 workers of 9 for evacuation
[1366105.023s][info][gc,heap      ] GC(252208) ParNew: 114205K->3488K(118016K)
[1366105.023s][info][gc,heap      ] GC(252208) CMS: 1582470K->1582592K(1966080K)
[1366105.023s][info][gc,metaspace ] GC(252208) Metaspace: 95515K(98212K)->95515K(98212K) NonClass: 86277K(88004K)->86277K(88004K) Class: 9238K(10208K)->9238K(10208K)
[1366105.023s][info][gc           ] GC(252208) Pause Young (Allocation Failure) 1656M->1548M(2035M) 4.650ms
[1366105.023s][info][gc,cpu       ] GC(252208) User=0.00s Sys=0.00s Real=0.00s
[1366108.766s][info][gc,start     ] GC(252209) Pause Young (Allocation Failure)
[1366108.766s][info][gc,task      ] GC(252209) Using 9 workers of 9 for evacuation
[1366108.771s][info][gc,heap      ] GC(252209) ParNew: 108448K->9519K(118016K)
[1366108.771s][info][gc,heap      ] GC(252209) CMS: 1582592K->1582592K(1966080K)
[1366108.771s][info][gc,metaspace ] GC(252209) Metaspace: 95515K(98212K)->95515K(98212K) NonClass: 86277K(88004K)->86277K(88004K) Class: 9238K(10208K)->9238K(10208K)
[1366108.771s][info][gc           ] GC(252209) Pause Young (Allocation Failure) 1651M->1554M(2035M) 4.843ms
[1366108.771s][info][gc,cpu       ] GC(252209) User=0.00s Sys=0.00s Real=0.00s
[1366114.200s][info][gc,start     ] GC(252210) Pause Young (Allocation Failure)
[1366114.200s][info][gc,task      ] GC(252210) Using 9 workers of 9 for evacuation
[1366114.204s][info][gc,heap      ] GC(252210) ParNew: 114479K->2111K(118016K)
[1366114.204s][info][gc,heap      ] GC(252210) CMS: 1582592K->1582775K(1966080K)
[1366114.204s][info][gc,metaspace ] GC(252210) Metaspace: 95515K(98212K)->95515K(98212K) NonClass: 86277K(88004K)->86277K(88004K) Class: 9238K(10208K)->9238K(10208K)
[1366114.204s][info][gc           ] GC(252210) Pause Young (Allocation Failure) 1657M->1547M(2035M) 4.117ms
[1366114.204s][info][gc,cpu       ] GC(252210) User=0.00s Sys=0.00s Real=0.00s
[1366118.966s][info][gc,start     ] GC(252211) Pause Young (Allocation Failure)
[1366118.966s][info][gc,task      ] GC(252211) Using 9 workers of 9 for evacuation
[1366118.971s][info][gc,heap      ] GC(252211) ParNew: 107071K->9398K(118016K)
[1366118.971s][info][gc,heap      ] GC(252211) CMS: 1582775K->1582775K(1966080K)
[1366118.971s][info][gc,metaspace ] GC(252211) Metaspace: 95515K(98212K)->95515K(98212K) NonClass: 86277K(88004K)->86277K(88004K) Class: 9238K(10208K)->9238K(10208K)
[1366118.971s][info][gc           ] GC(252211) Pause Young (Allocation Failure) 1650M->1554M(2035M) 4.824ms
[1366118.971s][info][gc,cpu       ] GC(252211) User=0.00s Sys=0.00s Real=0.00s
[1366123.623s][info][gc,start     ] GC(252212) Pause Young (Allocation Failure)
[1366123.623s][info][gc,task      ] GC(252212) Using 9 workers of 9 for evacuation
[1366123.628s][info][gc,heap      ] GC(252212) ParNew: 114358K->1928K(118016K)
[1366123.628s][info][gc,heap      ] GC(252212) CMS: 1582775K->1591608K(1966080K)
[1366123.628s][info][gc,metaspace ] GC(252212) Metaspace: 95515K(98212K)->95515K(98212K) NonClass: 86277K(88004K)->86277K(88004K) Class: 9238K(10208K)->9238K(10208K)
[1366123.628s][info][gc           ] GC(252212) Pause Young (Allocation Failure) 1657M->1556M(2035M) 5.285ms
[1366123.628s][info][gc,cpu       ] GC(252212) User=0.02s Sys=0.00s Real=0.02s
[1366127.353s][info][gc,start     ] GC(252213) Pause Young (Allocation Failure)
[1366127.353s][info][gc,task      ] GC(252213) Using 9 workers of 9 for evacuation
[1366127.359s][info][gc,heap      ] GC(252213) ParNew: 106888K->9397K(118016K)
[1366127.359s][info][gc,heap      ] GC(252213) CMS: 1591608K->1591608K(1966080K)
[1366127.359s][info][gc,metaspace ] GC(252213) Metaspace: 95515K(98212K)->95515K(98212K) NonClass: 86277K(88004K)->86277K(88004K) Class: 9238K(10208K)->9238K(10208K)
[1366127.359s][info][gc           ] GC(252213) Pause Young (Allocation Failure) 1658M->1563M(2035M) 5.833ms
[1366127.359s][info][gc,cpu       ] GC(252213) User=0.14s Sys=0.00s Real=0.02s
[1366132.410s][info][gc,start     ] GC(252214) Pause Young (Allocation Failure)
[1366132.410s][info][gc,task      ] GC(252214) Using 9 workers of 9 for evacuation
[1366132.414s][info][gc,heap      ] GC(252214) ParNew: 114357K->2005K(118016K)
[1366132.414s][info][gc,heap      ] GC(252214) CMS: 1591608K->1600478K(1966080K)
[1366132.414s][info][gc,metaspace ] GC(252214) Metaspace: 95515K(98212K)->95515K(98212K) NonClass: 86277K(88004K)->86277K(88004K) Class: 9238K(10208K)->9238K(10208K)
[1366132.414s][info][gc           ] GC(252214) Pause Young (Allocation Failure) 1665M->1564M(2035M) 4.822ms
[1366132.415s][info][gc,cpu       ] GC(252214) User=0.00s Sys=0.00s Real=0.00s
[1366136.229s][info][gc,start     ] GC(252215) Pause Young (Allocation Failure)
[1366136.229s][info][gc,task      ] GC(252215) Using 9 workers of 9 for evacuation
[1366136.233s][info][gc,heap      ] GC(252215) ParNew: 106965K->9337K(118016K)
[1366136.234s][info][gc,heap      ] GC(252215) CMS: 1600478K->1600478K(1966080K)
[1366136.234s][info][gc,metaspace ] GC(252215) Metaspace: 95515K(98212K)->95515K(98212K) NonClass: 86277K(88004K)->86277K(88004K) Class: 9238K(10208K)->9238K(10208K)
[1366136.234s][info][gc           ] GC(252215) Pause Young (Allocation Failure) 1667M->1572M(2035M) 5.264ms
[1366136.234s][info][gc,cpu       ] GC(252215) User=0.14s Sys=0.00s Real=0.02s
[1366141.069s][info][gc,start     ] GC(252216) Pause Young (Allocation Failure)
[1366141.069s][info][gc,task      ] GC(252216) Using 9 workers of 9 for evacuation
[1366141.074s][info][gc,heap      ] GC(252216) ParNew: 114297K->1957K(118016K)
[1366141.074s][info][gc,heap      ] GC(252216) CMS: 1600478K->1609266K(1966080K)
[1366141.074s][info][gc,metaspace ] GC(252216) Metaspace: 95515K(98212K)->95515K(98212K) NonClass: 86277K(88004K)->86277K(88004K) Class: 9238K(10208K)->9238K(10208K)
[1366141.074s][info][gc           ] GC(252216) Pause Young (Allocation Failure) 1674M->1573M(2035M) 5.190ms
[1366141.074s][info][gc,cpu       ] GC(252216) User=0.00s Sys=0.00s Real=0.00s
[1366145.513s][info][gc,start     ] GC(252217) Pause Young (Allocation Failure)
[1366145.513s][info][gc,task      ] GC(252217) Using 9 workers of 9 for evacuation
[1366145.518s][info][gc,heap      ] GC(252217) ParNew: 106917K->778K(118016K)
[1366145.518s][info][gc,heap      ] GC(252217) CMS: 1609266K->1609266K(1966080K)
[1366145.518s][info][gc,metaspace ] GC(252217) Metaspace: 95515K(98212K)->95515K(98212K) NonClass: 86277K(88004K)->86277K(88004K) Class: 9238K(10208K)->9238K(10208K)
[1366145.518s][info][gc           ] GC(252217) Pause Young (Allocation Failure) 1675M->1572M(2035M) 4.659ms
[1366145.518s][info][gc,cpu       ] GC(252217) User=0.00s Sys=0.00s Real=0.00s
[1366148.903s][info][gc,start     ] GC(252218) Pause Young (Allocation Failure)
[1366148.903s][info][gc,task      ] GC(252218) Using 9 workers of 9 for evacuation
[1366148.908s][info][gc,heap      ] GC(252218) ParNew: 105738K->9428K(118016K)
[1366148.908s][info][gc,heap      ] GC(252218) CMS: 1609266K->1609266K(1966080K)
[1366148.908s][info][gc,metaspace ] GC(252218) Metaspace: 95515K(98212K)->95515K(98212K) NonClass: 86277K(88004K)->86277K(88004K) Class: 9238K(10208K)->9238K(10208K)
[1366148.908s][info][gc           ] GC(252218) Pause Young (Allocation Failure) 1674M->1580M(2035M) 4.744ms
[1366148.908s][info][gc,cpu       ] GC(252218) User=0.03s Sys=0.02s Real=0.02s
[1366156.400s][info][gc,start     ] GC(252219) Pause Young (Allocation Failure)
[1366156.400s][info][gc,task      ] GC(252219) Using 9 workers of 9 for evacuation
[1366156.405s][info][gc,heap      ] GC(252219) ParNew: 114388K->1489K(118016K)
[1366156.405s][info][gc,heap      ] GC(252219) CMS: 1609266K->1609560K(1966080K)
[1366156.405s][info][gc,metaspace ] GC(252219) Metaspace: 95515K(98212K)->95515K(98212K) NonClass: 86277K(88004K)->86277K(88004K) Class: 9238K(10208K)->9238K(10208K)
[1366156.405s][info][gc           ] GC(252219) Pause Young (Allocation Failure) 1683M->1573M(2035M) 4.669ms
[1366156.405s][info][gc,cpu       ] GC(252219) User=0.14s Sys=0.00s Real=0.02s
[1366160.029s][info][gc,start     ] GC(252220) Pause Young (Allocation Failure)
[1366160.029s][info][gc,task      ] GC(252220) Using 9 workers of 9 for evacuation
[1366160.033s][info][gc,heap      ] GC(252220) ParNew: 106449K->9304K(118016K)
[1366160.033s][info][gc,heap      ] GC(252220) CMS: 1609560K->1609560K(1966080K)
[1366160.034s][info][gc,metaspace ] GC(252220) Metaspace: 95515K(98212K)->95515K(98212K) NonClass: 86277K(88004K)->86277K(88004K) Class: 9238K(10208K)->9238K(10208K)
[1366160.034s][info][gc           ] GC(252220) Pause Young (Allocation Failure) 1675M->1580M(2035M) 4.285ms
[1366160.034s][info][gc,cpu       ] GC(252220) User=0.06s Sys=0.00s Real=0.01s
[1366165.143s][info][gc,start     ] GC(252221) Pause Young (Allocation Failure)
[1366165.143s][info][gc,task      ] GC(252221) Using 9 workers of 9 for evacuation
[1366165.148s][info][gc,heap      ] GC(252221) ParNew: 114264K->1646K(118016K)
[1366165.148s][info][gc,heap      ] GC(252221) CMS: 1609560K->1609691K(1966080K)
[1366165.148s][info][gc,metaspace ] GC(252221) Metaspace: 95515K(98212K)->95515K(98212K) NonClass: 86277K(88004K)->86277K(88004K) Class: 9238K(10208K)->9238K(10208K)
[1366165.148s][info][gc           ] GC(252221) Pause Young (Allocation Failure) 1683M->1573M(2035M) 4.514ms
[1366165.148s][info][gc,cpu       ] GC(252221) User=0.00s Sys=0.00s Real=0.00s
[1366169.276s][info][gc,start     ] GC(252222) Pause Young (Allocation Failure)
[1366169.276s][info][gc,task      ] GC(252222) Using 9 workers of 9 for evacuation
[1366169.280s][info][gc,heap      ] GC(252222) ParNew: 106606K->9429K(118016K)
[1366169.280s][info][gc,heap      ] GC(252222) CMS: 1609691K->1609691K(1966080K)
[1366169.280s][info][gc,metaspace ] GC(252222) Metaspace: 95515K(98212K)->95515K(98212K) NonClass: 86277K(88004K)->86277K(88004K) Class: 9238K(10208K)->9238K(10208K)
[1366169.280s][info][gc           ] GC(252222) Pause Young (Allocation Failure) 1676M->1581M(2035M) 4.738ms
[1366169.280s][info][gc,cpu       ] GC(252222) User=0.00s Sys=0.00s Real=0.01s
[1366175.810s][info][gc,start     ] GC(252223) Pause Young (Allocation Failure)
[1366175.810s][info][gc,task      ] GC(252223) Using 9 workers of 9 for evacuation
[1366175.815s][info][gc,heap      ] GC(252223) ParNew: 114389K->1779K(118016K)
[1366175.815s][info][gc,heap      ] GC(252223) CMS: 1609691K->1609891K(1966080K)
[1366175.815s][info][gc,metaspace ] GC(252223) Metaspace: 95515K(98212K)->95515K(98212K) NonClass: 86277K(88004K)->86277K(88004K) Class: 9238K(10208K)->9238K(10208K)
[1366175.815s][info][gc           ] GC(252223) Pause Young (Allocation Failure) 1683M->1573M(2035M) 4.776ms
[1366175.815s][info][gc,cpu       ] GC(252223) User=0.03s Sys=0.02s Real=0.02s
[1366180.033s][info][gc,start     ] GC(252224) Pause Young (Allocation Failure)
[1366180.033s][info][gc,task      ] GC(252224) Using 9 workers of 9 for evacuation
[1366180.038s][info][gc,heap      ] GC(252224) ParNew: 106739K->9201K(118016K)
[1366180.038s][info][gc,heap      ] GC(252224) CMS: 1609891K->1609891K(1966080K)
[1366180.038s][info][gc,metaspace ] GC(252224) Metaspace: 95515K(98212K)->95515K(98212K) NonClass: 86277K(88004K)->86277K(88004K) Class: 9238K(10208K)->9238K(10208K)
[1366180.038s][info][gc           ] GC(252224) Pause Young (Allocation Failure) 1676M->1581M(2035M) 5.164ms
[1366180.038s][info][gc,cpu       ] GC(252224) User=0.00s Sys=0.00s Real=0.00s
[1366184.353s][info][gc,start     ] GC(252225) Pause Young (Allocation Failure)
[1366184.353s][info][gc,task      ] GC(252225) Using 9 workers of 9 for evacuation
[1366184.357s][info][gc,heap      ] GC(252225) ParNew: 114161K->1628K(118016K)
[1366184.357s][info][gc,heap      ] GC(252225) CMS: 1609891K->1609966K(1966080K)
[1366184.357s][info][gc,metaspace ] GC(252225) Metaspace: 95515K(98212K)->95515K(98212K) NonClass: 86277K(88004K)->86277K(88004K) Class: 9238K(10208K)->9238K(10208K)
[1366184.358s][info][gc           ] GC(252225) Pause Young (Allocation Failure) 1683M->1573M(2035M) 4.678ms
[1366184.358s][info][gc,cpu       ] GC(252225) User=0.00s Sys=0.00s Real=0.00s
[1366188.691s][info][gc,start     ] GC(252226) Pause Young (Allocation Failure)
[1366188.692s][info][gc,task      ] GC(252226) Using 9 workers of 9 for evacuation
[1366188.696s][info][gc,heap      ] GC(252226) ParNew: 106588K->9402K(118016K)
[1366188.696s][info][gc,heap      ] GC(252226) CMS: 1609966K->1609966K(1966080K)
[1366188.696s][info][gc,metaspace ] GC(252226) Metaspace: 95515K(98212K)->95515K(98212K) NonClass: 86277K(88004K)->86277K(88004K) Class: 9238K(10208K)->9238K(10208K)
[1366188.696s][info][gc           ] GC(252226) Pause Young (Allocation Failure) 1676M->1581M(2035M) 4.756ms
[1366188.696s][info][gc,cpu       ] GC(252226) User=0.02s Sys=0.00s Real=0.02s
[1366191.820s][info][gc,start     ] GC(252227) Pause Young (Allocation Failure)
[1366191.821s][info][gc,task      ] GC(252227) Using 9 workers of 9 for evacuation
[1366191.825s][info][gc,heap      ] GC(252227) ParNew: 114362K->1835K(118016K)
[1366191.825s][info][gc,heap      ] GC(252227) CMS: 1609966K->1618805K(1966080K)
[1366191.825s][info][gc,metaspace ] GC(252227) Metaspace: 95515K(98212K)->95515K(98212K) NonClass: 86277K(88004K)->86277K(88004K) Class: 9238K(10208K)->9238K(10208K)
[1366191.825s][info][gc           ] GC(252227) Pause Young (Allocation Failure) 1683M->1582M(2035M) 4.847ms
[1366191.825s][info][gc,cpu       ] GC(252227) User=0.05s Sys=0.00s Real=0.02s
[1366194.984s][info][gc,start     ] GC(252228) Pause Young (Allocation Failure)
[1366194.984s][info][gc,task      ] GC(252228) Using 9 workers of 9 for evacuation
[1366194.988s][info][gc,heap      ] GC(252228) ParNew: 106795K->821K(118016K)
[1366194.988s][info][gc,heap      ] GC(252228) CMS: 1618805K->1618805K(1966080K)
[1366194.988s][info][gc,metaspace ] GC(252228) Metaspace: 95515K(98212K)->95515K(98212K) NonClass: 86277K(88004K)->86277K(88004K) Class: 9238K(10208K)->9238K(10208K)
[1366194.988s][info][gc           ] GC(252228) Pause Young (Allocation Failure) 1685M->1581M(2035M) 4.196ms
[1366194.988s][info][gc,cpu       ] GC(252228) User=0.00s Sys=0.00s Real=0.00s
[1366198.630s][info][gc,start     ] GC(252229) Pause Young (Allocation Failure)
[1366198.630s][info][gc,task      ] GC(252229) Using 9 workers of 9 for evacuation
[1366198.634s][info][gc,heap      ] GC(252229) ParNew: 105781K->9358K(118016K)
[1366198.634s][info][gc,heap      ] GC(252229) CMS: 1618805K->1618805K(1966080K)
[1366198.634s][info][gc,metaspace ] GC(252229) Metaspace: 95515K(98212K)->95515K(98212K) NonClass: 86277K(88004K)->86277K(88004K) Class: 9238K(10208K)->9238K(10208K)
[1366198.634s][info][gc           ] GC(252229) Pause Young (Allocation Failure) 1684M->1590M(2035M) 4.642ms
[1366198.634s][info][gc,cpu       ] GC(252229) User=0.00s Sys=0.00s Real=0.00s
[1366203.332s][info][gc,start     ] GC(252230) Pause Young (Allocation Failure)
[1366203.332s][info][gc,task      ] GC(252230) Using 9 workers of 9 for evacuation
[1366203.337s][info][gc,heap      ] GC(252230) ParNew: 114318K->1356K(118016K)
[1366203.337s][info][gc,heap      ] GC(252230) CMS: 1618805K->1627737K(1966080K)
[1366203.337s][info][gc,metaspace ] GC(252230) Metaspace: 95515K(98212K)->95515K(98212K) NonClass: 86277K(88004K)->86277K(88004K) Class: 9238K(10208K)->9238K(10208K)
[1366203.337s][info][gc           ] GC(252230) Pause Young (Allocation Failure) 1692M->1590M(2035M) 4.818ms
[1366203.337s][info][gc,cpu       ] GC(252230) User=0.00s Sys=0.00s Real=0.00s
[1366206.468s][info][gc,start     ] GC(252231) Pause Young (Allocation Failure)
[1366206.468s][info][gc,task      ] GC(252231) Using 9 workers of 9 for evacuation
[1366206.473s][info][gc,heap      ] GC(252231) ParNew: 106304K->777K(118016K)
[1366206.473s][info][gc,heap      ] GC(252231) CMS: 1627737K->1627737K(1966080K)
[1366206.473s][info][gc,metaspace ] GC(252231) Metaspace: 95515K(98212K)->95515K(98212K) NonClass: 86277K(88004K)->86277K(88004K) Class: 9238K(10208K)->9238K(10208K)
[1366206.473s][info][gc           ] GC(252231) Pause Young (Allocation Failure) 1693M->1590M(2035M) 4.444ms
[1366206.473s][info][gc,cpu       ] GC(252231) User=0.00s Sys=0.00s Real=0.00s
[1366209.274s][info][gc,start     ] GC(252232) Pause Young (Allocation Failure)
[1366209.274s][info][gc,task      ] GC(252232) Using 9 workers of 9 for evacuation
[1366209.278s][info][gc,heap      ] GC(252232) ParNew: 105737K->9359K(118016K)
[1366209.278s][info][gc,heap      ] GC(252232) CMS: 1627737K->1627737K(1966080K)
[1366209.278s][info][gc,metaspace ] GC(252232) Metaspace: 95515K(98212K)->95515K(98212K) NonClass: 86277K(88004K)->86277K(88004K) Class: 9238K(10208K)->9238K(10208K)
[1366209.278s][info][gc           ] GC(252232) Pause Young (Allocation Failure) 1692M->1598M(2035M) 4.725ms
[1366209.278s][info][gc,cpu       ] GC(252232) User=0.00s Sys=0.00s Real=0.00s
[1366213.236s][info][gc,start     ] GC(252233) Pause Young (Allocation Failure)
[1366213.236s][info][gc,task      ] GC(252233) Using 9 workers of 9 for evacuation
[1366213.241s][info][gc,heap      ] GC(252233) ParNew: 114319K->1281K(118016K)
[1366213.241s][info][gc,heap      ] GC(252233) CMS: 1627737K->1636676K(1966080K)
[1366213.241s][info][gc,metaspace ] GC(252233) Metaspace: 95515K(98212K)->95515K(98212K) NonClass: 86277K(88004K)->86277K(88004K) Class: 9238K(10208K)->9238K(10208K)
[1366213.241s][info][gc           ] GC(252233) Pause Young (Allocation Failure) 1701M->1599M(2035M) 5.170ms
[1366213.241s][info][gc,cpu       ] GC(252233) User=0.00s Sys=0.00s Real=0.00s
[1366216.889s][info][gc,start     ] GC(252234) Pause Young (Allocation Failure)
[1366216.889s][info][gc,task      ] GC(252234) Using 9 workers of 9 for evacuation
[1366216.893s][info][gc,heap      ] GC(252234) ParNew: 106241K->814K(118016K)
[1366216.893s][info][gc,heap      ] GC(252234) CMS: 1636676K->1636676K(1966080K)
[1366216.893s][info][gc,metaspace ] GC(252234) Metaspace: 95515K(98212K)->95515K(98212K) NonClass: 86277K(88004K)->86277K(88004K) Class: 9238K(10208K)->9238K(10208K)
[1366216.893s][info][gc           ] GC(252234) Pause Young (Allocation Failure) 1702M->1599M(2035M) 4.137ms
[1366216.893s][info][gc,cpu       ] GC(252234) User=0.14s Sys=0.00s Real=0.02s
[1366220.104s][info][gc,start     ] GC(252235) Pause Young (Allocation Failure)
[1366220.105s][info][gc,task      ] GC(252235) Using 9 workers of 9 for evacuation
[1366220.109s][info][gc,heap      ] GC(252235) ParNew: 105774K->9465K(118016K)
[1366220.109s][info][gc,heap      ] GC(252235) CMS: 1636676K->1636676K(1966080K)
[1366220.109s][info][gc,metaspace ] GC(252235) Metaspace: 95515K(98212K)->95515K(98212K) NonClass: 86277K(88004K)->86277K(88004K) Class: 9238K(10208K)->9238K(10208K)
[1366220.109s][info][gc           ] GC(252235) Pause Young (Allocation Failure) 1701M->1607M(2035M) 4.573ms
[1366220.109s][info][gc,cpu       ] GC(252235) User=0.00s Sys=0.00s Real=0.00s
[1366223.847s][info][gc,start     ] GC(252236) Pause Young (Allocation Failure)
[1366223.847s][info][gc,task      ] GC(252236) Using 9 workers of 9 for evacuation
[1366223.852s][info][gc,heap      ] GC(252236) ParNew: 114425K->1660K(118016K)
[1366223.852s][info][gc,heap      ] GC(252236) CMS: 1636676K->1645612K(1966080K)
[1366223.852s][info][gc,metaspace ] GC(252236) Metaspace: 95515K(98212K)->95515K(98212K) NonClass: 86277K(88004K)->86277K(88004K) Class: 9238K(10208K)->9238K(10208K)
[1366223.852s][info][gc           ] GC(252236) Pause Young (Allocation Failure) 1710M->1608M(2035M) 5.085ms
[1366223.852s][info][gc,cpu       ] GC(252236) User=0.00s Sys=0.00s Real=0.00s
[1366227.472s][info][gc,start     ] GC(252237) Pause Young (Allocation Failure)
[1366227.473s][info][gc,task      ] GC(252237) Using 9 workers of 9 for evacuation
[1366227.476s][info][gc,heap      ] GC(252237) ParNew: 106620K->669K(118016K)
[1366227.476s][info][gc,heap      ] GC(252237) CMS: 1645612K->1645612K(1966080K)
[1366227.476s][info][gc,metaspace ] GC(252237) Metaspace: 95515K(98212K)->95515K(98212K) NonClass: 86277K(88004K)->86277K(88004K) Class: 9238K(10208K)->9238K(10208K)
[1366227.476s][info][gc           ] GC(252237) Pause Young (Allocation Failure) 1711M->1607M(2035M) 3.889ms
[1366227.476s][info][gc,cpu       ] GC(252237) User=0.00s Sys=0.00s Real=0.00s
[1366230.004s][info][gc,start     ] GC(252238) Pause Young (Allocation Failure)
[1366230.004s][info][gc,task      ] GC(252238) Using 9 workers of 9 for evacuation
[1366230.008s][info][gc,heap      ] GC(252238) ParNew: 105629K->9333K(118016K)
[1366230.008s][info][gc,heap      ] GC(252238) CMS: 1645612K->1645612K(1966080K)
[1366230.008s][info][gc,metaspace ] GC(252238) Metaspace: 95515K(98212K)->95515K(98212K) NonClass: 86277K(88004K)->86277K(88004K) Class: 9238K(10208K)->9238K(10208K)
[1366230.008s][info][gc           ] GC(252238) Pause Young (Allocation Failure) 1710M->1616M(2035M) 4.587ms
[1366230.008s][info][gc,cpu       ] GC(252238) User=0.00s Sys=0.00s Real=0.00s
[1366233.984s][info][gc,start     ] GC(252239) Pause Young (Allocation Failure)
[1366233.984s][info][gc,task      ] GC(252239) Using 9 workers of 9 for evacuation
[1366233.989s][info][gc,heap      ] GC(252239) ParNew: 114293K->9978K(118016K)
[1366233.989s][info][gc,heap      ] GC(252239) CMS: 1645612K->1645841K(1966080K)
[1366233.989s][info][gc,metaspace ] GC(252239) Metaspace: 95515K(98212K)->95515K(98212K) NonClass: 86277K(88004K)->86277K(88004K) Class: 9238K(10208K)->9238K(10208K)
[1366233.989s][info][gc           ] GC(252239) Pause Young (Allocation Failure) 1718M->1617M(2035M) 4.943ms
[1366233.989s][info][gc,cpu       ] GC(252239) User=0.02s Sys=0.00s Real=0.02s
[1366239.259s][info][gc,start     ] GC(252240) Pause Young (Allocation Failure)
[1366239.259s][info][gc,task      ] GC(252240) Using 9 workers of 9 for evacuation
[1366239.265s][info][gc,heap      ] GC(252240) ParNew: 114938K->2849K(118016K)
[1366239.265s][info][gc,heap      ] GC(252240) CMS: 1645841K->1654607K(1966080K)
[1366239.265s][info][gc,metaspace ] GC(252240) Metaspace: 95515K(98212K)->95515K(98212K) NonClass: 86277K(88004K)->86277K(88004K) Class: 9238K(10208K)->9238K(10208K)
[1366239.265s][info][gc           ] GC(252240) Pause Young (Allocation Failure) 1719M->1618M(2035M) 5.546ms
[1366239.265s][info][gc,cpu       ] GC(252240) User=0.00s Sys=0.00s Real=0.00s
[1366244.100s][info][gc,start     ] GC(252241) Pause Young (Allocation Failure)
[1366244.101s][info][gc,task      ] GC(252241) Using 9 workers of 9 for evacuation
[1366244.105s][info][gc,heap      ] GC(252241) ParNew: 107809K->9543K(118016K)
[1366244.105s][info][gc,heap      ] GC(252241) CMS: 1654607K->1654607K(1966080K)
[1366244.105s][info][gc,metaspace ] GC(252241) Metaspace: 95515K(98212K)->95515K(98212K) NonClass: 86277K(88004K)->86277K(88004K) Class: 9238K(10208K)->9238K(10208K)
[1366244.105s][info][gc           ] GC(252241) Pause Young (Allocation Failure) 1721M->1625M(2035M) 5.003ms
[1366244.105s][info][gc,cpu       ] GC(252241) User=0.00s Sys=0.00s Real=0.00s
[1366248.179s][info][gc,start     ] GC(252242) Pause Young (Allocation Failure)
[1366248.179s][info][gc,task      ] GC(252242) Using 9 workers of 9 for evacuation
[1366248.184s][info][gc,heap      ] GC(252242) ParNew: 114503K->2415K(118016K)
[1366248.184s][info][gc,heap      ] GC(252242) CMS: 1654607K->1663420K(1966080K)
[1366248.184s][info][gc,metaspace ] GC(252242) Metaspace: 95515K(98212K)->95515K(98212K) NonClass: 86277K(88004K)->86277K(88004K) Class: 9238K(10208K)->9238K(10208K)
[1366248.185s][info][gc           ] GC(252242) Pause Young (Allocation Failure) 1727M->1626M(2035M) 5.898ms
[1366248.185s][info][gc,cpu       ] GC(252242) User=0.00s Sys=0.00s Real=0.00s
[1366252.454s][info][gc,start     ] GC(252243) Pause Young (Allocation Failure)
[1366252.454s][info][gc,task      ] GC(252243) Using 9 workers of 9 for evacuation
[1366252.458s][info][gc,heap      ] GC(252243) ParNew: 107375K->938K(118016K)
[1366252.458s][info][gc,heap      ] GC(252243) CMS: 1663420K->1663420K(1966080K)
[1366252.458s][info][gc,metaspace ] GC(252243) Metaspace: 95515K(98212K)->95515K(98212K) NonClass: 86277K(88004K)->86277K(88004K) Class: 9238K(10208K)->9238K(10208K)
[1366252.458s][info][gc           ] GC(252243) Pause Young (Allocation Failure) 1729M->1625M(2035M) 4.374ms
[1366252.458s][info][gc,cpu       ] GC(252243) User=0.00s Sys=0.00s Real=0.00s
[1366257.665s][info][gc,start     ] GC(252244) Pause Young (Allocation Failure)
[1366257.665s][info][gc,task      ] GC(252244) Using 9 workers of 9 for evacuation
[1366257.670s][info][gc,heap      ] GC(252244) ParNew: 105898K->9423K(118016K)
[1366257.670s][info][gc,heap      ] GC(252244) CMS: 1663420K->1663420K(1966080K)
[1366257.670s][info][gc,metaspace ] GC(252244) Metaspace: 95515K(98212K)->95515K(98212K) NonClass: 86277K(88004K)->86277K(88004K) Class: 9238K(10208K)->9238K(10208K)
[1366257.670s][info][gc           ] GC(252244) Pause Young (Allocation Failure) 1727M->1633M(2035M) 4.523ms
[1366257.670s][info][gc,cpu       ] GC(252244) User=0.00s Sys=0.00s Real=0.00s
[1366264.644s][info][gc,start     ] GC(252245) Pause Young (Allocation Failure)
[1366264.644s][info][gc,task      ] GC(252245) Using 9 workers of 9 for evacuation
[1366264.648s][info][gc,heap      ] GC(252245) ParNew: 114383K->7323K(118016K)
[1366264.649s][info][gc,heap      ] GC(252245) CMS: 1663420K->1663745K(1966080K)
[1366264.649s][info][gc,metaspace ] GC(252245) Metaspace: 95515K(98212K)->95515K(98212K) NonClass: 86277K(88004K)->86277K(88004K) Class: 9238K(10208K)->9238K(10208K)
[1366264.649s][info][gc           ] GC(252245) Pause Young (Allocation Failure) 1736M->1631M(2035M) 4.723ms
[1366264.649s][info][gc,cpu       ] GC(252245) User=0.00s Sys=0.00s Real=0.00s
[1366269.405s][info][gc,start     ] GC(252246) Pause Young (Allocation Failure)
[1366269.405s][info][gc,task      ] GC(252246) Using 9 workers of 9 for evacuation
[1366269.409s][info][gc,heap      ] GC(252246) ParNew: 112283K->10154K(118016K)
[1366269.410s][info][gc,heap      ] GC(252246) CMS: 1663745K->1663745K(1966080K)
[1366269.410s][info][gc,metaspace ] GC(252246) Metaspace: 95515K(98212K)->95515K(98212K) NonClass: 86277K(88004K)->86277K(88004K) Class: 9238K(10208K)->9238K(10208K)
[1366269.410s][info][gc           ] GC(252246) Pause Young (Allocation Failure) 1734M->1634M(2035M) 4.960ms
[1366269.410s][info][gc,cpu       ] GC(252246) User=0.14s Sys=0.00s Real=0.02s
[1366275.506s][info][gc,start     ] GC(252247) Pause Young (Allocation Failure)
[1366275.506s][info][gc,task      ] GC(252247) Using 9 workers of 9 for evacuation
[1366275.512s][info][gc,heap      ] GC(252247) ParNew: 115114K->11812K(118016K)
[1366275.512s][info][gc,heap      ] GC(252247) CMS: 1663745K->1663820K(1966080K)
[1366275.512s][info][gc,metaspace ] GC(252247) Metaspace: 95515K(98212K)->95515K(98212K) NonClass: 86277K(88004K)->86277K(88004K) Class: 9238K(10208K)->9238K(10208K)
[1366275.512s][info][gc           ] GC(252247) Pause Young (Allocation Failure) 1737M->1636M(2035M) 5.981ms
[1366275.512s][info][gc,cpu       ] GC(252247) User=0.00s Sys=0.00s Real=0.00s
[1366280.949s][info][gc,start     ] GC(252248) Pause Young (Allocation Failure)
[1366280.949s][info][gc,task      ] GC(252248) Using 9 workers of 9 for evacuation
[1366280.954s][info][gc,heap      ] GC(252248) ParNew: 116772K->5382K(118016K)
[1366280.954s][info][gc,heap      ] GC(252248) CMS: 1663820K->1672597K(1966080K)
[1366280.954s][info][gc,metaspace ] GC(252248) Metaspace: 95515K(98212K)->95515K(98212K) NonClass: 86277K(88004K)->86277K(88004K) Class: 9238K(10208K)->9238K(10208K)
[1366280.954s][info][gc           ] GC(252248) Pause Young (Allocation Failure) 1738M->1638M(2035M) 5.247ms
[1366280.954s][info][gc,cpu       ] GC(252248) User=0.00s Sys=0.00s Real=0.00s
[1366286.139s][info][gc,start     ] GC(252249) Pause Young (Allocation Failure)
[1366286.139s][info][gc,task      ] GC(252249) Using 9 workers of 9 for evacuation
[1366286.143s][info][gc,heap      ] GC(252249) ParNew: 110342K->9934K(118016K)
[1366286.144s][info][gc,heap      ] GC(252249) CMS: 1672597K->1672597K(1966080K)
[1366286.144s][info][gc,metaspace ] GC(252249) Metaspace: 95515K(98212K)->95515K(98212K) NonClass: 86277K(88004K)->86277K(88004K) Class: 9238K(10208K)->9238K(10208K)
[1366286.144s][info][gc           ] GC(252249) Pause Young (Allocation Failure) 1741M->1643M(2035M) 4.673ms
[1366286.144s][info][gc,cpu       ] GC(252249) User=0.00s Sys=0.00s Real=0.00s
[1366292.264s][info][gc,start     ] GC(252250) Pause Young (Allocation Failure)
[1366292.264s][info][gc,task      ] GC(252250) Using 9 workers of 9 for evacuation
[1366292.269s][info][gc,heap      ] GC(252250) ParNew: 114894K->2890K(118016K)
[1366292.269s][info][gc,heap      ] GC(252250) CMS: 1672597K->1681422K(1966080K)
[1366292.269s][info][gc,metaspace ] GC(252250) Metaspace: 95515K(98212K)->95515K(98212K) NonClass: 86277K(88004K)->86277K(88004K) Class: 9238K(10208K)->9238K(10208K)
[1366292.269s][info][gc           ] GC(252250) Pause Young (Allocation Failure) 1745M->1644M(2035M) 4.829ms
[1366292.269s][info][gc,cpu       ] GC(252250) User=0.00s Sys=0.00s Real=0.00s
[1366296.491s][info][gc,start     ] GC(252251) Pause Young (Allocation Failure)
[1366296.491s][info][gc,task      ] GC(252251) Using 9 workers of 9 for evacuation
[1366296.496s][info][gc,heap      ] GC(252251) ParNew: 107850K->9605K(118016K)
[1366296.496s][info][gc,heap      ] GC(252251) CMS: 1681422K->1681422K(1966080K)
[1366296.496s][info][gc,metaspace ] GC(252251) Metaspace: 95515K(98212K)->95515K(98212K) NonClass: 86277K(88004K)->86277K(88004K) Class: 9238K(10208K)->9238K(10208K)
[1366296.496s][info][gc           ] GC(252251) Pause Young (Allocation Failure) 1747M->1651M(2035M) 5.057ms
[1366296.496s][info][gc,cpu       ] GC(252251) User=0.00s Sys=0.00s Real=0.02s
[1366300.383s][info][gc,start     ] GC(252252) Pause Young (Allocation Failure)
[1366300.383s][info][gc,task      ] GC(252252) Using 9 workers of 9 for evacuation
[1366300.388s][info][gc,heap      ] GC(252252) ParNew: 114565K->2212K(118016K)
[1366300.388s][info][gc,heap      ] GC(252252) CMS: 1681422K->1690190K(1966080K)
[1366300.388s][info][gc,metaspace ] GC(252252) Metaspace: 95515K(98212K)->95515K(98212K) NonClass: 86277K(88004K)->86277K(88004K) Class: 9238K(10208K)->9238K(10208K)
[1366300.389s][info][gc           ] GC(252252) Pause Young (Allocation Failure) 1753M->1652M(2035M) 5.486ms
[1366300.389s][info][gc,cpu       ] GC(252252) User=0.14s Sys=0.00s Real=0.02s
[1366305.961s][info][gc,start     ] GC(252253) Pause Young (Allocation Failure)
[1366305.961s][info][gc,task      ] GC(252253) Using 9 workers of 9 for evacuation
[1366305.965s][info][gc,heap      ] GC(252253) ParNew: 107172K->724K(118016K)
[1366305.966s][info][gc,heap      ] GC(252253) CMS: 1690190K->1690190K(1966080K)
[1366305.966s][info][gc,metaspace ] GC(252253) Metaspace: 95515K(98212K)->95515K(98212K) NonClass: 86277K(88004K)->86277K(88004K) Class: 9238K(10208K)->9238K(10208K)
[1366305.966s][info][gc           ] GC(252253) Pause Young (Allocation Failure) 1755M->1651M(2035M) 4.268ms
[1366305.966s][info][gc,cpu       ] GC(252253) User=0.00s Sys=0.00s Real=0.00s
[1366309.131s][info][gc,start     ] GC(252254) Pause Young (Allocation Failure)
[1366309.131s][info][gc,task      ] GC(252254) Using 9 workers of 9 for evacuation
[1366309.135s][info][gc,heap      ] GC(252254) ParNew: 105684K->9289K(118016K)
[1366309.136s][info][gc,heap      ] GC(252254) CMS: 1690190K->1690190K(1966080K)
[1366309.136s][info][gc,metaspace ] GC(252254) Metaspace: 95515K(98212K)->95515K(98212K) NonClass: 86277K(88004K)->86277K(88004K) Class: 9238K(10208K)->9238K(10208K)
[1366309.136s][info][gc           ] GC(252254) Pause Young (Allocation Failure) 1753M->1659M(2035M) 4.689ms
[1366309.136s][info][gc,cpu       ] GC(252254) User=0.02s Sys=0.00s Real=0.02s
[1366314.216s][info][gc,start     ] GC(252255) Pause Young (Allocation Failure)
[1366314.216s][info][gc,task      ] GC(252255) Using 9 workers of 9 for evacuation
[1366314.222s][info][gc,heap      ] GC(252255) ParNew: 114243K->1355K(118016K)
[1366314.222s][info][gc,heap      ] GC(252255) CMS: 1690190K->1690430K(1966080K)
[1366314.222s][info][gc,metaspace ] GC(252255) Metaspace: 95515K(98212K)->95515K(98212K) NonClass: 86277K(88004K)->86277K(88004K) Class: 9238K(10208K)->9238K(10208K)
[1366314.222s][info][gc           ] GC(252255) Pause Young (Allocation Failure) 1762M->1652M(2035M) 6.039ms
[1366314.222s][info][gc,cpu       ] GC(252255) User=0.00s Sys=0.00s Real=0.00s
[1366319.405s][info][gc,start     ] GC(252256) Pause Young (Allocation Failure)
[1366319.405s][info][gc,task      ] GC(252256) Using 9 workers of 9 for evacuation
[1366319.409s][info][gc,heap      ] GC(252256) ParNew: 106315K->9330K(118016K)
[1366319.409s][info][gc,heap      ] GC(252256) CMS: 1690430K->1690430K(1966080K)
[1366319.409s][info][gc,metaspace ] GC(252256) Metaspace: 95515K(98212K)->95515K(98212K) NonClass: 86277K(88004K)->86277K(88004K) Class: 9238K(10208K)->9238K(10208K)
[1366319.409s][info][gc           ] GC(252256) Pause Young (Allocation Failure) 1754M->1659M(2035M) 4.657ms
[1366319.409s][info][gc,cpu       ] GC(252256) User=0.00s Sys=0.00s Real=0.00s
[1366325.984s][info][gc,start     ] GC(252257) Pause Young (Allocation Failure)
[1366325.984s][info][gc,task      ] GC(252257) Using 9 workers of 9 for evacuation
[1366325.988s][info][gc,heap      ] GC(252257) ParNew: 114290K->1427K(118016K)
[1366325.988s][info][gc,heap      ] GC(252257) CMS: 1690430K->1690617K(1966080K)
[1366325.988s][info][gc,metaspace ] GC(252257) Metaspace: 95515K(98212K)->95515K(98212K) NonClass: 86277K(88004K)->86277K(88004K) Class: 9238K(10208K)->9238K(10208K)
[1366325.988s][info][gc           ] GC(252257) Pause Young (Allocation Failure) 1762M->1652M(2035M) 4.178ms
[1366325.988s][info][gc,cpu       ] GC(252257) User=0.00s Sys=0.00s Real=0.00s
[1366329.767s][info][gc,start     ] GC(252258) Pause Young (Allocation Failure)
[1366329.768s][info][gc,task      ] GC(252258) Using 9 workers of 9 for evacuation
[1366329.772s][info][gc,heap      ] GC(252258) ParNew: 106387K->9287K(118016K)
[1366329.772s][info][gc,heap      ] GC(252258) CMS: 1690617K->1690617K(1966080K)
[1366329.772s][info][gc,metaspace ] GC(252258) Metaspace: 95515K(98212K)->95515K(98212K) NonClass: 86277K(88004K)->86277K(88004K) Class: 9238K(10208K)->9238K(10208K)
[1366329.772s][info][gc           ] GC(252258) Pause Young (Allocation Failure) 1754M->1660M(2035M) 4.791ms
[1366329.772s][info][gc,cpu       ] GC(252258) User=0.00s Sys=0.00s Real=0.00s
[1366336.247s][info][gc,start     ] GC(252259) Pause Young (Allocation Failure)
[1366336.247s][info][gc,task      ] GC(252259) Using 9 workers of 9 for evacuation
[1366336.251s][info][gc,heap      ] GC(252259) ParNew: 114247K->1536K(118016K)
[1366336.251s][info][gc,heap      ] GC(252259) CMS: 1690617K->1690718K(1966080K)
[1366336.251s][info][gc,metaspace ] GC(252259) Metaspace: 95515K(98212K)->95515K(98212K) NonClass: 86277K(88004K)->86277K(88004K) Class: 9238K(10208K)->9238K(10208K)
[1366336.251s][info][gc           ] GC(252259) Pause Young (Allocation Failure) 1762M->1652M(2035M) 4.125ms
[1366336.252s][info][gc,cpu       ] GC(252259) User=0.00s Sys=0.00s Real=0.00s
[1366341.719s][info][gc,start     ] GC(252260) Pause Young (Allocation Failure)
[1366341.719s][info][gc,task      ] GC(252260) Using 9 workers of 9 for evacuation
[1366341.724s][info][gc,heap      ] GC(252260) ParNew: 106496K->9280K(118016K)
[1366341.724s][info][gc,heap      ] GC(252260) CMS: 1690718K->1690718K(1966080K)
[1366341.724s][info][gc,metaspace ] GC(252260) Metaspace: 95515K(98212K)->95515K(98212K) NonClass: 86277K(88004K)->86277K(88004K) Class: 9238K(10208K)->9238K(10208K)
[1366341.724s][info][gc           ] GC(252260) Pause Young (Allocation Failure) 1755M->1660M(2035M) 4.417ms
[1366341.724s][info][gc,cpu       ] GC(252260) User=0.00s Sys=0.00s Real=0.00s
[1366346.620s][info][gc,start     ] GC(252261) Pause Young (Allocation Failure)
[1366346.620s][info][gc,task      ] GC(252261) Using 9 workers of 9 for evacuation
[1366346.624s][info][gc,heap      ] GC(252261) ParNew: 113814K->4239K(118016K)
[1366346.624s][info][gc,heap      ] GC(252261) CMS: 1690718K->1690905K(1966080K)
[1366346.624s][info][gc,metaspace ] GC(252261) Metaspace: 95515K(98212K)->95515K(98212K) NonClass: 86277K(88004K)->86277K(88004K) Class: 9238K(10208K)->9238K(10208K)
[1366346.624s][info][gc           ] GC(252261) Pause Young (Allocation Failure) 1762M->1655M(2035M) 4.581ms
[1366346.624s][info][gc,cpu       ] GC(252261) User=0.03s Sys=0.02s Real=0.02s
[1366350.477s][info][gc,start     ] GC(252262) Pause Young (Allocation Failure)
[1366350.477s][info][gc,task      ] GC(252262) Using 9 workers of 9 for evacuation
[1366350.482s][info][gc,heap      ] GC(252262) ParNew: 109199K->9595K(118016K)
[1366350.482s][info][gc,heap      ] GC(252262) CMS: 1690905K->1690905K(1966080K)
[1366350.482s][info][gc,metaspace ] GC(252262) Metaspace: 95515K(98212K)->95515K(98212K) NonClass: 86277K(88004K)->86277K(88004K) Class: 9238K(10208K)->9238K(10208K)
[1366350.482s][info][gc           ] GC(252262) Pause Young (Allocation Failure) 1757M->1660M(2035M) 4.462ms
[1366350.482s][info][gc,cpu       ] GC(252262) User=0.14s Sys=0.00s Real=0.02s
[1366355.591s][info][gc,start     ] GC(252263) Pause Young (Allocation Failure)
[1366355.591s][info][gc,task      ] GC(252263) Using 9 workers of 9 for evacuation
[1366355.595s][info][gc,heap      ] GC(252263) ParNew: 114555K->2440K(118016K)
[1366355.595s][info][gc,heap      ] GC(252263) CMS: 1690905K->1691089K(1966080K)
[1366355.595s][info][gc,metaspace ] GC(252263) Metaspace: 95515K(98212K)->95515K(98212K) NonClass: 86277K(88004K)->86277K(88004K) Class: 9238K(10208K)->9238K(10208K)
[1366355.595s][info][gc           ] GC(252263) Pause Young (Allocation Failure) 1763M->1653M(2035M) 4.352ms
[1366355.595s][info][gc,cpu       ] GC(252263) User=0.05s Sys=0.03s Real=0.02s
[1366359.207s][info][gc,start     ] GC(252264) Pause Young (Allocation Failure)
[1366359.207s][info][gc,task      ] GC(252264) Using 9 workers of 9 for evacuation
[1366359.211s][info][gc,heap      ] GC(252264) ParNew: 107400K->9399K(118016K)
[1366359.211s][info][gc,heap      ] GC(252264) CMS: 1691089K->1691089K(1966080K)
[1366359.211s][info][gc,metaspace ] GC(252264) Metaspace: 95515K(98212K)->95515K(98212K) NonClass: 86277K(88004K)->86277K(88004K) Class: 9238K(10208K)->9238K(10208K)
[1366359.211s][info][gc           ] GC(252264) Pause Young (Allocation Failure) 1756M->1660M(2035M) 4.838ms
[1366359.212s][info][gc,cpu       ] GC(252264) User=0.00s Sys=0.00s Real=0.00s
[1366364.823s][info][gc,start     ] GC(252265) Pause Young (Allocation Failure)
[1366364.823s][info][gc,task      ] GC(252265) Using 9 workers of 9 for evacuation
[1366364.827s][info][gc,heap      ] GC(252265) ParNew: 114359K->2048K(118016K)
[1366364.827s][info][gc,heap      ] GC(252265) CMS: 1691089K->1691233K(1966080K)
[1366364.827s][info][gc,metaspace ] GC(252265) Metaspace: 95515K(98212K)->95515K(98212K) NonClass: 86277K(88004K)->86277K(88004K) Class: 9238K(10208K)->9238K(10208K)
[1366364.827s][info][gc           ] GC(252265) Pause Young (Allocation Failure) 1763M->1653M(2035M) 4.029ms
[1366364.827s][info][gc,cpu       ] GC(252265) User=0.00s Sys=0.00s Real=0.00s
[1366367.589s][info][gc,start     ] GC(252266) Pause Young (Allocation Failure)
[1366367.589s][info][gc,task      ] GC(252266) Using 9 workers of 9 for evacuation
[1366367.594s][info][gc,heap      ] GC(252266) ParNew: 107008K->9399K(118016K)
[1366367.594s][info][gc,heap      ] GC(252266) CMS: 1691233K->1691233K(1966080K)
[1366367.594s][info][gc,metaspace ] GC(252266) Metaspace: 95515K(98212K)->95515K(98212K) NonClass: 86277K(88004K)->86277K(88004K) Class: 9238K(10208K)->9238K(10208K)
[1366367.594s][info][gc           ] GC(252266) Pause Young (Allocation Failure) 1756M->1660M(2035M) 4.565ms
[1366367.594s][info][gc,cpu       ] GC(252266) User=0.00s Sys=0.00s Real=0.00s
[1366371.962s][info][gc,start     ] GC(252267) Pause Young (Allocation Failure)
[1366371.962s][info][gc,task      ] GC(252267) Using 9 workers of 9 for evacuation
[1366371.967s][info][gc,heap      ] GC(252267) ParNew: 114359K->1931K(118016K)
[1366371.967s][info][gc,heap      ] GC(252267) CMS: 1691233K->1700053K(1966080K)
[1366371.967s][info][gc,metaspace ] GC(252267) Metaspace: 95515K(98212K)->95515K(98212K) NonClass: 86277K(88004K)->86277K(88004K) Class: 9238K(10208K)->9238K(10208K)
[1366371.967s][info][gc           ] GC(252267) Pause Young (Allocation Failure) 1763M->1662M(2035M) 4.920ms
[1366371.967s][info][gc,cpu       ] GC(252267) User=0.00s Sys=0.00s Real=0.00s
[1366376.508s][info][gc,start     ] GC(252268) Pause Young (Allocation Failure)
[1366376.508s][info][gc,task      ] GC(252268) Using 9 workers of 9 for evacuation
[1366376.512s][info][gc,heap      ] GC(252268) ParNew: 106891K->674K(118016K)
[1366376.512s][info][gc,heap      ] GC(252268) CMS: 1700053K->1700053K(1966080K)
[1366376.512s][info][gc,metaspace ] GC(252268) Metaspace: 95515K(98212K)->95515K(98212K) NonClass: 86277K(88004K)->86277K(88004K) Class: 9238K(10208K)->9238K(10208K)
[1366376.512s][info][gc           ] GC(252268) Pause Young (Allocation Failure) 1764M->1660M(2035M) 4.226ms
[1366376.512s][info][gc,cpu       ] GC(252268) User=0.03s Sys=0.02s Real=0.02s
[1366379.470s][info][gc,start     ] GC(252269) Pause Young (Allocation Failure)
[1366379.470s][info][gc,task      ] GC(252269) Using 9 workers of 9 for evacuation
[1366379.475s][info][gc,heap      ] GC(252269) ParNew: 105634K->9301K(118016K)
[1366379.475s][info][gc,heap      ] GC(252269) CMS: 1700053K->1700053K(1966080K)
[1366379.475s][info][gc,metaspace ] GC(252269) Metaspace: 95515K(98212K)->95515K(98212K) NonClass: 86277K(88004K)->86277K(88004K) Class: 9238K(10208K)->9238K(10208K)
[1366379.475s][info][gc           ] GC(252269) Pause Young (Allocation Failure) 1763M->1669M(2035M) 5.036ms
[1366379.475s][info][gc,cpu       ] GC(252269) User=0.00s Sys=0.00s Real=0.00s
[1366383.989s][info][gc,start     ] GC(252270) Pause Young (Allocation Failure)
[1366383.989s][info][gc,task      ] GC(252270) Using 9 workers of 9 for evacuation
[1366383.994s][info][gc,heap      ] GC(252270) ParNew: 114261K->1343K(118016K)
[1366383.994s][info][gc,heap      ] GC(252270) CMS: 1700053K->1708943K(1966080K)
[1366383.994s][info][gc,metaspace ] GC(252270) Metaspace: 95515K(98212K)->95515K(98212K) NonClass: 86277K(88004K)->86277K(88004K) Class: 9238K(10208K)->9238K(10208K)
[1366383.994s][info][gc           ] GC(252270) Pause Young (Allocation Failure) 1771M->1670M(2035M) 5.260ms
[1366383.994s][info][gc,cpu       ] GC(252270) User=0.02s Sys=0.00s Real=0.02s
[1366387.752s][info][gc,start     ] GC(252271) Pause Young (Allocation Failure)
[1366387.753s][info][gc,task      ] GC(252271) Using 9 workers of 9 for evacuation
[1366387.757s][info][gc,heap      ] GC(252271) ParNew: 106303K->9215K(118016K)
[1366387.757s][info][gc,heap      ] GC(252271) CMS: 1708943K->1708943K(1966080K)
[1366387.757s][info][gc,metaspace ] GC(252271) Metaspace: 95515K(98212K)->95515K(98212K) NonClass: 86277K(88004K)->86277K(88004K) Class: 9238K(10208K)->9238K(10208K)
[1366387.757s][info][gc           ] GC(252271) Pause Young (Allocation Failure) 1772M->1677M(2035M) 4.887ms
[1366387.757s][info][gc,cpu       ] GC(252271) User=0.00s Sys=0.00s Real=0.00s
[1366391.126s][info][gc,start     ] GC(252272) Pause Young (Allocation Failure)
[1366391.126s][info][gc,task      ] GC(252272) Using 9 workers of 9 for evacuation
[1366391.131s][info][gc,heap      ] GC(252272) ParNew: 114175K->1587K(118016K)
[1366391.131s][info][gc,heap      ] GC(252272) CMS: 1708943K->1717731K(1966080K)
[1366391.131s][info][gc,metaspace ] GC(252272) Metaspace: 95515K(98212K)->95515K(98212K) NonClass: 86277K(88004K)->86277K(88004K) Class: 9238K(10208K)->9238K(10208K)
[1366391.132s][info][gc           ] GC(252272) Pause Young (Allocation Failure) 1780M->1679M(2035M) 5.164ms
[1366391.132s][info][gc,cpu       ] GC(252272) User=0.00s Sys=0.00s Real=0.00s
[1366395.564s][info][gc,start     ] GC(252273) Pause Young (Allocation Failure)
[1366395.564s][info][gc,task      ] GC(252273) Using 9 workers of 9 for evacuation
[1366395.568s][info][gc,heap      ] GC(252273) ParNew: 106547K->741K(118016K)
[1366395.568s][info][gc,heap      ] GC(252273) CMS: 1717731K->1717731K(1966080K)
[1366395.568s][info][gc,metaspace ] GC(252273) Metaspace: 95515K(98212K)->95515K(98212K) NonClass: 86277K(88004K)->86277K(88004K) Class: 9238K(10208K)->9238K(10208K)
[1366395.568s][info][gc           ] GC(252273) Pause Young (Allocation Failure) 1781M->1678M(2035M) 4.494ms
[1366395.568s][info][gc,cpu       ] GC(252273) User=0.00s Sys=0.00s Real=0.00s
[1366399.526s][info][gc,start     ] GC(252274) Pause Young (Allocation Failure)
[1366399.526s][info][gc,task      ] GC(252274) Using 9 workers of 9 for evacuation
[1366399.531s][info][gc,heap      ] GC(252274) ParNew: 105701K->9481K(118016K)
[1366399.531s][info][gc,heap      ] GC(252274) CMS: 1717731K->1717731K(1966080K)
[1366399.531s][info][gc,metaspace ] GC(252274) Metaspace: 95515K(98212K)->95515K(98212K) NonClass: 86277K(88004K)->86277K(88004K) Class: 9238K(10208K)->9238K(10208K)
[1366399.531s][info][gc           ] GC(252274) Pause Young (Allocation Failure) 1780M->1686M(2035M) 5.351ms
[1366399.532s][info][gc,cpu       ] GC(252274) User=0.00s Sys=0.00s Real=0.00s
[1366402.775s][info][gc,start     ] GC(252275) Pause Young (Allocation Failure)
[1366402.775s][info][gc,task      ] GC(252275) Using 9 workers of 9 for evacuation
[1366402.780s][info][gc,heap      ] GC(252275) ParNew: 114441K->1628K(118016K)
[1366402.780s][info][gc,heap      ] GC(252275) CMS: 1717731K->1726693K(1966080K)
[1366402.780s][info][gc,metaspace ] GC(252275) Metaspace: 95515K(98212K)->95515K(98212K) NonClass: 86277K(88004K)->86277K(88004K) Class: 9238K(10208K)->9238K(10208K)
[1366402.780s][info][gc           ] GC(252275) Pause Young (Allocation Failure) 1789M->1687M(2035M) 5.112ms
[1366402.780s][info][gc,cpu       ] GC(252275) User=0.05s Sys=0.00s Real=0.02s
[1366408.537s][info][gc,start     ] GC(252276) Pause Young (Allocation Failure)
[1366408.537s][info][gc,task      ] GC(252276) Using 9 workers of 9 for evacuation
[1366408.541s][info][gc,heap      ] GC(252276) ParNew: 106588K->9434K(118016K)
[1366408.541s][info][gc,heap      ] GC(252276) CMS: 1726693K->1726693K(1966080K)
[1366408.541s][info][gc,metaspace ] GC(252276) Metaspace: 95515K(98212K)->95515K(98212K) NonClass: 86277K(88004K)->86277K(88004K) Class: 9238K(10208K)->9238K(10208K)
[1366408.542s][info][gc           ] GC(252276) Pause Young (Allocation Failure) 1790M->1695M(2035M) 4.529ms
[1366408.542s][info][gc,cpu       ] GC(252276) User=0.02s Sys=0.00s Real=0.02s
[1366413.425s][info][gc,start     ] GC(252277) Pause Young (Allocation Failure)
[1366413.425s][info][gc,task      ] GC(252277) Using 9 workers of 9 for evacuation
[1366413.430s][info][gc,heap      ] GC(252277) ParNew: 114394K->1710K(118016K)
[1366413.430s][info][gc,heap      ] GC(252277) CMS: 1726693K->1735578K(1966080K)
[1366413.430s][info][gc,metaspace ] GC(252277) Metaspace: 95515K(98212K)->95515K(98212K) NonClass: 86277K(88004K)->86277K(88004K) Class: 9238K(10208K)->9238K(10208K)
[1366413.430s][info][gc           ] GC(252277) Pause Young (Allocation Failure) 1797M->1696M(2035M) 5.068ms
[1366413.430s][info][gc,cpu       ] GC(252277) User=0.00s Sys=0.00s Real=0.00s
[1366417.733s][info][gc,start     ] GC(252278) Pause Young (Allocation Failure)
[1366417.733s][info][gc,task      ] GC(252278) Using 9 workers of 9 for evacuation
[1366417.737s][info][gc,heap      ] GC(252278) ParNew: 106670K->669K(118016K)
[1366417.737s][info][gc,heap      ] GC(252278) CMS: 1735578K->1735578K(1966080K)
[1366417.737s][info][gc,metaspace ] GC(252278) Metaspace: 95515K(98212K)->95515K(98212K) NonClass: 86277K(88004K)->86277K(88004K) Class: 9238K(10208K)->9238K(10208K)
[1366417.737s][info][gc           ] GC(252278) Pause Young (Allocation Failure) 1799M->1695M(2035M) 4.140ms
[1366417.737s][info][gc,cpu       ] GC(252278) User=0.00s Sys=0.00s Real=0.00s
[1366421.420s][info][gc,start     ] GC(252279) Pause Young (Allocation Failure)
[1366421.420s][info][gc,task      ] GC(252279) Using 9 workers of 9 for evacuation
[1366421.425s][info][gc,heap      ] GC(252279) ParNew: 105629K->9345K(118016K)
[1366421.425s][info][gc,heap      ] GC(252279) CMS: 1735578K->1735578K(1966080K)
[1366421.425s][info][gc,metaspace ] GC(252279) Metaspace: 95515K(98212K)->95515K(98212K) NonClass: 86277K(88004K)->86277K(88004K) Class: 9238K(10208K)->9238K(10208K)
[1366421.425s][info][gc           ] GC(252279) Pause Young (Allocation Failure) 1798M->1704M(2035M) 5.026ms
[1366421.425s][info][gc,cpu       ] GC(252279) User=0.03s Sys=0.02s Real=0.02s
[1366424.787s][info][gc,start     ] GC(252280) Pause Young (Allocation Failure)
[1366424.787s][info][gc,task      ] GC(252280) Using 9 workers of 9 for evacuation
[1366424.792s][info][gc,heap      ] GC(252280) ParNew: 114305K->1547K(118016K)
[1366424.792s][info][gc,heap      ] GC(252280) CMS: 1735578K->1735762K(1966080K)
[1366424.792s][info][gc,metaspace ] GC(252280) Metaspace: 95515K(98212K)->95515K(98212K) NonClass: 86277K(88004K)->86277K(88004K) Class: 9238K(10208K)->9238K(10208K)
[1366424.792s][info][gc           ] GC(252280) Pause Young (Allocation Failure) 1806M->1696M(2035M) 4.525ms
[1366424.792s][info][gc,cpu       ] GC(252280) User=0.14s Sys=0.00s Real=0.02s
[1366428.960s][info][gc,start     ] GC(252281) Pause Young (Allocation Failure)
[1366428.960s][info][gc,task      ] GC(252281) Using 9 workers of 9 for evacuation
[1366428.965s][info][gc,heap      ] GC(252281) ParNew: 106507K->9389K(118016K)
[1366428.965s][info][gc,heap      ] GC(252281) CMS: 1735762K->1735762K(1966080K)
[1366428.965s][info][gc,metaspace ] GC(252281) Metaspace: 95515K(98212K)->95515K(98212K) NonClass: 86277K(88004K)->86277K(88004K) Class: 9238K(10208K)->9238K(10208K)
[1366428.965s][info][gc           ] GC(252281) Pause Young (Allocation Failure) 1799M->1704M(2035M) 5.138ms
[1366428.965s][info][gc,cpu       ] GC(252281) User=0.13s Sys=0.00s Real=0.02s
[1366432.918s][info][gc,start     ] GC(252282) Pause Young (Allocation Failure)
[1366432.918s][info][gc,task      ] GC(252282) Using 9 workers of 9 for evacuation
[1366432.923s][info][gc,heap      ] GC(252282) ParNew: 114349K->1714K(118016K)
[1366432.924s][info][gc,heap      ] GC(252282) CMS: 1735762K->1744612K(1966080K)
[1366432.924s][info][gc,metaspace ] GC(252282) Metaspace: 95515K(98212K)->95515K(98212K) NonClass: 86277K(88004K)->86277K(88004K) Class: 9238K(10208K)->9238K(10208K)
[1366432.924s][info][gc           ] GC(252282) Pause Young (Allocation Failure) 1806M->1705M(2035M) 5.250ms
[1366432.924s][info][gc,cpu       ] GC(252282) User=0.00s Sys=0.00s Real=0.00s
[1366438.380s][info][gc,start     ] GC(252283) Pause Young (Allocation Failure)
[1366438.380s][info][gc,task      ] GC(252283) Using 9 workers of 9 for evacuation
[1366438.383s][info][gc,heap      ] GC(252283) ParNew: 106655K->1985K(118016K)
[1366438.383s][info][gc,heap      ] GC(252283) CMS: 1744612K->1744612K(1966080K)
[1366438.383s][info][gc,metaspace ] GC(252283) Metaspace: 95515K(98212K)->95515K(98212K) NonClass: 86277K(88004K)->86277K(88004K) Class: 9238K(10208K)->9238K(10208K)
[1366438.384s][info][gc           ] GC(252283) Pause Young (Allocation Failure) 1807M->1705M(2035M) 4.027ms
[1366438.384s][info][gc,cpu       ] GC(252283) User=0.00s Sys=0.00s Real=0.00s
[1366442.360s][info][gc,start     ] GC(252284) Pause Young (Allocation Failure)
[1366442.360s][info][gc,task      ] GC(252284) Using 9 workers of 9 for evacuation
[1366442.364s][info][gc,heap      ] GC(252284) ParNew: 106945K->9467K(118016K)
[1366442.364s][info][gc,heap      ] GC(252284) CMS: 1744612K->1744612K(1966080K)
[1366442.364s][info][gc,metaspace ] GC(252284) Metaspace: 95515K(98212K)->95515K(98212K) NonClass: 86277K(88004K)->86277K(88004K) Class: 9238K(10208K)->9238K(10208K)
[1366442.364s][info][gc           ] GC(252284) Pause Young (Allocation Failure) 1808M->1712M(2035M) 4.631ms
[1366442.364s][info][gc,cpu       ] GC(252284) User=0.00s Sys=0.00s Real=0.00s
[1366449.284s][info][gc,start     ] GC(252285) Pause Young (Allocation Failure)
[1366449.285s][info][gc,task      ] GC(252285) Using 9 workers of 9 for evacuation
[1366449.289s][info][gc,heap      ] GC(252285) ParNew: 114427K->10374K(118016K)
[1366449.289s][info][gc,heap      ] GC(252285) CMS: 1744612K->1744927K(1966080K)
[1366449.289s][info][gc,metaspace ] GC(252285) Metaspace: 95515K(98212K)->95515K(98212K) NonClass: 86277K(88004K)->86277K(88004K) Class: 9238K(10208K)->9238K(10208K)
[1366449.289s][info][gc           ] GC(252285) Pause Young (Allocation Failure) 1815M->1714M(2035M) 4.752ms
[1366449.289s][info][gc,cpu       ] GC(252285) User=0.00s Sys=0.00s Real=0.00s
[1366453.570s][info][gc,start     ] GC(252286) Pause Young (Allocation Failure)
[1366453.570s][info][gc,task      ] GC(252286) Using 9 workers of 9 for evacuation
[1366453.576s][info][gc,heap      ] GC(252286) ParNew: 115334K->3542K(118016K)
[1366453.576s][info][gc,heap      ] GC(252286) CMS: 1744927K->1753646K(1966080K)
[1366453.576s][info][gc,metaspace ] GC(252286) Metaspace: 95515K(98212K)->95515K(98212K) NonClass: 86277K(88004K)->86277K(88004K) Class: 9238K(10208K)->9238K(10208K)
[1366453.576s][info][gc           ] GC(252286) Pause Young (Allocation Failure) 1816M->1716M(2035M) 5.402ms
[1366453.576s][info][gc,cpu       ] GC(252286) User=0.14s Sys=0.00s Real=0.02s
[1366456.751s][info][gc,start     ] GC(252287) Pause Young (Allocation Failure)
[1366456.752s][info][gc,task      ] GC(252287) Using 9 workers of 9 for evacuation
[1366456.756s][info][gc,heap      ] GC(252287) ParNew: 108502K->1052K(118016K)
[1366456.756s][info][gc,heap      ] GC(252287) CMS: 1753646K->1753646K(1966080K)
[1366456.756s][info][gc,metaspace ] GC(252287) Metaspace: 95515K(98212K)->95515K(98212K) NonClass: 86277K(88004K)->86277K(88004K) Class: 9238K(10208K)->9238K(10208K)
[1366456.756s][info][gc           ] GC(252287) Pause Young (Allocation Failure) 1818M->1713M(2035M) 4.297ms
[1366456.756s][info][gc,cpu       ] GC(252287) User=0.00s Sys=0.00s Real=0.00s
[1366462.790s][info][gc,start     ] GC(252288) Pause Young (Allocation Failure)
[1366462.791s][info][gc,task      ] GC(252288) Using 9 workers of 9 for evacuation
[1366462.795s][info][gc,heap      ] GC(252288) ParNew: 106012K->9308K(118016K)
[1366462.795s][info][gc,heap      ] GC(252288) CMS: 1753646K->1753646K(1966080K)
[1366462.795s][info][gc,metaspace ] GC(252288) Metaspace: 95515K(98212K)->95515K(98212K) NonClass: 86277K(88004K)->86277K(88004K) Class: 9238K(10208K)->9238K(10208K)
[1366462.795s][info][gc           ] GC(252288) Pause Young (Allocation Failure) 1816M->1721M(2035M) 4.555ms
[1366462.795s][info][gc,cpu       ] GC(252288) User=0.02s Sys=0.00s Real=0.02s
[1366465.816s][info][gc,start     ] GC(252289) Pause Young (Allocation Failure)
[1366465.816s][info][gc,task      ] GC(252289) Using 9 workers of 9 for evacuation
[1366465.820s][info][gc,heap      ] GC(252289) ParNew: 114268K->1470K(118016K)
[1366465.820s][info][gc,heap      ] GC(252289) CMS: 1753646K->1753829K(1966080K)
[1366465.820s][info][gc,metaspace ] GC(252289) Metaspace: 95515K(98212K)->95515K(98212K) NonClass: 86277K(88004K)->86277K(88004K) Class: 9238K(10208K)->9238K(10208K)
[1366465.820s][info][gc           ] GC(252289) Pause Young (Allocation Failure) 1824M->1714M(2035M) 4.399ms
[1366465.821s][info][gc,cpu       ] GC(252289) User=0.00s Sys=0.00s Real=0.00s
[1366470.503s][info][gc,start     ] GC(252290) Pause Young (Allocation Failure)
[1366470.503s][info][gc,task      ] GC(252290) Using 9 workers of 9 for evacuation
[1366470.508s][info][gc,heap      ] GC(252290) ParNew: 106430K->9371K(118016K)
[1366470.508s][info][gc,heap      ] GC(252290) CMS: 1753829K->1753829K(1966080K)
[1366470.508s][info][gc,metaspace ] GC(252290) Metaspace: 95515K(98212K)->95515K(98212K) NonClass: 86277K(88004K)->86277K(88004K) Class: 9238K(10208K)->9238K(10208K)
[1366470.508s][info][gc           ] GC(252290) Pause Young (Allocation Failure) 1816M->1721M(2035M) 5.138ms
[1366470.508s][info][gc,cpu       ] GC(252290) User=0.00s Sys=0.00s Real=0.00s
[1366477.320s][info][gc,start     ] GC(252291) Pause Young (Allocation Failure)
[1366477.320s][info][gc,task      ] GC(252291) Using 9 workers of 9 for evacuation
[1366477.325s][info][gc,heap      ] GC(252291) ParNew: 114331K->1694K(118016K)
[1366477.325s][info][gc,heap      ] GC(252291) CMS: 1753829K->1754032K(1966080K)
[1366477.325s][info][gc,metaspace ] GC(252291) Metaspace: 95515K(98212K)->95515K(98212K) NonClass: 86277K(88004K)->86277K(88004K) Class: 9238K(10208K)->9238K(10208K)
[1366477.325s][info][gc           ] GC(252291) Pause Young (Allocation Failure) 1824M->1714M(2035M) 4.805ms
[1366477.325s][info][gc,cpu       ] GC(252291) User=0.00s Sys=0.00s Real=0.00s
[1366480.695s][info][gc,start     ] GC(252292) Pause Young (Allocation Failure)
[1366480.695s][info][gc,task      ] GC(252292) Using 9 workers of 9 for evacuation
[1366480.699s][info][gc,heap      ] GC(252292) ParNew: 106654K->9280K(118016K)
[1366480.699s][info][gc,heap      ] GC(252292) CMS: 1754032K->1754032K(1966080K)
[1366480.699s][info][gc,metaspace ] GC(252292) Metaspace: 95515K(98212K)->95515K(98212K) NonClass: 86277K(88004K)->86277K(88004K) Class: 9238K(10208K)->9238K(10208K)
[1366480.699s][info][gc           ] GC(252292) Pause Young (Allocation Failure) 1817M->1721M(2035M) 4.489ms
[1366480.699s][info][gc,cpu       ] GC(252292) User=0.00s Sys=0.00s Real=0.00s
[1366484.361s][info][gc,start     ] GC(252293) Pause Young (Allocation Failure)
[1366484.361s][info][gc,task      ] GC(252293) Using 9 workers of 9 for evacuation
[1366484.366s][info][gc,heap      ] GC(252293) ParNew: 113918K->4218K(118016K)
[1366484.366s][info][gc,heap      ] GC(252293) CMS: 1754032K->1754153K(1966080K)
[1366484.366s][info][gc,metaspace ] GC(252293) Metaspace: 95515K(98212K)->95515K(98212K) NonClass: 86277K(88004K)->86277K(88004K) Class: 9238K(10208K)->9238K(10208K)
[1366484.366s][info][gc           ] GC(252293) Pause Young (Allocation Failure) 1824M->1717M(2035M) 4.674ms
[1366484.366s][info][gc,cpu       ] GC(252293) User=0.00s Sys=0.00s Real=0.00s
[1366487.469s][info][gc,start     ] GC(252294) Pause Young (Allocation Failure)
[1366487.469s][info][gc,task      ] GC(252294) Using 9 workers of 9 for evacuation
[1366487.474s][info][gc,heap      ] GC(252294) ParNew: 109178K->9636K(118016K)
[1366487.474s][info][gc,heap      ] GC(252294) CMS: 1754153K->1754153K(1966080K)
[1366487.474s][info][gc,metaspace ] GC(252294) Metaspace: 95515K(98212K)->95515K(98212K) NonClass: 86277K(88004K)->86277K(88004K) Class: 9238K(10208K)->9238K(10208K)
[1366487.474s][info][gc           ] GC(252294) Pause Young (Allocation Failure) 1819M->1722M(2035M) 5.379ms
[1366487.475s][info][gc,cpu       ] GC(252294) User=0.00s Sys=0.00s Real=0.00s
[1366492.857s][info][gc,start     ] GC(252295) Pause Young (Allocation Failure)
[1366492.857s][info][gc,task      ] GC(252295) Using 9 workers of 9 for evacuation
[1366492.862s][info][gc,heap      ] GC(252295) ParNew: 114596K->7824K(118016K)
[1366492.862s][info][gc,heap      ] GC(252295) CMS: 1754153K->1756815K(1966080K)
[1366492.862s][info][gc,metaspace ] GC(252295) Metaspace: 95515K(98212K)->95515K(98212K) NonClass: 86277K(88004K)->86277K(88004K) Class: 9238K(10208K)->9238K(10208K)
[1366492.862s][info][gc           ] GC(252295) Pause Young (Allocation Failure) 1824M->1723M(2035M) 4.850ms
[1366492.862s][info][gc,cpu       ] GC(252295) User=0.00s Sys=0.02s Real=0.02s
[1366499.800s][info][gc,start     ] GC(252296) Pause Young (Allocation Failure)
[1366499.801s][info][gc,task      ] GC(252296) Using 9 workers of 9 for evacuation
[1366499.805s][info][gc,heap      ] GC(252296) ParNew: 112784K->11488K(118016K)
[1366499.805s][info][gc,heap      ] GC(252296) CMS: 1756815K->1756890K(1966080K)
[1366499.805s][info][gc,metaspace ] GC(252296) Metaspace: 95515K(98212K)->95515K(98212K) NonClass: 86277K(88004K)->86277K(88004K) Class: 9238K(10208K)->9238K(10208K)
[1366499.805s][info][gc           ] GC(252296) Pause Young (Allocation Failure) 1825M->1726M(2035M) 4.704ms
[1366499.805s][info][gc,cpu       ] GC(252296) User=0.00s Sys=0.00s Real=0.00s
[1366504.583s][info][gc,start     ] GC(252297) Pause Young (Allocation Failure)
[1366504.583s][info][gc,task      ] GC(252297) Using 9 workers of 9 for evacuation
[1366504.588s][info][gc,heap      ] GC(252297) ParNew: 116448K->5625K(118016K)
[1366504.588s][info][gc,heap      ] GC(252297) CMS: 1756890K->1757107K(1966080K)
[1366504.588s][info][gc,metaspace ] GC(252297) Metaspace: 95515K(98212K)->95515K(98212K) NonClass: 86277K(88004K)->86277K(88004K) Class: 9238K(10208K)->9238K(10208K)
[1366504.588s][info][gc           ] GC(252297) Pause Young (Allocation Failure) 1829M->1721M(2035M) 4.475ms
[1366504.588s][info][gc,cpu       ] GC(252297) User=0.14s Sys=0.00s Real=0.02s
[1366509.178s][info][gc,start     ] GC(252298) Pause Young (Allocation Failure)
[1366509.179s][info][gc,task      ] GC(252298) Using 9 workers of 9 for evacuation
[1366509.183s][info][gc,heap      ] GC(252298) ParNew: 110585K->10028K(118016K)
[1366509.183s][info][gc,heap      ] GC(252298) CMS: 1757107K->1757107K(1966080K)
[1366509.183s][info][gc,metaspace ] GC(252298) Metaspace: 95515K(98212K)->95515K(98212K) NonClass: 86277K(88004K)->86277K(88004K) Class: 9238K(10208K)->9238K(10208K)
[1366509.183s][info][gc           ] GC(252298) Pause Young (Allocation Failure) 1823M->1725M(2035M) 4.877ms
[1366509.183s][info][gc,cpu       ] GC(252298) User=0.03s Sys=0.00s Real=0.02s
[1366512.043s][info][gc,start     ] GC(252299) Pause Young (Allocation Failure)
[1366512.043s][info][gc,task      ] GC(252299) Using 9 workers of 9 for evacuation
[1366512.048s][info][gc,heap      ] GC(252299) ParNew: 114988K->3226K(118016K)
[1366512.048s][info][gc,heap      ] GC(252299) CMS: 1757107K->1765904K(1966080K)
[1366512.048s][info][gc,metaspace ] GC(252299) Metaspace: 95515K(98212K)->95515K(98212K) NonClass: 86277K(88004K)->86277K(88004K) Class: 9238K(10208K)->9238K(10208K)
[1366512.048s][info][gc           ] GC(252299) Pause Young (Allocation Failure) 1828M->1727M(2035M) 5.408ms
[1366512.048s][info][gc,cpu       ] GC(252299) User=0.00s Sys=0.00s Real=0.00s
[1366516.302s][info][gc,start     ] GC(252300) Pause Young (Allocation Failure)
[1366516.302s][info][gc,task      ] GC(252300) Using 9 workers of 9 for evacuation
[1366516.306s][info][gc,heap      ] GC(252300) ParNew: 108186K->9529K(118016K)
[1366516.307s][info][gc,heap      ] GC(252300) CMS: 1765904K->1765904K(1966080K)
[1366516.307s][info][gc,metaspace ] GC(252300) Metaspace: 95515K(98212K)->95515K(98212K) NonClass: 86277K(88004K)->86277K(88004K) Class: 9238K(10208K)->9238K(10208K)
[1366516.307s][info][gc           ] GC(252300) Pause Young (Allocation Failure) 1830M->1733M(2035M) 4.334ms
[1366516.307s][info][gc,cpu       ] GC(252300) User=0.14s Sys=0.00s Real=0.02s
[1366522.201s][info][gc,start     ] GC(252301) Pause Young (Allocation Failure)
[1366522.201s][info][gc,task      ] GC(252301) Using 9 workers of 9 for evacuation
[1366522.206s][info][gc,heap      ] GC(252301) ParNew: 114489K->2665K(118016K)
[1366522.206s][info][gc,heap      ] GC(252301) CMS: 1765904K->1774711K(1966080K)
[1366522.206s][info][gc,metaspace ] GC(252301) Metaspace: 95515K(98212K)->95515K(98212K) NonClass: 86277K(88004K)->86277K(88004K) Class: 9238K(10208K)->9238K(10208K)
[1366522.206s][info][gc           ] GC(252301) Pause Young (Allocation Failure) 1836M->1735M(2035M) 4.774ms
[1366522.206s][info][gc,cpu       ] GC(252301) User=0.00s Sys=0.00s Real=0.00s
[1366527.366s][info][gc,start     ] GC(252302) Pause Young (Allocation Failure)
[1366527.366s][info][gc,task      ] GC(252302) Using 9 workers of 9 for evacuation
[1366527.370s][info][gc,heap      ] GC(252302) ParNew: 107625K->9403K(118016K)
[1366527.371s][info][gc,heap      ] GC(252302) CMS: 1774711K->1774711K(1966080K)
[1366527.371s][info][gc,metaspace ] GC(252302) Metaspace: 95515K(98212K)->95515K(98212K) NonClass: 86277K(88004K)->86277K(88004K) Class: 9238K(10208K)->9238K(10208K)
[1366527.371s][info][gc           ] GC(252302) Pause Young (Allocation Failure) 1838M->1742M(2035M) 5.125ms
[1366527.371s][info][gc,cpu       ] GC(252302) User=0.02s Sys=0.00s Real=0.02s
[1366531.078s][info][gc,start     ] GC(252303) Pause Young (Allocation Failure)
[1366531.078s][info][gc,task      ] GC(252303) Using 9 workers of 9 for evacuation
[1366531.084s][info][gc,heap      ] GC(252303) ParNew: 114363K->2043K(118016K)
[1366531.084s][info][gc,heap      ] GC(252303) CMS: 1774711K->1783483K(1966080K)
[1366531.084s][info][gc,metaspace ] GC(252303) Metaspace: 95515K(98212K)->95515K(98212K) NonClass: 86277K(88004K)->86277K(88004K) Class: 9238K(10208K)->9238K(10208K)
[1366531.084s][info][gc           ] GC(252303) Pause Young (Allocation Failure) 1844M->1743M(2035M) 5.865ms
[1366531.084s][info][gc,cpu       ] GC(252303) User=0.00s Sys=0.00s Real=0.00s
[1366536.592s][info][gc,start     ] GC(252304) Pause Young (Allocation Failure)
[1366536.592s][info][gc,task      ] GC(252304) Using 9 workers of 9 for evacuation
[1366536.597s][info][gc,heap      ] GC(252304) ParNew: 107003K->9463K(118016K)
[1366536.597s][info][gc,heap      ] GC(252304) CMS: 1783483K->1783483K(1966080K)
[1366536.597s][info][gc,metaspace ] GC(252304) Metaspace: 95515K(98212K)->95515K(98212K) NonClass: 86277K(88004K)->86277K(88004K) Class: 9238K(10208K)->9238K(10208K)
[1366536.597s][info][gc           ] GC(252304) Pause Young (Allocation Failure) 1846M->1750M(2035M) 4.760ms
[1366536.597s][info][gc,cpu       ] GC(252304) User=0.02s Sys=0.00s Real=0.01s
[1366540.663s][info][gc,start     ] GC(252305) Pause Young (Allocation Failure)
[1366540.663s][info][gc,task      ] GC(252305) Using 9 workers of 9 for evacuation
[1366540.668s][info][gc,heap      ] GC(252305) ParNew: 114423K->1927K(118016K)
[1366540.668s][info][gc,heap      ] GC(252305) CMS: 1783483K->1792314K(1966080K)
[1366540.668s][info][gc,metaspace ] GC(252305) Metaspace: 95515K(98212K)->95515K(98212K) NonClass: 86277K(88004K)->86277K(88004K) Class: 9238K(10208K)->9238K(10208K)
[1366540.668s][info][gc           ] GC(252305) Pause Young (Allocation Failure) 1853M->1752M(2035M) 5.507ms
[1366540.669s][info][gc,cpu       ] GC(252305) User=0.00s Sys=0.00s Real=0.00s
[1366544.621s][info][gc,start     ] GC(252306) Pause Young (Allocation Failure)
[1366544.621s][info][gc,task      ] GC(252306) Using 9 workers of 9 for evacuation
[1366544.625s][info][gc,heap      ] GC(252306) ParNew: 106887K->873K(118016K)
[1366544.625s][info][gc,heap      ] GC(252306) CMS: 1792314K->1792314K(1966080K)
[1366544.625s][info][gc,metaspace ] GC(252306) Metaspace: 95515K(98212K)->95515K(98212K) NonClass: 86277K(88004K)->86277K(88004K) Class: 9238K(10208K)->9238K(10208K)
[1366544.625s][info][gc           ] GC(252306) Pause Young (Allocation Failure) 1854M->1751M(2035M) 4.479ms
[1366544.625s][info][gc,cpu       ] GC(252306) User=0.00s Sys=0.00s Real=0.00s
[1366549.487s][info][gc,start     ] GC(252307) Pause Young (Allocation Failure)
[1366549.488s][info][gc,task      ] GC(252307) Using 9 workers of 9 for evacuation
[1366549.492s][info][gc,heap      ] GC(252307) ParNew: 105833K->9450K(118016K)
[1366549.492s][info][gc,heap      ] GC(252307) CMS: 1792314K->1792314K(1966080K)
[1366549.492s][info][gc,metaspace ] GC(252307) Metaspace: 95515K(98212K)->95515K(98212K) NonClass: 86277K(88004K)->86277K(88004K) Class: 9238K(10208K)->9238K(10208K)
[1366549.492s][info][gc           ] GC(252307) Pause Young (Allocation Failure) 1853M->1759M(2035M) 4.966ms
[1366549.493s][info][gc,cpu       ] GC(252307) User=0.00s Sys=0.00s Real=0.00s
[1366555.103s][info][gc,start     ] GC(252308) Pause Young (Allocation Failure)
[1366555.103s][info][gc,task      ] GC(252308) Using 9 workers of 9 for evacuation
[1366555.107s][info][gc,heap      ] GC(252308) ParNew: 114410K->1403K(118016K)
[1366555.107s][info][gc,heap      ] GC(252308) CMS: 1792314K->1792664K(1966080K)
[1366555.107s][info][gc,metaspace ] GC(252308) Metaspace: 95515K(98212K)->95515K(98212K) NonClass: 86277K(88004K)->86277K(88004K) Class: 9238K(10208K)->9238K(10208K)
[1366555.107s][info][gc           ] GC(252308) Pause Young (Allocation Failure) 1862M->1752M(2035M) 4.112ms
[1366555.107s][info][gc,cpu       ] GC(252308) User=0.00s Sys=0.00s Real=0.00s
[1366561.260s][info][gc,start     ] GC(252309) Pause Young (Allocation Failure)
[1366561.260s][info][gc,task      ] GC(252309) Using 9 workers of 9 for evacuation
[1366561.265s][info][gc,heap      ] GC(252309) ParNew: 106363K->9353K(118016K)
[1366561.265s][info][gc,heap      ] GC(252309) CMS: 1792664K->1792664K(1966080K)
[1366561.265s][info][gc,metaspace ] GC(252309) Metaspace: 95515K(98212K)->95515K(98212K) NonClass: 86277K(88004K)->86277K(88004K) Class: 9238K(10208K)->9238K(10208K)
[1366561.266s][info][gc           ] GC(252309) Pause Young (Allocation Failure) 1854M->1759M(2035M) 5.204ms
[1366561.266s][info][gc,cpu       ] GC(252309) User=0.02s Sys=0.00s Real=0.02s
[1366566.598s][info][gc,start     ] GC(252310) Pause Young (Allocation Failure)
[1366566.599s][info][gc,task      ] GC(252310) Using 9 workers of 9 for evacuation
[1366566.604s][info][gc,heap      ] GC(252310) ParNew: 114313K->10151K(118016K)
[1366566.604s][info][gc,heap      ] GC(252310) CMS: 1792664K->1792840K(1966080K)
[1366566.604s][info][gc,metaspace ] GC(252310) Metaspace: 95515K(98212K)->95515K(98212K) NonClass: 86277K(88004K)->86277K(88004K) Class: 9238K(10208K)->9238K(10208K)
[1366566.604s][info][gc           ] GC(252310) Pause Young (Allocation Failure) 1862M->1760M(2035M) 5.480ms
[1366566.604s][info][gc,cpu       ] GC(252310) User=0.00s Sys=0.00s Real=0.00s
[1366572.137s][info][gc,start     ] GC(252311) Pause Young (Allocation Failure)
[1366572.137s][info][gc,task      ] GC(252311) Using 9 workers of 9 for evacuation
[1366572.142s][info][gc,heap      ] GC(252311) ParNew: 115111K->3075K(118016K)
[1366572.143s][info][gc,heap      ] GC(252311) CMS: 1792840K->1801567K(1966080K)
[1366572.143s][info][gc,metaspace ] GC(252311) Metaspace: 95515K(98212K)->95515K(98212K) NonClass: 86277K(88004K)->86277K(88004K) Class: 9238K(10208K)->9238K(10208K)
[1366572.143s][info][gc           ] GC(252311) Pause Young (Allocation Failure) 1863M->1762M(2035M) 5.897ms
[1366572.143s][info][gc,cpu       ] GC(252311) User=0.06s Sys=0.00s Real=0.02s
[1366575.768s][info][gc,start     ] GC(252312) Pause Young (Allocation Failure)
[1366575.768s][info][gc,task      ] GC(252312) Using 9 workers of 9 for evacuation
[1366575.772s][info][gc,heap      ] GC(252312) ParNew: 108035K->9676K(118016K)
[1366575.772s][info][gc,heap      ] GC(252312) CMS: 1801567K->1801567K(1966080K)
[1366575.772s][info][gc,metaspace ] GC(252312) Metaspace: 95515K(98212K)->95515K(98212K) NonClass: 86277K(88004K)->86277K(88004K) Class: 9238K(10208K)->9238K(10208K)
[1366575.772s][info][gc           ] GC(252312) Pause Young (Allocation Failure) 1864M->1768M(2035M) 4.821ms
[1366575.773s][info][gc,cpu       ] GC(252312) User=0.00s Sys=0.00s Real=0.00s
[1366580.426s][info][gc,start     ] GC(252313) Pause Young (Allocation Failure)
[1366580.427s][info][gc,task      ] GC(252313) Using 9 workers of 9 for evacuation
[1366580.431s][info][gc,heap      ] GC(252313) ParNew: 114629K->2288K(118016K)
[1366580.432s][info][gc,heap      ] GC(252313) CMS: 1801567K->1810380K(1966080K)
[1366580.432s][info][gc,metaspace ] GC(252313) Metaspace: 95515K(98212K)->95515K(98212K) NonClass: 86277K(88004K)->86277K(88004K) Class: 9238K(10208K)->9238K(10208K)
[1366580.432s][info][gc           ] GC(252313) Pause Young (Allocation Failure) 1871M->1770M(2035M) 5.138ms
[1366580.432s][info][gc,cpu       ] GC(252313) User=0.00s Sys=0.00s Real=0.00s
[1366580.432s][info][gc,start     ] GC(252314) Pause Initial Mark
[1366580.433s][info][gc           ] GC(252314) Pause Initial Mark 1770M->1770M(2035M) 0.668ms
[1366580.433s][info][gc,cpu       ] GC(252314) User=0.00s Sys=0.00s Real=0.00s
[1366580.433s][info][gc           ] GC(252314) Concurrent Mark
[1366580.433s][info][gc,task      ] GC(252314) Using 3 workers of 3 for marking
[1366580.516s][info][gc           ] GC(252314) Concurrent Mark 82.893ms
[1366580.516s][info][gc,cpu       ] GC(252314) User=0.28s Sys=0.00s Real=0.09s
[1366580.516s][info][gc           ] GC(252314) Concurrent Preclean
[1366580.521s][info][gc           ] GC(252314) Concurrent Preclean 5.125ms
[1366580.522s][info][gc,cpu       ] GC(252314) User=0.00s Sys=0.00s Real=0.00s
[1366580.522s][info][gc           ] GC(252314) Concurrent Abortable Preclean
[1366581.959s][info][gc           ] GC(252314) Concurrent Abortable Preclean 1436.947ms
[1366581.959s][info][gc,cpu       ] GC(252314) User=0.19s Sys=0.05s Real=1.44s
[1366581.959s][info][gc,start     ] GC(252314) Pause Remark
[1366581.987s][info][gc           ] GC(252314) Pause Remark 1825M->1825M(2035M) 28.144ms
[1366581.988s][info][gc,cpu       ] GC(252314) User=0.03s Sys=0.00s Real=0.03s
[1366581.988s][info][gc           ] GC(252314) Concurrent Sweep
[1366582.207s][info][gc           ] GC(252314) Concurrent Sweep 219.068ms
[1366582.207s][info][gc,cpu       ] GC(252314) User=0.30s Sys=0.03s Real=0.22s
[1366582.207s][info][gc           ] GC(252314) Concurrent Reset
[1366582.212s][info][gc           ] GC(252314) Concurrent Reset 5.053ms
[1366582.212s][info][gc,cpu       ] GC(252314) User=0.00s Sys=0.00s Real=0.00s
[1366582.212s][info][gc,heap      ] GC(252314) Old: 1810380K->152569K(1966080K)
[1366583.188s][info][gc,start     ] GC(252315) Pause Young (Allocation Failure)
[1366583.188s][info][gc,task      ] GC(252315) Using 9 workers of 9 for evacuation
[1366583.192s][info][gc,heap      ] GC(252315) ParNew: 107248K->830K(118016K)
[1366583.192s][info][gc,heap      ] GC(252315) CMS: 152569K->152569K(1966080K)
[1366583.192s][info][gc,metaspace ] GC(252315) Metaspace: 95515K(98212K)->95515K(98212K) NonClass: 86277K(88004K)->86277K(88004K) Class: 9238K(10208K)->9238K(10208K)
[1366583.192s][info][gc           ] GC(252315) Pause Young (Allocation Failure) 253M->149M(2035M) 4.080ms
[1366583.192s][info][gc,cpu       ] GC(252315) User=0.00s Sys=0.00s Real=0.00s
[1366586.678s][info][gc,start     ] GC(252316) Pause Young (Allocation Failure)
[1366586.678s][info][gc,task      ] GC(252316) Using 9 workers of 9 for evacuation
[1366586.682s][info][gc,heap      ] GC(252316) ParNew: 105790K->9573K(118016K)
[1366586.682s][info][gc,heap      ] GC(252316) CMS: 152569K->152569K(1966080K)
[1366586.682s][info][gc,metaspace ] GC(252316) Metaspace: 95515K(98212K)->95515K(98212K) NonClass: 86277K(88004K)->86277K(88004K) Class: 9238K(10208K)->9238K(10208K)
[1366586.682s][info][gc           ] GC(252316) Pause Young (Allocation Failure) 252M->158M(2035M) 4.521ms
[1366586.682s][info][gc,cpu       ] GC(252316) User=0.00s Sys=0.00s Real=0.00s
[1366590.619s][info][gc,start     ] GC(252317) Pause Young (Allocation Failure)
[1366590.619s][info][gc,task      ] GC(252317) Using 9 workers of 9 for evacuation
[1366590.624s][info][gc,heap      ] GC(252317) ParNew: 114533K->2006K(118016K)
[1366590.624s][info][gc,heap      ] GC(252317) CMS: 152569K->161571K(1966080K)
[1366590.624s][info][gc,metaspace ] GC(252317) Metaspace: 95515K(98212K)->95515K(98212K) NonClass: 86277K(88004K)->86277K(88004K) Class: 9238K(10208K)->9238K(10208K)
[1366590.624s][info][gc           ] GC(252317) Pause Young (Allocation Failure) 260M->159M(2035M) 5.616ms
[1366590.624s][info][gc,cpu       ] GC(252317) User=0.00s Sys=0.00s Real=0.00s
[1366594.823s][info][gc,start     ] GC(252318) Pause Young (Allocation Failure)
[1366594.823s][info][gc,task      ] GC(252318) Using 9 workers of 9 for evacuation
[1366594.827s][info][gc,heap      ] GC(252318) ParNew: 106964K->792K(118016K)
[1366594.827s][info][gc,heap      ] GC(252318) CMS: 161571K->161571K(1966080K)
[1366594.827s][info][gc,metaspace ] GC(252318) Metaspace: 95515K(98212K)->95515K(98212K) NonClass: 86277K(88004K)->86277K(88004K) Class: 9238K(10208K)->9238K(10208K)
[1366594.827s][info][gc           ] GC(252318) Pause Young (Allocation Failure) 262M->158M(2035M) 3.985ms
[1366594.827s][info][gc,cpu       ] GC(252318) User=0.00s Sys=0.00s Real=0.00s
[1366597.950s][info][gc,start     ] GC(252319) Pause Young (Allocation Failure)
[1366597.950s][info][gc,task      ] GC(252319) Using 9 workers of 9 for evacuation
[1366597.954s][info][gc,heap      ] GC(252319) ParNew: 105752K->9363K(118016K)
[1366597.954s][info][gc,heap      ] GC(252319) CMS: 161571K->161571K(1966080K)
[1366597.954s][info][gc,metaspace ] GC(252319) Metaspace: 95515K(98212K)->95515K(98212K) NonClass: 86277K(88004K)->86277K(88004K) Class: 9238K(10208K)->9238K(10208K)
[1366597.954s][info][gc           ] GC(252319) Pause Young (Allocation Failure) 261M->166M(2035M) 4.565ms
[1366597.954s][info][gc,cpu       ] GC(252319) User=0.00s Sys=0.00s Real=0.02s
[1366603.415s][info][gc,start     ] GC(252320) Pause Young (Allocation Failure)
[1366603.415s][info][gc,task      ] GC(252320) Using 9 workers of 9 for evacuation
[1366603.421s][info][gc,heap      ] GC(252320) ParNew: 114323K->1842K(118016K)
[1366603.421s][info][gc,heap      ] GC(252320) CMS: 161571K->170522K(1966080K)
[1366603.421s][info][gc,metaspace ] GC(252320) Metaspace: 95515K(98212K)->95515K(98212K) NonClass: 86277K(88004K)->86277K(88004K) Class: 9238K(10208K)->9238K(10208K)
[1366603.421s][info][gc           ] GC(252320) Pause Young (Allocation Failure) 269M->168M(2035M) 6.436ms
[1366603.421s][info][gc,cpu       ] GC(252320) User=0.00s Sys=0.00s Real=0.00s
[1366607.451s][info][gc,start     ] GC(252321) Pause Young (Allocation Failure)
[1366607.451s][info][gc,task      ] GC(252321) Using 9 workers of 9 for evacuation
[1366607.455s][info][gc,heap      ] GC(252321) ParNew: 106802K->9372K(118016K)
[1366607.455s][info][gc,heap      ] GC(252321) CMS: 170522K->170522K(1966080K)
[1366607.455s][info][gc,metaspace ] GC(252321) Metaspace: 95515K(98212K)->95515K(98212K) NonClass: 86277K(88004K)->86277K(88004K) Class: 9238K(10208K)->9238K(10208K)
[1366607.455s][info][gc           ] GC(252321) Pause Young (Allocation Failure) 270M->175M(2035M) 4.585ms
[1366607.455s][info][gc,cpu       ] GC(252321) User=0.00s Sys=0.00s Real=0.00s
[1366611.728s][info][gc,start     ] GC(252322) Pause Young (Allocation Failure)
[1366611.728s][info][gc,task      ] GC(252322) Using 9 workers of 9 for evacuation
[1366611.733s][info][gc,heap      ] GC(252322) ParNew: 114332K->1718K(118016K)
[1366611.733s][info][gc,heap      ] GC(252322) CMS: 170522K->179304K(1966080K)
[1366611.733s][info][gc,metaspace ] GC(252322) Metaspace: 95515K(98212K)->95515K(98212K) NonClass: 86277K(88004K)->86277K(88004K) Class: 9238K(10208K)->9238K(10208K)
[1366611.733s][info][gc           ] GC(252322) Pause Young (Allocation Failure) 278M->176M(2035M) 5.463ms
[1366611.733s][info][gc,cpu       ] GC(252322) User=0.02s Sys=0.00s Real=0.02s
[1366616.810s][info][gc,start     ] GC(252323) Pause Young (Allocation Failure)
[1366616.810s][info][gc,task      ] GC(252323) Using 9 workers of 9 for evacuation
[1366616.814s][info][gc,heap      ] GC(252323) ParNew: 106678K->9385K(118016K)
[1366616.815s][info][gc,heap      ] GC(252323) CMS: 179304K->179304K(1966080K)
[1366616.815s][info][gc,metaspace ] GC(252323) Metaspace: 95515K(98212K)->95515K(98212K) NonClass: 86277K(88004K)->86277K(88004K) Class: 9238K(10208K)->9238K(10208K)
[1366616.815s][info][gc           ] GC(252323) Pause Young (Allocation Failure) 279M->184M(2035M) 4.426ms
[1366616.815s][info][gc,cpu       ] GC(252323) User=0.00s Sys=0.00s Real=0.00s
[1366622.905s][info][gc,start     ] GC(252324) Pause Young (Allocation Failure)
[1366622.905s][info][gc,task      ] GC(252324) Using 9 workers of 9 for evacuation
[1366622.910s][info][gc,heap      ] GC(252324) ParNew: 114345K->1772K(118016K)
[1366622.910s][info][gc,heap      ] GC(252324) CMS: 179304K->188133K(1966080K)
[1366622.910s][info][gc,metaspace ] GC(252324) Metaspace: 95515K(98212K)->95515K(98212K) NonClass: 86277K(88004K)->86277K(88004K) Class: 9238K(10208K)->9238K(10208K)
[1366622.910s][info][gc           ] GC(252324) Pause Young (Allocation Failure) 286M->185M(2035M) 5.646ms
[1366622.910s][info][gc,cpu       ] GC(252324) User=0.00s Sys=0.00s Real=0.00s
[1366627.937s][info][gc,start     ] GC(252325) Pause Young (Allocation Failure)
[1366627.937s][info][gc,task      ] GC(252325) Using 9 workers of 9 for evacuation
[1366627.941s][info][gc,heap      ] GC(252325) ParNew: 106732K->9398K(118016K)
[1366627.941s][info][gc,heap      ] GC(252325) CMS: 188133K->188133K(1966080K)
[1366627.941s][info][gc,metaspace ] GC(252325) Metaspace: 95515K(98212K)->95515K(98212K) NonClass: 86277K(88004K)->86277K(88004K) Class: 9238K(10208K)->9238K(10208K)
[1366627.941s][info][gc           ] GC(252325) Pause Young (Allocation Failure) 287M->192M(2035M) 4.543ms
[1366627.941s][info][gc,cpu       ] GC(252325) User=0.00s Sys=0.00s Real=0.00s
[1366632.017s][info][gc,start     ] GC(252326) Pause Young (Allocation Failure)
[1366632.017s][info][gc,task      ] GC(252326) Using 9 workers of 9 for evacuation
[1366632.023s][info][gc,heap      ] GC(252326) ParNew: 114358K->1577K(118016K)
[1366632.023s][info][gc,heap      ] GC(252326) CMS: 188133K->196936K(1966080K)
[1366632.023s][info][gc,metaspace ] GC(252326) Metaspace: 95515K(98212K)->95515K(98212K) NonClass: 86277K(88004K)->86277K(88004K) Class: 9238K(10208K)->9238K(10208K)
[1366632.023s][info][gc           ] GC(252326) Pause Young (Allocation Failure) 295M->193M(2035M) 6.240ms
[1366632.023s][info][gc,cpu       ] GC(252326) User=0.00s Sys=0.00s Real=0.00s
[1366636.222s][info][gc,start     ] GC(252327) Pause Young (Allocation Failure)
[1366636.223s][info][gc,task      ] GC(252327) Using 9 workers of 9 for evacuation
[1366636.226s][info][gc,heap      ] GC(252327) ParNew: 106537K->657K(118016K)
[1366636.226s][info][gc,heap      ] GC(252327) CMS: 196936K->196936K(1966080K)
[1366636.226s][info][gc,metaspace ] GC(252327) Metaspace: 95515K(98212K)->95515K(98212K) NonClass: 86277K(88004K)->86277K(88004K) Class: 9238K(10208K)->9238K(10208K)
[1366636.226s][info][gc           ] GC(252327) Pause Young (Allocation Failure) 296M->192M(2035M) 3.853ms
[1366636.226s][info][gc,cpu       ] GC(252327) User=0.00s Sys=0.00s Real=0.00s
[1366641.014s][info][gc,start     ] GC(252328) Pause Young (Allocation Failure)
[1366641.014s][info][gc,task      ] GC(252328) Using 9 workers of 9 for evacuation
[1366641.018s][info][gc,heap      ] GC(252328) ParNew: 105617K->9375K(118016K)
[1366641.018s][info][gc,heap      ] GC(252328) CMS: 196936K->196936K(1966080K)
[1366641.018s][info][gc,metaspace ] GC(252328) Metaspace: 95515K(98212K)->95515K(98212K) NonClass: 86277K(88004K)->86277K(88004K) Class: 9238K(10208K)->9238K(10208K)
[1366641.019s][info][gc           ] GC(252328) Pause Young (Allocation Failure) 295M->201M(2035M) 4.362ms
[1366641.019s][info][gc,cpu       ] GC(252328) User=0.00s Sys=0.00s Real=0.00s
[1366645.477s][info][gc,start     ] GC(252329) Pause Young (Allocation Failure)
[1366645.477s][info][gc,task      ] GC(252329) Using 9 workers of 9 for evacuation
[1366645.481s][info][gc,heap      ] GC(252329) ParNew: 114335K->1695K(118016K)
[1366645.481s][info][gc,heap      ] GC(252329) CMS: 196936K->197159K(1966080K)
[1366645.481s][info][gc,metaspace ] GC(252329) Metaspace: 95515K(98212K)->95515K(98212K) NonClass: 86277K(88004K)->86277K(88004K) Class: 9238K(10208K)->9238K(10208K)
[1366645.481s][info][gc           ] GC(252329) Pause Young (Allocation Failure) 303M->194M(2035M) 4.209ms
[1366645.482s][info][gc,cpu       ] GC(252329) User=0.00s Sys=0.02s Real=0.02s
[1366649.023s][info][gc,start     ] GC(252330) Pause Young (Allocation Failure)
[1366649.023s][info][gc,task      ] GC(252330) Using 9 workers of 9 for evacuation
[1366649.028s][info][gc,heap      ] GC(252330) ParNew: 106655K->9426K(118016K)
[1366649.028s][info][gc,heap      ] GC(252330) CMS: 197159K->197159K(1966080K)
[1366649.028s][info][gc,metaspace ] GC(252330) Metaspace: 95515K(98212K)->95515K(98212K) NonClass: 86277K(88004K)->86277K(88004K) Class: 9238K(10208K)->9238K(10208K)
[1366649.028s][info][gc           ] GC(252330) Pause Young (Allocation Failure) 296M->201M(2035M) 4.823ms
[1366649.028s][info][gc,cpu       ] GC(252330) User=0.02s Sys=0.00s Real=0.02s
[1366652.556s][info][gc,start     ] GC(252331) Pause Young (Allocation Failure)
[1366652.557s][info][gc,task      ] GC(252331) Using 9 workers of 9 for evacuation
[1366652.562s][info][gc,heap      ] GC(252331) ParNew: 114386K->2000K(118016K)
[1366652.562s][info][gc,heap      ] GC(252331) CMS: 197159K->206045K(1966080K)
[1366652.562s][info][gc,metaspace ] GC(252331) Metaspace: 95515K(98212K)->95515K(98212K) NonClass: 86277K(88004K)->86277K(88004K) Class: 9238K(10208K)->9238K(10208K)
[1366652.562s][info][gc           ] GC(252331) Pause Young (Allocation Failure) 304M->203M(2035M) 5.633ms
[1366652.562s][info][gc,cpu       ] GC(252331) User=0.11s Sys=0.00s Real=0.02s
[1366657.492s][info][gc,start     ] GC(252332) Pause Young (Allocation Failure)
[1366657.492s][info][gc,task      ] GC(252332) Using 9 workers of 9 for evacuation
[1366657.497s][info][gc,heap      ] GC(252332) ParNew: 106960K->8627K(118016K)
[1366657.497s][info][gc,heap      ] GC(252332) CMS: 206045K->206045K(1966080K)
[1366657.497s][info][gc,metaspace ] GC(252332) Metaspace: 95515K(98212K)->95515K(98212K) NonClass: 86277K(88004K)->86277K(88004K) Class: 9238K(10208K)->9238K(10208K)
[1366657.497s][info][gc           ] GC(252332) Pause Young (Allocation Failure) 305M->209M(2035M) 4.671ms
[1366657.497s][info][gc,cpu       ] GC(252332) User=0.00s Sys=0.02s Real=0.02s
[1366661.542s][info][gc,start     ] GC(252333) Pause Young (Allocation Failure)
[1366661.542s][info][gc,task      ] GC(252333) Using 9 workers of 9 for evacuation
[1366661.548s][info][gc,heap      ] GC(252333) ParNew: 113587K->2501K(118016K)
[1366661.548s][info][gc,heap      ] GC(252333) CMS: 206045K->214173K(1966080K)
[1366661.548s][info][gc,metaspace ] GC(252333) Metaspace: 95515K(98212K)->95515K(98212K) NonClass: 86277K(88004K)->86277K(88004K) Class: 9238K(10208K)->9238K(10208K)
[1366661.548s][info][gc           ] GC(252333) Pause Young (Allocation Failure) 312M->211M(2035M) 5.634ms
[1366661.548s][info][gc,cpu       ] GC(252333) User=0.05s Sys=0.00s Real=0.02s
[1366664.233s][info][gc,start     ] GC(252334) Pause Young (Allocation Failure)
[1366664.233s][info][gc,task      ] GC(252334) Using 9 workers of 9 for evacuation
[1366664.237s][info][gc,heap      ] GC(252334) ParNew: 107461K->1396K(118016K)
[1366664.237s][info][gc,heap      ] GC(252334) CMS: 214173K->214173K(1966080K)
[1366664.237s][info][gc,metaspace ] GC(252334) Metaspace: 95515K(98212K)->95515K(98212K) NonClass: 86277K(88004K)->86277K(88004K) Class: 9238K(10208K)->9238K(10208K)
[1366664.237s][info][gc           ] GC(252334) Pause Young (Allocation Failure) 314M->210M(2035M) 4.372ms
[1366664.237s][info][gc,cpu       ] GC(252334) User=0.00s Sys=0.00s Real=0.00s
[1366667.999s][info][gc,start     ] GC(252335) Pause Young (Allocation Failure)
[1366668.000s][info][gc,task      ] GC(252335) Using 9 workers of 9 for evacuation
[1366668.004s][info][gc,heap      ] GC(252335) ParNew: 106356K->9624K(118016K)
[1366668.004s][info][gc,heap      ] GC(252335) CMS: 214173K->214173K(1966080K)
[1366668.004s][info][gc,metaspace ] GC(252335) Metaspace: 95515K(98212K)->95515K(98212K) NonClass: 86277K(88004K)->86277K(88004K) Class: 9238K(10208K)->9238K(10208K)
[1366668.004s][info][gc           ] GC(252335) Pause Young (Allocation Failure) 313M->218M(2035M) 4.447ms
[1366668.004s][info][gc,cpu       ] GC(252335) User=0.00s Sys=0.00s Real=0.00s
[1366670.735s][info][gc,start     ] GC(252336) Pause Young (Allocation Failure)
[1366670.735s][info][gc,task      ] GC(252336) Using 9 workers of 9 for evacuation
[1366670.741s][info][gc,heap      ] GC(252336) ParNew: 114584K->2141K(118016K)
[1366670.741s][info][gc,heap      ] GC(252336) CMS: 214173K->223143K(1966080K)
[1366670.741s][info][gc,metaspace ] GC(252336) Metaspace: 95515K(98212K)->95515K(98212K) NonClass: 86277K(88004K)->86277K(88004K) Class: 9238K(10208K)->9238K(10208K)
[1366670.741s][info][gc           ] GC(252336) Pause Young (Allocation Failure) 321M->220M(2035M) 6.367ms
[1366670.741s][info][gc,cpu       ] GC(252336) User=0.02s Sys=0.00s Real=0.02s
[1366674.883s][info][gc,start     ] GC(252337) Pause Young (Allocation Failure)
[1366674.883s][info][gc,task      ] GC(252337) Using 9 workers of 9 for evacuation
[1366674.887s][info][gc,heap      ] GC(252337) ParNew: 107101K->801K(118016K)
[1366674.887s][info][gc,heap      ] GC(252337) CMS: 223143K->223143K(1966080K)
[1366674.887s][info][gc,metaspace ] GC(252337) Metaspace: 95515K(98212K)->95515K(98212K) NonClass: 86277K(88004K)->86277K(88004K) Class: 9238K(10208K)->9238K(10208K)
[1366674.887s][info][gc           ] GC(252337) Pause Young (Allocation Failure) 322M->218M(2035M) 4.062ms
[1366674.887s][info][gc,cpu       ] GC(252337) User=0.00s Sys=0.00s Real=0.00s
[1366678.712s][info][gc,start     ] GC(252338) Pause Young (Allocation Failure)
[1366678.712s][info][gc,task      ] GC(252338) Using 9 workers of 9 for evacuation
[1366678.716s][info][gc,heap      ] GC(252338) ParNew: 105761K->9495K(118016K)
[1366678.716s][info][gc,heap      ] GC(252338) CMS: 223143K->223143K(1966080K)
[1366678.716s][info][gc,metaspace ] GC(252338) Metaspace: 95515K(98212K)->95515K(98212K) NonClass: 86277K(88004K)->86277K(88004K) Class: 9238K(10208K)->9238K(10208K)
[1366678.716s][info][gc           ] GC(252338) Pause Young (Allocation Failure) 321M->227M(2035M) 4.761ms
[1366678.716s][info][gc,cpu       ] GC(252338) User=0.00s Sys=0.00s Real=0.00s
[1366682.590s][info][gc,start     ] GC(252339) Pause Young (Allocation Failure)
[1366682.590s][info][gc,task      ] GC(252339) Using 9 workers of 9 for evacuation
[1366682.595s][info][gc,heap      ] GC(252339) ParNew: 114455K->1871K(118016K)
[1366682.595s][info][gc,heap      ] GC(252339) CMS: 223143K->232128K(1966080K)
[1366682.595s][info][gc,metaspace ] GC(252339) Metaspace: 95515K(98212K)->95515K(98212K) NonClass: 86277K(88004K)->86277K(88004K) Class: 9238K(10208K)->9238K(10208K)
[1366682.595s][info][gc           ] GC(252339) Pause Young (Allocation Failure) 329M->228M(2035M) 5.430ms
[1366682.596s][info][gc,cpu       ] GC(252339) User=0.00s Sys=0.00s Real=0.00s
[1366685.710s][info][gc,start     ] GC(252340) Pause Young (Allocation Failure)
[1366685.710s][info][gc,task      ] GC(252340) Using 9 workers of 9 for evacuation
[1366685.715s][info][gc,heap      ] GC(252340) ParNew: 106831K->804K(118016K)
[1366685.715s][info][gc,heap      ] GC(252340) CMS: 232128K->232128K(1966080K)
[1366685.715s][info][gc,metaspace ] GC(252340) Metaspace: 95515K(98212K)->95515K(98212K) NonClass: 86277K(88004K)->86277K(88004K) Class: 9238K(10208K)->9238K(10208K)
[1366685.715s][info][gc           ] GC(252340) Pause Young (Allocation Failure) 331M->227M(2035M) 4.855ms
[1366685.715s][info][gc,cpu       ] GC(252340) User=0.00s Sys=0.00s Real=0.00s
[1366689.483s][info][gc,start     ] GC(252341) Pause Young (Allocation Failure)
[1366689.484s][info][gc,task      ] GC(252341) Using 9 workers of 9 for evacuation
[1366689.488s][info][gc,heap      ] GC(252341) ParNew: 105764K->9484K(118016K)
[1366689.488s][info][gc,heap      ] GC(252341) CMS: 232128K->232128K(1966080K)
[1366689.488s][info][gc,metaspace ] GC(252341) Metaspace: 95515K(98212K)->95515K(98212K) NonClass: 86277K(88004K)->86277K(88004K) Class: 9238K(10208K)->9238K(10208K)
[1366689.488s][info][gc           ] GC(252341) Pause Young (Allocation Failure) 329M->235M(2035M) 4.364ms
[1366689.488s][info][gc,cpu       ] GC(252341) User=0.00s Sys=0.00s Real=0.00s
[1366695.587s][info][gc,start     ] GC(252342) Pause Young (Allocation Failure)
[1366695.587s][info][gc,task      ] GC(252342) Using 9 workers of 9 for evacuation
[1366695.591s][info][gc,heap      ] GC(252342) ParNew: 114444K->1818K(118016K)
[1366695.591s][info][gc,heap      ] GC(252342) CMS: 232128K->232434K(1966080K)
[1366695.591s][info][gc,metaspace ] GC(252342) Metaspace: 95515K(98212K)->95515K(98212K) NonClass: 86277K(88004K)->86277K(88004K) Class: 9238K(10208K)->9238K(10208K)
[1366695.591s][info][gc           ] GC(252342) Pause Young (Allocation Failure) 338M->228M(2035M) 4.101ms
[1366695.591s][info][gc,cpu       ] GC(252342) User=0.00s Sys=0.00s Real=0.02s
[1366699.130s][info][gc,start     ] GC(252343) Pause Young (Allocation Failure)
[1366699.130s][info][gc,task      ] GC(252343) Using 9 workers of 9 for evacuation
[1366699.135s][info][gc,heap      ] GC(252343) ParNew: 106778K->9374K(118016K)
[1366699.135s][info][gc,heap      ] GC(252343) CMS: 232434K->232434K(1966080K)
[1366699.135s][info][gc,metaspace ] GC(252343) Metaspace: 95515K(98212K)->95515K(98212K) NonClass: 86277K(88004K)->86277K(88004K) Class: 9238K(10208K)->9238K(10208K)
[1366699.135s][info][gc           ] GC(252343) Pause Young (Allocation Failure) 331M->236M(2035M) 4.528ms
[1366699.135s][info][gc,cpu       ] GC(252343) User=0.00s Sys=0.00s Real=0.00s
[1366704.107s][info][gc,start     ] GC(252344) Pause Young (Allocation Failure)
[1366704.107s][info][gc,task      ] GC(252344) Using 9 workers of 9 for evacuation
[1366704.112s][info][gc,heap      ] GC(252344) ParNew: 114334K->1787K(118016K)
[1366704.112s][info][gc,heap      ] GC(252344) CMS: 232434K->241253K(1966080K)
[1366704.112s][info][gc,metaspace ] GC(252344) Metaspace: 95515K(98212K)->95515K(98212K) NonClass: 86277K(88004K)->86277K(88004K) Class: 9238K(10208K)->9238K(10208K)
[1366704.112s][info][gc           ] GC(252344) Pause Young (Allocation Failure) 338M->237M(2035M) 5.532ms
[1366704.112s][info][gc,cpu       ] GC(252344) User=0.00s Sys=0.00s Real=0.00s
[1366707.505s][info][gc,start     ] GC(252345) Pause Young (Allocation Failure)
[1366707.505s][info][gc,task      ] GC(252345) Using 9 workers of 9 for evacuation
[1366707.509s][info][gc,heap      ] GC(252345) ParNew: 106747K->699K(118016K)
[1366707.509s][info][gc,heap      ] GC(252345) CMS: 241253K->241253K(1966080K)
[1366707.509s][info][gc,metaspace ] GC(252345) Metaspace: 95515K(98212K)->95515K(98212K) NonClass: 86277K(88004K)->86277K(88004K) Class: 9238K(10208K)->9238K(10208K)
[1366707.509s][info][gc           ] GC(252345) Pause Young (Allocation Failure) 339M->236M(2035M) 4.250ms
[1366707.509s][info][gc,cpu       ] GC(252345) User=0.00s Sys=0.00s Real=0.00s
[1366711.815s][info][gc,start     ] GC(252346) Pause Young (Allocation Failure)
[1366711.815s][info][gc,task      ] GC(252346) Using 9 workers of 9 for evacuation
[1366711.820s][info][gc,heap      ] GC(252346) ParNew: 105659K->9320K(118016K)
[1366711.820s][info][gc,heap      ] GC(252346) CMS: 241253K->241253K(1966080K)
[1366711.820s][info][gc,metaspace ] GC(252346) Metaspace: 95515K(98212K)->95515K(98212K) NonClass: 86277K(88004K)->86277K(88004K) Class: 9238K(10208K)->9238K(10208K)
[1366711.820s][info][gc           ] GC(252346) Pause Young (Allocation Failure) 338M->244M(2035M) 4.349ms
[1366711.820s][info][gc,cpu       ] GC(252346) User=0.00s Sys=0.00s Real=0.00s
[1366715.536s][info][gc,start     ] GC(252347) Pause Young (Allocation Failure)
[1366715.536s][info][gc,task      ] GC(252347) Using 9 workers of 9 for evacuation
[1366715.540s][info][gc,heap      ] GC(252347) ParNew: 114280K->1330K(118016K)
[1366715.540s][info][gc,heap      ] GC(252347) CMS: 241253K->241502K(1966080K)
[1366715.540s][info][gc,metaspace ] GC(252347) Metaspace: 95515K(98212K)->95515K(98212K) NonClass: 86277K(88004K)->86277K(88004K) Class: 9238K(10208K)->9238K(10208K)
[1366715.540s][info][gc           ] GC(252347) Pause Young (Allocation Failure) 347M->237M(2035M) 4.044ms
[1366715.540s][info][gc,cpu       ] GC(252347) User=0.00s Sys=0.00s Real=0.00s
[1366719.307s][info][gc,start     ] GC(252348) Pause Young (Allocation Failure)
[1366719.307s][info][gc,task      ] GC(252348) Using 9 workers of 9 for evacuation
[1366719.311s][info][gc,heap      ] GC(252348) ParNew: 106290K->9294K(118016K)
[1366719.311s][info][gc,heap      ] GC(252348) CMS: 241502K->241502K(1966080K)
[1366719.311s][info][gc,metaspace ] GC(252348) Metaspace: 95515K(98212K)->95515K(98212K) NonClass: 86277K(88004K)->86277K(88004K) Class: 9238K(10208K)->9238K(10208K)
[1366719.311s][info][gc           ] GC(252348) Pause Young (Allocation Failure) 339M->244M(2035M) 4.704ms
[1366719.311s][info][gc,cpu       ] GC(252348) User=0.14s Sys=0.00s Real=0.02s
[1366722.524s][info][gc,start     ] GC(252349) Pause Young (Allocation Failure)
[1366722.524s][info][gc,task      ] GC(252349) Using 9 workers of 9 for evacuation
[1366722.530s][info][gc,heap      ] GC(252349) ParNew: 114254K->1531K(118016K)
[1366722.530s][info][gc,heap      ] GC(252349) CMS: 241502K->250290K(1966080K)
[1366722.530s][info][gc,metaspace ] GC(252349) Metaspace: 95515K(98212K)->95515K(98212K) NonClass: 86277K(88004K)->86277K(88004K) Class: 9238K(10208K)->9238K(10208K)
[1366722.530s][info][gc           ] GC(252349) Pause Young (Allocation Failure) 347M->245M(2035M) 5.990ms
[1366722.530s][info][gc,cpu       ] GC(252349) User=0.13s Sys=0.02s Real=0.01s
[1366725.794s][info][gc,start     ] GC(252350) Pause Young (Allocation Failure)
[1366725.794s][info][gc,task      ] GC(252350) Using 9 workers of 9 for evacuation
[1366725.798s][info][gc,heap      ] GC(252350) ParNew: 106491K->691K(118016K)
[1366725.798s][info][gc,heap      ] GC(252350) CMS: 250290K->250290K(1966080K)
[1366725.798s][info][gc,metaspace ] GC(252350) Metaspace: 95515K(98212K)->95515K(98212K) NonClass: 86277K(88004K)->86277K(88004K) Class: 9238K(10208K)->9238K(10208K)
[1366725.798s][info][gc           ] GC(252350) Pause Young (Allocation Failure) 348M->245M(2035M) 4.104ms
[1366725.798s][info][gc,cpu       ] GC(252350) User=0.00s Sys=0.00s Real=0.00s
[1366728.999s][info][gc,start     ] GC(252351) Pause Young (Allocation Failure)
[1366728.999s][info][gc,task      ] GC(252351) Using 9 workers of 9 for evacuation
[1366729.003s][info][gc,heap      ] GC(252351) ParNew: 105651K->790K(118016K)
[1366729.003s][info][gc,heap      ] GC(252351) CMS: 250290K->250290K(1966080K)
[1366729.003s][info][gc,metaspace ] GC(252351) Metaspace: 95515K(98212K)->95515K(98212K) NonClass: 86277K(88004K)->86277K(88004K) Class: 9238K(10208K)->9238K(10208K)
[1366729.003s][info][gc           ] GC(252351) Pause Young (Allocation Failure) 347M->245M(2035M) 3.979ms
[1366729.003s][info][gc,cpu       ] GC(252351) User=0.00s Sys=0.00s Real=0.00s
[1366732.449s][info][gc,start     ] GC(252352) Pause Young (Allocation Failure)
[1366732.449s][info][gc,task      ] GC(252352) Using 9 workers of 9 for evacuation
[1366732.453s][info][gc,heap      ] GC(252352) ParNew: 105750K->9605K(118016K)
[1366732.453s][info][gc,heap      ] GC(252352) CMS: 250290K->250290K(1966080K)
[1366732.453s][info][gc,metaspace ] GC(252352) Metaspace: 95515K(98212K)->95515K(98212K) NonClass: 86277K(88004K)->86277K(88004K) Class: 9238K(10208K)->9238K(10208K)
[1366732.453s][info][gc           ] GC(252352) Pause Young (Allocation Failure) 347M->253M(2035M) 4.119ms
[1366732.453s][info][gc,cpu       ] GC(252352) User=0.00s Sys=0.00s Real=0.00s
[1366735.762s][info][gc,start     ] GC(252353) Pause Young (Allocation Failure)
[1366735.762s][info][gc,task      ] GC(252353) Using 9 workers of 9 for evacuation
[1366735.766s][info][gc,heap      ] GC(252353) ParNew: 114565K->1852K(118016K)
[1366735.766s][info][gc,heap      ] GC(252353) CMS: 250290K->250645K(1966080K)
[1366735.766s][info][gc,metaspace ] GC(252353) Metaspace: 95515K(98212K)->95515K(98212K) NonClass: 86277K(88004K)->86277K(88004K) Class: 9238K(10208K)->9238K(10208K)
[1366735.766s][info][gc           ] GC(252353) Pause Young (Allocation Failure) 356M->246M(2035M) 4.223ms
[1366735.766s][info][gc,cpu       ] GC(252353) User=0.00s Sys=0.00s Real=0.00s
[1366739.373s][info][gc,start     ] GC(252354) Pause Young (Allocation Failure)
[1366739.373s][info][gc,task      ] GC(252354) Using 9 workers of 9 for evacuation
[1366739.378s][info][gc,heap      ] GC(252354) ParNew: 106812K->9476K(118016K)
[1366739.378s][info][gc,heap      ] GC(252354) CMS: 250645K->250645K(1966080K)
[1366739.378s][info][gc,metaspace ] GC(252354) Metaspace: 95515K(98212K)->95515K(98212K) NonClass: 86277K(88004K)->86277K(88004K) Class: 9238K(10208K)->9238K(10208K)
[1366739.378s][info][gc           ] GC(252354) Pause Young (Allocation Failure) 349M->254M(2035M) 5.114ms
[1366739.378s][info][gc,cpu       ] GC(252354) User=0.00s Sys=0.00s Real=0.00s
[1366742.935s][info][gc,start     ] GC(252355) Pause Young (Allocation Failure)
[1366742.935s][info][gc,task      ] GC(252355) Using 9 workers of 9 for evacuation
[1366742.940s][info][gc,heap      ] GC(252355) ParNew: 114436K->1903K(118016K)
[1366742.940s][info][gc,heap      ] GC(252355) CMS: 250645K->259540K(1966080K)
[1366742.940s][info][gc,metaspace ] GC(252355) Metaspace: 95515K(98212K)->95515K(98212K) NonClass: 86277K(88004K)->86277K(88004K) Class: 9238K(10208K)->9238K(10208K)
[1366742.940s][info][gc           ] GC(252355) Pause Young (Allocation Failure) 356M->255M(2035M) 5.437ms
[1366742.940s][info][gc,cpu       ] GC(252355) User=0.00s Sys=0.00s Real=0.00s
[1366747.247s][info][gc,start     ] GC(252356) Pause Young (Allocation Failure)
[1366747.247s][info][gc,task      ] GC(252356) Using 9 workers of 9 for evacuation
[1366747.251s][info][gc,heap      ] GC(252356) ParNew: 106863K->786K(118016K)
[1366747.251s][info][gc,heap      ] GC(252356) CMS: 259540K->259540K(1966080K)
[1366747.251s][info][gc,metaspace ] GC(252356) Metaspace: 95515K(98212K)->95515K(98212K) NonClass: 86277K(88004K)->86277K(88004K) Class: 9238K(10208K)->9238K(10208K)
[1366747.251s][info][gc           ] GC(252356) Pause Young (Allocation Failure) 357M->254M(2035M) 4.134ms
[1366747.251s][info][gc,cpu       ] GC(252356) User=0.00s Sys=0.00s Real=0.00s
[1366750.782s][info][gc,start     ] GC(252357) Pause Young (Allocation Failure)
[1366750.782s][info][gc,task      ] GC(252357) Using 9 workers of 9 for evacuation
[1366750.786s][info][gc,heap      ] GC(252357) ParNew: 105746K->9443K(118016K)
[1366750.786s][info][gc,heap      ] GC(252357) CMS: 259540K->259540K(1966080K)
[1366750.786s][info][gc,metaspace ] GC(252357) Metaspace: 95515K(98212K)->95515K(98212K) NonClass: 86277K(88004K)->86277K(88004K) Class: 9238K(10208K)->9238K(10208K)
[1366750.786s][info][gc           ] GC(252357) Pause Young (Allocation Failure) 356M->262M(2035M) 4.505ms
[1366750.787s][info][gc,cpu       ] GC(252357) User=0.00s Sys=0.00s Real=0.00s
[1366754.710s][info][gc,start     ] GC(252358) Pause Young (Allocation Failure)
[1366754.710s][info][gc,task      ] GC(252358) Using 9 workers of 9 for evacuation
[1366754.714s][info][gc,heap      ] GC(252358) ParNew: 114403K->1443K(118016K)
[1366754.714s][info][gc,heap      ] GC(252358) CMS: 259540K->259834K(1966080K)
[1366754.714s][info][gc,metaspace ] GC(252358) Metaspace: 95515K(98212K)->95515K(98212K) NonClass: 86277K(88004K)->86277K(88004K) Class: 9238K(10208K)->9238K(10208K)
[1366754.714s][info][gc           ] GC(252358) Pause Young (Allocation Failure) 365M->255M(2035M) 4.067ms
[1366754.714s][info][gc,cpu       ] GC(252358) User=0.14s Sys=0.00s Real=0.02s
[1366759.501s][info][gc,start     ] GC(252359) Pause Young (Allocation Failure)
[1366759.501s][info][gc,task      ] GC(252359) Using 9 workers of 9 for evacuation
[1366759.505s][info][gc,heap      ] GC(252359) ParNew: 106403K->768K(118016K)
[1366759.505s][info][gc,heap      ] GC(252359) CMS: 259834K->259834K(1966080K)
[1366759.505s][info][gc,metaspace ] GC(252359) Metaspace: 95515K(98212K)->95515K(98212K) NonClass: 86277K(88004K)->86277K(88004K) Class: 9238K(10208K)->9238K(10208K)
[1366759.505s][info][gc           ] GC(252359) Pause Young (Allocation Failure) 357M->254M(2035M) 4.348ms
[1366759.505s][info][gc,cpu       ] GC(252359) User=0.00s Sys=0.00s Real=0.00s
[1366763.288s][info][gc,start     ] GC(252360) Pause Young (Allocation Failure)
[1366763.288s][info][gc,task      ] GC(252360) Using 9 workers of 9 for evacuation
[1366763.292s][info][gc,heap      ] GC(252360) ParNew: 105728K->9384K(118016K)
[1366763.292s][info][gc,heap      ] GC(252360) CMS: 259834K->259834K(1966080K)
[1366763.292s][info][gc,metaspace ] GC(252360) Metaspace: 95515K(98212K)->95515K(98212K) NonClass: 86277K(88004K)->86277K(88004K) Class: 9238K(10208K)->9238K(10208K)
[1366763.292s][info][gc           ] GC(252360) Pause Young (Allocation Failure) 356M->262M(2035M) 4.583ms
[1366763.292s][info][gc,cpu       ] GC(252360) User=0.14s Sys=0.00s Real=0.02s
[1366767.931s][info][gc,start     ] GC(252361) Pause Young (Allocation Failure)
[1366767.931s][info][gc,task      ] GC(252361) Using 9 workers of 9 for evacuation
[1366767.935s][info][gc,heap      ] GC(252361) ParNew: 114344K->1387K(118016K)
[1366767.935s][info][gc,heap      ] GC(252361) CMS: 259834K->260128K(1966080K)
[1366767.935s][info][gc,metaspace ] GC(252361) Metaspace: 95515K(98212K)->95515K(98212K) NonClass: 86277K(88004K)->86277K(88004K) Class: 9238K(10208K)->9238K(10208K)
[1366767.935s][info][gc           ] GC(252361) Pause Young (Allocation Failure) 365M->255M(2035M) 4.251ms
[1366767.935s][info][gc,cpu       ] GC(252361) User=0.00s Sys=0.00s Real=0.00s
[1366771.906s][info][gc,start     ] GC(252362) Pause Young (Allocation Failure)
[1366771.906s][info][gc,task      ] GC(252362) Using 9 workers of 9 for evacuation
[1366771.910s][info][gc,heap      ] GC(252362) ParNew: 106347K->9291K(118016K)
[1366771.911s][info][gc,heap      ] GC(252362) CMS: 260128K->260128K(1966080K)
[1366771.911s][info][gc,metaspace ] GC(252362) Metaspace: 95515K(98212K)->95515K(98212K) NonClass: 86277K(88004K)->86277K(88004K) Class: 9238K(10208K)->9238K(10208K)
[1366771.911s][info][gc           ] GC(252362) Pause Young (Allocation Failure) 357M->263M(2035M) 4.817ms
[1366771.911s][info][gc,cpu       ] GC(252362) User=0.00s Sys=0.00s Real=0.00s
[1366775.823s][info][gc,start     ] GC(252363) Pause Young (Allocation Failure)
[1366775.823s][info][gc,task      ] GC(252363) Using 9 workers of 9 for evacuation
[1366775.828s][info][gc,heap      ] GC(252363) ParNew: 114251K->1586K(118016K)
[1366775.828s][info][gc,heap      ] GC(252363) CMS: 260128K->260246K(1966080K)
[1366775.828s][info][gc,metaspace ] GC(252363) Metaspace: 95515K(98212K)->95515K(98212K) NonClass: 86277K(88004K)->86277K(88004K) Class: 9238K(10208K)->9238K(10208K)
[1366775.828s][info][gc           ] GC(252363) Pause Young (Allocation Failure) 365M->255M(2035M) 4.413ms
[1366775.828s][info][gc,cpu       ] GC(252363) User=0.00s Sys=0.00s Real=0.00s
[1366779.695s][info][gc,start     ] GC(252364) Pause Young (Allocation Failure)
[1366779.695s][info][gc,task      ] GC(252364) Using 9 workers of 9 for evacuation
[1366779.699s][info][gc,heap      ] GC(252364) ParNew: 106198K->3508K(118016K)
[1366779.699s][info][gc,heap      ] GC(252364) CMS: 260246K->260246K(1966080K)
[1366779.699s][info][gc,metaspace ] GC(252364) Metaspace: 95515K(98212K)->95515K(98212K) NonClass: 86277K(88004K)->86277K(88004K) Class: 9238K(10208K)->9238K(10208K)
[1366779.699s][info][gc           ] GC(252364) Pause Young (Allocation Failure) 357M->257M(2035M) 4.053ms
[1366779.699s][info][gc,cpu       ] GC(252364) User=0.14s Sys=0.00s Real=0.02s
[1366782.633s][info][gc,start     ] GC(252365) Pause Young (Allocation Failure)
[1366782.633s][info][gc,task      ] GC(252365) Using 9 workers of 9 for evacuation
[1366782.637s][info][gc,heap      ] GC(252365) ParNew: 108468K->9519K(118016K)
[1366782.637s][info][gc,heap      ] GC(252365) CMS: 260246K->260246K(1966080K)
[1366782.637s][info][gc,metaspace ] GC(252365) Metaspace: 95515K(98212K)->95515K(98212K) NonClass: 86277K(88004K)->86277K(88004K) Class: 9238K(10208K)->9238K(10208K)
[1366782.637s][info][gc           ] GC(252365) Pause Young (Allocation Failure) 360M->263M(2035M) 4.336ms
[1366782.637s][info][gc,cpu       ] GC(252365) User=0.11s Sys=0.00s Real=0.02s
[1366785.465s][info][gc,start     ] GC(252366) Pause Young (Allocation Failure)
[1366785.465s][info][gc,task      ] GC(252366) Using 9 workers of 9 for evacuation
[1366785.469s][info][gc,heap      ] GC(252366) ParNew: 114479K->10037K(118016K)
[1366785.469s][info][gc,heap      ] GC(252366) CMS: 260246K->260507K(1966080K)
[1366785.469s][info][gc,metaspace ] GC(252366) Metaspace: 95515K(98212K)->95515K(98212K) NonClass: 86277K(88004K)->86277K(88004K) Class: 9238K(10208K)->9238K(10208K)
[1366785.469s][info][gc           ] GC(252366) Pause Young (Allocation Failure) 365M->264M(2035M) 4.383ms
[1366785.469s][info][gc,cpu       ] GC(252366) User=0.00s Sys=0.00s Real=0.00s
[1366787.991s][info][gc,start     ] GC(252367) Pause Young (Allocation Failure)
[1366787.992s][info][gc,task      ] GC(252367) Using 9 workers of 9 for evacuation
[1366787.997s][info][gc,heap      ] GC(252367) ParNew: 114997K->3365K(118016K)
[1366787.997s][info][gc,heap      ] GC(252367) CMS: 260507K->269307K(1966080K)
[1366787.997s][info][gc,metaspace ] GC(252367) Metaspace: 95515K(98212K)->95515K(98212K) NonClass: 86277K(88004K)->86277K(88004K) Class: 9238K(10208K)->9238K(10208K)
[1366787.997s][info][gc           ] GC(252367) Pause Young (Allocation Failure) 366M->266M(2035M) 5.648ms
[1366787.997s][info][gc,cpu       ] GC(252367) User=0.00s Sys=0.00s Real=0.00s
[1366792.019s][info][gc,start     ] GC(252368) Pause Young (Allocation Failure)
[1366792.020s][info][gc,task      ] GC(252368) Using 9 workers of 9 for evacuation
[1366792.024s][info][gc,heap      ] GC(252368) ParNew: 108325K->1015K(118016K)
[1366792.024s][info][gc,heap      ] GC(252368) CMS: 269307K->269307K(1966080K)
[1366792.024s][info][gc,metaspace ] GC(252368) Metaspace: 95515K(98212K)->95515K(98212K) NonClass: 86277K(88004K)->86277K(88004K) Class: 9238K(10208K)->9238K(10208K)
[1366792.024s][info][gc           ] GC(252368) Pause Young (Allocation Failure) 368M->263M(2035M) 4.448ms
[1366792.024s][info][gc,cpu       ] GC(252368) User=0.02s Sys=0.02s Real=0.02s
[1366794.809s][info][gc,start     ] GC(252369) Pause Young (Allocation Failure)
[1366794.809s][info][gc,task      ] GC(252369) Using 9 workers of 9 for evacuation
[1366794.814s][info][gc,heap      ] GC(252369) ParNew: 105882K->5026K(118016K)
[1366794.814s][info][gc,heap      ] GC(252369) CMS: 269307K->269307K(1966080K)
[1366794.814s][info][gc,metaspace ] GC(252369) Metaspace: 95515K(98212K)->95515K(98212K) NonClass: 86277K(88004K)->86277K(88004K) Class: 9238K(10208K)->9238K(10208K)
[1366794.814s][info][gc           ] GC(252369) Pause Young (Allocation Failure) 366M->267M(2035M) 4.821ms
[1366794.814s][info][gc,cpu       ] GC(252369) User=0.00s Sys=0.00s Real=0.00s
[1366799.113s][info][gc,start     ] GC(252370) Pause Young (Allocation Failure)
[1366799.114s][info][gc,task      ] GC(252370) Using 9 workers of 9 for evacuation
[1366799.117s][info][gc,heap      ] GC(252370) ParNew: 109986K->9827K(118016K)
[1366799.118s][info][gc,heap      ] GC(252370) CMS: 269307K->269307K(1966080K)
[1366799.118s][info][gc,metaspace ] GC(252370) Metaspace: 95515K(98212K)->95515K(98212K) NonClass: 86277K(88004K)->86277K(88004K) Class: 9238K(10208K)->9238K(10208K)
[1366799.118s][info][gc           ] GC(252370) Pause Young (Allocation Failure) 370M->272M(2035M) 4.218ms
[1366799.118s][info][gc,cpu       ] GC(252370) User=0.06s Sys=0.00s Real=0.02s
[1366804.435s][info][gc,start     ] GC(252371) Pause Young (Allocation Failure)
[1366804.435s][info][gc,task      ] GC(252371) Using 9 workers of 9 for evacuation
[1366804.440s][info][gc,heap      ] GC(252371) ParNew: 114787K->6441K(118016K)
[1366804.440s][info][gc,heap      ] GC(252371) CMS: 269307K->273884K(1966080K)
[1366804.440s][info][gc,metaspace ] GC(252371) Metaspace: 95515K(98212K)->95515K(98212K) NonClass: 86277K(88004K)->86277K(88004K) Class: 9238K(10208K)->9238K(10208K)
[1366804.440s][info][gc           ] GC(252371) Pause Young (Allocation Failure) 375M->273M(2035M) 4.755ms
[1366804.440s][info][gc,cpu       ] GC(252371) User=0.00s Sys=0.00s Real=0.00s
[1366809.277s][info][gc,start     ] GC(252372) Pause Young (Allocation Failure)
[1366809.277s][info][gc,task      ] GC(252372) Using 9 workers of 9 for evacuation
[1366809.282s][info][gc,heap      ] GC(252372) ParNew: 111401K->10926K(118016K)
[1366809.282s][info][gc,heap      ] GC(252372) CMS: 273884K->273884K(1966080K)
[1366809.282s][info][gc,metaspace ] GC(252372) Metaspace: 95515K(98212K)->95515K(98212K) NonClass: 86277K(88004K)->86277K(88004K) Class: 9238K(10208K)->9238K(10208K)
[1366809.282s][info][gc           ] GC(252372) Pause Young (Allocation Failure) 376M->278M(2035M) 5.025ms
[1366809.282s][info][gc,cpu       ] GC(252372) User=0.00s Sys=0.00s Real=0.00s
[1366815.642s][info][gc,start     ] GC(252373) Pause Young (Allocation Failure)
[1366815.643s][info][gc,task      ] GC(252373) Using 9 workers of 9 for evacuation
[1366815.647s][info][gc,heap      ] GC(252373) ParNew: 115886K->11851K(118016K)
[1366815.647s][info][gc,heap      ] GC(252373) CMS: 273884K->274112K(1966080K)
[1366815.647s][info][gc,metaspace ] GC(252373) Metaspace: 95515K(98212K)->95515K(98212K) NonClass: 86277K(88004K)->86277K(88004K) Class: 9238K(10208K)->9238K(10208K)
[1366815.647s][info][gc           ] GC(252373) Pause Young (Allocation Failure) 380M->279M(2035M) 4.748ms
[1366815.647s][info][gc,cpu       ] GC(252373) User=0.14s Sys=0.00s Real=0.02s
[1366821.540s][info][gc,start     ] GC(252374) Pause Young (Allocation Failure)
[1366821.540s][info][gc,task      ] GC(252374) Using 9 workers of 9 for evacuation
[1366821.546s][info][gc,heap      ] GC(252374) ParNew: 116811K->5179K(118016K)
[1366821.546s][info][gc,heap      ] GC(252374) CMS: 274112K->282809K(1966080K)
[1366821.546s][info][gc,metaspace ] GC(252374) Metaspace: 95515K(98212K)->95515K(98212K) NonClass: 86277K(88004K)->86277K(88004K) Class: 9238K(10208K)->9238K(10208K)
[1366821.546s][info][gc           ] GC(252374) Pause Young (Allocation Failure) 381M->281M(2035M) 5.725ms
[1366821.546s][info][gc,cpu       ] GC(252374) User=0.00s Sys=0.00s Real=0.00s
[1366825.603s][info][gc,start     ] GC(252375) Pause Young (Allocation Failure)
[1366825.603s][info][gc,task      ] GC(252375) Using 9 workers of 9 for evacuation
[1366825.607s][info][gc,heap      ] GC(252375) ParNew: 110139K->9690K(118016K)
[1366825.607s][info][gc,heap      ] GC(252375) CMS: 282809K->282809K(1966080K)
[1366825.607s][info][gc,metaspace ] GC(252375) Metaspace: 95515K(98212K)->95515K(98212K) NonClass: 86277K(88004K)->86277K(88004K) Class: 9238K(10208K)->9238K(10208K)
[1366825.607s][info][gc           ] GC(252375) Pause Young (Allocation Failure) 383M->285M(2035M) 4.372ms
[1366825.608s][info][gc,cpu       ] GC(252375) User=0.00s Sys=0.00s Real=0.00s
[1366830.468s][info][gc,start     ] GC(252376) Pause Young (Allocation Failure)
[1366830.469s][info][gc,task      ] GC(252376) Using 9 workers of 9 for evacuation
[1366830.474s][info][gc,heap      ] GC(252376) ParNew: 114650K->3113K(118016K)
[1366830.474s][info][gc,heap      ] GC(252376) CMS: 282809K->291660K(1966080K)
[1366830.474s][info][gc,metaspace ] GC(252376) Metaspace: 95515K(98212K)->95515K(98212K) NonClass: 86277K(88004K)->86277K(88004K) Class: 9238K(10208K)->9238K(10208K)
[1366830.474s][info][gc           ] GC(252376) Pause Young (Allocation Failure) 388M->287M(2035M) 5.541ms
[1366830.474s][info][gc,cpu       ] GC(252376) User=0.00s Sys=0.00s Real=0.00s
[1366833.649s][info][gc,start     ] GC(252377) Pause Young (Allocation Failure)
[1366833.649s][info][gc,task      ] GC(252377) Using 9 workers of 9 for evacuation
[1366833.653s][info][gc,heap      ] GC(252377) ParNew: 108073K->941K(118016K)
[1366833.653s][info][gc,heap      ] GC(252377) CMS: 291660K->291660K(1966080K)
[1366833.653s][info][gc,metaspace ] GC(252377) Metaspace: 95515K(98212K)->95515K(98212K) NonClass: 86277K(88004K)->86277K(88004K) Class: 9238K(10208K)->9238K(10208K)
[1366833.653s][info][gc           ] GC(252377) Pause Young (Allocation Failure) 390M->285M(2035M) 4.070ms
[1366833.653s][info][gc,cpu       ] GC(252377) User=0.00s Sys=0.00s Real=0.00s
[1366836.682s][info][gc,start     ] GC(252378) Pause Young (Allocation Failure)
[1366836.683s][info][gc,task      ] GC(252378) Using 9 workers of 9 for evacuation
[1366836.687s][info][gc,heap      ] GC(252378) ParNew: 105901K->9451K(118016K)
[1366836.687s][info][gc,heap      ] GC(252378) CMS: 291660K->291660K(1966080K)
[1366836.687s][info][gc,metaspace ] GC(252378) Metaspace: 95515K(98212K)->95515K(98212K) NonClass: 86277K(88004K)->86277K(88004K) Class: 9238K(10208K)->9238K(10208K)
[1366836.687s][info][gc           ] GC(252378) Pause Young (Allocation Failure) 388M->294M(2035M) 4.384ms
[1366836.687s][info][gc,cpu       ] GC(252378) User=0.00s Sys=0.00s Real=0.00s
[1366840.116s][info][gc,start     ] GC(252379) Pause Young (Allocation Failure)
[1366840.116s][info][gc,task      ] GC(252379) Using 9 workers of 9 for evacuation
[1366840.122s][info][gc,heap      ] GC(252379) ParNew: 114411K->1663K(118016K)
[1366840.123s][info][gc,heap      ] GC(252379) CMS: 291660K->300654K(1966080K)
[1366840.123s][info][gc,metaspace ] GC(252379) Metaspace: 95515K(98212K)->95515K(98212K) NonClass: 86277K(88004K)->86277K(88004K) Class: 9238K(10208K)->9238K(10208K)
[1366840.123s][info][gc           ] GC(252379) Pause Young (Allocation Failure) 396M->295M(2035M) 6.358ms
[1366840.123s][info][gc,cpu       ] GC(252379) User=0.14s Sys=0.00s Real=0.02s
[1366843.554s][info][gc,start     ] GC(252380) Pause Young (Allocation Failure)
[1366843.554s][info][gc,task      ] GC(252380) Using 9 workers of 9 for evacuation
[1366843.558s][info][gc,heap      ] GC(252380) ParNew: 106623K->723K(118016K)
[1366843.558s][info][gc,heap      ] GC(252380) CMS: 300654K->300654K(1966080K)
[1366843.558s][info][gc,metaspace ] GC(252380) Metaspace: 95515K(98212K)->95515K(98212K) NonClass: 86277K(88004K)->86277K(88004K) Class: 9238K(10208K)->9238K(10208K)
[1366843.558s][info][gc           ] GC(252380) Pause Young (Allocation Failure) 397M->294M(2035M) 4.411ms
[1366843.558s][info][gc,cpu       ] GC(252380) User=0.14s Sys=0.00s Real=0.02s
[1366846.896s][info][gc,start     ] GC(252381) Pause Young (Allocation Failure)
[1366846.896s][info][gc,task      ] GC(252381) Using 9 workers of 9 for evacuation
[1366846.900s][info][gc,heap      ] GC(252381) ParNew: 105681K->9479K(118016K)
[1366846.900s][info][gc,heap      ] GC(252381) CMS: 300654K->300654K(1966080K)
[1366846.900s][info][gc,metaspace ] GC(252381) Metaspace: 95515K(98212K)->95515K(98212K) NonClass: 86277K(88004K)->86277K(88004K) Class: 9238K(10208K)->9238K(10208K)
[1366846.900s][info][gc           ] GC(252381) Pause Young (Allocation Failure) 396M->302M(2035M) 4.683ms
[1366846.900s][info][gc,cpu       ] GC(252381) User=0.00s Sys=0.00s Real=0.00s
[1366851.652s][info][gc,start     ] GC(252382) Pause Young (Allocation Failure)
[1366851.652s][info][gc,task      ] GC(252382) Using 9 workers of 9 for evacuation
[1366851.658s][info][gc,heap      ] GC(252382) ParNew: 114439K->1815K(118016K)
[1366851.658s][info][gc,heap      ] GC(252382) CMS: 300654K->309607K(1966080K)
[1366851.658s][info][gc,metaspace ] GC(252382) Metaspace: 95515K(98212K)->95515K(98212K) NonClass: 86277K(88004K)->86277K(88004K) Class: 9238K(10208K)->9238K(10208K)
[1366851.658s][info][gc           ] GC(252382) Pause Young (Allocation Failure) 405M->304M(2035M) 6.108ms
[1366851.658s][info][gc,cpu       ] GC(252382) User=0.00s Sys=0.00s Real=0.00s
[1366855.584s][info][gc,start     ] GC(252383) Pause Young (Allocation Failure)
[1366855.584s][info][gc,task      ] GC(252383) Using 9 workers of 9 for evacuation
[1366855.589s][info][gc,heap      ] GC(252383) ParNew: 106774K->9325K(118016K)
[1366855.589s][info][gc,heap      ] GC(252383) CMS: 309607K->309607K(1966080K)
[1366855.589s][info][gc,metaspace ] GC(252383) Metaspace: 95515K(98212K)->95515K(98212K) NonClass: 86277K(88004K)->86277K(88004K) Class: 9238K(10208K)->9238K(10208K)
[1366855.589s][info][gc           ] GC(252383) Pause Young (Allocation Failure) 406M->311M(2035M) 4.599ms
[1366855.589s][info][gc,cpu       ] GC(252383) User=0.00s Sys=0.00s Real=0.00s
[1366859.578s][info][gc,start     ] GC(252384) Pause Young (Allocation Failure)
[1366859.578s][info][gc,task      ] GC(252384) Using 9 workers of 9 for evacuation
[1366859.585s][info][gc,heap      ] GC(252384) ParNew: 114281K->1808K(118016K)
[1366859.585s][info][gc,heap      ] GC(252384) CMS: 309607K->318459K(1966080K)
[1366859.585s][info][gc,metaspace ] GC(252384) Metaspace: 95515K(98212K)->95515K(98212K) NonClass: 86277K(88004K)->86277K(88004K) Class: 9238K(10208K)->9238K(10208K)
[1366859.585s][info][gc           ] GC(252384) Pause Young (Allocation Failure) 413M->312M(2035M) 6.620ms
[1366859.585s][info][gc,cpu       ] GC(252384) User=0.08s Sys=0.02s Real=0.02s
[1366863.370s][info][gc,start     ] GC(252385) Pause Young (Allocation Failure)
[1366863.370s][info][gc,task      ] GC(252385) Using 9 workers of 9 for evacuation
[1366863.373s][info][gc,heap      ] GC(252385) ParNew: 106768K->824K(118016K)
[1366863.374s][info][gc,heap      ] GC(252385) CMS: 318459K->318459K(1966080K)
[1366863.374s][info][gc,metaspace ] GC(252385) Metaspace: 95515K(98212K)->95515K(98212K) NonClass: 86277K(88004K)->86277K(88004K) Class: 9238K(10208K)->9238K(10208K)
[1366863.374s][info][gc           ] GC(252385) Pause Young (Allocation Failure) 415M->311M(2035M) 3.841ms
[1366863.374s][info][gc,cpu       ] GC(252385) User=0.00s Sys=0.00s Real=0.00s
[1366867.523s][info][gc,start     ] GC(252386) Pause Young (Allocation Failure)
[1366867.524s][info][gc,task      ] GC(252386) Using 9 workers of 9 for evacuation
[1366867.528s][info][gc,heap      ] GC(252386) ParNew: 105784K->9296K(118016K)
[1366867.528s][info][gc,heap      ] GC(252386) CMS: 318459K->318459K(1966080K)
[1366867.528s][info][gc,metaspace ] GC(252386) Metaspace: 95515K(98212K)->95515K(98212K) NonClass: 86277K(88004K)->86277K(88004K) Class: 9238K(10208K)->9238K(10208K)
[1366867.528s][info][gc           ] GC(252386) Pause Young (Allocation Failure) 414M->320M(2035M) 4.325ms
[1366867.528s][info][gc,cpu       ] GC(252386) User=0.00s Sys=0.00s Real=0.00s
[1366871.995s][info][gc,start     ] GC(252387) Pause Young (Allocation Failure)
[1366871.995s][info][gc,task      ] GC(252387) Using 9 workers of 9 for evacuation
[1366872.001s][info][gc,heap      ] GC(252387) ParNew: 114256K->1385K(118016K)
[1366872.001s][info][gc,heap      ] GC(252387) CMS: 318459K->327382K(1966080K)
[1366872.001s][info][gc,metaspace ] GC(252387) Metaspace: 95515K(98212K)->95515K(98212K) NonClass: 86277K(88004K)->86277K(88004K) Class: 9238K(10208K)->9238K(10208K)
[1366872.001s][info][gc           ] GC(252387) Pause Young (Allocation Failure) 422M->321M(2035M) 5.791ms
[1366872.001s][info][gc,cpu       ] GC(252387) User=0.00s Sys=0.00s Real=0.00s
[1366876.334s][info][gc,start     ] GC(252388) Pause Young (Allocation Failure)
[1366876.334s][info][gc,task      ] GC(252388) Using 9 workers of 9 for evacuation
[1366876.338s][info][gc,heap      ] GC(252388) ParNew: 106345K->9214K(118016K)
[1366876.338s][info][gc,heap      ] GC(252388) CMS: 327382K->327382K(1966080K)
[1366876.338s][info][gc,metaspace ] GC(252388) Metaspace: 95515K(98212K)->95515K(98212K) NonClass: 86277K(88004K)->86277K(88004K) Class: 9238K(10208K)->9238K(10208K)
[1366876.338s][info][gc           ] GC(252388) Pause Young (Allocation Failure) 423M->328M(2035M) 4.499ms
[1366876.338s][info][gc,cpu       ] GC(252388) User=0.00s Sys=0.00s Real=0.00s
[1366880.946s][info][gc,start     ] GC(252389) Pause Young (Allocation Failure)
[1366880.947s][info][gc,task      ] GC(252389) Using 9 workers of 9 for evacuation
[1366880.952s][info][gc,heap      ] GC(252389) ParNew: 114174K->1528K(118016K)
[1366880.952s][info][gc,heap      ] GC(252389) CMS: 327382K->336167K(1966080K)
[1366880.952s][info][gc,metaspace ] GC(252389) Metaspace: 95515K(98212K)->95515K(98212K) NonClass: 86277K(88004K)->86277K(88004K) Class: 9238K(10208K)->9238K(10208K)
[1366880.952s][info][gc           ] GC(252389) Pause Young (Allocation Failure) 431M->329M(2035M) 5.511ms
[1366880.952s][info][gc,cpu       ] GC(252389) User=0.00s Sys=0.00s Real=0.00s
[1366884.621s][info][gc,start     ] GC(252390) Pause Young (Allocation Failure)
[1366884.621s][info][gc,task      ] GC(252390) Using 9 workers of 9 for evacuation
[1366884.625s][info][gc,heap      ] GC(252390) ParNew: 106488K->645K(118016K)
[1366884.625s][info][gc,heap      ] GC(252390) CMS: 336167K->336167K(1966080K)
[1366884.625s][info][gc,metaspace ] GC(252390) Metaspace: 95515K(98212K)->95515K(98212K) NonClass: 86277K(88004K)->86277K(88004K) Class: 9238K(10208K)->9238K(10208K)
[1366884.625s][info][gc           ] GC(252390) Pause Young (Allocation Failure) 432M->328M(2035M) 4.627ms
[1366884.626s][info][gc,cpu       ] GC(252390) User=0.00s Sys=0.00s Real=0.00s
[1366887.860s][info][gc,start     ] GC(252391) Pause Young (Allocation Failure)
[1366887.860s][info][gc,task      ] GC(252391) Using 9 workers of 9 for evacuation
[1366887.865s][info][gc,heap      ] GC(252391) ParNew: 105605K->9482K(118016K)
[1366887.865s][info][gc,heap      ] GC(252391) CMS: 336167K->336167K(1966080K)
[1366887.865s][info][gc,metaspace ] GC(252391) Metaspace: 95515K(98212K)->95515K(98212K) NonClass: 86277K(88004K)->86277K(88004K) Class: 9238K(10208K)->9238K(10208K)
[1366887.865s][info][gc           ] GC(252391) Pause Young (Allocation Failure) 431M->337M(2035M) 4.521ms
[1366887.865s][info][gc,cpu       ] GC(252391) User=0.00s Sys=0.02s Real=0.02s
[1366891.337s][info][gc,start     ] GC(252392) Pause Young (Allocation Failure)
[1366891.337s][info][gc,task      ] GC(252392) Using 9 workers of 9 for evacuation
[1366891.342s][info][gc,heap      ] GC(252392) ParNew: 114442K->1636K(118016K)
[1366891.342s][info][gc,heap      ] GC(252392) CMS: 336167K->345085K(1966080K)
[1366891.342s][info][gc,metaspace ] GC(252392) Metaspace: 95515K(98212K)->95515K(98212K) NonClass: 86277K(88004K)->86277K(88004K) Class: 9238K(10208K)->9238K(10208K)
[1366891.342s][info][gc           ] GC(252392) Pause Young (Allocation Failure) 440M->338M(2035M) 5.342ms
[1366891.342s][info][gc,cpu       ] GC(252392) User=0.00s Sys=0.00s Real=0.00s
[1366896.024s][info][gc,start     ] GC(252393) Pause Young (Allocation Failure)
[1366896.024s][info][gc,task      ] GC(252393) Using 9 workers of 9 for evacuation
[1366896.029s][info][gc,heap      ] GC(252393) ParNew: 106193K->1953K(118016K)
[1366896.029s][info][gc,heap      ] GC(252393) CMS: 345085K->345085K(1966080K)
[1366896.029s][info][gc,metaspace ] GC(252393) Metaspace: 95515K(98212K)->95515K(98212K) NonClass: 86277K(88004K)->86277K(88004K) Class: 9238K(10208K)->9238K(10208K)
[1366896.029s][info][gc           ] GC(252393) Pause Young (Allocation Failure) 440M->338M(2035M) 4.367ms
[1366896.029s][info][gc,cpu       ] GC(252393) User=0.00s Sys=0.00s Real=0.00s
[1366900.116s][info][gc,start     ] GC(252394) Pause Young (Allocation Failure)
[1366900.117s][info][gc,task      ] GC(252394) Using 9 workers of 9 for evacuation
[1366900.121s][info][gc,heap      ] GC(252394) ParNew: 106913K->9397K(118016K)
[1366900.121s][info][gc,heap      ] GC(252394) CMS: 345085K->345085K(1966080K)
[1366900.121s][info][gc,metaspace ] GC(252394) Metaspace: 95515K(98212K)->95515K(98212K) NonClass: 86277K(88004K)->86277K(88004K) Class: 9238K(10208K)->9238K(10208K)
[1366900.121s][info][gc           ] GC(252394) Pause Young (Allocation Failure) 441M->346M(2035M) 4.508ms
[1366900.121s][info][gc,cpu       ] GC(252394) User=0.00s Sys=0.00s Real=0.00s
[1366906.278s][info][gc,start     ] GC(252395) Pause Young (Allocation Failure)
[1366906.278s][info][gc,task      ] GC(252395) Using 9 workers of 9 for evacuation
[1366906.283s][info][gc,heap      ] GC(252395) ParNew: 114285K->2381K(118016K)
[1366906.283s][info][gc,heap      ] GC(252395) CMS: 345085K->345354K(1966080K)
[1366906.283s][info][gc,metaspace ] GC(252395) Metaspace: 95515K(98212K)->95515K(98212K) NonClass: 86277K(88004K)->86277K(88004K) Class: 9238K(10208K)->9238K(10208K)
[1366906.283s][info][gc           ] GC(252395) Pause Young (Allocation Failure) 448M->339M(2035M) 4.628ms
[1366906.283s][info][gc,cpu       ] GC(252395) User=0.00s Sys=0.00s Real=0.00s
[1366911.669s][info][gc,start     ] GC(252396) Pause Young (Allocation Failure)
[1366911.669s][info][gc,task      ] GC(252396) Using 9 workers of 9 for evacuation
[1366911.673s][info][gc,heap      ] GC(252396) ParNew: 107341K->9293K(118016K)
[1366911.673s][info][gc,heap      ] GC(252396) CMS: 345354K->345354K(1966080K)
[1366911.673s][info][gc,metaspace ] GC(252396) Metaspace: 95515K(98212K)->95515K(98212K) NonClass: 86277K(88004K)->86277K(88004K) Class: 9238K(10208K)->9238K(10208K)
[1366911.674s][info][gc           ] GC(252396) Pause Young (Allocation Failure) 442M->346M(2035M) 4.455ms
[1366911.674s][info][gc,cpu       ] GC(252396) User=0.00s Sys=0.00s Real=0.00s
[1366915.718s][info][gc,start     ] GC(252397) Pause Young (Allocation Failure)
[1366915.718s][info][gc,task      ] GC(252397) Using 9 workers of 9 for evacuation
[1366915.722s][info][gc,heap      ] GC(252397) ParNew: 114253K->1704K(118016K)
[1366915.722s][info][gc,heap      ] GC(252397) CMS: 345354K->345446K(1966080K)
[1366915.722s][info][gc,metaspace ] GC(252397) Metaspace: 95515K(98212K)->95515K(98212K) NonClass: 86277K(88004K)->86277K(88004K) Class: 9238K(10208K)->9238K(10208K)
[1366915.722s][info][gc           ] GC(252397) Pause Young (Allocation Failure) 448M->339M(2035M) 4.501ms
[1366915.722s][info][gc,cpu       ] GC(252397) User=0.00s Sys=0.00s Real=0.00s
[1366920.573s][info][gc,start     ] GC(252398) Pause Young (Allocation Failure)
[1366920.573s][info][gc,task      ] GC(252398) Using 9 workers of 9 for evacuation
[1366920.578s][info][gc,heap      ] GC(252398) ParNew: 106664K->9322K(118016K)
[1366920.578s][info][gc,heap      ] GC(252398) CMS: 345446K->345446K(1966080K)
[1366920.578s][info][gc,metaspace ] GC(252398) Metaspace: 95515K(98212K)->95515K(98212K) NonClass: 86277K(88004K)->86277K(88004K) Class: 9238K(10208K)->9238K(10208K)
[1366920.578s][info][gc           ] GC(252398) Pause Young (Allocation Failure) 441M->346M(2035M) 4.378ms
[1366920.578s][info][gc,cpu       ] GC(252398) User=0.00s Sys=0.00s Real=0.00s
[1366925.529s][info][gc,start     ] GC(252399) Pause Young (Allocation Failure)
[1366925.529s][info][gc,task      ] GC(252399) Using 9 workers of 9 for evacuation
[1366925.533s][info][gc,heap      ] GC(252399) ParNew: 114282K->1748K(118016K)
[1366925.533s][info][gc,heap      ] GC(252399) CMS: 345446K->345610K(1966080K)
[1366925.533s][info][gc,metaspace ] GC(252399) Metaspace: 95515K(98212K)->95515K(98212K) NonClass: 86277K(88004K)->86277K(88004K) Class: 9238K(10208K)->9238K(10208K)
[1366925.533s][info][gc           ] GC(252399) Pause Young (Allocation Failure) 448M->339M(2035M) 4.062ms
[1366925.533s][info][gc,cpu       ] GC(252399) User=0.00s Sys=0.00s Real=0.00s
[1366928.345s][info][gc,start     ] GC(252400) Pause Young (Allocation Failure)
[1366928.345s][info][gc,task      ] GC(252400) Using 9 workers of 9 for evacuation
[1366928.349s][info][gc,heap      ] GC(252400) ParNew: 106708K->9292K(118016K)
[1366928.349s][info][gc,heap      ] GC(252400) CMS: 345610K->345610K(1966080K)
[1366928.349s][info][gc,metaspace ] GC(252400) Metaspace: 95515K(98212K)->95515K(98212K) NonClass: 86277K(88004K)->86277K(88004K) Class: 9238K(10208K)->9238K(10208K)
[1366928.349s][info][gc           ] GC(252400) Pause Young (Allocation Failure) 441M->346M(2035M) 4.275ms
[1366928.349s][info][gc,cpu       ] GC(252400) User=0.00s Sys=0.00s Real=0.00s
[1366932.237s][info][gc,start     ] GC(252401) Pause Young (Allocation Failure)
[1366932.237s][info][gc,task      ] GC(252401) Using 9 workers of 9 for evacuation
[1366932.242s][info][gc,heap      ] GC(252401) ParNew: 114252K->1765K(118016K)
[1366932.242s][info][gc,heap      ] GC(252401) CMS: 345610K->354445K(1966080K)
[1366932.242s][info][gc,metaspace ] GC(252401) Metaspace: 95515K(98212K)->95515K(98212K) NonClass: 86277K(88004K)->86277K(88004K) Class: 9238K(10208K)->9238K(10208K)
[1366932.242s][info][gc           ] GC(252401) Pause Young (Allocation Failure) 449M->347M(2035M) 5.308ms
[1366932.242s][info][gc,cpu       ] GC(252401) User=0.00s Sys=0.00s Real=0.00s
[1366935.804s][info][gc,start     ] GC(252402) Pause Young (Allocation Failure)
[1366935.804s][info][gc,task      ] GC(252402) Using 9 workers of 9 for evacuation
[1366935.808s][info][gc,heap      ] GC(252402) ParNew: 106725K->771K(118016K)
[1366935.809s][info][gc,heap      ] GC(252402) CMS: 354445K->354445K(1966080K)
[1366935.809s][info][gc,metaspace ] GC(252402) Metaspace: 95515K(98212K)->95515K(98212K) NonClass: 86277K(88004K)->86277K(88004K) Class: 9238K(10208K)->9238K(10208K)
[1366935.809s][info][gc           ] GC(252402) Pause Young (Allocation Failure) 450M->346M(2035M) 4.796ms
[1366935.809s][info][gc,cpu       ] GC(252402) User=0.08s Sys=0.00s Real=0.02s
[1366939.542s][info][gc,start     ] GC(252403) Pause Young (Allocation Failure)
[1366939.542s][info][gc,task      ] GC(252403) Using 9 workers of 9 for evacuation
[1366939.547s][info][gc,heap      ] GC(252403) ParNew: 105731K->9339K(118016K)
[1366939.547s][info][gc,heap      ] GC(252403) CMS: 354445K->354445K(1966080K)
[1366939.547s][info][gc,metaspace ] GC(252403) Metaspace: 95515K(98212K)->95515K(98212K) NonClass: 86277K(88004K)->86277K(88004K) Class: 9238K(10208K)->9238K(10208K)
[1366939.547s][info][gc           ] GC(252403) Pause Young (Allocation Failure) 449M->355M(2035M) 4.511ms
[1366939.547s][info][gc,cpu       ] GC(252403) User=0.00s Sys=0.00s Real=0.00s
[1366946.912s][info][gc,start     ] GC(252404) Pause Young (Allocation Failure)
[1366946.912s][info][gc,task      ] GC(252404) Using 9 workers of 9 for evacuation
[1366946.916s][info][gc,heap      ] GC(252404) ParNew: 114299K->1396K(118016K)
[1366946.916s][info][gc,heap      ] GC(252404) CMS: 354445K->354720K(1966080K)
[1366946.916s][info][gc,metaspace ] GC(252404) Metaspace: 95515K(98212K)->95515K(98212K) NonClass: 86277K(88004K)->86277K(88004K) Class: 9238K(10208K)->9238K(10208K)
[1366946.916s][info][gc           ] GC(252404) Pause Young (Allocation Failure) 457M->347M(2035M) 4.008ms
[1366946.916s][info][gc,cpu       ] GC(252404) User=0.02s Sys=0.00s Real=0.02s
[1366951.623s][info][gc,start     ] GC(252405) Pause Young (Allocation Failure)
[1366951.623s][info][gc,task      ] GC(252405) Using 9 workers of 9 for evacuation
[1366951.628s][info][gc,heap      ] GC(252405) ParNew: 106356K->9240K(118016K)
[1366951.628s][info][gc,heap      ] GC(252405) CMS: 354720K->354720K(1966080K)
[1366951.628s][info][gc,metaspace ] GC(252405) Metaspace: 95515K(98212K)->95515K(98212K) NonClass: 86277K(88004K)->86277K(88004K) Class: 9238K(10208K)->9238K(10208K)
[1366951.628s][info][gc           ] GC(252405) Pause Young (Allocation Failure) 450M->355M(2035M) 4.770ms
[1366951.628s][info][gc,cpu       ] GC(252405) User=0.00s Sys=0.00s Real=0.00s
[1366954.527s][info][gc,start     ] GC(252406) Pause Young (Allocation Failure)
[1366954.527s][info][gc,task      ] GC(252406) Using 9 workers of 9 for evacuation
[1366954.533s][info][gc,heap      ] GC(252406) ParNew: 114200K->1528K(118016K)
[1366954.533s][info][gc,heap      ] GC(252406) CMS: 354720K->363506K(1966080K)
[1366954.533s][info][gc,metaspace ] GC(252406) Metaspace: 95515K(98212K)->95515K(98212K) NonClass: 86277K(88004K)->86277K(88004K) Class: 9238K(10208K)->9238K(10208K)
[1366954.533s][info][gc           ] GC(252406) Pause Young (Allocation Failure) 457M->356M(2035M) 5.622ms
[1366954.533s][info][gc,cpu       ] GC(252406) User=0.00s Sys=0.00s Real=0.00s
[1366957.507s][info][gc,start     ] GC(252407) Pause Young (Allocation Failure)
[1366957.507s][info][gc,task      ] GC(252407) Using 9 workers of 9 for evacuation
[1366957.511s][info][gc,heap      ] GC(252407) ParNew: 106488K->9329K(118016K)
[1366957.512s][info][gc,heap      ] GC(252407) CMS: 363506K->363506K(1966080K)
[1366957.512s][info][gc,metaspace ] GC(252407) Metaspace: 95515K(98212K)->95515K(98212K) NonClass: 86277K(88004K)->86277K(88004K) Class: 9238K(10208K)->9238K(10208K)
[1366957.512s][info][gc           ] GC(252407) Pause Young (Allocation Failure) 458M->364M(2035M) 4.545ms
[1366957.512s][info][gc,cpu       ] GC(252407) User=0.14s Sys=0.00s Real=0.02s
[1366962.273s][info][gc,start     ] GC(252408) Pause Young (Allocation Failure)
[1366962.273s][info][gc,task      ] GC(252408) Using 9 workers of 9 for evacuation
[1366962.278s][info][gc,heap      ] GC(252408) ParNew: 114289K->1633K(118016K)
[1366962.278s][info][gc,heap      ] GC(252408) CMS: 363506K->372344K(1966080K)
[1366962.278s][info][gc,metaspace ] GC(252408) Metaspace: 95515K(98212K)->95515K(98212K) NonClass: 86277K(88004K)->86277K(88004K) Class: 9238K(10208K)->9238K(10208K)
[1366962.278s][info][gc           ] GC(252408) Pause Young (Allocation Failure) 466M->365M(2035M) 5.799ms
[1366962.279s][info][gc,cpu       ] GC(252408) User=0.09s Sys=0.02s Real=0.01s
[1366966.574s][info][gc,start     ] GC(252409) Pause Young (Allocation Failure)
[1366966.574s][info][gc,task      ] GC(252409) Using 9 workers of 9 for evacuation
[1366966.578s][info][gc,heap      ] GC(252409) ParNew: 106593K->792K(118016K)
[1366966.579s][info][gc,heap      ] GC(252409) CMS: 372344K->372344K(1966080K)
[1366966.579s][info][gc,metaspace ] GC(252409) Metaspace: 95515K(98212K)->95515K(98212K) NonClass: 86277K(88004K)->86277K(88004K) Class: 9238K(10208K)->9238K(10208K)
[1366966.579s][info][gc           ] GC(252409) Pause Young (Allocation Failure) 467M->364M(2035M) 4.811ms
[1366966.579s][info][gc,cpu       ] GC(252409) User=0.00s Sys=0.00s Real=0.00s
[1366970.089s][info][gc,start     ] GC(252410) Pause Young (Allocation Failure)
[1366970.089s][info][gc,task      ] GC(252410) Using 9 workers of 9 for evacuation
[1366970.093s][info][gc,heap      ] GC(252410) ParNew: 105752K->9317K(118016K)
[1366970.093s][info][gc,heap      ] GC(252410) CMS: 372344K->372344K(1966080K)
[1366970.093s][info][gc,metaspace ] GC(252410) Metaspace: 95515K(98212K)->95515K(98212K) NonClass: 86277K(88004K)->86277K(88004K) Class: 9238K(10208K)->9238K(10208K)
[1366970.093s][info][gc           ] GC(252410) Pause Young (Allocation Failure) 466M->372M(2035M) 4.464ms
[1366970.093s][info][gc,cpu       ] GC(252410) User=0.00s Sys=0.00s Real=0.00s
[1366973.482s][info][gc,start     ] GC(252411) Pause Young (Allocation Failure)
[1366973.482s][info][gc,task      ] GC(252411) Using 9 workers of 9 for evacuation
[1366973.488s][info][gc,heap      ] GC(252411) ParNew: 114277K->1268K(118016K)
[1366973.488s][info][gc,heap      ] GC(252411) CMS: 372344K->381257K(1966080K)
[1366973.488s][info][gc,metaspace ] GC(252411) Metaspace: 95515K(98212K)->95515K(98212K) NonClass: 86277K(88004K)->86277K(88004K) Class: 9238K(10208K)->9238K(10208K)
[1366973.488s][info][gc           ] GC(252411) Pause Young (Allocation Failure) 475M->373M(2035M) 5.923ms
[1366973.488s][info][gc,cpu       ] GC(252411) User=0.00s Sys=0.02s Real=0.02s
[1366977.198s][info][gc,start     ] GC(252412) Pause Young (Allocation Failure)
[1366977.198s][info][gc,task      ] GC(252412) Using 9 workers of 9 for evacuation
[1366977.202s][info][gc,heap      ] GC(252412) ParNew: 106228K->743K(118016K)
[1366977.202s][info][gc,heap      ] GC(252412) CMS: 381257K->381257K(1966080K)
[1366977.202s][info][gc,metaspace ] GC(252412) Metaspace: 95515K(98212K)->95515K(98212K) NonClass: 86277K(88004K)->86277K(88004K) Class: 9238K(10208K)->9238K(10208K)
[1366977.202s][info][gc           ] GC(252412) Pause Young (Allocation Failure) 476M->373M(2035M) 4.078ms
[1366977.202s][info][gc,cpu       ] GC(252412) User=0.00s Sys=0.00s Real=0.00s
[1366979.197s][info][gc,start     ] GC(252413) Pause Young (Allocation Failure)
[1366979.197s][info][gc,task      ] GC(252413) Using 9 workers of 9 for evacuation
[1366979.201s][info][gc,heap      ] GC(252413) ParNew: 105703K->9576K(118016K)
[1366979.201s][info][gc,heap      ] GC(252413) CMS: 381257K->381257K(1966080K)
[1366979.201s][info][gc,metaspace ] GC(252413) Metaspace: 95515K(98212K)->95515K(98212K) NonClass: 86277K(88004K)->86277K(88004K) Class: 9238K(10208K)->9238K(10208K)
[1366979.202s][info][gc           ] GC(252413) Pause Young (Allocation Failure) 475M->381M(2035M) 4.492ms
[1366979.202s][info][gc,cpu       ] GC(252413) User=0.00s Sys=0.00s Real=0.00s
[1366983.941s][info][gc,start     ] GC(252414) Pause Young (Allocation Failure)
[1366983.941s][info][gc,task      ] GC(252414) Using 9 workers of 9 for evacuation
[1366983.946s][info][gc,heap      ] GC(252414) ParNew: 114536K->1894K(118016K)
[1366983.946s][info][gc,heap      ] GC(252414) CMS: 381257K->390248K(1966080K)
[1366983.946s][info][gc,metaspace ] GC(252414) Metaspace: 95515K(98212K)->95515K(98212K) NonClass: 86277K(88004K)->86277K(88004K) Class: 9238K(10208K)->9238K(10208K)
[1366983.946s][info][gc           ] GC(252414) Pause Young (Allocation Failure) 484M->382M(2035M) 5.398ms
[1366983.946s][info][gc,cpu       ] GC(252414) User=0.00s Sys=0.02s Real=0.02s
[1366986.947s][info][gc,start     ] GC(252415) Pause Young (Allocation Failure)
[1366986.947s][info][gc,task      ] GC(252415) Using 9 workers of 9 for evacuation
[1366986.951s][info][gc,heap      ] GC(252415) ParNew: 106854K->746K(118016K)
[1366986.951s][info][gc,heap      ] GC(252415) CMS: 390248K->390248K(1966080K)
[1366986.951s][info][gc,metaspace ] GC(252415) Metaspace: 95515K(98212K)->95515K(98212K) NonClass: 86277K(88004K)->86277K(88004K) Class: 9238K(10208K)->9238K(10208K)
[1366986.951s][info][gc           ] GC(252415) Pause Young (Allocation Failure) 485M->381M(2035M) 4.390ms
[1366986.951s][info][gc,cpu       ] GC(252415) User=0.00s Sys=0.00s Real=0.00s
[1366990.835s][info][gc,start     ] GC(252416) Pause Young (Allocation Failure)
[1366990.835s][info][gc,task      ] GC(252416) Using 9 workers of 9 for evacuation
[1366990.839s][info][gc,heap      ] GC(252416) ParNew: 105706K->9329K(118016K)
[1366990.839s][info][gc,heap      ] GC(252416) CMS: 390248K->390248K(1966080K)
[1366990.839s][info][gc,metaspace ] GC(252416) Metaspace: 95515K(98212K)->95515K(98212K) NonClass: 86277K(88004K)->86277K(88004K) Class: 9238K(10208K)->9238K(10208K)
[1366990.839s][info][gc           ] GC(252416) Pause Young (Allocation Failure) 484M->390M(2035M) 4.212ms
[1366990.839s][info][gc,cpu       ] GC(252416) User=0.00s Sys=0.00s Real=0.00s
[1366994.037s][info][gc,start     ] GC(252417) Pause Young (Allocation Failure)
[1366994.037s][info][gc,task      ] GC(252417) Using 9 workers of 9 for evacuation
[1366994.043s][info][gc,heap      ] GC(252417) ParNew: 114289K->1311K(118016K)
[1366994.043s][info][gc,heap      ] GC(252417) CMS: 390248K->399150K(1966080K)
[1366994.043s][info][gc,metaspace ] GC(252417) Metaspace: 95515K(98212K)->95515K(98212K) NonClass: 86277K(88004K)->86277K(88004K) Class: 9238K(10208K)->9238K(10208K)
[1366994.043s][info][gc           ] GC(252417) Pause Young (Allocation Failure) 492M->391M(2035M) 5.539ms
[1366994.043s][info][gc,cpu       ] GC(252417) User=0.00s Sys=0.00s Real=0.00s
[1366996.886s][info][gc,start     ] GC(252418) Pause Young (Allocation Failure)
[1366996.886s][info][gc,task      ] GC(252418) Using 9 workers of 9 for evacuation
[1366996.890s][info][gc,heap      ] GC(252418) ParNew: 106271K->635K(118016K)
[1366996.890s][info][gc,heap      ] GC(252418) CMS: 399150K->399150K(1966080K)
[1366996.890s][info][gc,metaspace ] GC(252418) Metaspace: 95515K(98212K)->95515K(98212K) NonClass: 86277K(88004K)->86277K(88004K) Class: 9238K(10208K)->9238K(10208K)
[1366996.890s][info][gc           ] GC(252418) Pause Young (Allocation Failure) 493M->390M(2035M) 4.005ms
[1366996.890s][info][gc,cpu       ] GC(252418) User=0.00s Sys=0.00s Real=0.00s
[1366999.859s][info][gc,start     ] GC(252419) Pause Young (Allocation Failure)
[1366999.859s][info][gc,task      ] GC(252419) Using 9 workers of 9 for evacuation
[1366999.863s][info][gc,heap      ] GC(252419) ParNew: 105595K->9428K(118016K)
[1366999.863s][info][gc,heap      ] GC(252419) CMS: 399150K->399150K(1966080K)
[1366999.863s][info][gc,metaspace ] GC(252419) Metaspace: 95515K(98212K)->95515K(98212K) NonClass: 86277K(88004K)->86277K(88004K) Class: 9238K(10208K)->9238K(10208K)
[1366999.863s][info][gc           ] GC(252419) Pause Young (Allocation Failure) 492M->399M(2035M) 4.503ms
[1366999.863s][info][gc,cpu       ] GC(252419) User=0.00s Sys=0.00s Real=0.00s
[1367004.581s][info][gc,start     ] GC(252420) Pause Young (Allocation Failure)
[1367004.581s][info][gc,task      ] GC(252420) Using 9 workers of 9 for evacuation
[1367004.587s][info][gc,heap      ] GC(252420) ParNew: 114388K->1617K(118016K)
[1367004.587s][info][gc,heap      ] GC(252420) CMS: 399150K->408140K(1966080K)
[1367004.587s][info][gc,metaspace ] GC(252420) Metaspace: 95515K(98212K)->95515K(98212K) NonClass: 86277K(88004K)->86277K(88004K) Class: 9238K(10208K)->9238K(10208K)
[1367004.587s][info][gc           ] GC(252420) Pause Young (Allocation Failure) 501M->400M(2035M) 6.107ms
[1367004.587s][info][gc,cpu       ] GC(252420) User=0.14s Sys=0.00s Real=0.02s
[1367007.911s][info][gc,start     ] GC(252421) Pause Young (Allocation Failure)
[1367007.911s][info][gc,task      ] GC(252421) Using 9 workers of 9 for evacuation
[1367007.915s][info][gc,heap      ] GC(252421) ParNew: 106577K->2183K(118016K)
[1367007.915s][info][gc,heap      ] GC(252421) CMS: 408140K->408140K(1966080K)
[1367007.915s][info][gc,metaspace ] GC(252421) Metaspace: 95515K(98212K)->95515K(98212K) NonClass: 86277K(88004K)->86277K(88004K) Class: 9238K(10208K)->9238K(10208K)
[1367007.915s][info][gc           ] GC(252421) Pause Young (Allocation Failure) 502M->400M(2035M) 4.311ms
[1367007.915s][info][gc,cpu       ] GC(252421) User=0.00s Sys=0.00s Real=0.00s
[1367012.246s][info][gc,start     ] GC(252422) Pause Young (Allocation Failure)
[1367012.246s][info][gc,task      ] GC(252422) Using 9 workers of 9 for evacuation
[1367012.250s][info][gc,heap      ] GC(252422) ParNew: 107143K->9499K(118016K)
[1367012.250s][info][gc,heap      ] GC(252422) CMS: 408140K->408140K(1966080K)
[1367012.250s][info][gc,metaspace ] GC(252422) Metaspace: 95515K(98212K)->95515K(98212K) NonClass: 86277K(88004K)->86277K(88004K) Class: 9238K(10208K)->9238K(10208K)
[1367012.250s][info][gc           ] GC(252422) Pause Young (Allocation Failure) 503M->407M(2035M) 4.792ms
[1367012.251s][info][gc,cpu       ] GC(252422) User=0.00s Sys=0.00s Real=0.00s
[1367016.805s][info][gc,start     ] GC(252423) Pause Young (Allocation Failure)
[1367016.805s][info][gc,task      ] GC(252423) Using 9 workers of 9 for evacuation
[1367016.809s][info][gc,heap      ] GC(252423) ParNew: 114459K->2041K(118016K)
[1367016.809s][info][gc,heap      ] GC(252423) CMS: 408140K->408446K(1966080K)
[1367016.809s][info][gc,metaspace ] GC(252423) Metaspace: 95515K(98212K)->95515K(98212K) NonClass: 86277K(88004K)->86277K(88004K) Class: 9238K(10208K)->9238K(10208K)
[1367016.809s][info][gc           ] GC(252423) Pause Young (Allocation Failure) 510M->400M(2035M) 4.146ms
[1367016.809s][info][gc,cpu       ] GC(252423) User=0.02s Sys=0.02s Real=0.02s
[1367020.896s][info][gc,start     ] GC(252424) Pause Young (Allocation Failure)
[1367020.896s][info][gc,task      ] GC(252424) Using 9 workers of 9 for evacuation
[1367020.900s][info][gc,heap      ] GC(252424) ParNew: 107001K->9407K(118016K)
[1367020.900s][info][gc,heap      ] GC(252424) CMS: 408446K->408446K(1966080K)
[1367020.901s][info][gc,metaspace ] GC(252424) Metaspace: 95515K(98212K)->95515K(98212K) NonClass: 86277K(88004K)->86277K(88004K) Class: 9238K(10208K)->9238K(10208K)
[1367020.901s][info][gc           ] GC(252424) Pause Young (Allocation Failure) 503M->408M(2035M) 4.588ms
[1367020.901s][info][gc,cpu       ] GC(252424) User=0.13s Sys=0.00s Real=0.02s
[1367026.072s][info][gc,start     ] GC(252425) Pause Young (Allocation Failure)
[1367026.072s][info][gc,task      ] GC(252425) Using 9 workers of 9 for evacuation
[1367026.076s][info][gc,heap      ] GC(252425) ParNew: 114367K->1853K(118016K)
[1367026.076s][info][gc,heap      ] GC(252425) CMS: 408446K->408556K(1966080K)
[1367026.076s][info][gc,metaspace ] GC(252425) Metaspace: 95515K(98212K)->95515K(98212K) NonClass: 86277K(88004K)->86277K(88004K) Class: 9238K(10208K)->9238K(10208K)
[1367026.076s][info][gc           ] GC(252425) Pause Young (Allocation Failure) 510M->400M(2035M) 4.072ms
[1367026.076s][info][gc,cpu       ] GC(252425) User=0.00s Sys=0.00s Real=0.00s
[1367030.439s][info][gc,start     ] GC(252426) Pause Young (Allocation Failure)
[1367030.439s][info][gc,task      ] GC(252426) Using 9 workers of 9 for evacuation
[1367030.443s][info][gc,heap      ] GC(252426) ParNew: 106813K->9342K(118016K)
[1367030.443s][info][gc,heap      ] GC(252426) CMS: 408556K->408556K(1966080K)
[1367030.443s][info][gc,metaspace ] GC(252426) Metaspace: 95515K(98212K)->95515K(98212K) NonClass: 86277K(88004K)->86277K(88004K) Class: 9238K(10208K)->9238K(10208K)
[1367030.443s][info][gc           ] GC(252426) Pause Young (Allocation Failure) 503M->408M(2035M) 4.620ms
[1367030.443s][info][gc,cpu       ] GC(252426) User=0.00s Sys=0.02s Real=0.02s
[1367036.608s][info][gc,start     ] GC(252427) Pause Young (Allocation Failure)
[1367036.608s][info][gc,task      ] GC(252427) Using 9 workers of 9 for evacuation
[1367036.612s][info][gc,heap      ] GC(252427) ParNew: 114302K->1689K(118016K)
[1367036.612s][info][gc,heap      ] GC(252427) CMS: 408556K->408680K(1966080K)
[1367036.612s][info][gc,metaspace ] GC(252427) Metaspace: 95515K(98212K)->95515K(98212K) NonClass: 86277K(88004K)->86277K(88004K) Class: 9238K(10208K)->9238K(10208K)
[1367036.612s][info][gc           ] GC(252427) Pause Young (Allocation Failure) 510M->400M(2035M) 4.503ms
[1367036.612s][info][gc,cpu       ] GC(252427) User=0.00s Sys=0.00s Real=0.00s
[1367041.340s][info][gc,start     ] GC(252428) Pause Young (Allocation Failure)
[1367041.340s][info][gc,task      ] GC(252428) Using 9 workers of 9 for evacuation
[1367041.344s][info][gc,heap      ] GC(252428) ParNew: 106649K->9402K(118016K)
[1367041.344s][info][gc,heap      ] GC(252428) CMS: 408680K->408680K(1966080K)
[1367041.344s][info][gc,metaspace ] GC(252428) Metaspace: 95515K(98212K)->95515K(98212K) NonClass: 86277K(88004K)->86277K(88004K) Class: 9238K(10208K)->9238K(10208K)
[1367041.344s][info][gc           ] GC(252428) Pause Young (Allocation Failure) 503M->408M(2035M) 4.890ms
[1367041.345s][info][gc,cpu       ] GC(252428) User=0.00s Sys=0.00s Real=0.00s
[1367044.025s][info][gc,start     ] GC(252429) Pause Young (Allocation Failure)
[1367044.026s][info][gc,task      ] GC(252429) Using 9 workers of 9 for evacuation
[1367044.031s][info][gc,heap      ] GC(252429) ParNew: 114362K->1698K(118016K)
[1367044.031s][info][gc,heap      ] GC(252429) CMS: 408680K->417488K(1966080K)
[1367044.031s][info][gc,metaspace ] GC(252429) Metaspace: 95515K(98212K)->95515K(98212K) NonClass: 86277K(88004K)->86277K(88004K) Class: 9238K(10208K)->9238K(10208K)
[1367044.031s][info][gc           ] GC(252429) Pause Young (Allocation Failure) 510M->409M(2035M) 5.669ms
[1367044.031s][info][gc,cpu       ] GC(252429) User=0.00s Sys=0.00s Real=0.00s
[1367047.063s][info][gc,start     ] GC(252430) Pause Young (Allocation Failure)
[1367047.063s][info][gc,task      ] GC(252430) Using 9 workers of 9 for evacuation
[1367047.066s][info][gc,heap      ] GC(252430) ParNew: 106658K->1011K(118016K)
[1367047.066s][info][gc,heap      ] GC(252430) CMS: 417488K->417488K(1966080K)
[1367047.066s][info][gc,metaspace ] GC(252430) Metaspace: 95515K(98212K)->95515K(98212K) NonClass: 86277K(88004K)->86277K(88004K) Class: 9238K(10208K)->9238K(10208K)
[1367047.066s][info][gc           ] GC(252430) Pause Young (Allocation Failure) 511M->408M(2035M) 3.907ms
[1367047.067s][info][gc,cpu       ] GC(252430) User=0.00s Sys=0.00s Real=0.00s
[1367051.647s][info][gc,start     ] GC(252431) Pause Young (Allocation Failure)
[1367051.647s][info][gc,task      ] GC(252431) Using 9 workers of 9 for evacuation
[1367051.651s][info][gc,heap      ] GC(252431) ParNew: 105971K->9437K(118016K)
[1367051.651s][info][gc,heap      ] GC(252431) CMS: 417488K->417488K(1966080K)
[1367051.651s][info][gc,metaspace ] GC(252431) Metaspace: 95515K(98212K)->95515K(98212K) NonClass: 86277K(88004K)->86277K(88004K) Class: 9238K(10208K)->9238K(10208K)
[1367051.651s][info][gc           ] GC(252431) Pause Young (Allocation Failure) 511M->416M(2035M) 4.507ms
[1367051.651s][info][gc,cpu       ] GC(252431) User=0.00s Sys=0.00s Real=0.00s
[1367057.911s][info][gc,start     ] GC(252432) Pause Young (Allocation Failure)
[1367057.911s][info][gc,task      ] GC(252432) Using 9 workers of 9 for evacuation
[1367057.916s][info][gc,heap      ] GC(252432) ParNew: 114397K->1620K(118016K)
[1367057.916s][info][gc,heap      ] GC(252432) CMS: 417488K->417857K(1966080K)
[1367057.916s][info][gc,metaspace ] GC(252432) Metaspace: 95515K(98212K)->95515K(98212K) NonClass: 86277K(88004K)->86277K(88004K) Class: 9238K(10208K)->9238K(10208K)
[1367057.916s][info][gc           ] GC(252432) Pause Young (Allocation Failure) 519M->409M(2035M) 5.299ms
[1367057.916s][info][gc,cpu       ] GC(252432) User=0.09s Sys=0.00s Real=0.02s
[1367061.240s][info][gc,start     ] GC(252433) Pause Young (Allocation Failure)
[1367061.240s][info][gc,task      ] GC(252433) Using 9 workers of 9 for evacuation
[1367061.244s][info][gc,heap      ] GC(252433) ParNew: 106580K->9323K(118016K)
[1367061.244s][info][gc,heap      ] GC(252433) CMS: 417857K->417857K(1966080K)
[1367061.244s][info][gc,metaspace ] GC(252433) Metaspace: 95515K(98212K)->95515K(98212K) NonClass: 86277K(88004K)->86277K(88004K) Class: 9238K(10208K)->9238K(10208K)
[1367061.244s][info][gc           ] GC(252433) Pause Young (Allocation Failure) 512M->417M(2035M) 4.359ms
[1367061.245s][info][gc,cpu       ] GC(252433) User=0.03s Sys=0.02s Real=0.02s
[1367066.879s][info][gc,start     ] GC(252434) Pause Young (Allocation Failure)
[1367066.879s][info][gc,task      ] GC(252434) Using 9 workers of 9 for evacuation
[1367066.883s][info][gc,heap      ] GC(252434) ParNew: 114283K->1730K(118016K)
[1367066.883s][info][gc,heap      ] GC(252434) CMS: 417857K->418017K(1966080K)
[1367066.883s][info][gc,metaspace ] GC(252434) Metaspace: 95515K(98212K)->95515K(98212K) NonClass: 86277K(88004K)->86277K(88004K) Class: 9238K(10208K)->9238K(10208K)
[1367066.883s][info][gc           ] GC(252434) Pause Young (Allocation Failure) 519M->409M(2035M) 3.869ms
[1367066.883s][info][gc,cpu       ] GC(252434) User=0.14s Sys=0.00s Real=0.02s
[1367070.930s][info][gc,start     ] GC(252435) Pause Young (Allocation Failure)
[1367070.930s][info][gc,task      ] GC(252435) Using 9 workers of 9 for evacuation
[1367070.934s][info][gc,heap      ] GC(252435) ParNew: 106690K->9313K(118016K)
[1367070.934s][info][gc,heap      ] GC(252435) CMS: 418017K->418017K(1966080K)
[1367070.934s][info][gc,metaspace ] GC(252435) Metaspace: 95515K(98212K)->95515K(98212K) NonClass: 86277K(88004K)->86277K(88004K) Class: 9238K(10208K)->9238K(10208K)
[1367070.934s][info][gc           ] GC(252435) Pause Young (Allocation Failure) 512M->417M(2035M) 4.486ms
[1367070.934s][info][gc,cpu       ] GC(252435) User=0.00s Sys=0.00s Real=0.00s
[1367075.360s][info][gc,start     ] GC(252436) Pause Young (Allocation Failure)
[1367075.360s][info][gc,task      ] GC(252436) Using 9 workers of 9 for evacuation
[1367075.364s][info][gc,heap      ] GC(252436) ParNew: 114273K->1724K(118016K)
[1367075.364s][info][gc,heap      ] GC(252436) CMS: 418017K->418218K(1966080K)
[1367075.364s][info][gc,metaspace ] GC(252436) Metaspace: 95515K(98212K)->95515K(98212K) NonClass: 86277K(88004K)->86277K(88004K) Class: 9238K(10208K)->9238K(10208K)
[1367075.364s][info][gc           ] GC(252436) Pause Young (Allocation Failure) 519M->410M(2035M) 4.232ms
[1367075.365s][info][gc,cpu       ] GC(252436) User=0.00s Sys=0.00s Real=0.00s
[1367080.789s][info][gc,start     ] GC(252437) Pause Young (Allocation Failure)
[1367080.789s][info][gc,task      ] GC(252437) Using 9 workers of 9 for evacuation
[1367080.794s][info][gc,heap      ] GC(252437) ParNew: 106684K->9426K(118016K)
[1367080.794s][info][gc,heap      ] GC(252437) CMS: 418218K->418218K(1966080K)
[1367080.794s][info][gc,metaspace ] GC(252437) Metaspace: 95515K(98212K)->95515K(98212K) NonClass: 86277K(88004K)->86277K(88004K) Class: 9238K(10208K)->9238K(10208K)
[1367080.794s][info][gc           ] GC(252437) Pause Young (Allocation Failure) 512M->417M(2035M) 4.736ms
[1367080.794s][info][gc,cpu       ] GC(252437) User=0.00s Sys=0.00s Real=0.00s
[1367086.844s][info][gc,start     ] GC(252438) Pause Young (Allocation Failure)
[1367086.844s][info][gc,task      ] GC(252438) Using 9 workers of 9 for evacuation
[1367086.848s][info][gc,heap      ] GC(252438) ParNew: 114386K->1737K(118016K)
[1367086.849s][info][gc,heap      ] GC(252438) CMS: 418218K->418398K(1966080K)
[1367086.849s][info][gc,metaspace ] GC(252438) Metaspace: 95515K(98212K)->95515K(98212K) NonClass: 86277K(88004K)->86277K(88004K) Class: 9238K(10208K)->9238K(10208K)
[1367086.849s][info][gc           ] GC(252438) Pause Young (Allocation Failure) 520M->410M(2035M) 4.340ms
[1367086.849s][info][gc,cpu       ] GC(252438) User=0.11s Sys=0.02s Real=0.02s
[1367091.031s][info][gc,start     ] GC(252439) Pause Young (Allocation Failure)
[1367091.031s][info][gc,task      ] GC(252439) Using 9 workers of 9 for evacuation
[1367091.036s][info][gc,heap      ] GC(252439) ParNew: 106697K->9404K(118016K)
[1367091.036s][info][gc,heap      ] GC(252439) CMS: 418398K->418398K(1966080K)
[1367091.036s][info][gc,metaspace ] GC(252439) Metaspace: 95515K(98212K)->95515K(98212K) NonClass: 86277K(88004K)->86277K(88004K) Class: 9238K(10208K)->9238K(10208K)
[1367091.036s][info][gc           ] GC(252439) Pause Young (Allocation Failure) 512M->417M(2035M) 4.838ms
[1367091.036s][info][gc,cpu       ] GC(252439) User=0.14s Sys=0.00s Real=0.02s
[1367095.995s][info][gc,start     ] GC(252440) Pause Young (Allocation Failure)
[1367095.995s][info][gc,task      ] GC(252440) Using 9 workers of 9 for evacuation
[1367095.999s][info][gc,heap      ] GC(252440) ParNew: 114364K->1717K(118016K)
[1367095.999s][info][gc,heap      ] GC(252440) CMS: 418398K->418617K(1966080K)
[1367095.999s][info][gc,metaspace ] GC(252440) Metaspace: 95515K(98212K)->95515K(98212K) NonClass: 86277K(88004K)->86277K(88004K) Class: 9238K(10208K)->9238K(10208K)
[1367095.999s][info][gc           ] GC(252440) Pause Young (Allocation Failure) 520M->410M(2035M) 4.043ms
[1367095.999s][info][gc,cpu       ] GC(252440) User=0.00s Sys=0.00s Real=0.00s
[1367099.015s][info][gc,start     ] GC(252441) Pause Young (Allocation Failure)
[1367099.015s][info][gc,task      ] GC(252441) Using 9 workers of 9 for evacuation
[1367099.019s][info][gc,heap      ] GC(252441) ParNew: 106677K->9415K(118016K)
[1367099.019s][info][gc,heap      ] GC(252441) CMS: 418617K->418617K(1966080K)
[1367099.019s][info][gc,metaspace ] GC(252441) Metaspace: 95515K(98212K)->95515K(98212K) NonClass: 86277K(88004K)->86277K(88004K) Class: 9238K(10208K)->9238K(10208K)
[1367099.019s][info][gc           ] GC(252441) Pause Young (Allocation Failure) 512M->418M(2035M) 4.739ms
[1367099.019s][info][gc,cpu       ] GC(252441) User=0.11s Sys=0.03s Real=0.02s
[1367103.841s][info][gc,start     ] GC(252442) Pause Young (Allocation Failure)
[1367103.841s][info][gc,task      ] GC(252442) Using 9 workers of 9 for evacuation
[1367103.846s][info][gc,heap      ] GC(252442) ParNew: 114375K->1785K(118016K)
[1367103.846s][info][gc,heap      ] GC(252442) CMS: 418617K->427468K(1966080K)
[1367103.846s][info][gc,metaspace ] GC(252442) Metaspace: 95515K(98212K)->95515K(98212K) NonClass: 86277K(88004K)->86277K(88004K) Class: 9238K(10208K)->9238K(10208K)
[1367103.846s][info][gc           ] GC(252442) Pause Young (Allocation Failure) 520M->419M(2035M) 5.699ms
[1367103.846s][info][gc,cpu       ] GC(252442) User=0.02s Sys=0.00s Real=0.02s
[1367108.244s][info][gc,start     ] GC(252443) Pause Young (Allocation Failure)
[1367108.244s][info][gc,task      ] GC(252443) Using 9 workers of 9 for evacuation
[1367108.248s][info][gc,heap      ] GC(252443) ParNew: 106745K->770K(118016K)
[1367108.248s][info][gc,heap      ] GC(252443) CMS: 427468K->427468K(1966080K)
[1367108.248s][info][gc,metaspace ] GC(252443) Metaspace: 95515K(98212K)->95515K(98212K) NonClass: 86277K(88004K)->86277K(88004K) Class: 9238K(10208K)->9238K(10208K)
[1367108.248s][info][gc           ] GC(252443) Pause Young (Allocation Failure) 521M->418M(2035M) 4.313ms
[1367108.248s][info][gc,cpu       ] GC(252443) User=0.00s Sys=0.00s Real=0.00s
[1367114.035s][info][gc,start     ] GC(252444) Pause Young (Allocation Failure)
[1367114.036s][info][gc,task      ] GC(252444) Using 9 workers of 9 for evacuation
[1367114.040s][info][gc,heap      ] GC(252444) ParNew: 105730K->9416K(118016K)
[1367114.040s][info][gc,heap      ] GC(252444) CMS: 427468K->427468K(1966080K)
[1367114.040s][info][gc,metaspace ] GC(252444) Metaspace: 95515K(98212K)->95515K(98212K) NonClass: 86277K(88004K)->86277K(88004K) Class: 9238K(10208K)->9238K(10208K)
[1367114.040s][info][gc           ] GC(252444) Pause Young (Allocation Failure) 520M->426M(2035M) 4.415ms
[1367114.040s][info][gc,cpu       ] GC(252444) User=0.00s Sys=0.00s Real=0.00s
[1367120.063s][info][gc,start     ] GC(252445) Pause Young (Allocation Failure)
[1367120.063s][info][gc,task      ] GC(252445) Using 9 workers of 9 for evacuation
[1367120.067s][info][gc,heap      ] GC(252445) ParNew: 114370K->9955K(118016K)
[1367120.067s][info][gc,heap      ] GC(252445) CMS: 427468K->427760K(1966080K)
[1367120.067s][info][gc,metaspace ] GC(252445) Metaspace: 95515K(98212K)->95515K(98212K) NonClass: 86277K(88004K)->86277K(88004K) Class: 9238K(10208K)->9238K(10208K)
[1367120.067s][info][gc           ] GC(252445) Pause Young (Allocation Failure) 529M->427M(2035M) 4.464ms
[1367120.067s][info][gc,cpu       ] GC(252445) User=0.14s Sys=0.00s Real=0.01s
[1367126.558s][info][gc,start     ] GC(252446) Pause Young (Allocation Failure)
[1367126.558s][info][gc,task      ] GC(252446) Using 9 workers of 9 for evacuation
[1367126.562s][info][gc,heap      ] GC(252446) ParNew: 114915K->3177K(118016K)
[1367126.562s][info][gc,heap      ] GC(252446) CMS: 427760K->427847K(1966080K)
[1367126.562s][info][gc,metaspace ] GC(252446) Metaspace: 95515K(98212K)->95515K(98212K) NonClass: 86277K(88004K)->86277K(88004K) Class: 9238K(10208K)->9238K(10208K)
[1367126.562s][info][gc           ] GC(252446) Pause Young (Allocation Failure) 529M->420M(2035M) 4.104ms
[1367126.562s][info][gc,cpu       ] GC(252446) User=0.00s Sys=0.00s Real=0.00s
[1367129.885s][info][gc,start     ] GC(252447) Pause Young (Allocation Failure)
[1367129.885s][info][gc,task      ] GC(252447) Using 9 workers of 9 for evacuation
[1367129.889s][info][gc,heap      ] GC(252447) ParNew: 108137K->9732K(118016K)
[1367129.889s][info][gc,heap      ] GC(252447) CMS: 427847K->427847K(1966080K)
[1367129.889s][info][gc,metaspace ] GC(252447) Metaspace: 95515K(98212K)->95515K(98212K) NonClass: 86277K(88004K)->86277K(88004K) Class: 9238K(10208K)->9238K(10208K)
[1367129.889s][info][gc           ] GC(252447) Pause Young (Allocation Failure) 523M->427M(2035M) 4.587ms
[1367129.890s][info][gc,cpu       ] GC(252447) User=0.00s Sys=0.00s Real=0.00s
[1367135.597s][info][gc,start     ] GC(252448) Pause Young (Allocation Failure)
[1367135.597s][info][gc,task      ] GC(252448) Using 9 workers of 9 for evacuation
[1367135.601s][info][gc,heap      ] GC(252448) ParNew: 114692K->2323K(118016K)
[1367135.601s][info][gc,heap      ] GC(252448) CMS: 427847K->428051K(1966080K)
[1367135.601s][info][gc,metaspace ] GC(252448) Metaspace: 95515K(98212K)->95515K(98212K) NonClass: 86277K(88004K)->86277K(88004K) Class: 9238K(10208K)->9238K(10208K)
[1367135.601s][info][gc           ] GC(252448) Pause Young (Allocation Failure) 529M->420M(2035M) 4.004ms
[1367135.601s][info][gc,cpu       ] GC(252448) User=0.00s Sys=0.00s Real=0.00s
[1367138.883s][info][gc,start     ] GC(252449) Pause Young (Allocation Failure)
[1367138.884s][info][gc,task      ] GC(252449) Using 9 workers of 9 for evacuation
[1367138.888s][info][gc,heap      ] GC(252449) ParNew: 107283K->876K(118016K)
[1367138.889s][info][gc,heap      ] GC(252449) CMS: 428051K->428051K(1966080K)
[1367138.889s][info][gc,metaspace ] GC(252449) Metaspace: 95515K(98212K)->95515K(98212K) NonClass: 86277K(88004K)->86277K(88004K) Class: 9238K(10208K)->9238K(10208K)
[1367138.889s][info][gc           ] GC(252449) Pause Young (Allocation Failure) 522M->418M(2035M) 5.164ms
[1367138.889s][info][gc,cpu       ] GC(252449) User=0.00s Sys=0.00s Real=0.00s
[1367144.825s][info][gc,start     ] GC(252450) Pause Young (Allocation Failure)
[1367144.825s][info][gc,task      ] GC(252450) Using 9 workers of 9 for evacuation
[1367144.830s][info][gc,heap      ] GC(252450) ParNew: 105836K->9408K(118016K)
[1367144.830s][info][gc,heap      ] GC(252450) CMS: 428051K->428051K(1966080K)
[1367144.830s][info][gc,metaspace ] GC(252450) Metaspace: 95515K(98212K)->95515K(98212K) NonClass: 86277K(88004K)->86277K(88004K) Class: 9238K(10208K)->9238K(10208K)
[1367144.830s][info][gc           ] GC(252450) Pause Young (Allocation Failure) 521M->427M(2035M) 4.770ms
[1367144.830s][info][gc,cpu       ] GC(252450) User=0.00s Sys=0.00s Real=0.00s
[1367150.579s][info][gc,start     ] GC(252451) Pause Young (Allocation Failure)
[1367150.579s][info][gc,task      ] GC(252451) Using 9 workers of 9 for evacuation
[1367150.583s][info][gc,heap      ] GC(252451) ParNew: 114368K->9777K(118016K)
[1367150.583s][info][gc,heap      ] GC(252451) CMS: 428051K->428318K(1966080K)
[1367150.583s][info][gc,metaspace ] GC(252451) Metaspace: 95515K(98212K)->95515K(98212K) NonClass: 86277K(88004K)->86277K(88004K) Class: 9238K(10208K)->9238K(10208K)
[1367150.583s][info][gc           ] GC(252451) Pause Young (Allocation Failure) 529M->427M(2035M) 4.143ms
[1367150.584s][info][gc,cpu       ] GC(252451) User=0.00s Sys=0.00s Real=0.00s
[1367156.830s][info][gc,start     ] GC(252452) Pause Young (Allocation Failure)
[1367156.830s][info][gc,task      ] GC(252452) Using 9 workers of 9 for evacuation
[1367156.835s][info][gc,heap      ] GC(252452) ParNew: 114737K->10761K(118016K)
[1367156.835s][info][gc,heap      ] GC(252452) CMS: 428318K->428429K(1966080K)
[1367156.835s][info][gc,metaspace ] GC(252452) Metaspace: 95515K(98212K)->95515K(98212K) NonClass: 86277K(88004K)->86277K(88004K) Class: 9238K(10208K)->9238K(10208K)
[1367156.835s][info][gc           ] GC(252452) Pause Young (Allocation Failure) 530M->428M(2035M) 4.672ms
[1367156.835s][info][gc,cpu       ] GC(252452) User=0.00s Sys=0.00s Real=0.00s
[1367160.145s][info][gc,start     ] GC(252453) Pause Young (Allocation Failure)
[1367160.146s][info][gc,task      ] GC(252453) Using 9 workers of 9 for evacuation
[1367160.151s][info][gc,heap      ] GC(252453) ParNew: 115721K->4552K(118016K)
[1367160.151s][info][gc,heap      ] GC(252453) CMS: 428429K->437156K(1966080K)
[1367160.151s][info][gc,metaspace ] GC(252453) Metaspace: 95515K(98212K)->95515K(98212K) NonClass: 86277K(88004K)->86277K(88004K) Class: 9238K(10208K)->9238K(10208K)
[1367160.151s][info][gc           ] GC(252453) Pause Young (Allocation Failure) 531M->431M(2035M) 5.449ms
[1367160.151s][info][gc,cpu       ] GC(252453) User=0.00s Sys=0.00s Real=0.00s
[1367164.415s][info][gc,start     ] GC(252454) Pause Young (Allocation Failure)
[1367164.415s][info][gc,task      ] GC(252454) Using 9 workers of 9 for evacuation
[1367164.419s][info][gc,heap      ] GC(252454) ParNew: 109512K->1319K(118016K)
[1367164.419s][info][gc,heap      ] GC(252454) CMS: 437156K->437156K(1966080K)
[1367164.419s][info][gc,metaspace ] GC(252454) Metaspace: 95515K(98212K)->95515K(98212K) NonClass: 86277K(88004K)->86277K(88004K) Class: 9238K(10208K)->9238K(10208K)
[1367164.419s][info][gc           ] GC(252454) Pause Young (Allocation Failure) 533M->428M(2035M) 3.979ms
[1367164.419s][info][gc,cpu       ] GC(252454) User=0.00s Sys=0.00s Real=0.00s
[1367170.933s][info][gc,start     ] GC(252455) Pause Young (Allocation Failure)
[1367170.934s][info][gc,task      ] GC(252455) Using 9 workers of 9 for evacuation
[1367170.938s][info][gc,heap      ] GC(252455) ParNew: 106279K->9439K(118016K)
[1367170.938s][info][gc,heap      ] GC(252455) CMS: 437156K->437156K(1966080K)
[1367170.938s][info][gc,metaspace ] GC(252455) Metaspace: 95515K(98212K)->95515K(98212K) NonClass: 86277K(88004K)->86277K(88004K) Class: 9238K(10208K)->9238K(10208K)
[1367170.938s][info][gc           ] GC(252455) Pause Young (Allocation Failure) 530M->436M(2035M) 4.859ms
[1367170.938s][info][gc,cpu       ] GC(252455) User=0.00s Sys=0.00s Real=0.00s
[1367175.577s][info][gc,start     ] GC(252456) Pause Young (Allocation Failure)
[1367175.577s][info][gc,task      ] GC(252456) Using 9 workers of 9 for evacuation
[1367175.581s][info][gc,heap      ] GC(252456) ParNew: 114399K->1620K(118016K)
[1367175.581s][info][gc,heap      ] GC(252456) CMS: 437156K->437407K(1966080K)
[1367175.581s][info][gc,metaspace ] GC(252456) Metaspace: 95515K(98212K)->95515K(98212K) NonClass: 86277K(88004K)->86277K(88004K) Class: 9238K(10208K)->9238K(10208K)
[1367175.581s][info][gc           ] GC(252456) Pause Young (Allocation Failure) 538M->428M(2035M) 4.509ms
[1367175.581s][info][gc,cpu       ] GC(252456) User=0.00s Sys=0.00s Real=0.00s
[1367180.500s][info][gc,start     ] GC(252457) Pause Young (Allocation Failure)
[1367180.500s][info][gc,task      ] GC(252457) Using 9 workers of 9 for evacuation
[1367180.504s][info][gc,heap      ] GC(252457) ParNew: 106580K->9272K(118016K)
[1367180.505s][info][gc,heap      ] GC(252457) CMS: 437407K->437407K(1966080K)
[1367180.505s][info][gc,metaspace ] GC(252457) Metaspace: 95515K(98212K)->95515K(98212K) NonClass: 86277K(88004K)->86277K(88004K) Class: 9238K(10208K)->9238K(10208K)
[1367180.505s][info][gc           ] GC(252457) Pause Young (Allocation Failure) 531M->436M(2035M) 4.533ms
[1367180.505s][info][gc,cpu       ] GC(252457) User=0.00s Sys=0.00s Real=0.00s
[1367184.187s][info][gc,start     ] GC(252458) Pause Young (Allocation Failure)
[1367184.187s][info][gc,task      ] GC(252458) Using 9 workers of 9 for evacuation
[1367184.192s][info][gc,heap      ] GC(252458) ParNew: 114232K->1673K(118016K)
[1367184.192s][info][gc,heap      ] GC(252458) CMS: 437407K->446201K(1966080K)
[1367184.192s][info][gc,metaspace ] GC(252458) Metaspace: 95515K(98212K)->95515K(98212K) NonClass: 86277K(88004K)->86277K(88004K) Class: 9238K(10208K)->9238K(10208K)
[1367184.192s][info][gc           ] GC(252458) Pause Young (Allocation Failure) 538M->437M(2035M) 5.604ms
[1367184.192s][info][gc,cpu       ] GC(252458) User=0.00s Sys=0.00s Real=0.00s
[1367188.803s][info][gc,start     ] GC(252459) Pause Young (Allocation Failure)
[1367188.803s][info][gc,task      ] GC(252459) Using 9 workers of 9 for evacuation
[1367188.808s][info][gc,heap      ] GC(252459) ParNew: 106633K->9415K(118016K)
[1367188.808s][info][gc,heap      ] GC(252459) CMS: 446201K->446201K(1966080K)
[1367188.808s][info][gc,metaspace ] GC(252459) Metaspace: 95515K(98212K)->95515K(98212K) NonClass: 86277K(88004K)->86277K(88004K) Class: 9238K(10208K)->9238K(10208K)
[1367188.809s][info][gc           ] GC(252459) Pause Young (Allocation Failure) 539M->444M(2035M) 5.502ms
[1367188.809s][info][gc,cpu       ] GC(252459) User=0.13s Sys=0.02s Real=0.02s
[1367193.318s][info][gc,start     ] GC(252460) Pause Young (Allocation Failure)
[1367193.318s][info][gc,task      ] GC(252460) Using 9 workers of 9 for evacuation
[1367193.323s][info][gc,heap      ] GC(252460) ParNew: 114375K->1759K(118016K)
[1367193.323s][info][gc,heap      ] GC(252460) CMS: 446201K->455032K(1966080K)
[1367193.323s][info][gc,metaspace ] GC(252460) Metaspace: 95515K(98212K)->95515K(98212K) NonClass: 86277K(88004K)->86277K(88004K) Class: 9238K(10208K)->9238K(10208K)
[1367193.323s][info][gc           ] GC(252460) Pause Young (Allocation Failure) 547M->446M(2035M) 5.321ms
[1367193.323s][info][gc,cpu       ] GC(252460) User=0.02s Sys=0.00s Real=0.01s
[1367197.108s][info][gc,start     ] GC(252461) Pause Young (Allocation Failure)
[1367197.108s][info][gc,task      ] GC(252461) Using 9 workers of 9 for evacuation
[1367197.113s][info][gc,heap      ] GC(252461) ParNew: 106719K->9314K(118016K)
[1367197.113s][info][gc,heap      ] GC(252461) CMS: 455032K->455032K(1966080K)
[1367197.113s][info][gc,metaspace ] GC(252461) Metaspace: 95515K(98212K)->95515K(98212K) NonClass: 86277K(88004K)->86277K(88004K) Class: 9238K(10208K)->9238K(10208K)
[1367197.113s][info][gc           ] GC(252461) Pause Young (Allocation Failure) 548M->453M(2035M) 4.635ms
[1367197.113s][info][gc,cpu       ] GC(252461) User=0.00s Sys=0.00s Real=0.00s
[1367201.869s][info][gc,start     ] GC(252462) Pause Young (Allocation Failure)
[1367201.869s][info][gc,task      ] GC(252462) Using 9 workers of 9 for evacuation
[1367201.875s][info][gc,heap      ] GC(252462) ParNew: 114274K->1704K(118016K)
[1367201.875s][info][gc,heap      ] GC(252462) CMS: 455032K->463828K(1966080K)
[1367201.875s][info][gc,metaspace ] GC(252462) Metaspace: 95515K(98212K)->95515K(98212K) NonClass: 86277K(88004K)->86277K(88004K) Class: 9238K(10208K)->9238K(10208K)
[1367201.875s][info][gc           ] GC(252462) Pause Young (Allocation Failure) 555M->454M(2035M) 6.595ms
[1367201.875s][info][gc,cpu       ] GC(252462) User=0.09s Sys=0.02s Real=0.02s
[1367206.447s][info][gc,start     ] GC(252463) Pause Young (Allocation Failure)
[1367206.447s][info][gc,task      ] GC(252463) Using 9 workers of 9 for evacuation
[1367206.452s][info][gc,heap      ] GC(252463) ParNew: 106664K->754K(118016K)
[1367206.452s][info][gc,heap      ] GC(252463) CMS: 463828K->463828K(1966080K)
[1367206.452s][info][gc,metaspace ] GC(252463) Metaspace: 95515K(98212K)->95515K(98212K) NonClass: 86277K(88004K)->86277K(88004K) Class: 9238K(10208K)->9238K(10208K)
[1367206.452s][info][gc           ] GC(252463) Pause Young (Allocation Failure) 557M->453M(2035M) 4.346ms
[1367206.452s][info][gc,cpu       ] GC(252463) User=0.00s Sys=0.00s Real=0.00s
[1367210.158s][info][gc,start     ] GC(252464) Pause Young (Allocation Failure)
[1367210.159s][info][gc,task      ] GC(252464) Using 9 workers of 9 for evacuation
[1367210.163s][info][gc,heap      ] GC(252464) ParNew: 105714K->9300K(118016K)
[1367210.163s][info][gc,heap      ] GC(252464) CMS: 463828K->463828K(1966080K)
[1367210.163s][info][gc,metaspace ] GC(252464) Metaspace: 95515K(98212K)->95515K(98212K) NonClass: 86277K(88004K)->86277K(88004K) Class: 9238K(10208K)->9238K(10208K)
[1367210.164s][info][gc           ] GC(252464) Pause Young (Allocation Failure) 556M->462M(2035M) 5.083ms
[1367210.164s][info][gc,cpu       ] GC(252464) User=0.02s Sys=0.00s Real=0.02s
[1367215.295s][info][gc,start     ] GC(252465) Pause Young (Allocation Failure)
[1367215.295s][info][gc,task      ] GC(252465) Using 9 workers of 9 for evacuation
[1367215.300s][info][gc,heap      ] GC(252465) ParNew: 114260K->1368K(118016K)
[1367215.301s][info][gc,heap      ] GC(252465) CMS: 463828K->472726K(1966080K)
[1367215.301s][info][gc,metaspace ] GC(252465) Metaspace: 95515K(98212K)->95515K(98212K) NonClass: 86277K(88004K)->86277K(88004K) Class: 9238K(10208K)->9238K(10208K)
[1367215.301s][info][gc           ] GC(252465) Pause Young (Allocation Failure) 564M->462M(2035M) 5.334ms
[1367215.301s][info][gc,cpu       ] GC(252465) User=0.00s Sys=0.00s Real=0.00s
[1367219.334s][info][gc,start     ] GC(252466) Pause Young (Allocation Failure)
[1367219.334s][info][gc,task      ] GC(252466) Using 9 workers of 9 for evacuation
[1367219.339s][info][gc,heap      ] GC(252466) ParNew: 106328K->9341K(118016K)
[1367219.339s][info][gc,heap      ] GC(252466) CMS: 472726K->472726K(1966080K)
[1367219.339s][info][gc,metaspace ] GC(252466) Metaspace: 95515K(98212K)->95515K(98212K) NonClass: 86277K(88004K)->86277K(88004K) Class: 9238K(10208K)->9238K(10208K)
[1367219.339s][info][gc           ] GC(252466) Pause Young (Allocation Failure) 565M->470M(2035M) 5.024ms
[1367219.339s][info][gc,cpu       ] GC(252466) User=0.03s Sys=0.02s Real=0.02s
[1367223.723s][info][gc,start     ] GC(252467) Pause Young (Allocation Failure)
[1367223.723s][info][gc,task      ] GC(252467) Using 9 workers of 9 for evacuation
[1367223.728s][info][gc,heap      ] GC(252467) ParNew: 114301K->1624K(118016K)
[1367223.728s][info][gc,heap      ] GC(252467) CMS: 472726K->481558K(1966080K)
[1367223.729s][info][gc,metaspace ] GC(252467) Metaspace: 95515K(98212K)->95515K(98212K) NonClass: 86277K(88004K)->86277K(88004K) Class: 9238K(10208K)->9238K(10208K)
[1367223.729s][info][gc           ] GC(252467) Pause Young (Allocation Failure) 573M->471M(2035M) 5.936ms
[1367223.729s][info][gc,cpu       ] GC(252467) User=0.08s Sys=0.02s Real=0.02s
[1367229.214s][info][gc,start     ] GC(252468) Pause Young (Allocation Failure)
[1367229.214s][info][gc,task      ] GC(252468) Using 9 workers of 9 for evacuation
[1367229.218s][info][gc,heap      ] GC(252468) ParNew: 106584K->9352K(118016K)
[1367229.218s][info][gc,heap      ] GC(252468) CMS: 481558K->481558K(1966080K)
[1367229.218s][info][gc,metaspace ] GC(252468) Metaspace: 95515K(98212K)->95515K(98212K) NonClass: 86277K(88004K)->86277K(88004K) Class: 9238K(10208K)->9238K(10208K)
[1367229.218s][info][gc           ] GC(252468) Pause Young (Allocation Failure) 574M->479M(2035M) 4.456ms
[1367229.218s][info][gc,cpu       ] GC(252468) User=0.00s Sys=0.00s Real=0.00s
[1367234.371s][info][gc,start     ] GC(252469) Pause Young (Allocation Failure)
[1367234.371s][info][gc,task      ] GC(252469) Using 9 workers of 9 for evacuation
[1367234.376s][info][gc,heap      ] GC(252469) ParNew: 114312K->1610K(118016K)
[1367234.376s][info][gc,heap      ] GC(252469) CMS: 481558K->490382K(1966080K)
[1367234.376s][info][gc,metaspace ] GC(252469) Metaspace: 95515K(98212K)->95515K(98212K) NonClass: 86277K(88004K)->86277K(88004K) Class: 9238K(10208K)->9238K(10208K)
[1367234.376s][info][gc           ] GC(252469) Pause Young (Allocation Failure) 581M->480M(2035M) 5.442ms
[1367234.376s][info][gc,cpu       ] GC(252469) User=0.00s Sys=0.00s Real=0.00s
[1367238.412s][info][gc,start     ] GC(252470) Pause Young (Allocation Failure)
[1367238.412s][info][gc,task      ] GC(252470) Using 9 workers of 9 for evacuation
[1367238.416s][info][gc,heap      ] GC(252470) ParNew: 106563K->7411K(118016K)
[1367238.416s][info][gc,heap      ] GC(252470) CMS: 490382K->490382K(1966080K)
[1367238.416s][info][gc,metaspace ] GC(252470) Metaspace: 95515K(98212K)->95515K(98212K) NonClass: 86277K(88004K)->86277K(88004K) Class: 9238K(10208K)->9238K(10208K)
[1367238.417s][info][gc           ] GC(252470) Pause Young (Allocation Failure) 582M->486M(2035M) 4.825ms
[1367238.417s][info][gc,cpu       ] GC(252470) User=0.13s Sys=0.00s Real=0.02s
[1367241.775s][info][gc,start     ] GC(252471) Pause Young (Allocation Failure)
[1367241.775s][info][gc,task      ] GC(252471) Using 9 workers of 9 for evacuation
[1367241.779s][info][gc,heap      ] GC(252471) ParNew: 112371K->3210K(118016K)
[1367241.779s][info][gc,heap      ] GC(252471) CMS: 490382K->497217K(1966080K)
[1367241.779s][info][gc,metaspace ] GC(252471) Metaspace: 95515K(98212K)->95515K(98212K) NonClass: 86277K(88004K)->86277K(88004K) Class: 9238K(10208K)->9238K(10208K)
[1367241.779s][info][gc           ] GC(252471) Pause Young (Allocation Failure) 588M->488M(2035M) 4.802ms
[1367241.779s][info][gc,cpu       ] GC(252471) User=0.00s Sys=0.00s Real=0.00s
[1367247.360s][info][gc,start     ] GC(252472) Pause Young (Allocation Failure)
[1367247.360s][info][gc,task      ] GC(252472) Using 9 workers of 9 for evacuation
[1367247.364s][info][gc,heap      ] GC(252472) ParNew: 108170K->846K(118016K)
[1367247.364s][info][gc,heap      ] GC(252472) CMS: 497217K->497217K(1966080K)
[1367247.364s][info][gc,metaspace ] GC(252472) Metaspace: 95515K(98212K)->95515K(98212K) NonClass: 86277K(88004K)->86277K(88004K) Class: 9238K(10208K)->9238K(10208K)
[1367247.364s][info][gc           ] GC(252472) Pause Young (Allocation Failure) 591M->486M(2035M) 4.125ms
[1367247.364s][info][gc,cpu       ] GC(252472) User=0.00s Sys=0.00s Real=0.00s
[1367251.902s][info][gc,start     ] GC(252473) Pause Young (Allocation Failure)
[1367251.902s][info][gc,task      ] GC(252473) Using 9 workers of 9 for evacuation
[1367251.906s][info][gc,heap      ] GC(252473) ParNew: 105806K->9293K(118016K)
[1367251.906s][info][gc,heap      ] GC(252473) CMS: 497217K->497217K(1966080K)
[1367251.906s][info][gc,metaspace ] GC(252473) Metaspace: 95515K(98212K)->95515K(98212K) NonClass: 86277K(88004K)->86277K(88004K) Class: 9238K(10208K)->9238K(10208K)
[1367251.906s][info][gc           ] GC(252473) Pause Young (Allocation Failure) 588M->494M(2035M) 4.183ms
[1367251.906s][info][gc,cpu       ] GC(252473) User=0.00s Sys=0.00s Real=0.00s
[1367257.009s][info][gc,start     ] GC(252474) Pause Young (Allocation Failure)
[1367257.009s][info][gc,task      ] GC(252474) Using 9 workers of 9 for evacuation
[1367257.013s][info][gc,heap      ] GC(252474) ParNew: 114253K->1465K(118016K)
[1367257.013s][info][gc,heap      ] GC(252474) CMS: 497217K->497406K(1966080K)
[1367257.013s][info][gc,metaspace ] GC(252474) Metaspace: 95515K(98212K)->95515K(98212K) NonClass: 86277K(88004K)->86277K(88004K) Class: 9238K(10208K)->9238K(10208K)
[1367257.013s][info][gc           ] GC(252474) Pause Young (Allocation Failure) 597M->487M(2035M) 4.019ms
[1367257.013s][info][gc,cpu       ] GC(252474) User=0.00s Sys=0.00s Real=0.00s
[1367260.223s][info][gc,start     ] GC(252475) Pause Young (Allocation Failure)
[1367260.223s][info][gc,task      ] GC(252475) Using 9 workers of 9 for evacuation
[1367260.227s][info][gc,heap      ] GC(252475) ParNew: 106425K->9331K(118016K)
[1367260.228s][info][gc,heap      ] GC(252475) CMS: 497406K->497406K(1966080K)
[1367260.228s][info][gc,metaspace ] GC(252475) Metaspace: 95515K(98212K)->95515K(98212K) NonClass: 86277K(88004K)->86277K(88004K) Class: 9238K(10208K)->9238K(10208K)
[1367260.228s][info][gc           ] GC(252475) Pause Young (Allocation Failure) 589M->494M(2035M) 4.615ms
[1367260.228s][info][gc,cpu       ] GC(252475) User=0.13s Sys=0.00s Real=0.02s
[1367264.320s][info][gc,start     ] GC(252476) Pause Young (Allocation Failure)
[1367264.321s][info][gc,task      ] GC(252476) Using 9 workers of 9 for evacuation
[1367264.326s][info][gc,heap      ] GC(252476) ParNew: 114291K->1525K(118016K)
[1367264.326s][info][gc,heap      ] GC(252476) CMS: 497406K->506190K(1966080K)
[1367264.326s][info][gc,metaspace ] GC(252476) Metaspace: 95515K(98212K)->95515K(98212K) NonClass: 86277K(88004K)->86277K(88004K) Class: 9238K(10208K)->9238K(10208K)
[1367264.326s][info][gc           ] GC(252476) Pause Young (Allocation Failure) 597M->495M(2035M) 5.568ms
[1367264.326s][info][gc,cpu       ] GC(252476) User=0.00s Sys=0.02s Real=0.02s
[1367267.589s][info][gc,start     ] GC(252477) Pause Young (Allocation Failure)
[1367267.590s][info][gc,task      ] GC(252477) Using 9 workers of 9 for evacuation
[1367267.593s][info][gc,heap      ] GC(252477) ParNew: 106481K->722K(118016K)
[1367267.594s][info][gc,heap      ] GC(252477) CMS: 506190K->506190K(1966080K)
[1367267.594s][info][gc,metaspace ] GC(252477) Metaspace: 95515K(98212K)->95515K(98212K) NonClass: 86277K(88004K)->86277K(88004K) Class: 9238K(10208K)->9238K(10208K)
[1367267.594s][info][gc           ] GC(252477) Pause Young (Allocation Failure) 598M->495M(2035M) 4.173ms
[1367267.594s][info][gc,cpu       ] GC(252477) User=0.00s Sys=0.00s Real=0.00s
[1367270.806s][info][gc,start     ] GC(252478) Pause Young (Allocation Failure)
[1367270.806s][info][gc,task      ] GC(252478) Using 9 workers of 9 for evacuation
[1367270.811s][info][gc,heap      ] GC(252478) ParNew: 105682K->9542K(118016K)
[1367270.811s][info][gc,heap      ] GC(252478) CMS: 506190K->506190K(1966080K)
[1367270.811s][info][gc,metaspace ] GC(252478) Metaspace: 95515K(98212K)->95515K(98212K) NonClass: 86277K(88004K)->86277K(88004K) Class: 9238K(10208K)->9238K(10208K)
[1367270.811s][info][gc           ] GC(252478) Pause Young (Allocation Failure) 597M->503M(2035M) 4.560ms
[1367270.811s][info][gc,cpu       ] GC(252478) User=0.00s Sys=0.00s Real=0.00s
[1367275.087s][info][gc,start     ] GC(252479) Pause Young (Allocation Failure)
[1367275.087s][info][gc,task      ] GC(252479) Using 9 workers of 9 for evacuation
[1367275.093s][info][gc,heap      ] GC(252479) ParNew: 114500K->1705K(118016K)
[1367275.093s][info][gc,heap      ] GC(252479) CMS: 506190K->515190K(1966080K)
[1367275.093s][info][gc,metaspace ] GC(252479) Metaspace: 95515K(98212K)->95515K(98212K) NonClass: 86277K(88004K)->86277K(88004K) Class: 9238K(10208K)->9238K(10208K)
[1367275.093s][info][gc           ] GC(252479) Pause Young (Allocation Failure) 606M->504M(2035M) 5.555ms
[1367275.093s][info][gc,cpu       ] GC(252479) User=0.00s Sys=0.00s Real=0.00s
[1367280.481s][info][gc,start     ] GC(252480) Pause Young (Allocation Failure)
[1367280.481s][info][gc,task      ] GC(252480) Using 9 workers of 9 for evacuation
[1367280.486s][info][gc,heap      ] GC(252480) ParNew: 106660K->9376K(118016K)
[1367280.486s][info][gc,heap      ] GC(252480) CMS: 515190K->515190K(1966080K)
[1367280.486s][info][gc,metaspace ] GC(252480) Metaspace: 95515K(98212K)->95515K(98212K) NonClass: 86277K(88004K)->86277K(88004K) Class: 9238K(10208K)->9238K(10208K)
[1367280.486s][info][gc           ] GC(252480) Pause Young (Allocation Failure) 607M->512M(2035M) 4.515ms
[1367280.486s][info][gc,cpu       ] GC(252480) User=0.00s Sys=0.00s Real=0.00s
[1367285.279s][info][gc,start     ] GC(252481) Pause Young (Allocation Failure)
[1367285.279s][info][gc,task      ] GC(252481) Using 9 workers of 9 for evacuation
[1367285.284s][info][gc,heap      ] GC(252481) ParNew: 114336K->1784K(118016K)
[1367285.284s][info][gc,heap      ] GC(252481) CMS: 515190K->524015K(1966080K)
[1367285.284s][info][gc,metaspace ] GC(252481) Metaspace: 95515K(98212K)->95515K(98212K) NonClass: 86277K(88004K)->86277K(88004K) Class: 9238K(10208K)->9238K(10208K)
[1367285.285s][info][gc           ] GC(252481) Pause Young (Allocation Failure) 614M->513M(2035M) 5.940ms
[1367285.285s][info][gc,cpu       ] GC(252481) User=0.00s Sys=0.00s Real=0.00s
[1367290.110s][info][gc,start     ] GC(252482) Pause Young (Allocation Failure)
[1367290.110s][info][gc,task      ] GC(252482) Using 9 workers of 9 for evacuation
[1367290.114s][info][gc,heap      ] GC(252482) ParNew: 106744K->9234K(118016K)
[1367290.114s][info][gc,heap      ] GC(252482) CMS: 524015K->524015K(1966080K)
[1367290.114s][info][gc,metaspace ] GC(252482) Metaspace: 95515K(98212K)->95515K(98212K) NonClass: 86277K(88004K)->86277K(88004K) Class: 9238K(10208K)->9238K(10208K)
[1367290.114s][info][gc           ] GC(252482) Pause Young (Allocation Failure) 615M->520M(2035M) 4.529ms
[1367290.114s][info][gc,cpu       ] GC(252482) User=0.00s Sys=0.00s Real=0.00s
[1367294.480s][info][gc,start     ] GC(252483) Pause Young (Allocation Failure)
[1367294.480s][info][gc,task      ] GC(252483) Using 9 workers of 9 for evacuation
[1367294.486s][info][gc,heap      ] GC(252483) ParNew: 114194K->1699K(118016K)
[1367294.486s][info][gc,heap      ] GC(252483) CMS: 524015K->532797K(1966080K)
[1367294.486s][info][gc,metaspace ] GC(252483) Metaspace: 95515K(98212K)->95515K(98212K) NonClass: 86277K(88004K)->86277K(88004K) Class: 9238K(10208K)->9238K(10208K)
[1367294.486s][info][gc           ] GC(252483) Pause Young (Allocation Failure) 623M->521M(2035M) 5.516ms
[1367294.486s][info][gc,cpu       ] GC(252483) User=0.14s Sys=0.00s Real=0.02s
[1367300.202s][info][gc,start     ] GC(252484) Pause Young (Allocation Failure)
[1367300.202s][info][gc,task      ] GC(252484) Using 9 workers of 9 for evacuation
[1367300.206s][info][gc,heap      ] GC(252484) ParNew: 106657K->9287K(118016K)
[1367300.206s][info][gc,heap      ] GC(252484) CMS: 532797K->532797K(1966080K)
[1367300.206s][info][gc,metaspace ] GC(252484) Metaspace: 95515K(98212K)->95515K(98212K) NonClass: 86277K(88004K)->86277K(88004K) Class: 9238K(10208K)->9238K(10208K)
[1367300.206s][info][gc           ] GC(252484) Pause Young (Allocation Failure) 624M->529M(2035M) 4.436ms
[1367300.206s][info][gc,cpu       ] GC(252484) User=0.00s Sys=0.00s Real=0.00s
[1367306.061s][info][gc,start     ] GC(252485) Pause Young (Allocation Failure)
[1367306.061s][info][gc,task      ] GC(252485) Using 9 workers of 9 for evacuation
[1367306.065s][info][gc,heap      ] GC(252485) ParNew: 114247K->1704K(118016K)
[1367306.065s][info][gc,heap      ] GC(252485) CMS: 532797K->532935K(1966080K)
[1367306.065s][info][gc,metaspace ] GC(252485) Metaspace: 95515K(98212K)->95515K(98212K) NonClass: 86277K(88004K)->86277K(88004K) Class: 9238K(10208K)->9238K(10208K)
[1367306.065s][info][gc           ] GC(252485) Pause Young (Allocation Failure) 631M->522M(2035M) 4.028ms
[1367306.065s][info][gc,cpu       ] GC(252485) User=0.00s Sys=0.00s Real=0.00s
[1367308.932s][info][gc,start     ] GC(252486) Pause Young (Allocation Failure)
[1367308.932s][info][gc,task      ] GC(252486) Using 9 workers of 9 for evacuation
[1367308.936s][info][gc,heap      ] GC(252486) ParNew: 106664K->702K(118016K)
[1367308.936s][info][gc,heap      ] GC(252486) CMS: 532935K->532935K(1966080K)
[1367308.936s][info][gc,metaspace ] GC(252486) Metaspace: 95515K(98212K)->95515K(98212K) NonClass: 86277K(88004K)->86277K(88004K) Class: 9238K(10208K)->9238K(10208K)
[1367308.936s][info][gc           ] GC(252486) Pause Young (Allocation Failure) 624M->521M(2035M) 4.351ms
[1367308.936s][info][gc,cpu       ] GC(252486) User=0.00s Sys=0.00s Real=0.00s
[1367311.556s][info][gc,start     ] GC(252487) Pause Young (Allocation Failure)
[1367311.556s][info][gc,task      ] GC(252487) Using 9 workers of 9 for evacuation
[1367311.561s][info][gc,heap      ] GC(252487) ParNew: 105662K->9583K(118016K)
[1367311.561s][info][gc,heap      ] GC(252487) CMS: 532935K->532935K(1966080K)
[1367311.561s][info][gc,metaspace ] GC(252487) Metaspace: 95515K(98212K)->95515K(98212K) NonClass: 86277K(88004K)->86277K(88004K) Class: 9238K(10208K)->9238K(10208K)
[1367311.561s][info][gc           ] GC(252487) Pause Young (Allocation Failure) 623M->529M(2035M) 4.870ms
[1367311.561s][info][gc,cpu       ] GC(252487) User=0.00s Sys=0.00s Real=0.00s
[1367316.060s][info][gc,start     ] GC(252488) Pause Young (Allocation Failure)
[1367316.060s][info][gc,task      ] GC(252488) Using 9 workers of 9 for evacuation
[1367316.064s][info][gc,heap      ] GC(252488) ParNew: 114543K->1846K(118016K)
[1367316.064s][info][gc,heap      ] GC(252488) CMS: 532935K->533337K(1966080K)
[1367316.064s][info][gc,metaspace ] GC(252488) Metaspace: 95515K(98212K)->95515K(98212K) NonClass: 86277K(88004K)->86277K(88004K) Class: 9238K(10208K)->9238K(10208K)
[1367316.064s][info][gc           ] GC(252488) Pause Young (Allocation Failure) 632M->522M(2035M) 4.362ms
[1367316.064s][info][gc,cpu       ] GC(252488) User=0.00s Sys=0.00s Real=0.00s
[1367321.377s][info][gc,start     ] GC(252489) Pause Young (Allocation Failure)
[1367321.377s][info][gc,task      ] GC(252489) Using 9 workers of 9 for evacuation
[1367321.381s][info][gc,heap      ] GC(252489) ParNew: 106806K->9364K(118016K)
[1367321.381s][info][gc,heap      ] GC(252489) CMS: 533337K->533337K(1966080K)
[1367321.381s][info][gc,metaspace ] GC(252489) Metaspace: 95515K(98212K)->95515K(98212K) NonClass: 86277K(88004K)->86277K(88004K) Class: 9238K(10208K)->9238K(10208K)
[1367321.381s][info][gc           ] GC(252489) Pause Young (Allocation Failure) 625M->529M(2035M) 4.519ms
[1367321.382s][info][gc,cpu       ] GC(252489) User=0.00s Sys=0.00s Real=0.00s
[1367326.560s][info][gc,start     ] GC(252490) Pause Young (Allocation Failure)
[1367326.560s][info][gc,task      ] GC(252490) Using 9 workers of 9 for evacuation
[1367326.565s][info][gc,heap      ] GC(252490) ParNew: 114324K->9728K(118016K)
[1367326.565s][info][gc,heap      ] GC(252490) CMS: 533337K->533513K(1966080K)
[1367326.565s][info][gc,metaspace ] GC(252490) Metaspace: 95515K(98212K)->95515K(98212K) NonClass: 86277K(88004K)->86277K(88004K) Class: 9238K(10208K)->9238K(10208K)
[1367326.565s][info][gc           ] GC(252490) Pause Young (Allocation Failure) 632M->530M(2035M) 4.803ms
[1367326.565s][info][gc,cpu       ] GC(252490) User=0.00s Sys=0.00s Real=0.00s
[1367334.098s][info][gc,start     ] GC(252491) Pause Young (Allocation Failure)
[1367334.098s][info][gc,task      ] GC(252491) Using 9 workers of 9 for evacuation
[1367334.104s][info][gc,heap      ] GC(252491) ParNew: 114688K->3319K(118016K)
[1367334.104s][info][gc,heap      ] GC(252491) CMS: 533513K->542222K(1966080K)
[1367334.104s][info][gc,metaspace ] GC(252491) Metaspace: 95515K(98212K)->95515K(98212K) NonClass: 86277K(88004K)->86277K(88004K) Class: 9238K(10208K)->9238K(10208K)
[1367334.104s][info][gc           ] GC(252491) Pause Young (Allocation Failure) 633M->532M(2035M) 5.631ms
[1367334.104s][info][gc,cpu       ] GC(252491) User=0.02s Sys=0.00s Real=0.02s
[1367337.901s][info][gc,start     ] GC(252492) Pause Young (Allocation Failure)
[1367337.901s][info][gc,task      ] GC(252492) Using 9 workers of 9 for evacuation
[1367337.905s][info][gc,heap      ] GC(252492) ParNew: 108279K->9467K(118016K)
[1367337.905s][info][gc,heap      ] GC(252492) CMS: 542222K->542222K(1966080K)
[1367337.905s][info][gc,metaspace ] GC(252492) Metaspace: 95515K(98212K)->95515K(98212K) NonClass: 86277K(88004K)->86277K(88004K) Class: 9238K(10208K)->9238K(10208K)
[1367337.905s][info][gc           ] GC(252492) Pause Young (Allocation Failure) 635M->538M(2035M) 4.796ms
[1367337.905s][info][gc,cpu       ] GC(252492) User=0.00s Sys=0.00s Real=0.00s
[1367343.933s][info][gc,start     ] GC(252493) Pause Young (Allocation Failure)
[1367343.933s][info][gc,task      ] GC(252493) Using 9 workers of 9 for evacuation
[1367343.938s][info][gc,heap      ] GC(252493) ParNew: 114427K->2266K(118016K)
[1367343.938s][info][gc,heap      ] GC(252493) CMS: 542222K->551004K(1966080K)
[1367343.938s][info][gc,metaspace ] GC(252493) Metaspace: 95515K(98212K)->95515K(98212K) NonClass: 86277K(88004K)->86277K(88004K) Class: 9238K(10208K)->9238K(10208K)
[1367343.938s][info][gc           ] GC(252493) Pause Young (Allocation Failure) 641M->540M(2035M) 5.497ms
[1367343.938s][info][gc,cpu       ] GC(252493) User=0.00s Sys=0.00s Real=0.00s
[1367347.786s][info][gc,start     ] GC(252494) Pause Young (Allocation Failure)
[1367347.786s][info][gc,task      ] GC(252494) Using 9 workers of 9 for evacuation
[1367347.791s][info][gc,heap      ] GC(252494) ParNew: 107226K->9280K(118016K)
[1367347.791s][info][gc,heap      ] GC(252494) CMS: 551004K->551004K(1966080K)
[1367347.791s][info][gc,metaspace ] GC(252494) Metaspace: 95515K(98212K)->95515K(98212K) NonClass: 86277K(88004K)->86277K(88004K) Class: 9238K(10208K)->9238K(10208K)
[1367347.791s][info][gc           ] GC(252494) Pause Young (Allocation Failure) 642M->547M(2035M) 4.810ms
[1367347.791s][info][gc,cpu       ] GC(252494) User=0.00s Sys=0.00s Real=0.02s
[1367353.678s][info][gc,start     ] GC(252495) Pause Young (Allocation Failure)
[1367353.679s][info][gc,task      ] GC(252495) Using 9 workers of 9 for evacuation
[1367353.683s][info][gc,heap      ] GC(252495) ParNew: 114240K->1947K(118016K)
[1367353.683s][info][gc,heap      ] GC(252495) CMS: 551004K->559790K(1966080K)
[1367353.683s][info][gc,metaspace ] GC(252495) Metaspace: 95515K(98212K)->95515K(98212K) NonClass: 86277K(88004K)->86277K(88004K) Class: 9238K(10208K)->9238K(10208K)
[1367353.684s][info][gc           ] GC(252495) Pause Young (Allocation Failure) 649M->548M(2035M) 5.077ms
[1367353.684s][info][gc,cpu       ] GC(252495) User=0.09s Sys=0.00s Real=0.02s
[1367357.971s][info][gc,start     ] GC(252496) Pause Young (Allocation Failure)
[1367357.971s][info][gc,task      ] GC(252496) Using 9 workers of 9 for evacuation
[1367357.976s][info][gc,heap      ] GC(252496) ParNew: 106907K->9442K(118016K)
[1367357.976s][info][gc,heap      ] GC(252496) CMS: 559790K->559790K(1966080K)
[1367357.976s][info][gc,metaspace ] GC(252496) Metaspace: 95515K(98212K)->95515K(98212K) NonClass: 86277K(88004K)->86277K(88004K) Class: 9238K(10208K)->9238K(10208K)
[1367357.976s][info][gc           ] GC(252496) Pause Young (Allocation Failure) 651M->555M(2035M) 4.412ms
[1367357.976s][info][gc,cpu       ] GC(252496) User=0.00s Sys=0.00s Real=0.00s
[1367362.779s][info][gc,start     ] GC(252497) Pause Young (Allocation Failure)
[1367362.779s][info][gc,task      ] GC(252497) Using 9 workers of 9 for evacuation
[1367362.784s][info][gc,heap      ] GC(252497) ParNew: 114402K->1940K(118016K)
[1367362.784s][info][gc,heap      ] GC(252497) CMS: 559790K->568704K(1966080K)
[1367362.784s][info][gc,metaspace ] GC(252497) Metaspace: 95515K(98212K)->95515K(98212K) NonClass: 86277K(88004K)->86277K(88004K) Class: 9238K(10208K)->9238K(10208K)
[1367362.784s][info][gc           ] GC(252497) Pause Young (Allocation Failure) 658M->557M(2035M) 5.326ms
[1367362.784s][info][gc,cpu       ] GC(252497) User=0.00s Sys=0.00s Real=0.00s
[1367367.714s][info][gc,start     ] GC(252498) Pause Young (Allocation Failure)
[1367367.714s][info][gc,task      ] GC(252498) Using 9 workers of 9 for evacuation
[1367367.718s][info][gc,heap      ] GC(252498) ParNew: 106900K->9331K(118016K)
[1367367.718s][info][gc,heap      ] GC(252498) CMS: 568704K->568704K(1966080K)
[1367367.718s][info][gc,metaspace ] GC(252498) Metaspace: 95515K(98212K)->95515K(98212K) NonClass: 86277K(88004K)->86277K(88004K) Class: 9238K(10208K)->9238K(10208K)
[1367367.718s][info][gc           ] GC(252498) Pause Young (Allocation Failure) 659M->564M(2035M) 4.552ms
[1367367.718s][info][gc,cpu       ] GC(252498) User=0.14s Sys=0.00s Real=0.01s
[1367371.598s][info][gc,start     ] GC(252499) Pause Young (Allocation Failure)
[1367371.598s][info][gc,task      ] GC(252499) Using 9 workers of 9 for evacuation
[1367371.603s][info][gc,heap      ] GC(252499) ParNew: 114291K->1709K(118016K)
[1367371.603s][info][gc,heap      ] GC(252499) CMS: 568704K->577466K(1966080K)
[1367371.603s][info][gc,metaspace ] GC(252499) Metaspace: 95515K(98212K)->95515K(98212K) NonClass: 86277K(88004K)->86277K(88004K) Class: 9238K(10208K)->9238K(10208K)
[1367371.603s][info][gc           ] GC(252499) Pause Young (Allocation Failure) 666M->565M(2035M) 5.393ms
[1367371.603s][info][gc,cpu       ] GC(252499) User=0.00s Sys=0.00s Real=0.00s
[1367376.333s][info][gc,start     ] GC(252500) Pause Young (Allocation Failure)
[1367376.333s][info][gc,task      ] GC(252500) Using 9 workers of 9 for evacuation
[1367376.337s][info][gc,heap      ] GC(252500) ParNew: 106669K->744K(118016K)
[1367376.337s][info][gc,heap      ] GC(252500) CMS: 577466K->577466K(1966080K)
[1367376.337s][info][gc,metaspace ] GC(252500) Metaspace: 95515K(98212K)->95515K(98212K) NonClass: 86277K(88004K)->86277K(88004K) Class: 9238K(10208K)->9238K(10208K)
[1367376.337s][info][gc           ] GC(252500) Pause Young (Allocation Failure) 668M->564M(2035M) 4.025ms
[1367376.337s][info][gc,cpu       ] GC(252500) User=0.00s Sys=0.00s Real=0.00s
[1367380.566s][info][gc,start     ] GC(252501) Pause Young (Allocation Failure)
[1367380.566s][info][gc,task      ] GC(252501) Using 9 workers of 9 for evacuation
[1367380.570s][info][gc,heap      ] GC(252501) ParNew: 105704K->9506K(118016K)
[1367380.570s][info][gc,heap      ] GC(252501) CMS: 577466K->577466K(1966080K)
[1367380.570s][info][gc,metaspace ] GC(252501) Metaspace: 95515K(98212K)->95515K(98212K) NonClass: 86277K(88004K)->86277K(88004K) Class: 9238K(10208K)->9238K(10208K)
[1367380.571s][info][gc           ] GC(252501) Pause Young (Allocation Failure) 667M->573M(2035M) 4.277ms
[1367380.571s][info][gc,cpu       ] GC(252501) User=0.00s Sys=0.00s Real=0.00s
[1367384.691s][info][gc,start     ] GC(252502) Pause Young (Allocation Failure)
[1367384.691s][info][gc,task      ] GC(252502) Using 9 workers of 9 for evacuation
[1367384.697s][info][gc,heap      ] GC(252502) ParNew: 114466K->1855K(118016K)
[1367384.697s][info][gc,heap      ] GC(252502) CMS: 577466K->586418K(1966080K)
[1367384.697s][info][gc,metaspace ] GC(252502) Metaspace: 95515K(98212K)->95515K(98212K) NonClass: 86277K(88004K)->86277K(88004K) Class: 9238K(10208K)->9238K(10208K)
[1367384.697s][info][gc           ] GC(252502) Pause Young (Allocation Failure) 675M->574M(2035M) 6.541ms
[1367384.697s][info][gc,cpu       ] GC(252502) User=0.00s Sys=0.00s Real=0.00s
[1367388.754s][info][gc,start     ] GC(252503) Pause Young (Allocation Failure)
[1367388.754s][info][gc,task      ] GC(252503) Using 9 workers of 9 for evacuation
[1367388.758s][info][gc,heap      ] GC(252503) ParNew: 106815K->9323K(118016K)
[1367388.758s][info][gc,heap      ] GC(252503) CMS: 586418K->586418K(1966080K)
[1367388.758s][info][gc,metaspace ] GC(252503) Metaspace: 95515K(98212K)->95515K(98212K) NonClass: 86277K(88004K)->86277K(88004K) Class: 9238K(10208K)->9238K(10208K)
[1367388.758s][info][gc           ] GC(252503) Pause Young (Allocation Failure) 676M->581M(2035M) 4.406ms
[1367388.758s][info][gc,cpu       ] GC(252503) User=0.00s Sys=0.00s Real=0.00s
[1367393.490s][info][gc,start     ] GC(252504) Pause Young (Allocation Failure)
[1367393.490s][info][gc,task      ] GC(252504) Using 9 workers of 9 for evacuation
[1367393.495s][info][gc,heap      ] GC(252504) ParNew: 114283K->1797K(118016K)
[1367393.495s][info][gc,heap      ] GC(252504) CMS: 586418K->595259K(1966080K)
[1367393.495s][info][gc,metaspace ] GC(252504) Metaspace: 95515K(98212K)->95515K(98212K) NonClass: 86277K(88004K)->86277K(88004K) Class: 9238K(10208K)->9238K(10208K)
[1367393.495s][info][gc           ] GC(252504) Pause Young (Allocation Failure) 684M->583M(2035M) 5.498ms
[1367393.495s][info][gc,cpu       ] GC(252504) User=0.00s Sys=0.00s Real=0.00s
[1367398.281s][info][gc,start     ] GC(252505) Pause Young (Allocation Failure)
[1367398.282s][info][gc,task      ] GC(252505) Using 9 workers of 9 for evacuation
[1367398.286s][info][gc,heap      ] GC(252505) ParNew: 106757K->9372K(118016K)
[1367398.286s][info][gc,heap      ] GC(252505) CMS: 595259K->595259K(1966080K)
[1367398.286s][info][gc,metaspace ] GC(252505) Metaspace: 95515K(98212K)->95515K(98212K) NonClass: 86277K(88004K)->86277K(88004K) Class: 9238K(10208K)->9238K(10208K)
[1367398.286s][info][gc           ] GC(252505) Pause Young (Allocation Failure) 685M->590M(2035M) 4.450ms
[1367398.286s][info][gc,cpu       ] GC(252505) User=0.00s Sys=0.00s Real=0.00s
[1367402.772s][info][gc,start     ] GC(252506) Pause Young (Allocation Failure)
[1367402.772s][info][gc,task      ] GC(252506) Using 9 workers of 9 for evacuation
[1367402.777s][info][gc,heap      ] GC(252506) ParNew: 114332K->1816K(118016K)
[1367402.778s][info][gc,heap      ] GC(252506) CMS: 595259K->604071K(1966080K)
[1367402.778s][info][gc,metaspace ] GC(252506) Metaspace: 95515K(98212K)->95515K(98212K) NonClass: 86277K(88004K)->86277K(88004K) Class: 9238K(10208K)->9238K(10208K)
[1367402.778s][info][gc           ] GC(252506) Pause Young (Allocation Failure) 692M->591M(2035M) 5.795ms
[1367402.778s][info][gc,cpu       ] GC(252506) User=0.00s Sys=0.00s Real=0.00s
[1367408.295s][info][gc,start     ] GC(252507) Pause Young (Allocation Failure)
[1367408.295s][info][gc,task      ] GC(252507) Using 9 workers of 9 for evacuation
[1367408.300s][info][gc,heap      ] GC(252507) ParNew: 106776K->2116K(118016K)
[1367408.300s][info][gc,heap      ] GC(252507) CMS: 604071K->604071K(1966080K)
[1367408.300s][info][gc,metaspace ] GC(252507) Metaspace: 95515K(98212K)->95515K(98212K) NonClass: 86277K(88004K)->86277K(88004K) Class: 9238K(10208K)->9238K(10208K)
[1367408.300s][info][gc           ] GC(252507) Pause Young (Allocation Failure) 694M->591M(2035M) 4.572ms
[1367408.300s][info][gc,cpu       ] GC(252507) User=0.03s Sys=0.00s Real=0.02s
[1367412.325s][info][gc,start     ] GC(252508) Pause Young (Allocation Failure)
[1367412.325s][info][gc,task      ] GC(252508) Using 9 workers of 9 for evacuation
[1367412.329s][info][gc,heap      ] GC(252508) ParNew: 107076K->9346K(118016K)
[1367412.329s][info][gc,heap      ] GC(252508) CMS: 604071K->604071K(1966080K)
[1367412.329s][info][gc,metaspace ] GC(252508) Metaspace: 95515K(98212K)->95515K(98212K) NonClass: 86277K(88004K)->86277K(88004K) Class: 9238K(10208K)->9238K(10208K)
[1367412.329s][info][gc           ] GC(252508) Pause Young (Allocation Failure) 694M->599M(2035M) 4.149ms
[1367412.329s][info][gc,cpu       ] GC(252508) User=0.00s Sys=0.00s Real=0.00s
[1367416.534s][info][gc,start     ] GC(252509) Pause Young (Allocation Failure)
[1367416.534s][info][gc,task      ] GC(252509) Using 9 workers of 9 for evacuation
[1367416.538s][info][gc,heap      ] GC(252509) ParNew: 114306K->1474K(118016K)
[1367416.538s][info][gc,heap      ] GC(252509) CMS: 604071K->604292K(1966080K)
[1367416.538s][info][gc,metaspace ] GC(252509) Metaspace: 95515K(98212K)->95515K(98212K) NonClass: 86277K(88004K)->86277K(88004K) Class: 9238K(10208K)->9238K(10208K)
[1367416.538s][info][gc           ] GC(252509) Pause Young (Allocation Failure) 701M->591M(2035M) 4.396ms
[1367416.538s][info][gc,cpu       ] GC(252509) User=0.02s Sys=0.00s Real=0.02s
[1367421.201s][info][gc,start     ] GC(252510) Pause Young (Allocation Failure)
[1367421.201s][info][gc,task      ] GC(252510) Using 9 workers of 9 for evacuation
[1367421.205s][info][gc,heap      ] GC(252510) ParNew: 106434K->9468K(118016K)
[1367421.205s][info][gc,heap      ] GC(252510) CMS: 604292K->604292K(1966080K)
[1367421.205s][info][gc,metaspace ] GC(252510) Metaspace: 95515K(98212K)->95515K(98212K) NonClass: 86277K(88004K)->86277K(88004K) Class: 9238K(10208K)->9238K(10208K)
[1367421.205s][info][gc           ] GC(252510) Pause Young (Allocation Failure) 694M->599M(2035M) 4.480ms
[1367421.205s][info][gc,cpu       ] GC(252510) User=0.00s Sys=0.00s Real=0.00s
[1367427.003s][info][gc,start     ] GC(252511) Pause Young (Allocation Failure)
[1367427.003s][info][gc,task      ] GC(252511) Using 9 workers of 9 for evacuation
[1367427.008s][info][gc,heap      ] GC(252511) ParNew: 114428K->1787K(118016K)
[1367427.008s][info][gc,heap      ] GC(252511) CMS: 604292K->604532K(1966080K)
[1367427.008s][info][gc,metaspace ] GC(252511) Metaspace: 95515K(98212K)->95515K(98212K) NonClass: 86277K(88004K)->86277K(88004K) Class: 9238K(10208K)->9238K(10208K)
[1367427.008s][info][gc           ] GC(252511) Pause Young (Allocation Failure) 701M->592M(2035M) 4.805ms
[1367427.008s][info][gc,cpu       ] GC(252511) User=0.02s Sys=0.00s Real=0.02s
[1367432.644s][info][gc,start     ] GC(252512) Pause Young (Allocation Failure)
[1367432.644s][info][gc,task      ] GC(252512) Using 9 workers of 9 for evacuation
[1367432.649s][info][gc,heap      ] GC(252512) ParNew: 106747K->9386K(118016K)
[1367432.649s][info][gc,heap      ] GC(252512) CMS: 604532K->604532K(1966080K)
[1367432.649s][info][gc,metaspace ] GC(252512) Metaspace: 95515K(98212K)->95515K(98212K) NonClass: 86277K(88004K)->86277K(88004K) Class: 9238K(10208K)->9238K(10208K)
[1367432.649s][info][gc           ] GC(252512) Pause Young (Allocation Failure) 694M->599M(2035M) 4.558ms
[1367432.649s][info][gc,cpu       ] GC(252512) User=0.00s Sys=0.00s Real=0.01s
[1367439.185s][info][gc,start     ] GC(252513) Pause Young (Allocation Failure)
[1367439.186s][info][gc,task      ] GC(252513) Using 9 workers of 9 for evacuation
[1367439.190s][info][gc,heap      ] GC(252513) ParNew: 114346K->1840K(118016K)
[1367439.190s][info][gc,heap      ] GC(252513) CMS: 604532K->604692K(1966080K)
[1367439.190s][info][gc,metaspace ] GC(252513) Metaspace: 95515K(98212K)->95515K(98212K) NonClass: 86277K(88004K)->86277K(88004K) Class: 9238K(10208K)->9238K(10208K)
[1367439.190s][info][gc           ] GC(252513) Pause Young (Allocation Failure) 702M->592M(2035M) 4.303ms
[1367439.190s][info][gc,cpu       ] GC(252513) User=0.00s Sys=0.00s Real=0.00s
[1367442.929s][info][gc,start     ] GC(252514) Pause Young (Allocation Failure)
[1367442.929s][info][gc,task      ] GC(252514) Using 9 workers of 9 for evacuation
[1367442.933s][info][gc,heap      ] GC(252514) ParNew: 106800K->9394K(118016K)
[1367442.933s][info][gc,heap      ] GC(252514) CMS: 604692K->604692K(1966080K)
[1367442.933s][info][gc,metaspace ] GC(252514) Metaspace: 95515K(98212K)->95515K(98212K) NonClass: 86277K(88004K)->86277K(88004K) Class: 9238K(10208K)->9238K(10208K)
[1367442.933s][info][gc           ] GC(252514) Pause Young (Allocation Failure) 694M->599M(2035M) 4.269ms
[1367442.933s][info][gc,cpu       ] GC(252514) User=0.00s Sys=0.00s Real=0.02s
[1367449.047s][info][gc,start     ] GC(252515) Pause Young (Allocation Failure)
[1367449.047s][info][gc,task      ] GC(252515) Using 9 workers of 9 for evacuation
[1367449.051s][info][gc,heap      ] GC(252515) ParNew: 114354K->1665K(118016K)
[1367449.051s][info][gc,heap      ] GC(252515) CMS: 604692K->604816K(1966080K)
[1367449.051s][info][gc,metaspace ] GC(252515) Metaspace: 95515K(98212K)->95515K(98212K) NonClass: 86277K(88004K)->86277K(88004K) Class: 9238K(10208K)->9238K(10208K)
[1367449.052s][info][gc           ] GC(252515) Pause Young (Allocation Failure) 702M->592M(2035M) 4.262ms
[1367449.052s][info][gc,cpu       ] GC(252515) User=0.14s Sys=0.00s Real=0.02s
[1367455.761s][info][gc,start     ] GC(252516) Pause Young (Allocation Failure)
[1367455.761s][info][gc,task      ] GC(252516) Using 9 workers of 9 for evacuation
[1367455.764s][info][gc,heap      ] GC(252516) ParNew: 106586K->1928K(118016K)
[1367455.765s][info][gc,heap      ] GC(252516) CMS: 604816K->604816K(1966080K)
[1367455.765s][info][gc,metaspace ] GC(252516) Metaspace: 95515K(98212K)->95515K(98212K) NonClass: 86277K(88004K)->86277K(88004K) Class: 9238K(10208K)->9238K(10208K)
[1367455.765s][info][gc           ] GC(252516) Pause Young (Allocation Failure) 694M->592M(2035M) 3.970ms
[1367455.765s][info][gc,cpu       ] GC(252516) User=0.00s Sys=0.00s Real=0.00s
[1367461.481s][info][gc,start     ] GC(252517) Pause Young (Allocation Failure)
[1367461.481s][info][gc,task      ] GC(252517) Using 9 workers of 9 for evacuation
[1367461.486s][info][gc,heap      ] GC(252517) ParNew: 106888K->9496K(118016K)
[1367461.486s][info][gc,heap      ] GC(252517) CMS: 604816K->604816K(1966080K)
[1367461.486s][info][gc,metaspace ] GC(252517) Metaspace: 95515K(98212K)->95515K(98212K) NonClass: 86277K(88004K)->86277K(88004K) Class: 9238K(10208K)->9238K(10208K)
[1367461.486s][info][gc           ] GC(252517) Pause Young (Allocation Failure) 695M->599M(2035M) 4.479ms
[1367461.486s][info][gc,cpu       ] GC(252517) User=0.00s Sys=0.00s Real=0.00s
[1367466.528s][info][gc,start     ] GC(252518) Pause Young (Allocation Failure)
[1367466.529s][info][gc,task      ] GC(252518) Using 9 workers of 9 for evacuation
[1367466.533s][info][gc,heap      ] GC(252518) ParNew: 114456K->10339K(118016K)
[1367466.534s][info][gc,heap      ] GC(252518) CMS: 604816K->605032K(1966080K)
[1367466.534s][info][gc,metaspace ] GC(252518) Metaspace: 95515K(98212K)->95515K(98212K) NonClass: 86277K(88004K)->86277K(88004K) Class: 9238K(10208K)->9238K(10208K)
[1367466.534s][info][gc           ] GC(252518) Pause Young (Allocation Failure) 702M->600M(2035M) 5.153ms
[1367466.534s][info][gc,cpu       ] GC(252518) User=0.00s Sys=0.00s Real=0.00s
[1367470.957s][info][gc,start     ] GC(252519) Pause Young (Allocation Failure)
[1367470.957s][info][gc,task      ] GC(252519) Using 9 workers of 9 for evacuation
[1367470.963s][info][gc,heap      ] GC(252519) ParNew: 115299K->3271K(118016K)
[1367470.963s][info][gc,heap      ] GC(252519) CMS: 605032K->613778K(1966080K)
[1367470.963s][info][gc,metaspace ] GC(252519) Metaspace: 95515K(98212K)->95515K(98212K) NonClass: 86277K(88004K)->86277K(88004K) Class: 9238K(10208K)->9238K(10208K)
[1367470.963s][info][gc           ] GC(252519) Pause Young (Allocation Failure) 703M->602M(2035M) 5.918ms
[1367470.963s][info][gc,cpu       ] GC(252519) User=0.02s Sys=0.00s Real=0.02s
[1367477.529s][info][gc,start     ] GC(252520) Pause Young (Allocation Failure)
[1367477.530s][info][gc,task      ] GC(252520) Using 9 workers of 9 for evacuation
[1367477.534s][info][gc,heap      ] GC(252520) ParNew: 108231K->9550K(118016K)
[1367477.534s][info][gc,heap      ] GC(252520) CMS: 613778K->613778K(1966080K)
[1367477.534s][info][gc,metaspace ] GC(252520) Metaspace: 95515K(98212K)->95515K(98212K) NonClass: 86277K(88004K)->86277K(88004K) Class: 9238K(10208K)->9238K(10208K)
[1367477.534s][info][gc           ] GC(252520) Pause Young (Allocation Failure) 705M->608M(2035M) 4.596ms
[1367477.534s][info][gc,cpu       ] GC(252520) User=0.00s Sys=0.00s Real=0.00s
[1367483.426s][info][gc,start     ] GC(252521) Pause Young (Allocation Failure)
[1367483.426s][info][gc,task      ] GC(252521) Using 9 workers of 9 for evacuation
[1367483.431s][info][gc,heap      ] GC(252521) ParNew: 114510K->2627K(118016K)
[1367483.431s][info][gc,heap      ] GC(252521) CMS: 613778K->622569K(1966080K)
[1367483.431s][info][gc,metaspace ] GC(252521) Metaspace: 95515K(98212K)->95515K(98212K) NonClass: 86277K(88004K)->86277K(88004K) Class: 9238K(10208K)->9238K(10208K)
[1367483.431s][info][gc           ] GC(252521) Pause Young (Allocation Failure) 711M->610M(2035M) 5.306ms
[1367483.431s][info][gc,cpu       ] GC(252521) User=0.08s Sys=0.00s Real=0.02s
[1367488.041s][info][gc,start     ] GC(252522) Pause Young (Allocation Failure)
[1367488.041s][info][gc,task      ] GC(252522) Using 9 workers of 9 for evacuation
[1367488.046s][info][gc,heap      ] GC(252522) ParNew: 107587K->9522K(118016K)
[1367488.046s][info][gc,heap      ] GC(252522) CMS: 622569K->622569K(1966080K)
[1367488.046s][info][gc,metaspace ] GC(252522) Metaspace: 95515K(98212K)->95515K(98212K) NonClass: 86277K(88004K)->86277K(88004K) Class: 9238K(10208K)->9238K(10208K)
[1367488.046s][info][gc           ] GC(252522) Pause Young (Allocation Failure) 713M->617M(2035M) 5.159ms
[1367488.046s][info][gc,cpu       ] GC(252522) User=0.00s Sys=0.00s Real=0.00s
[1367492.611s][info][gc,start     ] GC(252523) Pause Young (Allocation Failure)
[1367492.611s][info][gc,task      ] GC(252523) Using 9 workers of 9 for evacuation
[1367492.616s][info][gc,heap      ] GC(252523) ParNew: 114482K->2138K(118016K)
[1367492.616s][info][gc,heap      ] GC(252523) CMS: 622569K->631417K(1966080K)
[1367492.616s][info][gc,metaspace ] GC(252523) Metaspace: 95515K(98212K)->95515K(98212K) NonClass: 86277K(88004K)->86277K(88004K) Class: 9238K(10208K)->9238K(10208K)
[1367492.616s][info][gc           ] GC(252523) Pause Young (Allocation Failure) 719M->618M(2035M) 5.174ms
[1367492.616s][info][gc,cpu       ] GC(252523) User=0.00s Sys=0.00s Real=0.00s
[1367496.535s][info][gc,start     ] GC(252524) Pause Young (Allocation Failure)
[1367496.536s][info][gc,task      ] GC(252524) Using 9 workers of 9 for evacuation
[1367496.540s][info][gc,heap      ] GC(252524) ParNew: 107098K->9576K(118016K)
[1367496.540s][info][gc,heap      ] GC(252524) CMS: 631417K->631417K(1966080K)
[1367496.540s][info][gc,metaspace ] GC(252524) Metaspace: 95515K(98212K)->95515K(98212K) NonClass: 86277K(88004K)->86277K(88004K) Class: 9238K(10208K)->9238K(10208K)
[1367496.540s][info][gc           ] GC(252524) Pause Young (Allocation Failure) 721M->625M(2035M) 4.833ms
[1367496.540s][info][gc,cpu       ] GC(252524) User=0.00s Sys=0.00s Real=0.02s
[1367502.264s][info][gc,start     ] GC(252525) Pause Young (Allocation Failure)
[1367502.264s][info][gc,task      ] GC(252525) Using 9 workers of 9 for evacuation
[1367502.269s][info][gc,heap      ] GC(252525) ParNew: 114536K->2018K(118016K)
[1367502.269s][info][gc,heap      ] GC(252525) CMS: 631417K->640353K(1966080K)
[1367502.269s][info][gc,metaspace ] GC(252525) Metaspace: 95515K(98212K)->95515K(98212K) NonClass: 86277K(88004K)->86277K(88004K) Class: 9238K(10208K)->9238K(10208K)
[1367502.269s][info][gc           ] GC(252525) Pause Young (Allocation Failure) 728M->627M(2035M) 5.392ms
[1367502.269s][info][gc,cpu       ] GC(252525) User=0.14s Sys=0.00s Real=0.02s
[1367506.489s][info][gc,start     ] GC(252526) Pause Young (Allocation Failure)
[1367506.489s][info][gc,task      ] GC(252526) Using 9 workers of 9 for evacuation
[1367506.493s][info][gc,heap      ] GC(252526) ParNew: 106978K->9427K(118016K)
[1367506.494s][info][gc,heap      ] GC(252526) CMS: 640353K->640353K(1966080K)
[1367506.494s][info][gc,metaspace ] GC(252526) Metaspace: 95515K(98212K)->95515K(98212K) NonClass: 86277K(88004K)->86277K(88004K) Class: 9238K(10208K)->9238K(10208K)
[1367506.494s][info][gc           ] GC(252526) Pause Young (Allocation Failure) 729M->634M(2035M) 4.597ms
[1367506.494s][info][gc,cpu       ] GC(252526) User=0.00s Sys=0.00s Real=0.00s
[1367510.723s][info][gc,start     ] GC(252527) Pause Young (Allocation Failure)
[1367510.723s][info][gc,task      ] GC(252527) Using 9 workers of 9 for evacuation
[1367510.728s][info][gc,heap      ] GC(252527) ParNew: 114387K->1882K(118016K)
[1367510.728s][info][gc,heap      ] GC(252527) CMS: 640353K->649181K(1966080K)
[1367510.728s][info][gc,metaspace ] GC(252527) Metaspace: 95515K(98212K)->95515K(98212K) NonClass: 86277K(88004K)->86277K(88004K) Class: 9238K(10208K)->9238K(10208K)
[1367510.728s][info][gc           ] GC(252527) Pause Young (Allocation Failure) 737M->635M(2035M) 5.338ms
[1367510.728s][info][gc,cpu       ] GC(252527) User=0.00s Sys=0.00s Real=0.00s
[1367514.421s][info][gc,start     ] GC(252528) Pause Young (Allocation Failure)
[1367514.421s][info][gc,task      ] GC(252528) Using 9 workers of 9 for evacuation
[1367514.425s][info][gc,heap      ] GC(252528) ParNew: 106842K->803K(118016K)
[1367514.426s][info][gc,heap      ] GC(252528) CMS: 649181K->649181K(1966080K)
[1367514.426s][info][gc,metaspace ] GC(252528) Metaspace: 95515K(98212K)->95515K(98212K) NonClass: 86277K(88004K)->86277K(88004K) Class: 9238K(10208K)->9238K(10208K)
[1367514.426s][info][gc           ] GC(252528) Pause Young (Allocation Failure) 738M->634M(2035M) 4.679ms
[1367514.426s][info][gc,cpu       ] GC(252528) User=0.00s Sys=0.00s Real=0.00s
[1367518.658s][info][gc,start     ] GC(252529) Pause Young (Allocation Failure)
[1367518.658s][info][gc,task      ] GC(252529) Using 9 workers of 9 for evacuation
[1367518.662s][info][gc,heap      ] GC(252529) ParNew: 105763K->9281K(118016K)
[1367518.662s][info][gc,heap      ] GC(252529) CMS: 649181K->649181K(1966080K)
[1367518.662s][info][gc,metaspace ] GC(252529) Metaspace: 95515K(98212K)->95515K(98212K) NonClass: 86277K(88004K)->86277K(88004K) Class: 9238K(10208K)->9238K(10208K)
[1367518.662s][info][gc           ] GC(252529) Pause Young (Allocation Failure) 737M->643M(2035M) 4.266ms
[1367518.662s][info][gc,cpu       ] GC(252529) User=0.00s Sys=0.00s Real=0.00s
[1367524.255s][info][gc,start     ] GC(252530) Pause Young (Allocation Failure)
[1367524.255s][info][gc,task      ] GC(252530) Using 9 workers of 9 for evacuation
[1367524.260s][info][gc,heap      ] GC(252530) ParNew: 114241K->1301K(118016K)
[1367524.260s][info][gc,heap      ] GC(252530) CMS: 649181K->658041K(1966080K)
[1367524.260s][info][gc,metaspace ] GC(252530) Metaspace: 95515K(98212K)->95515K(98212K) NonClass: 86277K(88004K)->86277K(88004K) Class: 9238K(10208K)->9238K(10208K)
[1367524.260s][info][gc           ] GC(252530) Pause Young (Allocation Failure) 745M->643M(2035M) 4.906ms
[1367524.260s][info][gc,cpu       ] GC(252530) User=0.00s Sys=0.00s Real=0.00s
[1367527.825s][info][gc,start     ] GC(252531) Pause Young (Allocation Failure)
[1367527.825s][info][gc,task      ] GC(252531) Using 9 workers of 9 for evacuation
[1367527.830s][info][gc,heap      ] GC(252531) ParNew: 106261K->9317K(118016K)
[1367527.830s][info][gc,heap      ] GC(252531) CMS: 658041K->658041K(1966080K)
[1367527.830s][info][gc,metaspace ] GC(252531) Metaspace: 95515K(98212K)->95515K(98212K) NonClass: 86277K(88004K)->86277K(88004K) Class: 9238K(10208K)->9238K(10208K)
[1367527.830s][info][gc           ] GC(252531) Pause Young (Allocation Failure) 746M->651M(2035M) 4.786ms
[1367527.830s][info][gc,cpu       ] GC(252531) User=0.00s Sys=0.00s Real=0.00s
[1367531.470s][info][gc,start     ] GC(252532) Pause Young (Allocation Failure)
[1367531.471s][info][gc,task      ] GC(252532) Using 9 workers of 9 for evacuation
[1367531.475s][info][gc,heap      ] GC(252532) ParNew: 114277K->1653K(118016K)
[1367531.475s][info][gc,heap      ] GC(252532) CMS: 658041K->666878K(1966080K)
[1367531.475s][info][gc,metaspace ] GC(252532) Metaspace: 95515K(98212K)->95515K(98212K) NonClass: 86277K(88004K)->86277K(88004K) Class: 9238K(10208K)->9238K(10208K)
[1367531.476s][info][gc           ] GC(252532) Pause Young (Allocation Failure) 754M->652M(2035M) 5.103ms
[1367531.476s][info][gc,cpu       ] GC(252532) User=0.00s Sys=0.00s Real=0.00s
[1367535.952s][info][gc,start     ] GC(252533) Pause Young (Allocation Failure)
[1367535.952s][info][gc,task      ] GC(252533) Using 9 workers of 9 for evacuation
[1367535.956s][info][gc,heap      ] GC(252533) ParNew: 106613K->756K(118016K)
[1367535.956s][info][gc,heap      ] GC(252533) CMS: 666878K->666878K(1966080K)
[1367535.956s][info][gc,metaspace ] GC(252533) Metaspace: 95515K(98212K)->95515K(98212K) NonClass: 86277K(88004K)->86277K(88004K) Class: 9238K(10208K)->9238K(10208K)
[1367535.956s][info][gc           ] GC(252533) Pause Young (Allocation Failure) 755M->651M(2035M) 4.187ms
[1367535.956s][info][gc,cpu       ] GC(252533) User=0.00s Sys=0.00s Real=0.00s
[1367540.316s][info][gc,start     ] GC(252534) Pause Young (Allocation Failure)
[1367540.316s][info][gc,task      ] GC(252534) Using 9 workers of 9 for evacuation
[1367540.320s][info][gc,heap      ] GC(252534) ParNew: 105716K->9472K(118016K)
[1367540.320s][info][gc,heap      ] GC(252534) CMS: 666878K->666878K(1966080K)
[1367540.320s][info][gc,metaspace ] GC(252534) Metaspace: 95515K(98212K)->95515K(98212K) NonClass: 86277K(88004K)->86277K(88004K) Class: 9238K(10208K)->9238K(10208K)
[1367540.320s][info][gc           ] GC(252534) Pause Young (Allocation Failure) 754M->660M(2035M) 4.361ms
[1367540.320s][info][gc,cpu       ] GC(252534) User=0.00s Sys=0.00s Real=0.00s
[1367543.699s][info][gc,start     ] GC(252535) Pause Young (Allocation Failure)
[1367543.699s][info][gc,task      ] GC(252535) Using 9 workers of 9 for evacuation
[1367543.704s][info][gc,heap      ] GC(252535) ParNew: 114432K->1676K(118016K)
[1367543.704s][info][gc,heap      ] GC(252535) CMS: 666878K->675852K(1966080K)
[1367543.704s][info][gc,metaspace ] GC(252535) Metaspace: 95515K(98212K)->95515K(98212K) NonClass: 86277K(88004K)->86277K(88004K) Class: 9238K(10208K)->9238K(10208K)
[1367543.704s][info][gc           ] GC(252535) Pause Young (Allocation Failure) 762M->661M(2035M) 5.078ms
[1367543.704s][info][gc,cpu       ] GC(252535) User=0.03s Sys=0.02s Real=0.02s
[1367547.454s][info][gc,start     ] GC(252536) Pause Young (Allocation Failure)
[1367547.454s][info][gc,task      ] GC(252536) Using 9 workers of 9 for evacuation
[1367547.459s][info][gc,heap      ] GC(252536) ParNew: 106636K->9360K(118016K)
[1367547.459s][info][gc,heap      ] GC(252536) CMS: 675852K->675852K(1966080K)
[1367547.459s][info][gc,metaspace ] GC(252536) Metaspace: 95515K(98212K)->95515K(98212K) NonClass: 86277K(88004K)->86277K(88004K) Class: 9238K(10208K)->9238K(10208K)
[1367547.459s][info][gc           ] GC(252536) Pause Young (Allocation Failure) 764M->669M(2035M) 4.882ms
[1367547.459s][info][gc,cpu       ] GC(252536) User=0.00s Sys=0.00s Real=0.00s
[1367550.469s][info][gc,start     ] GC(252537) Pause Young (Allocation Failure)
[1367550.469s][info][gc,task      ] GC(252537) Using 9 workers of 9 for evacuation
[1367550.475s][info][gc,heap      ] GC(252537) ParNew: 114320K->1767K(118016K)
[1367550.475s][info][gc,heap      ] GC(252537) CMS: 675852K->684697K(1966080K)
[1367550.475s][info][gc,metaspace ] GC(252537) Metaspace: 95515K(98212K)->95515K(98212K) NonClass: 86277K(88004K)->86277K(88004K) Class: 9238K(10208K)->9238K(10208K)
[1367550.475s][info][gc           ] GC(252537) Pause Young (Allocation Failure) 771M->670M(2035M) 5.513ms
[1367550.475s][info][gc,cpu       ] GC(252537) User=0.00s Sys=0.00s Real=0.00s
[1367554.447s][info][gc,start     ] GC(252538) Pause Young (Allocation Failure)
[1367554.447s][info][gc,task      ] GC(252538) Using 9 workers of 9 for evacuation
[1367554.451s][info][gc,heap      ] GC(252538) ParNew: 106727K->715K(118016K)
[1367554.451s][info][gc,heap      ] GC(252538) CMS: 684697K->684697K(1966080K)
[1367554.451s][info][gc,metaspace ] GC(252538) Metaspace: 95515K(98212K)->95515K(98212K) NonClass: 86277K(88004K)->86277K(88004K) Class: 9238K(10208K)->9238K(10208K)
[1367554.451s][info][gc           ] GC(252538) Pause Young (Allocation Failure) 772M->669M(2035M) 4.226ms
[1367554.451s][info][gc,cpu       ] GC(252538) User=0.00s Sys=0.00s Real=0.02s
[1367558.280s][info][gc,start     ] GC(252539) Pause Young (Allocation Failure)
[1367558.281s][info][gc,task      ] GC(252539) Using 9 workers of 9 for evacuation
[1367558.285s][info][gc,heap      ] GC(252539) ParNew: 105675K->9266K(118016K)
[1367558.285s][info][gc,heap      ] GC(252539) CMS: 684697K->684697K(1966080K)
[1367558.285s][info][gc,metaspace ] GC(252539) Metaspace: 95515K(98212K)->95515K(98212K) NonClass: 86277K(88004K)->86277K(88004K) Class: 9238K(10208K)->9238K(10208K)
[1367558.285s][info][gc           ] GC(252539) Pause Young (Allocation Failure) 771M->677M(2035M) 4.936ms
[1367558.285s][info][gc,cpu       ] GC(252539) User=0.00s Sys=0.00s Real=0.00s
[1367563.890s][info][gc,start     ] GC(252540) Pause Young (Allocation Failure)
[1367563.890s][info][gc,task      ] GC(252540) Using 9 workers of 9 for evacuation
[1367563.895s][info][gc,heap      ] GC(252540) ParNew: 114226K->1332K(118016K)
[1367563.895s][info][gc,heap      ] GC(252540) CMS: 684697K->693606K(1966080K)
[1367563.895s][info][gc,metaspace ] GC(252540) Metaspace: 95515K(98212K)->95515K(98212K) NonClass: 86277K(88004K)->86277K(88004K) Class: 9238K(10208K)->9238K(10208K)
[1367563.895s][info][gc           ] GC(252540) Pause Young (Allocation Failure) 780M->678M(2035M) 5.324ms
[1367563.895s][info][gc,cpu       ] GC(252540) User=0.00s Sys=0.00s Real=0.00s
[1367567.842s][info][gc,start     ] GC(252541) Pause Young (Allocation Failure)
[1367567.842s][info][gc,task      ] GC(252541) Using 9 workers of 9 for evacuation
[1367567.846s][info][gc,heap      ] GC(252541) ParNew: 106292K->9262K(118016K)
[1367567.847s][info][gc,heap      ] GC(252541) CMS: 693606K->693606K(1966080K)
[1367567.847s][info][gc,metaspace ] GC(252541) Metaspace: 95515K(98212K)->95515K(98212K) NonClass: 86277K(88004K)->86277K(88004K) Class: 9238K(10208K)->9238K(10208K)
[1367567.847s][info][gc           ] GC(252541) Pause Young (Allocation Failure) 781M->686M(2035M) 4.243ms
[1367567.847s][info][gc,cpu       ] GC(252541) User=0.00s Sys=0.00s Real=0.00s
[1367574.095s][info][gc,start     ] GC(252542) Pause Young (Allocation Failure)
[1367574.095s][info][gc,task      ] GC(252542) Using 9 workers of 9 for evacuation
[1367574.100s][info][gc,heap      ] GC(252542) ParNew: 114222K->1506K(118016K)
[1367574.100s][info][gc,heap      ] GC(252542) CMS: 693606K->702399K(1966080K)
[1367574.100s][info][gc,metaspace ] GC(252542) Metaspace: 95515K(98212K)->95515K(98212K) NonClass: 86277K(88004K)->86277K(88004K) Class: 9238K(10208K)->9238K(10208K)
[1367574.100s][info][gc           ] GC(252542) Pause Young (Allocation Failure) 788M->687M(2035M) 5.405ms
[1367574.100s][info][gc,cpu       ] GC(252542) User=0.00s Sys=0.00s Real=0.00s
[1367578.043s][info][gc,start     ] GC(252543) Pause Young (Allocation Failure)
[1367578.043s][info][gc,task      ] GC(252543) Using 9 workers of 9 for evacuation
[1367578.048s][info][gc,heap      ] GC(252543) ParNew: 106423K->9068K(118016K)
[1367578.048s][info][gc,heap      ] GC(252543) CMS: 702399K->702399K(1966080K)
[1367578.048s][info][gc,metaspace ] GC(252543) Metaspace: 95515K(98212K)->95515K(98212K) NonClass: 86277K(88004K)->86277K(88004K) Class: 9238K(10208K)->9238K(10208K)
[1367578.048s][info][gc           ] GC(252543) Pause Young (Allocation Failure) 789M->694M(2035M) 4.706ms
[1367578.048s][info][gc,cpu       ] GC(252543) User=0.00s Sys=0.00s Real=0.00s
[1367583.597s][info][gc,start     ] GC(252544) Pause Young (Allocation Failure)
[1367583.597s][info][gc,task      ] GC(252544) Using 9 workers of 9 for evacuation
[1367583.602s][info][gc,heap      ] GC(252544) ParNew: 114026K->1752K(118016K)
[1367583.602s][info][gc,heap      ] GC(252544) CMS: 702399K->710982K(1966080K)
[1367583.602s][info][gc,metaspace ] GC(252544) Metaspace: 95515K(98212K)->95515K(98212K) NonClass: 86277K(88004K)->86277K(88004K) Class: 9238K(10208K)->9238K(10208K)
[1367583.603s][info][gc           ] GC(252544) Pause Young (Allocation Failure) 797M->696M(2035M) 5.303ms
[1367583.603s][info][gc,cpu       ] GC(252544) User=0.00s Sys=0.00s Real=0.00s
[1367588.326s][info][gc,start     ] GC(252545) Pause Young (Allocation Failure)
[1367588.326s][info][gc,task      ] GC(252545) Using 9 workers of 9 for evacuation
[1367588.331s][info][gc,heap      ] GC(252545) ParNew: 106699K->6067K(118016K)
[1367588.331s][info][gc,heap      ] GC(252545) CMS: 710982K->710982K(1966080K)
[1367588.331s][info][gc,metaspace ] GC(252545) Metaspace: 95515K(98212K)->95515K(98212K) NonClass: 86277K(88004K)->86277K(88004K) Class: 9238K(10208K)->9238K(10208K)
[1367588.331s][info][gc           ] GC(252545) Pause Young (Allocation Failure) 798M->700M(2035M) 5.030ms
[1367588.331s][info][gc,cpu       ] GC(252545) User=0.00s Sys=0.02s Real=0.02s
[1367595.405s][info][gc,start     ] GC(252546) Pause Young (Allocation Failure)
[1367595.405s][info][gc,task      ] GC(252546) Using 9 workers of 9 for evacuation
[1367595.409s][info][gc,heap      ] GC(252546) ParNew: 111027K->9889K(118016K)
[1367595.409s][info][gc,heap      ] GC(252546) CMS: 710982K->710982K(1966080K)
[1367595.409s][info][gc,metaspace ] GC(252546) Metaspace: 95515K(98212K)->95515K(98212K) NonClass: 86277K(88004K)->86277K(88004K) Class: 9238K(10208K)->9238K(10208K)
[1367595.409s][info][gc           ] GC(252546) Pause Young (Allocation Failure) 802M->703M(2035M) 4.680ms
[1367595.409s][info][gc,cpu       ] GC(252546) User=0.00s Sys=0.00s Real=0.00s
[1367599.976s][info][gc,start     ] GC(252547) Pause Young (Allocation Failure)
[1367599.976s][info][gc,task      ] GC(252547) Using 9 workers of 9 for evacuation
[1367599.980s][info][gc,heap      ] GC(252547) ParNew: 114849K->11027K(118016K)
[1367599.980s][info][gc,heap      ] GC(252547) CMS: 710982K->711198K(1966080K)
[1367599.980s][info][gc,metaspace ] GC(252547) Metaspace: 95515K(98212K)->95515K(98212K) NonClass: 86277K(88004K)->86277K(88004K) Class: 9238K(10208K)->9238K(10208K)
[1367599.981s][info][gc           ] GC(252547) Pause Young (Allocation Failure) 806M->705M(2035M) 4.320ms
[1367599.981s][info][gc,cpu       ] GC(252547) User=0.00s Sys=0.00s Real=0.00s
[1367605.337s][info][gc,start     ] GC(252548) Pause Young (Allocation Failure)
[1367605.337s][info][gc,task      ] GC(252548) Using 9 workers of 9 for evacuation
[1367605.343s][info][gc,heap      ] GC(252548) ParNew: 115987K->4690K(118016K)
[1367605.343s][info][gc,heap      ] GC(252548) CMS: 711198K->719937K(1966080K)
[1367605.343s][info][gc,metaspace ] GC(252548) Metaspace: 95515K(98212K)->95515K(98212K) NonClass: 86277K(88004K)->86277K(88004K) Class: 9238K(10208K)->9238K(10208K)
[1367605.343s][info][gc           ] GC(252548) Pause Young (Allocation Failure) 807M->707M(2035M) 5.772ms
[1367605.343s][info][gc,cpu       ] GC(252548) User=0.02s Sys=0.00s Real=0.02s
[1367609.671s][info][gc,start     ] GC(252549) Pause Young (Allocation Failure)
[1367609.671s][info][gc,task      ] GC(252549) Using 9 workers of 9 for evacuation
[1367609.675s][info][gc,heap      ] GC(252549) ParNew: 109650K->9865K(118016K)
[1367609.676s][info][gc,heap      ] GC(252549) CMS: 719937K->719937K(1966080K)
[1367609.676s][info][gc,metaspace ] GC(252549) Metaspace: 95515K(98212K)->95515K(98212K) NonClass: 86277K(88004K)->86277K(88004K) Class: 9238K(10208K)->9238K(10208K)
[1367609.676s][info][gc           ] GC(252549) Pause Young (Allocation Failure) 810M->712M(2035M) 4.535ms
[1367609.676s][info][gc,cpu       ] GC(252549) User=0.00s Sys=0.00s Real=0.00s
[1367615.297s][info][gc,start     ] GC(252550) Pause Young (Allocation Failure)
[1367615.297s][info][gc,task      ] GC(252550) Using 9 workers of 9 for evacuation
[1367615.302s][info][gc,heap      ] GC(252550) ParNew: 114825K->2897K(118016K)
[1367615.302s][info][gc,heap      ] GC(252550) CMS: 719937K->728780K(1966080K)
[1367615.302s][info][gc,metaspace ] GC(252550) Metaspace: 95515K(98212K)->95515K(98212K) NonClass: 86277K(88004K)->86277K(88004K) Class: 9238K(10208K)->9238K(10208K)
[1367615.302s][info][gc           ] GC(252550) Pause Young (Allocation Failure) 815M->714M(2035M) 5.070ms
[1367615.302s][info][gc,cpu       ] GC(252550) User=0.00s Sys=0.00s Real=0.00s
[1367620.639s][info][gc,start     ] GC(252551) Pause Young (Allocation Failure)
[1367620.640s][info][gc,task      ] GC(252551) Using 9 workers of 9 for evacuation
[1367620.644s][info][gc,heap      ] GC(252551) ParNew: 107857K->9640K(118016K)
[1367620.644s][info][gc,heap      ] GC(252551) CMS: 728780K->728780K(1966080K)
[1367620.644s][info][gc,metaspace ] GC(252551) Metaspace: 95515K(98212K)->95515K(98212K) NonClass: 86277K(88004K)->86277K(88004K) Class: 9238K(10208K)->9238K(10208K)
[1367620.644s][info][gc           ] GC(252551) Pause Young (Allocation Failure) 817M->721M(2035M) 4.576ms
[1367620.644s][info][gc,cpu       ] GC(252551) User=0.00s Sys=0.00s Real=0.00s
[1367627.743s][info][gc,start     ] GC(252552) Pause Young (Allocation Failure)
[1367627.743s][info][gc,task      ] GC(252552) Using 9 workers of 9 for evacuation
[1367627.747s][info][gc,heap      ] GC(252552) ParNew: 114600K->2150K(118016K)
[1367627.747s][info][gc,heap      ] GC(252552) CMS: 728780K->728896K(1966080K)
[1367627.747s][info][gc,metaspace ] GC(252552) Metaspace: 95515K(98212K)->95515K(98212K) NonClass: 86277K(88004K)->86277K(88004K) Class: 9238K(10208K)->9238K(10208K)
[1367627.747s][info][gc           ] GC(252552) Pause Young (Allocation Failure) 823M->713M(2035M) 4.220ms
[1367627.747s][info][gc,cpu       ] GC(252552) User=0.02s Sys=0.00s Real=0.01s
[1367633.069s][info][gc,start     ] GC(252553) Pause Young (Allocation Failure)
[1367633.069s][info][gc,task      ] GC(252553) Using 9 workers of 9 for evacuation
[1367633.073s][info][gc,heap      ] GC(252553) ParNew: 107110K->9405K(118016K)
[1367633.073s][info][gc,heap      ] GC(252553) CMS: 728896K->728896K(1966080K)
[1367633.073s][info][gc,metaspace ] GC(252553) Metaspace: 95515K(98212K)->95515K(98212K) NonClass: 86277K(88004K)->86277K(88004K) Class: 9238K(10208K)->9238K(10208K)
[1367633.073s][info][gc           ] GC(252553) Pause Young (Allocation Failure) 816M->720M(2035M) 4.611ms
[1367633.073s][info][gc,cpu       ] GC(252553) User=0.00s Sys=0.00s Real=0.00s
[1367637.689s][info][gc,start     ] GC(252554) Pause Young (Allocation Failure)
[1367637.689s][info][gc,task      ] GC(252554) Using 9 workers of 9 for evacuation
[1367637.693s][info][gc,heap      ] GC(252554) ParNew: 114365K->1852K(118016K)
[1367637.693s][info][gc,heap      ] GC(252554) CMS: 728896K->729045K(1966080K)
[1367637.693s][info][gc,metaspace ] GC(252554) Metaspace: 95515K(98212K)->95515K(98212K) NonClass: 86277K(88004K)->86277K(88004K) Class: 9238K(10208K)->9238K(10208K)
[1367637.693s][info][gc           ] GC(252554) Pause Young (Allocation Failure) 823M->713M(2035M) 4.228ms
[1367637.693s][info][gc,cpu       ] GC(252554) User=0.00s Sys=0.00s Real=0.00s
[1367641.856s][info][gc,start     ] GC(252555) Pause Young (Allocation Failure)
[1367641.856s][info][gc,task      ] GC(252555) Using 9 workers of 9 for evacuation
[1367641.861s][info][gc,heap      ] GC(252555) ParNew: 106812K->9430K(118016K)
[1367641.861s][info][gc,heap      ] GC(252555) CMS: 729045K->729045K(1966080K)
[1367641.861s][info][gc,metaspace ] GC(252555) Metaspace: 95515K(98212K)->95515K(98212K) NonClass: 86277K(88004K)->86277K(88004K) Class: 9238K(10208K)->9238K(10208K)
[1367641.861s][info][gc           ] GC(252555) Pause Young (Allocation Failure) 816M->721M(2035M) 4.447ms
[1367641.861s][info][gc,cpu       ] GC(252555) User=0.13s Sys=0.02s Real=0.02s
[1367646.569s][info][gc,start     ] GC(252556) Pause Young (Allocation Failure)
[1367646.570s][info][gc,task      ] GC(252556) Using 9 workers of 9 for evacuation
[1367646.574s][info][gc,heap      ] GC(252556) ParNew: 114390K->1828K(118016K)
[1367646.574s][info][gc,heap      ] GC(252556) CMS: 729045K->729272K(1966080K)
[1367646.574s][info][gc,metaspace ] GC(252556) Metaspace: 95515K(98212K)->95515K(98212K) NonClass: 86277K(88004K)->86277K(88004K) Class: 9238K(10208K)->9238K(10208K)
[1367646.574s][info][gc           ] GC(252556) Pause Young (Allocation Failure) 823M->713M(2035M) 4.536ms
[1367646.574s][info][gc,cpu       ] GC(252556) User=0.00s Sys=0.00s Real=0.00s
[1367650.794s][info][gc,start     ] GC(252557) Pause Young (Allocation Failure)
[1367650.794s][info][gc,task      ] GC(252557) Using 9 workers of 9 for evacuation
[1367650.799s][info][gc,heap      ] GC(252557) ParNew: 106788K->9306K(118016K)
[1367650.799s][info][gc,heap      ] GC(252557) CMS: 729272K->729272K(1966080K)
[1367650.799s][info][gc,metaspace ] GC(252557) Metaspace: 95515K(98212K)->95515K(98212K) NonClass: 86277K(88004K)->86277K(88004K) Class: 9238K(10208K)->9238K(10208K)
[1367650.799s][info][gc           ] GC(252557) Pause Young (Allocation Failure) 816M->721M(2035M) 5.152ms
[1367650.799s][info][gc,cpu       ] GC(252557) User=0.14s Sys=0.00s Real=0.01s
[1367655.591s][info][gc,start     ] GC(252558) Pause Young (Allocation Failure)
[1367655.591s][info][gc,task      ] GC(252558) Using 9 workers of 9 for evacuation
[1367655.596s][info][gc,heap      ] GC(252558) ParNew: 114266K->1773K(118016K)
[1367655.596s][info][gc,heap      ] GC(252558) CMS: 729272K->738075K(1966080K)
[1367655.596s][info][gc,metaspace ] GC(252558) Metaspace: 95515K(98212K)->95515K(98212K) NonClass: 86277K(88004K)->86277K(88004K) Class: 9238K(10208K)->9238K(10208K)
[1367655.596s][info][gc           ] GC(252558) Pause Young (Allocation Failure) 823M->722M(2035M) 5.599ms
[1367655.596s][info][gc,cpu       ] GC(252558) User=0.13s Sys=0.02s Real=0.01s
[1367660.321s][info][gc,start     ] GC(252559) Pause Young (Allocation Failure)
[1367660.321s][info][gc,task      ] GC(252559) Using 9 workers of 9 for evacuation
[1367660.325s][info][gc,heap      ] GC(252559) ParNew: 106733K->9443K(118016K)
[1367660.326s][info][gc,heap      ] GC(252559) CMS: 738075K->738075K(1966080K)
[1367660.326s][info][gc,metaspace ] GC(252559) Metaspace: 95515K(98212K)->95515K(98212K) NonClass: 86277K(88004K)->86277K(88004K) Class: 9238K(10208K)->9238K(10208K)
[1367660.326s][info][gc           ] GC(252559) Pause Young (Allocation Failure) 825M->729M(2035M) 4.708ms
[1367660.326s][info][gc,cpu       ] GC(252559) User=0.00s Sys=0.00s Real=0.00s
[1367667.446s][info][gc,start     ] GC(252560) Pause Young (Allocation Failure)
[1367667.446s][info][gc,task      ] GC(252560) Using 9 workers of 9 for evacuation
[1367667.450s][info][gc,heap      ] GC(252560) ParNew: 114398K->1663K(118016K)
[1367667.450s][info][gc,heap      ] GC(252560) CMS: 738075K->738256K(1966080K)
[1367667.450s][info][gc,metaspace ] GC(252560) Metaspace: 95515K(98212K)->95515K(98212K) NonClass: 86277K(88004K)->86277K(88004K) Class: 9238K(10208K)->9238K(10208K)
[1367667.450s][info][gc           ] GC(252560) Pause Young (Allocation Failure) 832M->722M(2035M) 4.689ms
[1367667.451s][info][gc,cpu       ] GC(252560) User=0.00s Sys=0.00s Real=0.00s
[1367671.179s][info][gc,start     ] GC(252561) Pause Young (Allocation Failure)
[1367671.179s][info][gc,task      ] GC(252561) Using 9 workers of 9 for evacuation
[1367671.184s][info][gc,heap      ] GC(252561) ParNew: 106623K->9344K(118016K)
[1367671.184s][info][gc,heap      ] GC(252561) CMS: 738256K->738256K(1966080K)
[1367671.184s][info][gc,metaspace ] GC(252561) Metaspace: 95515K(98212K)->95515K(98212K) NonClass: 86277K(88004K)->86277K(88004K) Class: 9238K(10208K)->9238K(10208K)
[1367671.184s][info][gc           ] GC(252561) Pause Young (Allocation Failure) 825M->730M(2035M) 5.104ms
[1367671.184s][info][gc,cpu       ] GC(252561) User=0.00s Sys=0.00s Real=0.00s
[1367677.143s][info][gc,start     ] GC(252562) Pause Young (Allocation Failure)
[1367677.143s][info][gc,task      ] GC(252562) Using 9 workers of 9 for evacuation
[1367677.147s][info][gc,heap      ] GC(252562) ParNew: 114304K->1673K(118016K)
[1367677.148s][info][gc,heap      ] GC(252562) CMS: 738256K->738379K(1966080K)
[1367677.148s][info][gc,metaspace ] GC(252562) Metaspace: 95515K(98212K)->95515K(98212K) NonClass: 86277K(88004K)->86277K(88004K) Class: 9238K(10208K)->9238K(10208K)
[1367677.148s][info][gc           ] GC(252562) Pause Young (Allocation Failure) 832M->722M(2035M) 4.222ms
[1367677.148s][info][gc,cpu       ] GC(252562) User=0.00s Sys=0.00s Real=0.00s
[1367682.280s][info][gc,start     ] GC(252563) Pause Young (Allocation Failure)
[1367682.280s][info][gc,task      ] GC(252563) Using 9 workers of 9 for evacuation
[1367682.285s][info][gc,heap      ] GC(252563) ParNew: 106633K->9289K(118016K)
[1367682.285s][info][gc,heap      ] GC(252563) CMS: 738379K->738379K(1966080K)
[1367682.285s][info][gc,metaspace ] GC(252563) Metaspace: 95515K(98212K)->95515K(98212K) NonClass: 86277K(88004K)->86277K(88004K) Class: 9238K(10208K)->9238K(10208K)
[1367682.285s][info][gc           ] GC(252563) Pause Young (Allocation Failure) 825M->730M(2035M) 5.220ms
[1367682.285s][info][gc,cpu       ] GC(252563) User=0.14s Sys=0.00s Real=0.02s
[1367689.408s][info][gc,start     ] GC(252564) Pause Young (Allocation Failure)
[1367689.408s][info][gc,task      ] GC(252564) Using 9 workers of 9 for evacuation
[1367689.412s][info][gc,heap      ] GC(252564) ParNew: 114249K->1608K(118016K)
[1367689.412s][info][gc,heap      ] GC(252564) CMS: 738379K->738452K(1966080K)
[1367689.412s][info][gc,metaspace ] GC(252564) Metaspace: 95515K(98212K)->95515K(98212K) NonClass: 86277K(88004K)->86277K(88004K) Class: 9238K(10208K)->9238K(10208K)
[1367689.412s][info][gc           ] GC(252564) Pause Young (Allocation Failure) 832M->722M(2035M) 4.205ms
[1367689.412s][info][gc,cpu       ] GC(252564) User=0.00s Sys=0.00s Real=0.00s
[1367695.610s][info][gc,start     ] GC(252565) Pause Young (Allocation Failure)
[1367695.610s][info][gc,task      ] GC(252565) Using 9 workers of 9 for evacuation
[1367695.615s][info][gc,heap      ] GC(252565) ParNew: 106568K->9215K(118016K)
[1367695.615s][info][gc,heap      ] GC(252565) CMS: 738452K->738452K(1966080K)
[1367695.615s][info][gc,metaspace ] GC(252565) Metaspace: 95515K(98212K)->95515K(98212K) NonClass: 86277K(88004K)->86277K(88004K) Class: 9238K(10208K)->9238K(10208K)
[1367695.615s][info][gc           ] GC(252565) Pause Young (Allocation Failure) 825M->730M(2035M) 5.252ms
[1367695.615s][info][gc,cpu       ] GC(252565) User=0.03s Sys=0.00s Real=0.02s
[1367700.409s][info][gc,start     ] GC(252566) Pause Young (Allocation Failure)
[1367700.409s][info][gc,task      ] GC(252566) Using 9 workers of 9 for evacuation
[1367700.413s][info][gc,heap      ] GC(252566) ParNew: 114175K->1702K(118016K)
[1367700.413s][info][gc,heap      ] GC(252566) CMS: 738452K->738560K(1966080K)
[1367700.413s][info][gc,metaspace ] GC(252566) Metaspace: 95515K(98212K)->95515K(98212K) NonClass: 86277K(88004K)->86277K(88004K) Class: 9238K(10208K)->9238K(10208K)
[1367700.413s][info][gc           ] GC(252566) Pause Young (Allocation Failure) 832M->722M(2035M) 4.212ms
[1367700.413s][info][gc,cpu       ] GC(252566) User=0.00s Sys=0.00s Real=0.00s
[1367705.288s][info][gc,start     ] GC(252567) Pause Young (Allocation Failure)
[1367705.288s][info][gc,task      ] GC(252567) Using 9 workers of 9 for evacuation
[1367705.292s][info][gc,heap      ] GC(252567) ParNew: 106662K->9367K(118016K)
[1367705.292s][info][gc,heap      ] GC(252567) CMS: 738560K->738560K(1966080K)
[1367705.292s][info][gc,metaspace ] GC(252567) Metaspace: 95515K(98212K)->95515K(98212K) NonClass: 86277K(88004K)->86277K(88004K) Class: 9238K(10208K)->9238K(10208K)
[1367705.292s][info][gc           ] GC(252567) Pause Young (Allocation Failure) 825M->730M(2035M) 4.262ms
[1367705.292s][info][gc,cpu       ] GC(252567) User=0.00s Sys=0.00s Real=0.00s
[1367710.586s][info][gc,start     ] GC(252568) Pause Young (Allocation Failure)
[1367710.586s][info][gc,task      ] GC(252568) Using 9 workers of 9 for evacuation
[1367710.590s][info][gc,heap      ] GC(252568) ParNew: 114327K->10152K(118016K)
[1367710.590s][info][gc,heap      ] GC(252568) CMS: 738560K->738734K(1966080K)
[1367710.590s][info][gc,metaspace ] GC(252568) Metaspace: 95515K(98212K)->95515K(98212K) NonClass: 86277K(88004K)->86277K(88004K) Class: 9238K(10208K)->9238K(10208K)
[1367710.590s][info][gc           ] GC(252568) Pause Young (Allocation Failure) 832M->731M(2035M) 4.468ms
[1367710.590s][info][gc,cpu       ] GC(252568) User=0.00s Sys=0.00s Real=0.00s
[1367716.786s][info][gc,start     ] GC(252569) Pause Young (Allocation Failure)
[1367716.786s][info][gc,task      ] GC(252569) Using 9 workers of 9 for evacuation
[1367716.790s][info][gc,heap      ] GC(252569) ParNew: 114931K->7934K(118016K)
[1367716.790s][info][gc,heap      ] GC(252569) CMS: 738734K->738791K(1966080K)
[1367716.791s][info][gc,metaspace ] GC(252569) Metaspace: 95515K(98212K)->95515K(98212K) NonClass: 86277K(88004K)->86277K(88004K) Class: 9238K(10208K)->9238K(10208K)
[1367716.791s][info][gc           ] GC(252569) Pause Young (Allocation Failure) 833M->729M(2035M) 4.503ms
[1367716.791s][info][gc,cpu       ] GC(252569) User=0.00s Sys=0.00s Real=0.00s
[1367722.329s][info][gc,start     ] GC(252570) Pause Young (Allocation Failure)
[1367722.329s][info][gc,task      ] GC(252570) Using 9 workers of 9 for evacuation
[1367722.333s][info][gc,heap      ] GC(252570) ParNew: 112894K->10078K(118016K)
[1367722.333s][info][gc,heap      ] GC(252570) CMS: 738791K->738791K(1966080K)
[1367722.333s][info][gc,metaspace ] GC(252570) Metaspace: 95515K(98212K)->95515K(98212K) NonClass: 86277K(88004K)->86277K(88004K) Class: 9238K(10208K)->9238K(10208K)
[1367722.333s][info][gc           ] GC(252570) Pause Young (Allocation Failure) 831M->731M(2035M) 4.612ms
[1367722.333s][info][gc,cpu       ] GC(252570) User=0.02s Sys=0.00s Real=0.02s
[1367727.397s][info][gc,start     ] GC(252571) Pause Young (Allocation Failure)
[1367727.397s][info][gc,task      ] GC(252571) Using 9 workers of 9 for evacuation
[1367727.402s][info][gc,heap      ] GC(252571) ParNew: 115038K->11213K(118016K)
[1367727.402s][info][gc,heap      ] GC(252571) CMS: 738791K->738876K(1966080K)
[1367727.402s][info][gc,metaspace ] GC(252571) Metaspace: 95515K(98212K)->95515K(98212K) NonClass: 86277K(88004K)->86277K(88004K) Class: 9238K(10208K)->9238K(10208K)
[1367727.402s][info][gc           ] GC(252571) Pause Young (Allocation Failure) 833M->732M(2035M) 4.523ms
[1367727.402s][info][gc,cpu       ] GC(252571) User=0.00s Sys=0.00s Real=0.00s
[1367732.782s][info][gc,start     ] GC(252572) Pause Young (Allocation Failure)
[1367732.783s][info][gc,task      ] GC(252572) Using 9 workers of 9 for evacuation
[1367732.788s][info][gc,heap      ] GC(252572) ParNew: 116173K->5061K(118016K)
[1367732.788s][info][gc,heap      ] GC(252572) CMS: 738876K->747607K(1966080K)
[1367732.788s][info][gc,metaspace ] GC(252572) Metaspace: 95515K(98212K)->95515K(98212K) NonClass: 86277K(88004K)->86277K(88004K) Class: 9238K(10208K)->9238K(10208K)
[1367732.788s][info][gc           ] GC(252572) Pause Young (Allocation Failure) 835M->735M(2035M) 5.518ms
[1367732.788s][info][gc,cpu       ] GC(252572) User=0.00s Sys=0.00s Real=0.00s
[1367738.093s][info][gc,start     ] GC(252573) Pause Young (Allocation Failure)
[1367738.093s][info][gc,task      ] GC(252573) Using 9 workers of 9 for evacuation
[1367738.098s][info][gc,heap      ] GC(252573) ParNew: 110021K->9742K(118016K)
[1367738.098s][info][gc,heap      ] GC(252573) CMS: 747607K->747607K(1966080K)
[1367738.098s][info][gc,metaspace ] GC(252573) Metaspace: 95515K(98212K)->95515K(98212K) NonClass: 86277K(88004K)->86277K(88004K) Class: 9238K(10208K)->9238K(10208K)
[1367738.098s][info][gc           ] GC(252573) Pause Young (Allocation Failure) 837M->739M(2035M) 4.516ms
[1367738.098s][info][gc,cpu       ] GC(252573) User=0.00s Sys=0.00s Real=0.00s
[1367744.518s][info][gc,start     ] GC(252574) Pause Young (Allocation Failure)
[1367744.518s][info][gc,task      ] GC(252574) Using 9 workers of 9 for evacuation
[1367744.523s][info][gc,heap      ] GC(252574) ParNew: 114702K->2812K(118016K)
[1367744.524s][info][gc,heap      ] GC(252574) CMS: 747607K->756467K(1966080K)
[1367744.524s][info][gc,metaspace ] GC(252574) Metaspace: 95515K(98212K)->95515K(98212K) NonClass: 86277K(88004K)->86277K(88004K) Class: 9238K(10208K)->9238K(10208K)
[1367744.524s][info][gc           ] GC(252574) Pause Young (Allocation Failure) 842M->741M(2035M) 5.924ms
[1367744.524s][info][gc,cpu       ] GC(252574) User=0.00s Sys=0.00s Real=0.00s
[1367748.901s][info][gc,start     ] GC(252575) Pause Young (Allocation Failure)
[1367748.901s][info][gc,task      ] GC(252575) Using 9 workers of 9 for evacuation
[1367748.905s][info][gc,heap      ] GC(252575) ParNew: 107772K->9449K(118016K)
[1367748.905s][info][gc,heap      ] GC(252575) CMS: 756467K->756467K(1966080K)
[1367748.905s][info][gc,metaspace ] GC(252575) Metaspace: 95515K(98212K)->95515K(98212K) NonClass: 86277K(88004K)->86277K(88004K) Class: 9238K(10208K)->9238K(10208K)
[1367748.906s][info][gc           ] GC(252575) Pause Young (Allocation Failure) 843M->747M(2035M) 4.633ms
[1367748.906s][info][gc,cpu       ] GC(252575) User=0.00s Sys=0.00s Real=0.00s
[1367753.142s][info][gc,start     ] GC(252576) Pause Young (Allocation Failure)
[1367753.142s][info][gc,task      ] GC(252576) Using 9 workers of 9 for evacuation
[1367753.148s][info][gc,heap      ] GC(252576) ParNew: 114409K->2240K(118016K)
[1367753.148s][info][gc,heap      ] GC(252576) CMS: 756467K->765259K(1966080K)
[1367753.148s][info][gc,metaspace ] GC(252576) Metaspace: 95515K(98212K)->95515K(98212K) NonClass: 86277K(88004K)->86277K(88004K) Class: 9238K(10208K)->9238K(10208K)
[1367753.148s][info][gc           ] GC(252576) Pause Young (Allocation Failure) 850M->749M(2035M) 5.379ms
[1367753.148s][info][gc,cpu       ] GC(252576) User=0.02s Sys=0.02s Real=0.02s
[1367758.168s][info][gc,start     ] GC(252577) Pause Young (Allocation Failure)
[1367758.168s][info][gc,task      ] GC(252577) Using 9 workers of 9 for evacuation
[1367758.173s][info][gc,heap      ] GC(252577) ParNew: 107015K->7184K(118016K)
[1367758.173s][info][gc,heap      ] GC(252577) CMS: 765259K->765259K(1966080K)
[1367758.173s][info][gc,metaspace ] GC(252577) Metaspace: 95515K(98212K)->95515K(98212K) NonClass: 86277K(88004K)->86277K(88004K) Class: 9238K(10208K)->9238K(10208K)
[1367758.173s][info][gc           ] GC(252577) Pause Young (Allocation Failure) 851M->754M(2035M) 4.912ms
[1367758.173s][info][gc,cpu       ] GC(252577) User=0.00s Sys=0.00s Real=0.00s
[1367762.840s][info][gc,start     ] GC(252578) Pause Young (Allocation Failure)
[1367762.840s][info][gc,task      ] GC(252578) Using 9 workers of 9 for evacuation
[1367762.845s][info][gc,heap      ] GC(252578) ParNew: 112144K->3536K(118016K)
[1367762.845s][info][gc,heap      ] GC(252578) CMS: 765259K->771813K(1966080K)
[1367762.845s][info][gc,metaspace ] GC(252578) Metaspace: 95515K(98212K)->95515K(98212K) NonClass: 86277K(88004K)->86277K(88004K) Class: 9238K(10208K)->9238K(10208K)
[1367762.845s][info][gc           ] GC(252578) Pause Young (Allocation Failure) 856M->757M(2035M) 5.047ms
[1367762.845s][info][gc,cpu       ] GC(252578) User=0.00s Sys=0.00s Real=0.00s
[1367770.281s][info][gc,start     ] GC(252579) Pause Young (Allocation Failure)
[1367770.281s][info][gc,task      ] GC(252579) Using 9 workers of 9 for evacuation
[1367770.286s][info][gc,heap      ] GC(252579) ParNew: 108496K->9942K(118016K)
[1367770.286s][info][gc,heap      ] GC(252579) CMS: 771813K->771813K(1966080K)
[1367770.286s][info][gc,metaspace ] GC(252579) Metaspace: 95515K(98212K)->95515K(98212K) NonClass: 86277K(88004K)->86277K(88004K) Class: 9238K(10208K)->9238K(10208K)
[1367770.286s][info][gc           ] GC(252579) Pause Young (Allocation Failure) 859M->763M(2035M) 5.013ms
[1367770.286s][info][gc,cpu       ] GC(252579) User=0.00s Sys=0.00s Real=0.00s
[1367774.833s][info][gc,start     ] GC(252580) Pause Young (Allocation Failure)
[1367774.833s][info][gc,task      ] GC(252580) Using 9 workers of 9 for evacuation
[1367774.839s][info][gc,heap      ] GC(252580) ParNew: 114895K->3219K(118016K)
[1367774.839s][info][gc,heap      ] GC(252580) CMS: 771813K->780604K(1966080K)
[1367774.839s][info][gc,metaspace ] GC(252580) Metaspace: 95515K(98212K)->95515K(98212K) NonClass: 86277K(88004K)->86277K(88004K) Class: 9238K(10208K)->9238K(10208K)
[1367774.839s][info][gc           ] GC(252580) Pause Young (Allocation Failure) 865M->765M(2035M) 5.332ms
[1367774.839s][info][gc,cpu       ] GC(252580) User=0.00s Sys=0.00s Real=0.00s
[1367780.153s][info][gc,start     ] GC(252581) Pause Young (Allocation Failure)
[1367780.153s][info][gc,task      ] GC(252581) Using 9 workers of 9 for evacuation
[1367780.157s][info][gc,heap      ] GC(252581) ParNew: 108179K->9408K(118016K)
[1367780.157s][info][gc,heap      ] GC(252581) CMS: 780604K->780604K(1966080K)
[1367780.157s][info][gc,metaspace ] GC(252581) Metaspace: 95515K(98212K)->95515K(98212K) NonClass: 86277K(88004K)->86277K(88004K) Class: 9238K(10208K)->9238K(10208K)
[1367780.158s][info][gc           ] GC(252581) Pause Young (Allocation Failure) 867M->771M(2035M) 4.652ms
[1367780.158s][info][gc,cpu       ] GC(252581) User=0.00s Sys=0.00s Real=0.00s
[1367785.166s][info][gc,start     ] GC(252582) Pause Young (Allocation Failure)
[1367785.166s][info][gc,task      ] GC(252582) Using 9 workers of 9 for evacuation
[1367785.171s][info][gc,heap      ] GC(252582) ParNew: 114368K->2500K(118016K)
[1367785.171s][info][gc,heap      ] GC(252582) CMS: 780604K->789380K(1966080K)
[1367785.171s][info][gc,metaspace ] GC(252582) Metaspace: 95515K(98212K)->95515K(98212K) NonClass: 86277K(88004K)->86277K(88004K) Class: 9238K(10208K)->9238K(10208K)
[1367785.171s][info][gc           ] GC(252582) Pause Young (Allocation Failure) 873M->773M(2035M) 5.073ms
[1367785.171s][info][gc,cpu       ] GC(252582) User=0.09s Sys=0.00s Real=0.02s
[1367789.276s][info][gc,start     ] GC(252583) Pause Young (Allocation Failure)
[1367789.276s][info][gc,task      ] GC(252583) Using 9 workers of 9 for evacuation
[1367789.281s][info][gc,heap      ] GC(252583) ParNew: 107297K->7242K(118016K)
[1367789.281s][info][gc,heap      ] GC(252583) CMS: 789380K->789380K(1966080K)
[1367789.281s][info][gc,metaspace ] GC(252583) Metaspace: 95515K(98212K)->95515K(98212K) NonClass: 86277K(88004K)->86277K(88004K) Class: 9238K(10208K)->9238K(10208K)
[1367789.281s][info][gc           ] GC(252583) Pause Young (Allocation Failure) 875M->777M(2035M) 4.854ms
[1367789.281s][info][gc,cpu       ] GC(252583) User=0.14s Sys=0.00s Real=0.01s
[1367793.370s][info][gc,start     ] GC(252584) Pause Young (Allocation Failure)
[1367793.370s][info][gc,task      ] GC(252584) Using 9 workers of 9 for evacuation
[1367793.375s][info][gc,heap      ] GC(252584) ParNew: 112202K->3586K(118016K)
[1367793.375s][info][gc,heap      ] GC(252584) CMS: 789380K->796004K(1966080K)
[1367793.375s][info][gc,metaspace ] GC(252584) Metaspace: 95515K(98212K)->95515K(98212K) NonClass: 86277K(88004K)->86277K(88004K) Class: 9238K(10208K)->9238K(10208K)
[1367793.375s][info][gc           ] GC(252584) Pause Young (Allocation Failure) 880M->780M(2035M) 5.390ms
[1367793.376s][info][gc,cpu       ] GC(252584) User=0.14s Sys=0.00s Real=0.02s
[1367799.590s][info][gc,start     ] GC(252585) Pause Young (Allocation Failure)
[1367799.590s][info][gc,task      ] GC(252585) Using 9 workers of 9 for evacuation
[1367799.595s][info][gc,heap      ] GC(252585) ParNew: 108544K->2085K(118016K)
[1367799.595s][info][gc,heap      ] GC(252585) CMS: 796004K->796004K(1966080K)
[1367799.595s][info][gc,metaspace ] GC(252585) Metaspace: 95515K(98212K)->95515K(98212K) NonClass: 86277K(88004K)->86277K(88004K) Class: 9238K(10208K)->9238K(10208K)
[1367799.595s][info][gc           ] GC(252585) Pause Young (Allocation Failure) 883M->779M(2035M) 4.455ms
[1367799.595s][info][gc,cpu       ] GC(252585) User=0.02s Sys=0.00s Real=0.02s
[1367805.605s][info][gc,start     ] GC(252586) Pause Young (Allocation Failure)
[1367805.606s][info][gc,task      ] GC(252586) Using 9 workers of 9 for evacuation
[1367805.610s][info][gc,heap      ] GC(252586) ParNew: 107045K->9597K(118016K)
[1367805.610s][info][gc,heap      ] GC(252586) CMS: 796004K->796004K(1966080K)
[1367805.610s][info][gc,metaspace ] GC(252586) Metaspace: 95515K(98212K)->95515K(98212K) NonClass: 86277K(88004K)->86277K(88004K) Class: 9238K(10208K)->9238K(10208K)
[1367805.610s][info][gc           ] GC(252586) Pause Young (Allocation Failure) 881M->786M(2035M) 4.390ms
[1367805.610s][info][gc,cpu       ] GC(252586) User=0.00s Sys=0.00s Real=0.00s
[1367809.828s][info][gc,start     ] GC(252587) Pause Young (Allocation Failure)
[1367809.828s][info][gc,task      ] GC(252587) Using 9 workers of 9 for evacuation
[1367809.833s][info][gc,heap      ] GC(252587) ParNew: 114557K->10221K(118016K)
[1367809.833s][info][gc,heap      ] GC(252587) CMS: 796004K->796242K(1966080K)
[1367809.833s][info][gc,metaspace ] GC(252587) Metaspace: 95515K(98212K)->95515K(98212K) NonClass: 86277K(88004K)->86277K(88004K) Class: 9238K(10208K)->9238K(10208K)
[1367809.833s][info][gc           ] GC(252587) Pause Young (Allocation Failure) 889M->787M(2035M) 4.863ms
[1367809.833s][info][gc,cpu       ] GC(252587) User=0.00s Sys=0.00s Real=0.00s
[1367814.204s][info][gc,start     ] GC(252588) Pause Young (Allocation Failure)
[1367814.205s][info][gc,task      ] GC(252588) Using 9 workers of 9 for evacuation
[1367814.210s][info][gc,heap      ] GC(252588) ParNew: 115181K->3614K(118016K)
[1367814.210s][info][gc,heap      ] GC(252588) CMS: 796242K->804695K(1966080K)
[1367814.210s][info][gc,metaspace ] GC(252588) Metaspace: 95515K(98212K)->95515K(98212K) NonClass: 86277K(88004K)->86277K(88004K) Class: 9238K(10208K)->9238K(10208K)
[1367814.210s][info][gc           ] GC(252588) Pause Young (Allocation Failure) 890M->789M(2035M) 5.696ms
[1367814.210s][info][gc,cpu       ] GC(252588) User=0.00s Sys=0.00s Real=0.00s
[1367820.100s][info][gc,start     ] GC(252589) Pause Young (Allocation Failure)
[1367820.100s][info][gc,task      ] GC(252589) Using 9 workers of 9 for evacuation
[1367820.104s][info][gc,heap      ] GC(252589) ParNew: 108296K->3639K(118016K)
[1367820.104s][info][gc,heap      ] GC(252589) CMS: 804695K->804695K(1966080K)
[1367820.104s][info][gc,metaspace ] GC(252589) Metaspace: 95515K(98212K)->95515K(98212K) NonClass: 86277K(88004K)->86277K(88004K) Class: 9238K(10208K)->9238K(10208K)
[1367820.104s][info][gc           ] GC(252589) Pause Young (Allocation Failure) 891M->789M(2035M) 4.281ms
[1367820.104s][info][gc,cpu       ] GC(252589) User=0.14s Sys=0.00s Real=0.02s
[1367824.195s][info][gc,start     ] GC(252590) Pause Young (Allocation Failure)
[1367824.195s][info][gc,task      ] GC(252590) Using 9 workers of 9 for evacuation
[1367824.199s][info][gc,heap      ] GC(252590) ParNew: 108599K->9758K(118016K)
[1367824.200s][info][gc,heap      ] GC(252590) CMS: 804695K->804695K(1966080K)
[1367824.200s][info][gc,metaspace ] GC(252590) Metaspace: 95515K(98212K)->95515K(98212K) NonClass: 86277K(88004K)->86277K(88004K) Class: 9238K(10208K)->9238K(10208K)
[1367824.200s][info][gc           ] GC(252590) Pause Young (Allocation Failure) 891M->795M(2035M) 4.609ms
[1367824.200s][info][gc,cpu       ] GC(252590) User=0.13s Sys=0.00s Real=0.02s
[1367830.080s][info][gc,start     ] GC(252591) Pause Young (Allocation Failure)
[1367830.080s][info][gc,task      ] GC(252591) Using 9 workers of 9 for evacuation
[1367830.084s][info][gc,heap      ] GC(252591) ParNew: 114552K->3264K(118016K)
[1367830.084s][info][gc,heap      ] GC(252591) CMS: 804695K->805054K(1966080K)
[1367830.084s][info][gc,metaspace ] GC(252591) Metaspace: 95515K(98212K)->95515K(98212K) NonClass: 86277K(88004K)->86277K(88004K) Class: 9238K(10208K)->9238K(10208K)
[1367830.084s][info][gc           ] GC(252591) Pause Young (Allocation Failure) 897M->789M(2035M) 4.428ms
[1367830.084s][info][gc,cpu       ] GC(252591) User=0.00s Sys=0.00s Real=0.00s
[1367833.535s][info][gc,start     ] GC(252592) Pause Young (Allocation Failure)
[1367833.535s][info][gc,task      ] GC(252592) Using 9 workers of 9 for evacuation
[1367833.539s][info][gc,heap      ] GC(252592) ParNew: 108224K->9478K(118016K)
[1367833.540s][info][gc,heap      ] GC(252592) CMS: 805054K->805054K(1966080K)
[1367833.540s][info][gc,metaspace ] GC(252592) Metaspace: 95515K(98212K)->95515K(98212K) NonClass: 86277K(88004K)->86277K(88004K) Class: 9238K(10208K)->9238K(10208K)
[1367833.540s][info][gc           ] GC(252592) Pause Young (Allocation Failure) 891M->795M(2035M) 4.478ms
[1367833.540s][info][gc,cpu       ] GC(252592) User=0.00s Sys=0.00s Real=0.00s
[1367837.447s][info][gc,start     ] GC(252593) Pause Young (Allocation Failure)
[1367837.447s][info][gc,task      ] GC(252593) Using 9 workers of 9 for evacuation
[1367837.451s][info][gc,heap      ] GC(252593) ParNew: 114438K->2349K(118016K)
[1367837.451s][info][gc,heap      ] GC(252593) CMS: 805054K->805135K(1966080K)
[1367837.451s][info][gc,metaspace ] GC(252593) Metaspace: 95515K(98212K)->95515K(98212K) NonClass: 86277K(88004K)->86277K(88004K) Class: 9238K(10208K)->9238K(10208K)
[1367837.451s][info][gc           ] GC(252593) Pause Young (Allocation Failure) 897M->788M(2035M) 4.064ms
[1367837.451s][info][gc,cpu       ] GC(252593) User=0.00s Sys=0.00s Real=0.00s
[1367840.303s][info][gc,start     ] GC(252594) Pause Young (Allocation Failure)
[1367840.303s][info][gc,task      ] GC(252594) Using 9 workers of 9 for evacuation
[1367840.308s][info][gc,heap      ] GC(252594) ParNew: 107309K->2036K(118016K)
[1367840.308s][info][gc,heap      ] GC(252594) CMS: 805135K->805135K(1966080K)
[1367840.308s][info][gc,metaspace ] GC(252594) Metaspace: 95515K(98212K)->95515K(98212K) NonClass: 86277K(88004K)->86277K(88004K) Class: 9238K(10208K)->9238K(10208K)
[1367840.308s][info][gc           ] GC(252594) Pause Young (Allocation Failure) 891M->788M(2035M) 4.644ms
[1367840.308s][info][gc,cpu       ] GC(252594) User=0.14s Sys=0.00s Real=0.02s
[1367845.085s][info][gc,start     ] GC(252595) Pause Young (Allocation Failure)
[1367845.085s][info][gc,task      ] GC(252595) Using 9 workers of 9 for evacuation
[1367845.089s][info][gc,heap      ] GC(252595) ParNew: 106996K->9389K(118016K)
[1367845.089s][info][gc,heap      ] GC(252595) CMS: 805135K->805135K(1966080K)
[1367845.089s][info][gc,metaspace ] GC(252595) Metaspace: 95515K(98212K)->95515K(98212K) NonClass: 86277K(88004K)->86277K(88004K) Class: 9238K(10208K)->9238K(10208K)
[1367845.089s][info][gc           ] GC(252595) Pause Young (Allocation Failure) 890M->795M(2035M) 4.377ms
[1367845.089s][info][gc,cpu       ] GC(252595) User=0.00s Sys=0.02s Real=0.02s
[1367850.231s][info][gc,start     ] GC(252596) Pause Young (Allocation Failure)
[1367850.231s][info][gc,task      ] GC(252596) Using 9 workers of 9 for evacuation
[1367850.236s][info][gc,heap      ] GC(252596) ParNew: 114349K->1920K(118016K)
[1367850.236s][info][gc,heap      ] GC(252596) CMS: 805135K->805341K(1966080K)
[1367850.236s][info][gc,metaspace ] GC(252596) Metaspace: 95515K(98212K)->95515K(98212K) NonClass: 86277K(88004K)->86277K(88004K) Class: 9238K(10208K)->9238K(10208K)
[1367850.236s][info][gc           ] GC(252596) Pause Young (Allocation Failure) 897M->788M(2035M) 4.732ms
[1367850.236s][info][gc,cpu       ] GC(252596) User=0.00s Sys=0.00s Real=0.00s
[1367853.961s][info][gc,start     ] GC(252597) Pause Young (Allocation Failure)
[1367853.961s][info][gc,task      ] GC(252597) Using 9 workers of 9 for evacuation
[1367853.966s][info][gc,heap      ] GC(252597) ParNew: 106880K->9368K(118016K)
[1367853.966s][info][gc,heap      ] GC(252597) CMS: 805341K->805341K(1966080K)
[1367853.966s][info][gc,metaspace ] GC(252597) Metaspace: 95515K(98212K)->95515K(98212K) NonClass: 86277K(88004K)->86277K(88004K) Class: 9238K(10208K)->9238K(10208K)
[1367853.966s][info][gc           ] GC(252597) Pause Young (Allocation Failure) 890M->795M(2035M) 4.933ms
[1367853.966s][info][gc,cpu       ] GC(252597) User=0.14s Sys=0.00s Real=0.02s
[1367860.418s][info][gc,start     ] GC(252598) Pause Young (Allocation Failure)
[1367860.418s][info][gc,task      ] GC(252598) Using 9 workers of 9 for evacuation
[1367860.423s][info][gc,heap      ] GC(252598) ParNew: 114328K->1787K(118016K)
[1367860.423s][info][gc,heap      ] GC(252598) CMS: 805341K->805460K(1966080K)
[1367860.423s][info][gc,metaspace ] GC(252598) Metaspace: 95515K(98212K)->95515K(98212K) NonClass: 86277K(88004K)->86277K(88004K) Class: 9238K(10208K)->9238K(10208K)
[1367860.423s][info][gc           ] GC(252598) Pause Young (Allocation Failure) 898M->788M(2035M) 4.750ms
[1367860.423s][info][gc,cpu       ] GC(252598) User=0.00s Sys=0.00s Real=0.00s
[1367864.810s][info][gc,start     ] GC(252599) Pause Young (Allocation Failure)
[1367864.810s][info][gc,task      ] GC(252599) Using 9 workers of 9 for evacuation
[1367864.814s][info][gc,heap      ] GC(252599) ParNew: 106747K->9426K(118016K)
[1367864.814s][info][gc,heap      ] GC(252599) CMS: 805460K->805460K(1966080K)
[1367864.814s][info][gc,metaspace ] GC(252599) Metaspace: 95515K(98212K)->95515K(98212K) NonClass: 86277K(88004K)->86277K(88004K) Class: 9238K(10208K)->9238K(10208K)
[1367864.814s][info][gc           ] GC(252599) Pause Young (Allocation Failure) 890M->795M(2035M) 4.612ms
[1367864.814s][info][gc,cpu       ] GC(252599) User=0.14s Sys=0.00s Real=0.01s
[1367869.643s][info][gc,start     ] GC(252600) Pause Young (Allocation Failure)
[1367869.643s][info][gc,task      ] GC(252600) Using 9 workers of 9 for evacuation
[1367869.647s][info][gc,heap      ] GC(252600) ParNew: 114386K->1755K(118016K)
[1367869.647s][info][gc,heap      ] GC(252600) CMS: 805460K->805646K(1966080K)
[1367869.647s][info][gc,metaspace ] GC(252600) Metaspace: 95515K(98212K)->95515K(98212K) NonClass: 86277K(88004K)->86277K(88004K) Class: 9238K(10208K)->9238K(10208K)
[1367869.647s][info][gc           ] GC(252600) Pause Young (Allocation Failure) 898M->788M(2035M) 3.945ms
[1367869.647s][info][gc,cpu       ] GC(252600) User=0.00s Sys=0.02s Real=0.02s
[1367873.662s][info][gc,start     ] GC(252601) Pause Young (Allocation Failure)
[1367873.663s][info][gc,task      ] GC(252601) Using 9 workers of 9 for evacuation
[1367873.667s][info][gc,heap      ] GC(252601) ParNew: 106715K->9481K(118016K)
[1367873.667s][info][gc,heap      ] GC(252601) CMS: 805646K->805646K(1966080K)
[1367873.667s][info][gc,metaspace ] GC(252601) Metaspace: 95515K(98212K)->95515K(98212K) NonClass: 86277K(88004K)->86277K(88004K) Class: 9238K(10208K)->9238K(10208K)
[1367873.668s][info][gc           ] GC(252601) Pause Young (Allocation Failure) 890M->796M(2035M) 5.099ms
[1367873.668s][info][gc,cpu       ] GC(252601) User=0.02s Sys=0.03s Real=0.02s
[1367880.047s][info][gc,start     ] GC(252602) Pause Young (Allocation Failure)
[1367880.047s][info][gc,task      ] GC(252602) Using 9 workers of 9 for evacuation
[1367880.052s][info][gc,heap      ] GC(252602) ParNew: 114441K->10151K(118016K)
[1367880.053s][info][gc,heap      ] GC(252602) CMS: 805646K->805810K(1966080K)
[1367880.053s][info][gc,metaspace ] GC(252602) Metaspace: 95515K(98212K)->95515K(98212K) NonClass: 86277K(88004K)->86277K(88004K) Class: 9238K(10208K)->9238K(10208K)
[1367880.053s][info][gc           ] GC(252602) Pause Young (Allocation Failure) 898M->796M(2035M) 5.535ms
[1367880.053s][info][gc,cpu       ] GC(252602) User=0.00s Sys=0.00s Real=0.00s
[1367885.369s][info][gc,start     ] GC(252603) Pause Young (Allocation Failure)
[1367885.369s][info][gc,task      ] GC(252603) Using 9 workers of 9 for evacuation
[1367885.374s][info][gc,heap      ] GC(252603) ParNew: 115111K->3138K(118016K)
[1367885.374s][info][gc,heap      ] GC(252603) CMS: 805810K->814514K(1966080K)
[1367885.374s][info][gc,metaspace ] GC(252603) Metaspace: 95515K(98212K)->95515K(98212K) NonClass: 86277K(88004K)->86277K(88004K) Class: 9238K(10208K)->9238K(10208K)
[1367885.374s][info][gc           ] GC(252603) Pause Young (Allocation Failure) 899M->798M(2035M) 5.419ms
[1367885.374s][info][gc,cpu       ] GC(252603) User=0.00s Sys=0.00s Real=0.00s
[1367890.839s][info][gc,start     ] GC(252604) Pause Young (Allocation Failure)
[1367890.839s][info][gc,task      ] GC(252604) Using 9 workers of 9 for evacuation
[1367890.843s][info][gc,heap      ] GC(252604) ParNew: 108098K->9593K(118016K)
[1367890.843s][info][gc,heap      ] GC(252604) CMS: 814514K->814514K(1966080K)
[1367890.843s][info][gc,metaspace ] GC(252604) Metaspace: 95515K(98212K)->95515K(98212K) NonClass: 86277K(88004K)->86277K(88004K) Class: 9238K(10208K)->9238K(10208K)
[1367890.844s][info][gc           ] GC(252604) Pause Young (Allocation Failure) 900M->804M(2035M) 4.596ms
[1367890.844s][info][gc,cpu       ] GC(252604) User=0.00s Sys=0.00s Real=0.00s
[1367896.387s][info][gc,start     ] GC(252605) Pause Young (Allocation Failure)
[1367896.388s][info][gc,task      ] GC(252605) Using 9 workers of 9 for evacuation
[1367896.392s][info][gc,heap      ] GC(252605) ParNew: 114553K->2350K(118016K)
[1367896.392s][info][gc,heap      ] GC(252605) CMS: 814514K->819461K(1966080K)
[1367896.392s][info][gc,metaspace ] GC(252605) Metaspace: 95515K(98212K)->95515K(98212K) NonClass: 86277K(88004K)->86277K(88004K) Class: 9238K(10208K)->9238K(10208K)
[1367896.392s][info][gc           ] GC(252605) Pause Young (Allocation Failure) 907M->802M(2035M) 5.055ms
[1367896.393s][info][gc,cpu       ] GC(252605) User=0.00s Sys=0.00s Real=0.00s
[1367900.819s][info][gc,start     ] GC(252606) Pause Young (Allocation Failure)
[1367900.819s][info][gc,task      ] GC(252606) Using 9 workers of 9 for evacuation
[1367900.823s][info][gc,heap      ] GC(252606) ParNew: 107310K->9418K(118016K)
[1367900.823s][info][gc,heap      ] GC(252606) CMS: 819461K->819461K(1966080K)
[1367900.823s][info][gc,metaspace ] GC(252606) Metaspace: 95515K(98212K)->95515K(98212K) NonClass: 86277K(88004K)->86277K(88004K) Class: 9238K(10208K)->9238K(10208K)
[1367900.824s][info][gc           ] GC(252606) Pause Young (Allocation Failure) 905M->809M(2035M) 4.757ms
[1367900.824s][info][gc,cpu       ] GC(252606) User=0.14s Sys=0.00s Real=0.02s
[1367905.340s][info][gc,start     ] GC(252607) Pause Young (Allocation Failure)
[1367905.340s][info][gc,task      ] GC(252607) Using 9 workers of 9 for evacuation
[1367905.345s][info][gc,heap      ] GC(252607) ParNew: 114378K->1974K(118016K)
[1367905.345s][info][gc,heap      ] GC(252607) CMS: 819461K->828272K(1966080K)
[1367905.345s][info][gc,metaspace ] GC(252607) Metaspace: 95515K(98212K)->95515K(98212K) NonClass: 86277K(88004K)->86277K(88004K) Class: 9238K(10208K)->9238K(10208K)
[1367905.345s][info][gc           ] GC(252607) Pause Young (Allocation Failure) 911M->810M(2035M) 4.890ms
[1367905.345s][info][gc,cpu       ] GC(252607) User=0.00s Sys=0.00s Real=0.00s
[1367909.303s][info][gc,start     ] GC(252608) Pause Young (Allocation Failure)
[1367909.303s][info][gc,task      ] GC(252608) Using 9 workers of 9 for evacuation
[1367909.307s][info][gc,heap      ] GC(252608) ParNew: 106934K->9354K(118016K)
[1367909.307s][info][gc,heap      ] GC(252608) CMS: 828272K->828272K(1966080K)
[1367909.307s][info][gc,metaspace ] GC(252608) Metaspace: 95515K(98212K)->95515K(98212K) NonClass: 86277K(88004K)->86277K(88004K) Class: 9238K(10208K)->9238K(10208K)
[1367909.307s][info][gc           ] GC(252608) Pause Young (Allocation Failure) 913M->817M(2035M) 4.450ms
[1367909.307s][info][gc,cpu       ] GC(252608) User=0.14s Sys=0.00s Real=0.02s
[1367914.210s][info][gc,start     ] GC(252609) Pause Young (Allocation Failure)
[1367914.210s][info][gc,task      ] GC(252609) Using 9 workers of 9 for evacuation
[1367914.216s][info][gc,heap      ] GC(252609) ParNew: 114314K->1929K(118016K)
[1367914.216s][info][gc,heap      ] GC(252609) CMS: 828272K->837061K(1966080K)
[1367914.216s][info][gc,metaspace ] GC(252609) Metaspace: 95515K(98212K)->95515K(98212K) NonClass: 86277K(88004K)->86277K(88004K) Class: 9238K(10208K)->9238K(10208K)
[1367914.216s][info][gc           ] GC(252609) Pause Young (Allocation Failure) 920M->819M(2035M) 5.741ms
[1367914.216s][info][gc,cpu       ] GC(252609) User=0.14s Sys=0.00s Real=0.02s
[1367918.042s][info][gc,start     ] GC(252610) Pause Young (Allocation Failure)
[1367918.042s][info][gc,task      ] GC(252610) Using 9 workers of 9 for evacuation
[1367918.047s][info][gc,heap      ] GC(252610) ParNew: 106889K->9324K(118016K)
[1367918.047s][info][gc,heap      ] GC(252610) CMS: 837061K->837061K(1966080K)
[1367918.047s][info][gc,metaspace ] GC(252610) Metaspace: 95515K(98212K)->95515K(98212K) NonClass: 86277K(88004K)->86277K(88004K) Class: 9238K(10208K)->9238K(10208K)
[1367918.047s][info][gc           ] GC(252610) Pause Young (Allocation Failure) 921M->826M(2035M) 5.208ms
[1367918.047s][info][gc,cpu       ] GC(252610) User=0.05s Sys=0.00s Real=0.02s
[1367923.157s][info][gc,start     ] GC(252611) Pause Young (Allocation Failure)
[1367923.157s][info][gc,task      ] GC(252611) Using 9 workers of 9 for evacuation
[1367923.162s][info][gc,heap      ] GC(252611) ParNew: 114284K->1776K(118016K)
[1367923.162s][info][gc,heap      ] GC(252611) CMS: 837061K->845845K(1966080K)
[1367923.162s][info][gc,metaspace ] GC(252611) Metaspace: 95515K(98212K)->95515K(98212K) NonClass: 86277K(88004K)->86277K(88004K) Class: 9238K(10208K)->9238K(10208K)
[1367923.162s][info][gc           ] GC(252611) Pause Young (Allocation Failure) 929M->827M(2035M) 5.182ms
[1367923.162s][info][gc,cpu       ] GC(252611) User=0.03s Sys=0.02s Real=0.02s
[1367928.916s][info][gc,start     ] GC(252612) Pause Young (Allocation Failure)
[1367928.916s][info][gc,task      ] GC(252612) Using 9 workers of 9 for evacuation
[1367928.920s][info][gc,heap      ] GC(252612) ParNew: 106735K->9358K(118016K)
[1367928.920s][info][gc,heap      ] GC(252612) CMS: 845845K->845845K(1966080K)
[1367928.920s][info][gc,metaspace ] GC(252612) Metaspace: 95515K(98212K)->95515K(98212K) NonClass: 86277K(88004K)->86277K(88004K) Class: 9238K(10208K)->9238K(10208K)
[1367928.920s][info][gc           ] GC(252612) Pause Young (Allocation Failure) 930M->835M(2035M) 4.272ms
[1367928.920s][info][gc,cpu       ] GC(252612) User=0.00s Sys=0.02s Real=0.02s
[1367934.197s][info][gc,start     ] GC(252613) Pause Young (Allocation Failure)
[1367934.197s][info][gc,task      ] GC(252613) Using 9 workers of 9 for evacuation
[1367934.203s][info][gc,heap      ] GC(252613) ParNew: 114318K->1854K(118016K)
[1367934.203s][info][gc,heap      ] GC(252613) CMS: 845845K->854687K(1966080K)
[1367934.203s][info][gc,metaspace ] GC(252613) Metaspace: 95515K(98212K)->95515K(98212K) NonClass: 86277K(88004K)->86277K(88004K) Class: 9238K(10208K)->9238K(10208K)
[1367934.203s][info][gc           ] GC(252613) Pause Young (Allocation Failure) 937M->836M(2035M) 5.803ms
[1367934.203s][info][gc,cpu       ] GC(252613) User=0.00s Sys=0.00s Real=0.00s
[1367938.625s][info][gc,start     ] GC(252614) Pause Young (Allocation Failure)
[1367938.625s][info][gc,task      ] GC(252614) Using 9 workers of 9 for evacuation
[1367938.630s][info][gc,heap      ] GC(252614) ParNew: 106809K->9505K(118016K)
[1367938.630s][info][gc,heap      ] GC(252614) CMS: 854687K->854687K(1966080K)
[1367938.630s][info][gc,metaspace ] GC(252614) Metaspace: 95515K(98212K)->95515K(98212K) NonClass: 86277K(88004K)->86277K(88004K) Class: 9238K(10208K)->9238K(10208K)
[1367938.630s][info][gc           ] GC(252614) Pause Young (Allocation Failure) 938M->843M(2035M) 4.669ms
[1367938.630s][info][gc,cpu       ] GC(252614) User=0.03s Sys=0.00s Real=0.02s
[1367945.408s][info][gc,start     ] GC(252615) Pause Young (Allocation Failure)
[1367945.408s][info][gc,task      ] GC(252615) Using 9 workers of 9 for evacuation
[1367945.413s][info][gc,heap      ] GC(252615) ParNew: 114465K->1835K(118016K)
[1367945.413s][info][gc,heap      ] GC(252615) CMS: 854687K->863581K(1966080K)
[1367945.413s][info][gc,metaspace ] GC(252615) Metaspace: 95515K(98212K)->95515K(98212K) NonClass: 86277K(88004K)->86277K(88004K) Class: 9238K(10208K)->9238K(10208K)
[1367945.413s][info][gc           ] GC(252615) Pause Young (Allocation Failure) 946M->845M(2035M) 5.532ms
[1367945.413s][info][gc,cpu       ] GC(252615) User=0.00s Sys=0.00s Real=0.00s
[1367949.645s][info][gc,start     ] GC(252616) Pause Young (Allocation Failure)
[1367949.645s][info][gc,task      ] GC(252616) Using 9 workers of 9 for evacuation
[1367949.650s][info][gc,heap      ] GC(252616) ParNew: 106795K->9298K(118016K)
[1367949.650s][info][gc,heap      ] GC(252616) CMS: 863581K->863581K(1966080K)
[1367949.650s][info][gc,metaspace ] GC(252616) Metaspace: 95515K(98212K)->95515K(98212K) NonClass: 86277K(88004K)->86277K(88004K) Class: 9238K(10208K)->9238K(10208K)
[1367949.650s][info][gc           ] GC(252616) Pause Young (Allocation Failure) 947M->852M(2035M) 4.835ms
[1367949.650s][info][gc,cpu       ] GC(252616) User=0.00s Sys=0.00s Real=0.00s
[1367955.765s][info][gc,start     ] GC(252617) Pause Young (Allocation Failure)
[1367955.765s][info][gc,task      ] GC(252617) Using 9 workers of 9 for evacuation
[1367955.770s][info][gc,heap      ] GC(252617) ParNew: 114258K->1706K(118016K)
[1367955.770s][info][gc,heap      ] GC(252617) CMS: 863581K->872390K(1966080K)
[1367955.770s][info][gc,metaspace ] GC(252617) Metaspace: 95515K(98212K)->95515K(98212K) NonClass: 86277K(88004K)->86277K(88004K) Class: 9238K(10208K)->9238K(10208K)
[1367955.770s][info][gc           ] GC(252617) Pause Young (Allocation Failure) 954M->853M(2035M) 5.110ms
[1367955.770s][info][gc,cpu       ] GC(252617) User=0.08s Sys=0.02s Real=0.02s
[1367960.086s][info][gc,start     ] GC(252618) Pause Young (Allocation Failure)
[1367960.086s][info][gc,task      ] GC(252618) Using 9 workers of 9 for evacuation
[1367960.090s][info][gc,heap      ] GC(252618) ParNew: 106666K->9283K(118016K)
[1367960.090s][info][gc,heap      ] GC(252618) CMS: 872390K->872390K(1966080K)
[1367960.090s][info][gc,metaspace ] GC(252618) Metaspace: 95515K(98212K)->95515K(98212K) NonClass: 86277K(88004K)->86277K(88004K) Class: 9238K(10208K)->9238K(10208K)
[1367960.090s][info][gc           ] GC(252618) Pause Young (Allocation Failure) 956M->861M(2035M) 4.360ms
[1367960.090s][info][gc,cpu       ] GC(252618) User=0.00s Sys=0.00s Real=0.00s
[1367966.494s][info][gc,start     ] GC(252619) Pause Young (Allocation Failure)
[1367966.494s][info][gc,task      ] GC(252619) Using 9 workers of 9 for evacuation
[1367966.499s][info][gc,heap      ] GC(252619) ParNew: 114243K->1774K(118016K)
[1367966.499s][info][gc,heap      ] GC(252619) CMS: 872390K->881217K(1966080K)
[1367966.499s][info][gc,metaspace ] GC(252619) Metaspace: 95515K(98212K)->95515K(98212K) NonClass: 86277K(88004K)->86277K(88004K) Class: 9238K(10208K)->9238K(10208K)
[1367966.499s][info][gc           ] GC(252619) Pause Young (Allocation Failure) 963M->862M(2035M) 5.352ms
[1367966.499s][info][gc,cpu       ] GC(252619) User=0.03s Sys=0.00s Real=0.02s
[1367970.445s][info][gc,start     ] GC(252620) Pause Young (Allocation Failure)
[1367970.445s][info][gc,task      ] GC(252620) Using 9 workers of 9 for evacuation
[1367970.449s][info][gc,heap      ] GC(252620) ParNew: 106734K->9301K(118016K)
[1367970.449s][info][gc,heap      ] GC(252620) CMS: 881217K->881217K(1966080K)
[1367970.449s][info][gc,metaspace ] GC(252620) Metaspace: 95515K(98212K)->95515K(98212K) NonClass: 86277K(88004K)->86277K(88004K) Class: 9238K(10208K)->9238K(10208K)
[1367970.449s][info][gc           ] GC(252620) Pause Young (Allocation Failure) 964M->869M(2035M) 4.625ms
[1367970.449s][info][gc,cpu       ] GC(252620) User=0.14s Sys=0.00s Real=0.02s
[1367976.771s][info][gc,start     ] GC(252621) Pause Young (Allocation Failure)
[1367976.771s][info][gc,task      ] GC(252621) Using 9 workers of 9 for evacuation
[1367976.776s][info][gc,heap      ] GC(252621) ParNew: 114261K->1723K(118016K)
[1367976.776s][info][gc,heap      ] GC(252621) CMS: 881217K->881364K(1966080K)
[1367976.776s][info][gc,metaspace ] GC(252621) Metaspace: 95515K(98212K)->95515K(98212K) NonClass: 86277K(88004K)->86277K(88004K) Class: 9238K(10208K)->9238K(10208K)
[1367976.776s][info][gc           ] GC(252621) Pause Young (Allocation Failure) 972M->862M(2035M) 4.576ms
[1367976.776s][info][gc,cpu       ] GC(252621) User=0.00s Sys=0.00s Real=0.00s
[1367981.558s][info][gc,start     ] GC(252622) Pause Young (Allocation Failure)
[1367981.558s][info][gc,task      ] GC(252622) Using 9 workers of 9 for evacuation
[1367981.563s][info][gc,heap      ] GC(252622) ParNew: 106683K->9383K(118016K)
[1367981.563s][info][gc,heap      ] GC(252622) CMS: 881364K->881364K(1966080K)
[1367981.563s][info][gc,metaspace ] GC(252622) Metaspace: 95515K(98212K)->95515K(98212K) NonClass: 86277K(88004K)->86277K(88004K) Class: 9238K(10208K)->9238K(10208K)
[1367981.563s][info][gc           ] GC(252622) Pause Young (Allocation Failure) 964M->869M(2035M) 4.687ms
[1367981.563s][info][gc,cpu       ] GC(252622) User=0.03s Sys=0.02s Real=0.02s
[1367986.197s][info][gc,start     ] GC(252623) Pause Young (Allocation Failure)
[1367986.197s][info][gc,task      ] GC(252623) Using 9 workers of 9 for evacuation
[1367986.202s][info][gc,heap      ] GC(252623) ParNew: 114343K->1696K(118016K)
[1367986.202s][info][gc,heap      ] GC(252623) CMS: 881364K->890153K(1966080K)
[1367986.202s][info][gc,metaspace ] GC(252623) Metaspace: 95515K(98212K)->95515K(98212K) NonClass: 86277K(88004K)->86277K(88004K) Class: 9238K(10208K)->9238K(10208K)
[1367986.202s][info][gc           ] GC(252623) Pause Young (Allocation Failure) 972M->870M(2035M) 4.873ms
[1367986.202s][info][gc,cpu       ] GC(252623) User=0.00s Sys=0.00s Real=0.00s
[1367990.008s][info][gc,start     ] GC(252624) Pause Young (Allocation Failure)
[1367990.008s][info][gc,task      ] GC(252624) Using 9 workers of 9 for evacuation
[1367990.013s][info][gc,heap      ] GC(252624) ParNew: 106656K->9328K(118016K)
[1367990.013s][info][gc,heap      ] GC(252624) CMS: 890153K->890153K(1966080K)
[1367990.013s][info][gc,metaspace ] GC(252624) Metaspace: 95515K(98212K)->95515K(98212K) NonClass: 86277K(88004K)->86277K(88004K) Class: 9238K(10208K)->9238K(10208K)
[1367990.013s][info][gc           ] GC(252624) Pause Young (Allocation Failure) 973M->878M(2035M) 4.491ms
[1367990.013s][info][gc,cpu       ] GC(252624) User=0.00s Sys=0.00s Real=0.00s
[1367994.790s][info][gc,start     ] GC(252625) Pause Young (Allocation Failure)
[1367994.791s][info][gc,task      ] GC(252625) Using 9 workers of 9 for evacuation
[1367994.796s][info][gc,heap      ] GC(252625) ParNew: 114288K->1630K(118016K)
[1367994.796s][info][gc,heap      ] GC(252625) CMS: 890153K->898929K(1966080K)
[1367994.796s][info][gc,metaspace ] GC(252625) Metaspace: 95515K(98212K)->95515K(98212K) NonClass: 86277K(88004K)->86277K(88004K) Class: 9238K(10208K)->9238K(10208K)
[1367994.796s][info][gc           ] GC(252625) Pause Young (Allocation Failure) 980M->879M(2035M) 5.303ms
[1367994.796s][info][gc,cpu       ] GC(252625) User=0.00s Sys=0.00s Real=0.00s
[1367999.908s][info][gc,start     ] GC(252626) Pause Young (Allocation Failure)
[1367999.908s][info][gc,task      ] GC(252626) Using 9 workers of 9 for evacuation
[1367999.912s][info][gc,heap      ] GC(252626) ParNew: 106590K->9312K(118016K)
[1367999.913s][info][gc,heap      ] GC(252626) CMS: 898929K->898929K(1966080K)
[1367999.913s][info][gc,metaspace ] GC(252626) Metaspace: 95515K(98212K)->95515K(98212K) NonClass: 86277K(88004K)->86277K(88004K) Class: 9238K(10208K)->9238K(10208K)
[1367999.913s][info][gc           ] GC(252626) Pause Young (Allocation Failure) 981M->886M(2035M) 4.543ms
[1367999.913s][info][gc,cpu       ] GC(252626) User=0.00s Sys=0.00s Real=0.00s
[1368008.135s][info][gc,start     ] GC(252627) Pause Young (Allocation Failure)
[1368008.135s][info][gc,task      ] GC(252627) Using 9 workers of 9 for evacuation
[1368008.139s][info][gc,heap      ] GC(252627) ParNew: 114272K->1545K(118016K)
[1368008.140s][info][gc,heap      ] GC(252627) CMS: 898929K->899086K(1966080K)
[1368008.140s][info][gc,metaspace ] GC(252627) Metaspace: 95515K(98212K)->95515K(98212K) NonClass: 86277K(88004K)->86277K(88004K) Class: 9238K(10208K)->9238K(10208K)
[1368008.140s][info][gc           ] GC(252627) Pause Young (Allocation Failure) 989M->879M(2035M) 4.346ms
[1368008.140s][info][gc,cpu       ] GC(252627) User=0.00s Sys=0.00s Real=0.00s
[1368012.103s][info][gc,start     ] GC(252628) Pause Young (Allocation Failure)
[1368012.103s][info][gc,task      ] GC(252628) Using 9 workers of 9 for evacuation
[1368012.107s][info][gc,heap      ] GC(252628) ParNew: 106505K->9259K(118016K)
[1368012.107s][info][gc,heap      ] GC(252628) CMS: 899086K->899086K(1966080K)
[1368012.107s][info][gc,metaspace ] GC(252628) Metaspace: 95515K(98212K)->95515K(98212K) NonClass: 86277K(88004K)->86277K(88004K) Class: 9238K(10208K)->9238K(10208K)
[1368012.107s][info][gc           ] GC(252628) Pause Young (Allocation Failure) 982M->887M(2035M) 4.396ms
[1368012.107s][info][gc,cpu       ] GC(252628) User=0.00s Sys=0.00s Real=0.00s
[1368018.149s][info][gc,start     ] GC(252629) Pause Young (Allocation Failure)
[1368018.149s][info][gc,task      ] GC(252629) Using 9 workers of 9 for evacuation
[1368018.153s][info][gc,heap      ] GC(252629) ParNew: 114219K->1708K(118016K)
[1368018.153s][info][gc,heap      ] GC(252629) CMS: 899086K->899154K(1966080K)
[1368018.153s][info][gc,metaspace ] GC(252629) Metaspace: 95515K(98212K)->95515K(98212K) NonClass: 86277K(88004K)->86277K(88004K) Class: 9238K(10208K)->9238K(10208K)
[1368018.153s][info][gc           ] GC(252629) Pause Young (Allocation Failure) 989M->879M(2035M) 4.277ms
[1368018.153s][info][gc,cpu       ] GC(252629) User=0.00s Sys=0.00s Real=0.00s
[1368024.359s][info][gc,start     ] GC(252630) Pause Young (Allocation Failure)
[1368024.359s][info][gc,task      ] GC(252630) Using 9 workers of 9 for evacuation
[1368024.363s][info][gc,heap      ] GC(252630) ParNew: 106668K->9387K(118016K)
[1368024.363s][info][gc,heap      ] GC(252630) CMS: 899154K->899154K(1966080K)
[1368024.363s][info][gc,metaspace ] GC(252630) Metaspace: 95515K(98212K)->95515K(98212K) NonClass: 86277K(88004K)->86277K(88004K) Class: 9238K(10208K)->9238K(10208K)
[1368024.364s][info][gc           ] GC(252630) Pause Young (Allocation Failure) 982M->887M(2035M) 4.517ms
[1368024.364s][info][gc,cpu       ] GC(252630) User=0.08s Sys=0.02s Real=0.02s
[1368030.331s][info][gc,start     ] GC(252631) Pause Young (Allocation Failure)
[1368030.331s][info][gc,task      ] GC(252631) Using 9 workers of 9 for evacuation
[1368030.336s][info][gc,heap      ] GC(252631) ParNew: 114347K->1720K(118016K)
[1368030.336s][info][gc,heap      ] GC(252631) CMS: 899154K->899314K(1966080K)
[1368030.336s][info][gc,metaspace ] GC(252631) Metaspace: 95515K(98212K)->95515K(98212K) NonClass: 86277K(88004K)->86277K(88004K) Class: 9238K(10208K)->9238K(10208K)
[1368030.336s][info][gc           ] GC(252631) Pause Young (Allocation Failure) 989M->879M(2035M) 4.892ms
[1368030.336s][info][gc,cpu       ] GC(252631) User=0.00s Sys=0.00s Real=0.00s
[1368034.863s][info][gc,start     ] GC(252632) Pause Young (Allocation Failure)
[1368034.864s][info][gc,task      ] GC(252632) Using 9 workers of 9 for evacuation
[1368034.868s][info][gc,heap      ] GC(252632) ParNew: 106680K->9292K(118016K)
[1368034.868s][info][gc,heap      ] GC(252632) CMS: 899314K->899314K(1966080K)
[1368034.868s][info][gc,metaspace ] GC(252632) Metaspace: 95515K(98212K)->95515K(98212K) NonClass: 86277K(88004K)->86277K(88004K) Class: 9238K(10208K)->9238K(10208K)
[1368034.868s][info][gc           ] GC(252632) Pause Young (Allocation Failure) 982M->887M(2035M) 4.237ms
[1368034.868s][info][gc,cpu       ] GC(252632) User=0.00s Sys=0.00s Real=0.00s
[1368040.699s][info][gc,start     ] GC(252633) Pause Young (Allocation Failure)
[1368040.699s][info][gc,task      ] GC(252633) Using 9 workers of 9 for evacuation
[1368040.703s][info][gc,heap      ] GC(252633) ParNew: 114196K->8606K(118016K)
[1368040.703s][info][gc,heap      ] GC(252633) CMS: 899314K->899432K(1966080K)
[1368040.703s][info][gc,metaspace ] GC(252633) Metaspace: 95515K(98212K)->95515K(98212K) NonClass: 86277K(88004K)->86277K(88004K) Class: 9238K(10208K)->9238K(10208K)
[1368040.703s][info][gc           ] GC(252633) Pause Young (Allocation Failure) 989M->886M(2035M) 4.596ms
[1368040.703s][info][gc,cpu       ] GC(252633) User=0.00s Sys=0.00s Real=0.00s
[1368045.993s][info][gc,start     ] GC(252634) Pause Young (Allocation Failure)
[1368045.993s][info][gc,task      ] GC(252634) Using 9 workers of 9 for evacuation
[1368045.999s][info][gc,heap      ] GC(252634) ParNew: 113566K->3969K(118016K)
[1368045.999s][info][gc,heap      ] GC(252634) CMS: 899432K->906674K(1966080K)
[1368045.999s][info][gc,metaspace ] GC(252634) Metaspace: 95515K(98212K)->95515K(98212K) NonClass: 86277K(88004K)->86277K(88004K) Class: 9238K(10208K)->9238K(10208K)
[1368045.999s][info][gc           ] GC(252634) Pause Young (Allocation Failure) 989M->889M(2035M) 5.616ms
[1368045.999s][info][gc,cpu       ] GC(252634) User=0.14s Sys=0.00s Real=0.01s
[1368051.064s][info][gc,start     ] GC(252635) Pause Young (Allocation Failure)
[1368051.064s][info][gc,task      ] GC(252635) Using 9 workers of 9 for evacuation
[1368051.069s][info][gc,heap      ] GC(252635) ParNew: 108809K->8946K(118016K)
[1368051.069s][info][gc,heap      ] GC(252635) CMS: 906674K->906674K(1966080K)
[1368051.069s][info][gc,metaspace ] GC(252635) Metaspace: 95515K(98212K)->95515K(98212K) NonClass: 86277K(88004K)->86277K(88004K) Class: 9238K(10208K)->9238K(10208K)
[1368051.069s][info][gc           ] GC(252635) Pause Young (Allocation Failure) 991M->894M(2035M) 4.551ms
[1368051.069s][info][gc,cpu       ] GC(252635) User=0.00s Sys=0.00s Real=0.00s
[1368056.068s][info][gc,start     ] GC(252636) Pause Young (Allocation Failure)
[1368056.068s][info][gc,task      ] GC(252636) Using 9 workers of 9 for evacuation
[1368056.073s][info][gc,heap      ] GC(252636) ParNew: 113906K->3878K(118016K)
[1368056.073s][info][gc,heap      ] GC(252636) CMS: 906674K->914596K(1966080K)
[1368056.073s][info][gc,metaspace ] GC(252636) Metaspace: 95515K(98212K)->95515K(98212K) NonClass: 86277K(88004K)->86277K(88004K) Class: 9238K(10208K)->9238K(10208K)
[1368056.073s][info][gc           ] GC(252636) Pause Young (Allocation Failure) 996M->896M(2035M) 5.403ms
[1368056.073s][info][gc,cpu       ] GC(252636) User=0.00s Sys=0.00s Real=0.00s
[1368060.756s][info][gc,start     ] GC(252637) Pause Young (Allocation Failure)
[1368060.756s][info][gc,task      ] GC(252637) Using 9 workers of 9 for evacuation
[1368060.760s][info][gc,heap      ] GC(252637) ParNew: 108838K->1117K(118016K)
[1368060.760s][info][gc,heap      ] GC(252637) CMS: 914596K->914596K(1966080K)
[1368060.760s][info][gc,metaspace ] GC(252637) Metaspace: 95515K(98212K)->95515K(98212K) NonClass: 86277K(88004K)->86277K(88004K) Class: 9238K(10208K)->9238K(10208K)
[1368060.760s][info][gc           ] GC(252637) Pause Young (Allocation Failure) 999M->894M(2035M) 4.737ms
[1368060.760s][info][gc,cpu       ] GC(252637) User=0.00s Sys=0.00s Real=0.00s
[1368065.236s][info][gc,start     ] GC(252638) Pause Young (Allocation Failure)
[1368065.236s][info][gc,task      ] GC(252638) Using 9 workers of 9 for evacuation
[1368065.240s][info][gc,heap      ] GC(252638) ParNew: 106077K->9328K(118016K)
[1368065.240s][info][gc,heap      ] GC(252638) CMS: 914596K->914596K(1966080K)
[1368065.240s][info][gc,metaspace ] GC(252638) Metaspace: 95515K(98212K)->95515K(98212K) NonClass: 86277K(88004K)->86277K(88004K) Class: 9238K(10208K)->9238K(10208K)
[1368065.240s][info][gc           ] GC(252638) Pause Young (Allocation Failure) 996M->902M(2035M) 4.454ms
[1368065.240s][info][gc,cpu       ] GC(252638) User=0.00s Sys=0.00s Real=0.00s
[1368071.231s][info][gc,start     ] GC(252639) Pause Young (Allocation Failure)
[1368071.231s][info][gc,task      ] GC(252639) Using 9 workers of 9 for evacuation
[1368071.236s][info][gc,heap      ] GC(252639) ParNew: 114288K->1535K(118016K)
[1368071.236s][info][gc,heap      ] GC(252639) CMS: 914596K->914826K(1966080K)
[1368071.236s][info][gc,metaspace ] GC(252639) Metaspace: 95515K(98212K)->95515K(98212K) NonClass: 86277K(88004K)->86277K(88004K) Class: 9238K(10208K)->9238K(10208K)
[1368071.236s][info][gc           ] GC(252639) Pause Young (Allocation Failure) 1004M->894M(2035M) 5.207ms
[1368071.236s][info][gc,cpu       ] GC(252639) User=0.14s Sys=0.00s Real=0.01s
[1368076.299s][info][gc,start     ] GC(252640) Pause Young (Allocation Failure)
[1368076.299s][info][gc,task      ] GC(252640) Using 9 workers of 9 for evacuation
[1368076.303s][info][gc,heap      ] GC(252640) ParNew: 106495K->9303K(118016K)
[1368076.303s][info][gc,heap      ] GC(252640) CMS: 914826K->914826K(1966080K)
[1368076.303s][info][gc,metaspace ] GC(252640) Metaspace: 95515K(98212K)->95515K(98212K) NonClass: 86277K(88004K)->86277K(88004K) Class: 9238K(10208K)->9238K(10208K)
[1368076.304s][info][gc           ] GC(252640) Pause Young (Allocation Failure) 997M->902M(2035M) 4.992ms
[1368076.304s][info][gc,cpu       ] GC(252640) User=0.00s Sys=0.00s Real=0.00s
[1368081.162s][info][gc,start     ] GC(252641) Pause Young (Allocation Failure)
[1368081.163s][info][gc,task      ] GC(252641) Using 9 workers of 9 for evacuation
[1368081.167s][info][gc,heap      ] GC(252641) ParNew: 114263K->9659K(118016K)
[1368081.167s][info][gc,heap      ] GC(252641) CMS: 914826K->914960K(1966080K)
[1368081.167s][info][gc,metaspace ] GC(252641) Metaspace: 95515K(98212K)->95515K(98212K) NonClass: 86277K(88004K)->86277K(88004K) Class: 9238K(10208K)->9238K(10208K)
[1368081.167s][info][gc           ] GC(252641) Pause Young (Allocation Failure) 1004M->902M(2035M) 4.445ms
[1368081.167s][info][gc,cpu       ] GC(252641) User=0.00s Sys=0.00s Real=0.00s
[1368088.019s][info][gc,start     ] GC(252642) Pause Young (Allocation Failure)
[1368088.019s][info][gc,task      ] GC(252642) Using 9 workers of 9 for evacuation
[1368088.023s][info][gc,heap      ] GC(252642) ParNew: 114619K->3085K(118016K)
[1368088.023s][info][gc,heap      ] GC(252642) CMS: 914960K->915043K(1966080K)
[1368088.023s][info][gc,metaspace ] GC(252642) Metaspace: 95515K(98212K)->95515K(98212K) NonClass: 86277K(88004K)->86277K(88004K) Class: 9238K(10208K)->9238K(10208K)
[1368088.023s][info][gc           ] GC(252642) Pause Young (Allocation Failure) 1005M->896M(2035M) 4.417ms
[1368088.024s][info][gc,cpu       ] GC(252642) User=0.00s Sys=0.00s Real=0.00s
[1368092.309s][info][gc,start     ] GC(252643) Pause Young (Allocation Failure)
[1368092.309s][info][gc,task      ] GC(252643) Using 9 workers of 9 for evacuation
[1368092.313s][info][gc,heap      ] GC(252643) ParNew: 108045K->9546K(118016K)
[1368092.313s][info][gc,heap      ] GC(252643) CMS: 915043K->915043K(1966080K)
[1368092.313s][info][gc,metaspace ] GC(252643) Metaspace: 95515K(98212K)->95515K(98212K) NonClass: 86277K(88004K)->86277K(88004K) Class: 9238K(10208K)->9238K(10208K)
[1368092.313s][info][gc           ] GC(252643) Pause Young (Allocation Failure) 999M->902M(2035M) 4.455ms
[1368092.313s][info][gc,cpu       ] GC(252643) User=0.00s Sys=0.00s Real=0.01s
[1368098.520s][info][gc,start     ] GC(252644) Pause Young (Allocation Failure)
[1368098.520s][info][gc,task      ] GC(252644) Using 9 workers of 9 for evacuation
[1368098.524s][info][gc,heap      ] GC(252644) ParNew: 114495K->2656K(118016K)
[1368098.524s][info][gc,heap      ] GC(252644) CMS: 915043K->915186K(1966080K)
[1368098.524s][info][gc,metaspace ] GC(252644) Metaspace: 95515K(98212K)->95515K(98212K) NonClass: 86277K(88004K)->86277K(88004K) Class: 9238K(10208K)->9238K(10208K)
[1368098.524s][info][gc           ] GC(252644) Pause Young (Allocation Failure) 1005M->896M(2035M) 4.091ms
[1368098.524s][info][gc,cpu       ] GC(252644) User=0.00s Sys=0.00s Real=0.00s
[1368103.381s][info][gc,start     ] GC(252645) Pause Young (Allocation Failure)
[1368103.381s][info][gc,task      ] GC(252645) Using 9 workers of 9 for evacuation
[1368103.385s][info][gc,heap      ] GC(252645) ParNew: 107616K->9457K(118016K)
[1368103.385s][info][gc,heap      ] GC(252645) CMS: 915186K->915186K(1966080K)
[1368103.385s][info][gc,metaspace ] GC(252645) Metaspace: 95515K(98212K)->95515K(98212K) NonClass: 86277K(88004K)->86277K(88004K) Class: 9238K(10208K)->9238K(10208K)
[1368103.386s][info][gc           ] GC(252645) Pause Young (Allocation Failure) 998M->902M(2035M) 4.452ms
[1368103.386s][info][gc,cpu       ] GC(252645) User=0.00s Sys=0.00s Real=0.01s
[1368107.441s][info][gc,start     ] GC(252646) Pause Young (Allocation Failure)
[1368107.442s][info][gc,task      ] GC(252646) Using 9 workers of 9 for evacuation
[1368107.446s][info][gc,heap      ] GC(252646) ParNew: 114417K->1920K(118016K)
[1368107.446s][info][gc,heap      ] GC(252646) CMS: 915186K->915340K(1966080K)
[1368107.446s][info][gc,metaspace ] GC(252646) Metaspace: 95515K(98212K)->95515K(98212K) NonClass: 86277K(88004K)->86277K(88004K) Class: 9238K(10208K)->9238K(10208K)
[1368107.446s][info][gc           ] GC(252646) Pause Young (Allocation Failure) 1005M->895M(2035M) 4.302ms
[1368107.446s][info][gc,cpu       ] GC(252646) User=0.00s Sys=0.00s Real=0.00s
[1368112.305s][info][gc,start     ] GC(252647) Pause Young (Allocation Failure)
[1368112.305s][info][gc,task      ] GC(252647) Using 9 workers of 9 for evacuation
[1368112.309s][info][gc,heap      ] GC(252647) ParNew: 106880K->9355K(118016K)
[1368112.309s][info][gc,heap      ] GC(252647) CMS: 915340K->915340K(1966080K)
[1368112.309s][info][gc,metaspace ] GC(252647) Metaspace: 95515K(98212K)->95515K(98212K) NonClass: 86277K(88004K)->86277K(88004K) Class: 9238K(10208K)->9238K(10208K)
[1368112.309s][info][gc           ] GC(252647) Pause Young (Allocation Failure) 998M->903M(2035M) 4.518ms
[1368112.309s][info][gc,cpu       ] GC(252647) User=0.00s Sys=0.00s Real=0.00s
[1368118.721s][info][gc,start     ] GC(252648) Pause Young (Allocation Failure)
[1368118.721s][info][gc,task      ] GC(252648) Using 9 workers of 9 for evacuation
[1368118.725s][info][gc,heap      ] GC(252648) ParNew: 114315K->1845K(118016K)
[1368118.725s][info][gc,heap      ] GC(252648) CMS: 915340K->915473K(1966080K)
[1368118.725s][info][gc,metaspace ] GC(252648) Metaspace: 95515K(98212K)->95515K(98212K) NonClass: 86277K(88004K)->86277K(88004K) Class: 9238K(10208K)->9238K(10208K)
[1368118.725s][info][gc           ] GC(252648) Pause Young (Allocation Failure) 1005M->895M(2035M) 4.137ms
[1368118.725s][info][gc,cpu       ] GC(252648) User=0.00s Sys=0.00s Real=0.00s
[1368125.485s][info][gc,start     ] GC(252649) Pause Young (Allocation Failure)
[1368125.485s][info][gc,task      ] GC(252649) Using 9 workers of 9 for evacuation
[1368125.490s][info][gc,heap      ] GC(252649) ParNew: 106805K->9305K(118016K)
[1368125.490s][info][gc,heap      ] GC(252649) CMS: 915473K->915473K(1966080K)
[1368125.490s][info][gc,metaspace ] GC(252649) Metaspace: 95515K(98212K)->95515K(98212K) NonClass: 86277K(88004K)->86277K(88004K) Class: 9238K(10208K)->9238K(10208K)
[1368125.490s][info][gc           ] GC(252649) Pause Young (Allocation Failure) 998M->903M(2035M) 5.088ms
[1368125.490s][info][gc,cpu       ] GC(252649) User=0.00s Sys=0.00s Real=0.00s
[1368129.803s][info][gc,start     ] GC(252650) Pause Young (Allocation Failure)
[1368129.804s][info][gc,task      ] GC(252650) Using 9 workers of 9 for evacuation
[1368129.808s][info][gc,heap      ] GC(252650) ParNew: 114260K->9916K(118016K)
[1368129.808s][info][gc,heap      ] GC(252650) CMS: 915473K->915563K(1966080K)
[1368129.808s][info][gc,metaspace ] GC(252650) Metaspace: 95515K(98212K)->95515K(98212K) NonClass: 86277K(88004K)->86277K(88004K) Class: 9238K(10208K)->9238K(10208K)
[1368129.808s][info][gc           ] GC(252650) Pause Young (Allocation Failure) 1005M->903M(2035M) 4.448ms
[1368129.808s][info][gc,cpu       ] GC(252650) User=0.00s Sys=0.00s Real=0.00s
[1368134.445s][info][gc,start     ] GC(252651) Pause Young (Allocation Failure)
[1368134.445s][info][gc,task      ] GC(252651) Using 9 workers of 9 for evacuation
[1368134.450s][info][gc,heap      ] GC(252651) ParNew: 114876K->3072K(118016K)
[1368134.450s][info][gc,heap      ] GC(252651) CMS: 915563K->924288K(1966080K)
[1368134.450s][info][gc,metaspace ] GC(252651) Metaspace: 95515K(98212K)->95515K(98212K) NonClass: 86277K(88004K)->86277K(88004K) Class: 9238K(10208K)->9238K(10208K)
[1368134.450s][info][gc           ] GC(252651) Pause Young (Allocation Failure) 1006M->905M(2035M) 5.437ms
[1368134.450s][info][gc,cpu       ] GC(252651) User=0.00s Sys=0.00s Real=0.00s
[1368139.126s][info][gc,start     ] GC(252652) Pause Young (Allocation Failure)
[1368139.126s][info][gc,task      ] GC(252652) Using 9 workers of 9 for evacuation
[1368139.130s][info][gc,heap      ] GC(252652) ParNew: 108032K->5871K(118016K)
[1368139.130s][info][gc,heap      ] GC(252652) CMS: 924288K->924288K(1966080K)
[1368139.130s][info][gc,metaspace ] GC(252652) Metaspace: 95515K(98212K)->95515K(98212K) NonClass: 86277K(88004K)->86277K(88004K) Class: 9238K(10208K)->9238K(10208K)
[1368139.130s][info][gc           ] GC(252652) Pause Young (Allocation Failure) 1008M->908M(2035M) 4.490ms
[1368139.131s][info][gc,cpu       ] GC(252652) User=0.02s Sys=0.02s Real=0.02s
[1368145.185s][info][gc,start     ] GC(252653) Pause Young (Allocation Failure)
[1368145.186s][info][gc,task      ] GC(252653) Using 9 workers of 9 for evacuation
[1368145.190s][info][gc,heap      ] GC(252653) ParNew: 110831K->9921K(118016K)
[1368145.190s][info][gc,heap      ] GC(252653) CMS: 924288K->924288K(1966080K)
[1368145.190s][info][gc,metaspace ] GC(252653) Metaspace: 95515K(98212K)->95515K(98212K) NonClass: 86277K(88004K)->86277K(88004K) Class: 9238K(10208K)->9238K(10208K)
[1368145.190s][info][gc           ] GC(252653) Pause Young (Allocation Failure) 1010M->912M(2035M) 4.496ms
[1368145.190s][info][gc,cpu       ] GC(252653) User=0.00s Sys=0.00s Real=0.00s
[1368149.969s][info][gc,start     ] GC(252654) Pause Young (Allocation Failure)
[1368149.969s][info][gc,task      ] GC(252654) Using 9 workers of 9 for evacuation
[1368149.973s][info][gc,heap      ] GC(252654) ParNew: 114288K->5649K(118016K)
[1368149.973s][info][gc,heap      ] GC(252654) CMS: 924288K->924518K(1966080K)
[1368149.974s][info][gc,metaspace ] GC(252654) Metaspace: 95515K(98212K)->95515K(98212K) NonClass: 86277K(88004K)->86277K(88004K) Class: 9238K(10208K)->9238K(10208K)
[1368149.974s][info][gc           ] GC(252654) Pause Young (Allocation Failure) 1014M->908M(2035M) 4.763ms
[1368149.974s][info][gc,cpu       ] GC(252654) User=0.02s Sys=0.00s Real=0.02s
[1368154.126s][info][gc,start     ] GC(252655) Pause Young (Allocation Failure)
[1368154.126s][info][gc,task      ] GC(252655) Using 9 workers of 9 for evacuation
[1368154.130s][info][gc,heap      ] GC(252655) ParNew: 110596K->9942K(118016K)
[1368154.130s][info][gc,heap      ] GC(252655) CMS: 924518K->924518K(1966080K)
[1368154.130s][info][gc,metaspace ] GC(252655) Metaspace: 95515K(98212K)->95515K(98212K) NonClass: 86277K(88004K)->86277K(88004K) Class: 9238K(10208K)->9238K(10208K)
[1368154.130s][info][gc           ] GC(252655) Pause Young (Allocation Failure) 1010M->912M(2035M) 4.395ms
[1368154.130s][info][gc,cpu       ] GC(252655) User=0.02s Sys=0.00s Real=0.02s
[1368160.653s][info][gc,start     ] GC(252656) Pause Young (Allocation Failure)
[1368160.653s][info][gc,task      ] GC(252656) Using 9 workers of 9 for evacuation
[1368160.657s][info][gc,heap      ] GC(252656) ParNew: 114902K->10901K(118016K)
[1368160.657s][info][gc,heap      ] GC(252656) CMS: 924518K->924731K(1966080K)
[1368160.657s][info][gc,metaspace ] GC(252656) Metaspace: 95515K(98212K)->95515K(98212K) NonClass: 86277K(88004K)->86277K(88004K) Class: 9238K(10208K)->9238K(10208K)
[1368160.657s][info][gc           ] GC(252656) Pause Young (Allocation Failure) 1015M->913M(2035M) 4.518ms
[1368160.657s][info][gc,cpu       ] GC(252656) User=0.00s Sys=0.00s Real=0.00s
[1368164.525s][info][gc,start     ] GC(252657) Pause Young (Allocation Failure)
[1368164.525s][info][gc,task      ] GC(252657) Using 9 workers of 9 for evacuation
[1368164.530s][info][gc,heap      ] GC(252657) ParNew: 115861K->4881K(118016K)
[1368164.530s][info][gc,heap      ] GC(252657) CMS: 924731K->933481K(1966080K)
[1368164.531s][info][gc,metaspace ] GC(252657) Metaspace: 95515K(98212K)->95515K(98212K) NonClass: 86277K(88004K)->86277K(88004K) Class: 9238K(10208K)->9238K(10208K)
[1368164.531s][info][gc           ] GC(252657) Pause Young (Allocation Failure) 1016M->916M(2035M) 5.518ms
[1368164.531s][info][gc,cpu       ] GC(252657) User=0.02s Sys=0.00s Real=0.02s
[1368171.960s][info][gc,start     ] GC(252658) Pause Young (Allocation Failure)
[1368171.960s][info][gc,task      ] GC(252658) Using 9 workers of 9 for evacuation
[1368171.964s][info][gc,heap      ] GC(252658) ParNew: 109841K->3333K(118016K)
[1368171.964s][info][gc,heap      ] GC(252658) CMS: 933481K->933481K(1966080K)
[1368171.964s][info][gc,metaspace ] GC(252658) Metaspace: 95515K(98212K)->95515K(98212K) NonClass: 86277K(88004K)->86277K(88004K) Class: 9238K(10208K)->9238K(10208K)
[1368171.964s][info][gc           ] GC(252658) Pause Young (Allocation Failure) 1018M->914M(2035M) 4.096ms
[1368171.964s][info][gc,cpu       ] GC(252658) User=0.00s Sys=0.00s Real=0.00s
[1368175.226s][info][gc,start     ] GC(252659) Pause Young (Allocation Failure)
[1368175.226s][info][gc,task      ] GC(252659) Using 9 workers of 9 for evacuation
[1368175.231s][info][gc,heap      ] GC(252659) ParNew: 108284K->9428K(118016K)
[1368175.231s][info][gc,heap      ] GC(252659) CMS: 933481K->933481K(1966080K)
[1368175.231s][info][gc,metaspace ] GC(252659) Metaspace: 95515K(98212K)->95515K(98212K) NonClass: 86277K(88004K)->86277K(88004K) Class: 9238K(10208K)->9238K(10208K)
[1368175.231s][info][gc           ] GC(252659) Pause Young (Allocation Failure) 1017M->920M(2035M) 4.602ms
[1368175.231s][info][gc,cpu       ] GC(252659) User=0.00s Sys=0.00s Real=0.00s
[1368179.822s][info][gc,start     ] GC(252660) Pause Young (Allocation Failure)
[1368179.822s][info][gc,task      ] GC(252660) Using 9 workers of 9 for evacuation
[1368179.827s][info][gc,heap      ] GC(252660) ParNew: 114388K->10317K(118016K)
[1368179.827s][info][gc,heap      ] GC(252660) CMS: 933481K->933717K(1966080K)
[1368179.827s][info][gc,metaspace ] GC(252660) Metaspace: 95515K(98212K)->95515K(98212K) NonClass: 86277K(88004K)->86277K(88004K) Class: 9238K(10208K)->9238K(10208K)
[1368179.827s][info][gc           ] GC(252660) Pause Young (Allocation Failure) 1023M->921M(2035M) 5.080ms
[1368179.827s][info][gc,cpu       ] GC(252660) User=0.00s Sys=0.00s Real=0.02s
[1368187.628s][info][gc,start     ] GC(252661) Pause Young (Allocation Failure)
[1368187.629s][info][gc,task      ] GC(252661) Using 9 workers of 9 for evacuation
[1368187.633s][info][gc,heap      ] GC(252661) ParNew: 115277K->10776K(118016K)
[1368187.633s][info][gc,heap      ] GC(252661) CMS: 933717K->933792K(1966080K)
[1368187.633s][info][gc,metaspace ] GC(252661) Metaspace: 95515K(98212K)->95515K(98212K) NonClass: 86277K(88004K)->86277K(88004K) Class: 9238K(10208K)->9238K(10208K)
[1368187.633s][info][gc           ] GC(252661) Pause Young (Allocation Failure) 1024M->922M(2035M) 4.814ms
[1368187.633s][info][gc,cpu       ] GC(252661) User=0.00s Sys=0.00s Real=0.00s
[1368192.364s][info][gc,start     ] GC(252662) Pause Young (Allocation Failure)
[1368192.364s][info][gc,task      ] GC(252662) Using 9 workers of 9 for evacuation
[1368192.370s][info][gc,heap      ] GC(252662) ParNew: 115736K->4669K(118016K)
[1368192.370s][info][gc,heap      ] GC(252662) CMS: 933792K->942509K(1966080K)
[1368192.370s][info][gc,metaspace ] GC(252662) Metaspace: 95515K(98212K)->95515K(98212K) NonClass: 86277K(88004K)->86277K(88004K) Class: 9238K(10208K)->9238K(10208K)
[1368192.370s][info][gc           ] GC(252662) Pause Young (Allocation Failure) 1024M->924M(2035M) 5.323ms
[1368192.370s][info][gc,cpu       ] GC(252662) User=0.00s Sys=0.00s Real=0.00s
[1368197.260s][info][gc,start     ] GC(252663) Pause Young (Allocation Failure)
[1368197.260s][info][gc,task      ] GC(252663) Using 9 workers of 9 for evacuation
[1368197.264s][info][gc,heap      ] GC(252663) ParNew: 109628K->3674K(118016K)
[1368197.264s][info][gc,heap      ] GC(252663) CMS: 942509K->942509K(1966080K)
[1368197.264s][info][gc,metaspace ] GC(252663) Metaspace: 95515K(98212K)->95515K(98212K) NonClass: 86277K(88004K)->86277K(88004K) Class: 9238K(10208K)->9238K(10208K)
[1368197.264s][info][gc           ] GC(252663) Pause Young (Allocation Failure) 1027M->924M(2035M) 4.349ms
[1368197.264s][info][gc,cpu       ] GC(252663) User=0.00s Sys=0.00s Real=0.00s
[1368201.892s][info][gc,start     ] GC(252664) Pause Young (Allocation Failure)
[1368201.892s][info][gc,task      ] GC(252664) Using 9 workers of 9 for evacuation
[1368201.897s][info][gc,heap      ] GC(252664) ParNew: 108634K->9513K(118016K)
[1368201.897s][info][gc,heap      ] GC(252664) CMS: 942509K->942509K(1966080K)
[1368201.897s][info][gc,metaspace ] GC(252664) Metaspace: 95515K(98212K)->95515K(98212K) NonClass: 86277K(88004K)->86277K(88004K) Class: 9238K(10208K)->9238K(10208K)
[1368201.897s][info][gc           ] GC(252664) Pause Young (Allocation Failure) 1026M->929M(2035M) 4.465ms
[1368201.897s][info][gc,cpu       ] GC(252664) User=0.02s Sys=0.00s Real=0.02s
[1368207.515s][info][gc,start     ] GC(252665) Pause Young (Allocation Failure)
[1368207.515s][info][gc,task      ] GC(252665) Using 9 workers of 9 for evacuation
[1368207.520s][info][gc,heap      ] GC(252665) ParNew: 114473K->9774K(118016K)
[1368207.520s][info][gc,heap      ] GC(252665) CMS: 942509K->942709K(1966080K)
[1368207.520s][info][gc,metaspace ] GC(252665) Metaspace: 95515K(98212K)->95515K(98212K) NonClass: 86277K(88004K)->86277K(88004K) Class: 9238K(10208K)->9238K(10208K)
[1368207.520s][info][gc           ] GC(252665) Pause Young (Allocation Failure) 1032M->930M(2035M) 4.625ms
[1368207.520s][info][gc,cpu       ] GC(252665) User=0.02s Sys=0.00s Real=0.02s
[1368213.184s][info][gc,start     ] GC(252666) Pause Young (Allocation Failure)
[1368213.184s][info][gc,task      ] GC(252666) Using 9 workers of 9 for evacuation
[1368213.189s][info][gc,heap      ] GC(252666) ParNew: 114734K->3704K(118016K)
[1368213.189s][info][gc,heap      ] GC(252666) CMS: 942709K->951424K(1966080K)
[1368213.190s][info][gc,metaspace ] GC(252666) Metaspace: 95515K(98212K)->95515K(98212K) NonClass: 86277K(88004K)->86277K(88004K) Class: 9238K(10208K)->9238K(10208K)
[1368213.190s][info][gc           ] GC(252666) Pause Young (Allocation Failure) 1032M->932M(2035M) 6.077ms
[1368213.190s][info][gc,cpu       ] GC(252666) User=0.00s Sys=0.00s Real=0.00s
[1368217.882s][info][gc,start     ] GC(252667) Pause Young (Allocation Failure)
[1368217.882s][info][gc,task      ] GC(252667) Using 9 workers of 9 for evacuation
[1368217.887s][info][gc,heap      ] GC(252667) ParNew: 108664K->3323K(118016K)
[1368217.887s][info][gc,heap      ] GC(252667) CMS: 951424K->951424K(1966080K)
[1368217.887s][info][gc,metaspace ] GC(252667) Metaspace: 95515K(98212K)->95515K(98212K) NonClass: 86277K(88004K)->86277K(88004K) Class: 9238K(10208K)->9238K(10208K)
[1368217.887s][info][gc           ] GC(252667) Pause Young (Allocation Failure) 1035M->932M(2035M) 4.639ms
[1368217.887s][info][gc,cpu       ] GC(252667) User=0.14s Sys=0.00s Real=0.02s
[1368223.841s][info][gc,start     ] GC(252668) Pause Young (Allocation Failure)
[1368223.842s][info][gc,task      ] GC(252668) Using 9 workers of 9 for evacuation
[1368223.846s][info][gc,heap      ] GC(252668) ParNew: 108283K->9422K(118016K)
[1368223.846s][info][gc,heap      ] GC(252668) CMS: 951424K->951424K(1966080K)
[1368223.846s][info][gc,metaspace ] GC(252668) Metaspace: 95515K(98212K)->95515K(98212K) NonClass: 86277K(88004K)->86277K(88004K) Class: 9238K(10208K)->9238K(10208K)
[1368223.846s][info][gc           ] GC(252668) Pause Young (Allocation Failure) 1034M->938M(2035M) 4.523ms
[1368223.846s][info][gc,cpu       ] GC(252668) User=0.00s Sys=0.00s Real=0.00s
[1368230.288s][info][gc,start     ] GC(252669) Pause Young (Allocation Failure)
[1368230.288s][info][gc,task      ] GC(252669) Using 9 workers of 9 for evacuation
[1368230.293s][info][gc,heap      ] GC(252669) ParNew: 114382K->10264K(118016K)
[1368230.293s][info][gc,heap      ] GC(252669) CMS: 951424K->951631K(1966080K)
[1368230.293s][info][gc,metaspace ] GC(252669) Metaspace: 95515K(98212K)->95515K(98212K) NonClass: 86277K(88004K)->86277K(88004K) Class: 9238K(10208K)->9238K(10208K)
[1368230.293s][info][gc           ] GC(252669) Pause Young (Allocation Failure) 1040M->939M(2035M) 4.539ms
[1368230.293s][info][gc,cpu       ] GC(252669) User=0.00s Sys=0.00s Real=0.00s
[1368235.698s][info][gc,start     ] GC(252670) Pause Young (Allocation Failure)
[1368235.698s][info][gc,task      ] GC(252670) Using 9 workers of 9 for evacuation
[1368235.703s][info][gc,heap      ] GC(252670) ParNew: 115223K->3264K(118016K)
[1368235.703s][info][gc,heap      ] GC(252670) CMS: 951631K->960371K(1966080K)
[1368235.703s][info][gc,metaspace ] GC(252670) Metaspace: 95515K(98212K)->95515K(98212K) NonClass: 86277K(88004K)->86277K(88004K) Class: 9238K(10208K)->9238K(10208K)
[1368235.704s][info][gc           ] GC(252670) Pause Young (Allocation Failure) 1041M->941M(2035M) 5.206ms
[1368235.704s][info][gc,cpu       ] GC(252670) User=0.00s Sys=0.00s Real=0.00s
[1368239.643s][info][gc,start     ] GC(252671) Pause Young (Allocation Failure)
[1368239.643s][info][gc,task      ] GC(252671) Using 9 workers of 9 for evacuation
[1368239.647s][info][gc,heap      ] GC(252671) ParNew: 108224K->9840K(118016K)
[1368239.647s][info][gc,heap      ] GC(252671) CMS: 960371K->960371K(1966080K)
[1368239.647s][info][gc,metaspace ] GC(252671) Metaspace: 95515K(98212K)->95515K(98212K) NonClass: 86277K(88004K)->86277K(88004K) Class: 9238K(10208K)->9238K(10208K)
[1368239.647s][info][gc           ] GC(252671) Pause Young (Allocation Failure) 1043M->947M(2035M) 4.525ms
[1368239.647s][info][gc,cpu       ] GC(252671) User=0.05s Sys=0.00s Real=0.01s
[1368246.251s][info][gc,start     ] GC(252672) Pause Young (Allocation Failure)
[1368246.251s][info][gc,task      ] GC(252672) Using 9 workers of 9 for evacuation
[1368246.256s][info][gc,heap      ] GC(252672) ParNew: 114796K->2483K(118016K)
[1368246.256s][info][gc,heap      ] GC(252672) CMS: 960371K->969239K(1966080K)
[1368246.256s][info][gc,metaspace ] GC(252672) Metaspace: 95515K(98212K)->95515K(98212K) NonClass: 86277K(88004K)->86277K(88004K) Class: 9238K(10208K)->9238K(10208K)
[1368246.256s][info][gc           ] GC(252672) Pause Young (Allocation Failure) 1049M->948M(2035M) 5.222ms
[1368246.256s][info][gc,cpu       ] GC(252672) User=0.06s Sys=0.00s Real=0.02s
[1368251.163s][info][gc,start     ] GC(252673) Pause Young (Allocation Failure)
[1368251.163s][info][gc,task      ] GC(252673) Using 9 workers of 9 for evacuation
[1368251.167s][info][gc,heap      ] GC(252673) ParNew: 107443K->9365K(118016K)
[1368251.167s][info][gc,heap      ] GC(252673) CMS: 969239K->969239K(1966080K)
[1368251.167s][info][gc,metaspace ] GC(252673) Metaspace: 95515K(98212K)->95515K(98212K) NonClass: 86277K(88004K)->86277K(88004K) Class: 9238K(10208K)->9238K(10208K)
[1368251.167s][info][gc           ] GC(252673) Pause Young (Allocation Failure) 1051M->955M(2035M) 4.585ms
[1368251.167s][info][gc,cpu       ] GC(252673) User=0.00s Sys=0.00s Real=0.00s
[1368255.620s][info][gc,start     ] GC(252674) Pause Young (Allocation Failure)
[1368255.620s][info][gc,task      ] GC(252674) Using 9 workers of 9 for evacuation
[1368255.625s][info][gc,heap      ] GC(252674) ParNew: 114325K->2077K(118016K)
[1368255.625s][info][gc,heap      ] GC(252674) CMS: 969239K->977994K(1966080K)
[1368255.625s][info][gc,metaspace ] GC(252674) Metaspace: 95515K(98212K)->95515K(98212K) NonClass: 86277K(88004K)->86277K(88004K) Class: 9238K(10208K)->9238K(10208K)
[1368255.625s][info][gc           ] GC(252674) Pause Young (Allocation Failure) 1058M->957M(2035M) 5.272ms
[1368255.626s][info][gc,cpu       ] GC(252674) User=0.00s Sys=0.00s Real=0.00s
[1368260.402s][info][gc,start     ] GC(252675) Pause Young (Allocation Failure)
[1368260.402s][info][gc,task      ] GC(252675) Using 9 workers of 9 for evacuation
[1368260.406s][info][gc,heap      ] GC(252675) ParNew: 107037K->821K(118016K)
[1368260.406s][info][gc,heap      ] GC(252675) CMS: 977994K->977994K(1966080K)
[1368260.406s][info][gc,metaspace ] GC(252675) Metaspace: 95515K(98212K)->95515K(98212K) NonClass: 86277K(88004K)->86277K(88004K) Class: 9238K(10208K)->9238K(10208K)
[1368260.406s][info][gc           ] GC(252675) Pause Young (Allocation Failure) 1059M->955M(2035M) 4.272ms
[1368260.406s][info][gc,cpu       ] GC(252675) User=0.00s Sys=0.00s Real=0.00s
[1368265.430s][info][gc,start     ] GC(252676) Pause Young (Allocation Failure)
[1368265.430s][info][gc,task      ] GC(252676) Using 9 workers of 9 for evacuation
[1368265.434s][info][gc,heap      ] GC(252676) ParNew: 105781K->9376K(118016K)
[1368265.434s][info][gc,heap      ] GC(252676) CMS: 977994K->977994K(1966080K)
[1368265.434s][info][gc,metaspace ] GC(252676) Metaspace: 95515K(98212K)->95515K(98212K) NonClass: 86277K(88004K)->86277K(88004K) Class: 9238K(10208K)->9238K(10208K)
[1368265.434s][info][gc           ] GC(252676) Pause Young (Allocation Failure) 1058M->964M(2035M) 4.686ms
[1368265.435s][info][gc,cpu       ] GC(252676) User=0.00s Sys=0.00s Real=0.00s
[1368270.281s][info][gc,start     ] GC(252677) Pause Young (Allocation Failure)
[1368270.282s][info][gc,task      ] GC(252677) Using 9 workers of 9 for evacuation
[1368270.286s][info][gc,heap      ] GC(252677) ParNew: 114336K->1474K(118016K)
[1368270.286s][info][gc,heap      ] GC(252677) CMS: 977994K->978250K(1966080K)
[1368270.286s][info][gc,metaspace ] GC(252677) Metaspace: 95515K(98212K)->95515K(98212K) NonClass: 86277K(88004K)->86277K(88004K) Class: 9238K(10208K)->9238K(10208K)
[1368270.286s][info][gc           ] GC(252677) Pause Young (Allocation Failure) 1066M->956M(2035M) 4.483ms
[1368270.286s][info][gc,cpu       ] GC(252677) User=0.00s Sys=0.00s Real=0.00s
[1368276.505s][info][gc,start     ] GC(252678) Pause Young (Allocation Failure)
[1368276.505s][info][gc,task      ] GC(252678) Using 9 workers of 9 for evacuation
[1368276.509s][info][gc,heap      ] GC(252678) ParNew: 106434K->9232K(118016K)
[1368276.509s][info][gc,heap      ] GC(252678) CMS: 978250K->978250K(1966080K)
[1368276.509s][info][gc,metaspace ] GC(252678) Metaspace: 95515K(98212K)->95515K(98212K) NonClass: 86277K(88004K)->86277K(88004K) Class: 9238K(10208K)->9238K(10208K)
[1368276.509s][info][gc           ] GC(252678) Pause Young (Allocation Failure) 1059M->964M(2035M) 4.433ms
[1368276.509s][info][gc,cpu       ] GC(252678) User=0.00s Sys=0.00s Real=0.00s
[1368281.558s][info][gc,start     ] GC(252679) Pause Young (Allocation Failure)
[1368281.558s][info][gc,task      ] GC(252679) Using 9 workers of 9 for evacuation
[1368281.563s][info][gc,heap      ] GC(252679) ParNew: 114116K->7092K(118016K)
[1368281.563s][info][gc,heap      ] GC(252679) CMS: 978250K->978450K(1966080K)
[1368281.563s][info][gc,metaspace ] GC(252679) Metaspace: 95515K(98212K)->95515K(98212K) NonClass: 86277K(88004K)->86277K(88004K) Class: 9238K(10208K)->9238K(10208K)
[1368281.563s][info][gc           ] GC(252679) Pause Young (Allocation Failure) 1066M->962M(2035M) 4.850ms
[1368281.563s][info][gc,cpu       ] GC(252679) User=0.14s Sys=0.00s Real=0.02s
[1368287.803s][info][gc,start     ] GC(252680) Pause Young (Allocation Failure)
[1368287.804s][info][gc,task      ] GC(252680) Using 9 workers of 9 for evacuation
[1368287.808s][info][gc,heap      ] GC(252680) ParNew: 112037K->2152K(118016K)
[1368287.808s][info][gc,heap      ] GC(252680) CMS: 978450K->978450K(1966080K)
[1368287.808s][info][gc,metaspace ] GC(252680) Metaspace: 95515K(98212K)->95515K(98212K) NonClass: 86277K(88004K)->86277K(88004K) Class: 9238K(10208K)->9238K(10208K)
[1368287.808s][info][gc           ] GC(252680) Pause Young (Allocation Failure) 1064M->957M(2035M) 4.300ms
[1368287.808s][info][gc,cpu       ] GC(252680) User=0.14s Sys=0.00s Real=0.02s
[1368294.682s][info][gc,start     ] GC(252681) Pause Young (Allocation Failure)
[1368294.682s][info][gc,task      ] GC(252681) Using 9 workers of 9 for evacuation
[1368294.686s][info][gc,heap      ] GC(252681) ParNew: 107112K->9480K(118016K)
[1368294.686s][info][gc,heap      ] GC(252681) CMS: 978450K->978450K(1966080K)
[1368294.686s][info][gc,metaspace ] GC(252681) Metaspace: 95515K(98212K)->95515K(98212K) NonClass: 86277K(88004K)->86277K(88004K) Class: 9238K(10208K)->9238K(10208K)
[1368294.686s][info][gc           ] GC(252681) Pause Young (Allocation Failure) 1060M->964M(2035M) 4.501ms
[1368294.686s][info][gc,cpu       ] GC(252681) User=0.00s Sys=0.00s Real=0.00s
[1368299.609s][info][gc,start     ] GC(252682) Pause Young (Allocation Failure)
[1368299.609s][info][gc,task      ] GC(252682) Using 9 workers of 9 for evacuation
[1368299.613s][info][gc,heap      ] GC(252682) ParNew: 114440K->1813K(118016K)
[1368299.613s][info][gc,heap      ] GC(252682) CMS: 978450K->978617K(1966080K)
[1368299.613s][info][gc,metaspace ] GC(252682) Metaspace: 95515K(98212K)->95515K(98212K) NonClass: 86277K(88004K)->86277K(88004K) Class: 9238K(10208K)->9238K(10208K)
[1368299.613s][info][gc           ] GC(252682) Pause Young (Allocation Failure) 1067M->957M(2035M) 4.254ms
[1368299.613s][info][gc,cpu       ] GC(252682) User=0.00s Sys=0.00s Real=0.00s
[1368304.798s][info][gc,start     ] GC(252683) Pause Young (Allocation Failure)
[1368304.799s][info][gc,task      ] GC(252683) Using 9 workers of 9 for evacuation
[1368304.803s][info][gc,heap      ] GC(252683) ParNew: 106773K->9421K(118016K)
[1368304.803s][info][gc,heap      ] GC(252683) CMS: 978617K->978617K(1966080K)
[1368304.803s][info][gc,metaspace ] GC(252683) Metaspace: 95515K(98212K)->95515K(98212K) NonClass: 86277K(88004K)->86277K(88004K) Class: 9238K(10208K)->9238K(10208K)
[1368304.803s][info][gc           ] GC(252683) Pause Young (Allocation Failure) 1059M->964M(2035M) 4.685ms
[1368304.803s][info][gc,cpu       ] GC(252683) User=0.00s Sys=0.00s Real=0.00s
[1368310.987s][info][gc,start     ] GC(252684) Pause Young (Allocation Failure)
[1368310.987s][info][gc,task      ] GC(252684) Using 9 workers of 9 for evacuation
[1368310.992s][info][gc,heap      ] GC(252684) ParNew: 114381K->1865K(118016K)
[1368310.992s][info][gc,heap      ] GC(252684) CMS: 978617K->978754K(1966080K)
[1368310.992s][info][gc,metaspace ] GC(252684) Metaspace: 95515K(98212K)->95515K(98212K) NonClass: 86277K(88004K)->86277K(88004K) Class: 9238K(10208K)->9238K(10208K)
[1368310.992s][info][gc           ] GC(252684) Pause Young (Allocation Failure) 1067M->957M(2035M) 4.340ms
[1368310.992s][info][gc,cpu       ] GC(252684) User=0.00s Sys=0.00s Real=0.00s
[1368315.184s][info][gc,start     ] GC(252685) Pause Young (Allocation Failure)
[1368315.184s][info][gc,task      ] GC(252685) Using 9 workers of 9 for evacuation
[1368315.189s][info][gc,heap      ] GC(252685) ParNew: 106825K->9321K(118016K)
[1368315.189s][info][gc,heap      ] GC(252685) CMS: 978754K->978754K(1966080K)
[1368315.189s][info][gc,metaspace ] GC(252685) Metaspace: 95515K(98212K)->95515K(98212K) NonClass: 86277K(88004K)->86277K(88004K) Class: 9238K(10208K)->9238K(10208K)
[1368315.189s][info][gc           ] GC(252685) Pause Young (Allocation Failure) 1060M->964M(2035M) 4.852ms
[1368315.189s][info][gc,cpu       ] GC(252685) User=0.00s Sys=0.00s Real=0.00s
[1368319.494s][info][gc,start     ] GC(252686) Pause Young (Allocation Failure)
[1368319.494s][info][gc,task      ] GC(252686) Using 9 workers of 9 for evacuation
[1368319.498s][info][gc,heap      ] GC(252686) ParNew: 114281K->1818K(118016K)
[1368319.498s][info][gc,heap      ] GC(252686) CMS: 978754K->978886K(1966080K)
[1368319.498s][info][gc,metaspace ] GC(252686) Metaspace: 95515K(98212K)->95515K(98212K) NonClass: 86277K(88004K)->86277K(88004K) Class: 9238K(10208K)->9238K(10208K)
[1368319.498s][info][gc           ] GC(252686) Pause Young (Allocation Failure) 1067M->957M(2035M) 4.007ms
[1368319.498s][info][gc,cpu       ] GC(252686) User=0.03s Sys=0.00s Real=0.02s
[1368321.959s][info][gc,start     ] GC(252687) Pause Young (Allocation Failure)
[1368321.959s][info][gc,task      ] GC(252687) Using 9 workers of 9 for evacuation
[1368321.963s][info][gc,heap      ] GC(252687) ParNew: 106778K->6978K(118016K)
[1368321.963s][info][gc,heap      ] GC(252687) CMS: 978886K->978886K(1966080K)
[1368321.963s][info][gc,metaspace ] GC(252687) Metaspace: 95515K(98212K)->95515K(98212K) NonClass: 86277K(88004K)->86277K(88004K) Class: 9238K(10208K)->9238K(10208K)
[1368321.963s][info][gc           ] GC(252687) Pause Young (Allocation Failure) 1060M->962M(2035M) 4.365ms
[1368321.964s][info][gc,cpu       ] GC(252687) User=0.02s Sys=0.00s Real=0.02s
[1368325.440s][info][gc,start     ] GC(252688) Pause Young (Allocation Failure)
[1368325.440s][info][gc,task      ] GC(252688) Using 9 workers of 9 for evacuation
[1368325.445s][info][gc,heap      ] GC(252688) ParNew: 111938K->3895K(118016K)
[1368325.445s][info][gc,heap      ] GC(252688) CMS: 978886K->985229K(1966080K)
[1368325.445s][info][gc,metaspace ] GC(252688) Metaspace: 95515K(98212K)->95515K(98212K) NonClass: 86277K(88004K)->86277K(88004K) Class: 9238K(10208K)->9238K(10208K)
[1368325.445s][info][gc           ] GC(252688) Pause Young (Allocation Failure) 1065M->965M(2035M) 5.309ms
[1368325.445s][info][gc,cpu       ] GC(252688) User=0.00s Sys=0.00s Real=0.00s
[1368328.546s][info][gc,start     ] GC(252689) Pause Young (Allocation Failure)
[1368328.546s][info][gc,task      ] GC(252689) Using 9 workers of 9 for evacuation
[1368328.550s][info][gc,heap      ] GC(252689) ParNew: 108855K->1539K(118016K)
[1368328.550s][info][gc,heap      ] GC(252689) CMS: 985229K->985229K(1966080K)
[1368328.550s][info][gc,metaspace ] GC(252689) Metaspace: 95515K(98212K)->95515K(98212K) NonClass: 86277K(88004K)->86277K(88004K) Class: 9238K(10208K)->9238K(10208K)
[1368328.550s][info][gc           ] GC(252689) Pause Young (Allocation Failure) 1068M->963M(2035M) 4.427ms
[1368328.550s][info][gc,cpu       ] GC(252689) User=0.00s Sys=0.00s Real=0.00s
[1368332.453s][info][gc,start     ] GC(252690) Pause Young (Allocation Failure)
[1368332.453s][info][gc,task      ] GC(252690) Using 9 workers of 9 for evacuation
[1368332.457s][info][gc,heap      ] GC(252690) ParNew: 106499K->9517K(118016K)
[1368332.457s][info][gc,heap      ] GC(252690) CMS: 985229K->985229K(1966080K)
[1368332.457s][info][gc,metaspace ] GC(252690) Metaspace: 95515K(98212K)->95515K(98212K) NonClass: 86277K(88004K)->86277K(88004K) Class: 9238K(10208K)->9238K(10208K)
[1368332.457s][info][gc           ] GC(252690) Pause Young (Allocation Failure) 1066M->971M(2035M) 4.395ms
[1368332.457s][info][gc,cpu       ] GC(252690) User=0.00s Sys=0.00s Real=0.00s
[1368337.983s][info][gc,start     ] GC(252691) Pause Young (Allocation Failure)
[1368337.983s][info][gc,task      ] GC(252691) Using 9 workers of 9 for evacuation
[1368337.987s][info][gc,heap      ] GC(252691) ParNew: 114477K->9994K(118016K)
[1368337.987s][info][gc,heap      ] GC(252691) CMS: 985229K->985592K(1966080K)
[1368337.987s][info][gc,metaspace ] GC(252691) Metaspace: 95515K(98212K)->95515K(98212K) NonClass: 86277K(88004K)->86277K(88004K) Class: 9238K(10208K)->9238K(10208K)
[1368337.988s][info][gc           ] GC(252691) Pause Young (Allocation Failure) 1073M->972M(2035M) 4.572ms
[1368337.988s][info][gc,cpu       ] GC(252691) User=0.00s Sys=0.00s Real=0.00s
[1368343.681s][info][gc,start     ] GC(252692) Pause Young (Allocation Failure)
[1368343.682s][info][gc,task      ] GC(252692) Using 9 workers of 9 for evacuation
[1368343.687s][info][gc,heap      ] GC(252692) ParNew: 114954K->3338K(118016K)
[1368343.687s][info][gc,heap      ] GC(252692) CMS: 985592K->994299K(1966080K)
[1368343.687s][info][gc,metaspace ] GC(252692) Metaspace: 95515K(98212K)->95515K(98212K) NonClass: 86277K(88004K)->86277K(88004K) Class: 9238K(10208K)->9238K(10208K)
[1368343.687s][info][gc           ] GC(252692) Pause Young (Allocation Failure) 1074M->974M(2035M) 5.652ms
[1368343.687s][info][gc,cpu       ] GC(252692) User=0.00s Sys=0.00s Real=0.00s
[1368348.007s][info][gc,start     ] GC(252693) Pause Young (Allocation Failure)
[1368348.007s][info][gc,task      ] GC(252693) Using 9 workers of 9 for evacuation
[1368348.012s][info][gc,heap      ] GC(252693) ParNew: 108298K->9612K(118016K)
[1368348.012s][info][gc,heap      ] GC(252693) CMS: 994299K->994299K(1966080K)
[1368348.012s][info][gc,metaspace ] GC(252693) Metaspace: 95515K(98212K)->95515K(98212K) NonClass: 86277K(88004K)->86277K(88004K) Class: 9238K(10208K)->9238K(10208K)
[1368348.013s][info][gc           ] GC(252693) Pause Young (Allocation Failure) 1076M->980M(2035M) 5.270ms
[1368348.013s][info][gc,cpu       ] GC(252693) User=0.00s Sys=0.00s Real=0.00s
[1368356.164s][info][gc,start     ] GC(252694) Pause Young (Allocation Failure)
[1368356.164s][info][gc,task      ] GC(252694) Using 9 workers of 9 for evacuation
[1368356.169s][info][gc,heap      ] GC(252694) ParNew: 114572K->2616K(118016K)
[1368356.169s][info][gc,heap      ] GC(252694) CMS: 994299K->1003189K(1966080K)
[1368356.169s][info][gc,metaspace ] GC(252694) Metaspace: 95515K(98212K)->95515K(98212K) NonClass: 86277K(88004K)->86277K(88004K) Class: 9238K(10208K)->9238K(10208K)
[1368356.169s][info][gc           ] GC(252694) Pause Young (Allocation Failure) 1082M->982M(2035M) 5.503ms
[1368356.169s][info][gc,cpu       ] GC(252694) User=0.00s Sys=0.00s Real=0.00s
[1368360.079s][info][gc,start     ] GC(252695) Pause Young (Allocation Failure)
[1368360.079s][info][gc,task      ] GC(252695) Using 9 workers of 9 for evacuation
[1368360.083s][info][gc,heap      ] GC(252695) ParNew: 107576K->9549K(118016K)
[1368360.083s][info][gc,heap      ] GC(252695) CMS: 1003189K->1003189K(1966080K)
[1368360.083s][info][gc,metaspace ] GC(252695) Metaspace: 95515K(98212K)->95515K(98212K) NonClass: 86277K(88004K)->86277K(88004K) Class: 9238K(10208K)->9238K(10208K)
[1368360.083s][info][gc           ] GC(252695) Pause Young (Allocation Failure) 1084M->989M(2035M) 4.652ms
[1368360.083s][info][gc,cpu       ] GC(252695) User=0.00s Sys=0.00s Real=0.00s
[1368365.070s][info][gc,start     ] GC(252696) Pause Young (Allocation Failure)
[1368365.071s][info][gc,task      ] GC(252696) Using 9 workers of 9 for evacuation
[1368365.076s][info][gc,heap      ] GC(252696) ParNew: 114509K->2041K(118016K)
[1368365.076s][info][gc,heap      ] GC(252696) CMS: 1003189K->1011994K(1966080K)
[1368365.076s][info][gc,metaspace ] GC(252696) Metaspace: 95515K(98212K)->95515K(98212K) NonClass: 86277K(88004K)->86277K(88004K) Class: 9238K(10208K)->9238K(10208K)
[1368365.076s][info][gc           ] GC(252696) Pause Young (Allocation Failure) 1091M->990M(2035M) 5.508ms
[1368365.076s][info][gc,cpu       ] GC(252696) User=0.00s Sys=0.00s Real=0.00s
[1368367.742s][info][gc,start     ] GC(252697) Pause Young (Allocation Failure)
[1368367.742s][info][gc,task      ] GC(252697) Using 9 workers of 9 for evacuation
[1368367.747s][info][gc,heap      ] GC(252697) ParNew: 107001K->9014K(118016K)
[1368367.747s][info][gc,heap      ] GC(252697) CMS: 1011994K->1011994K(1966080K)
[1368367.747s][info][gc,metaspace ] GC(252697) Metaspace: 95515K(98212K)->95515K(98212K) NonClass: 86277K(88004K)->86277K(88004K) Class: 9238K(10208K)->9238K(10208K)
[1368367.747s][info][gc           ] GC(252697) Pause Young (Allocation Failure) 1092M->997M(2035M) 5.483ms
[1368367.747s][info][gc,cpu       ] GC(252697) User=0.00s Sys=0.00s Real=0.00s
[1368372.589s][info][gc,start     ] GC(252698) Pause Young (Allocation Failure)
[1368372.590s][info][gc,task      ] GC(252698) Using 9 workers of 9 for evacuation
[1368372.594s][info][gc,heap      ] GC(252698) ParNew: 113974K->2200K(118016K)
[1368372.594s][info][gc,heap      ] GC(252698) CMS: 1011994K->1020389K(1966080K)
[1368372.594s][info][gc,metaspace ] GC(252698) Metaspace: 95515K(98212K)->95515K(98212K) NonClass: 86277K(88004K)->86277K(88004K) Class: 9238K(10208K)->9238K(10208K)
[1368372.595s][info][gc           ] GC(252698) Pause Young (Allocation Failure) 1099M->998M(2035M) 5.046ms
[1368372.595s][info][gc,cpu       ] GC(252698) User=0.00s Sys=0.00s Real=0.00s
[1368375.273s][info][gc,start     ] GC(252699) Pause Young (Allocation Failure)
[1368375.273s][info][gc,task      ] GC(252699) Using 9 workers of 9 for evacuation
[1368375.277s][info][gc,heap      ] GC(252699) ParNew: 107160K->1232K(118016K)
[1368375.277s][info][gc,heap      ] GC(252699) CMS: 1020389K->1020389K(1966080K)
[1368375.277s][info][gc,metaspace ] GC(252699) Metaspace: 95515K(98212K)->95515K(98212K) NonClass: 86277K(88004K)->86277K(88004K) Class: 9238K(10208K)->9238K(10208K)
[1368375.277s][info][gc           ] GC(252699) Pause Young (Allocation Failure) 1101M->997M(2035M) 4.049ms
[1368375.277s][info][gc,cpu       ] GC(252699) User=0.00s Sys=0.00s Real=0.00s
[1368379.644s][info][gc,start     ] GC(252700) Pause Young (Allocation Failure)
[1368379.644s][info][gc,task      ] GC(252700) Using 9 workers of 9 for evacuation
[1368379.648s][info][gc,heap      ] GC(252700) ParNew: 106187K->9379K(118016K)
[1368379.648s][info][gc,heap      ] GC(252700) CMS: 1020389K->1020389K(1966080K)
[1368379.648s][info][gc,metaspace ] GC(252700) Metaspace: 95515K(98212K)->95515K(98212K) NonClass: 86277K(88004K)->86277K(88004K) Class: 9238K(10208K)->9238K(10208K)
[1368379.648s][info][gc           ] GC(252700) Pause Young (Allocation Failure) 1100M->1005M(2035M) 4.835ms
[1368379.648s][info][gc,cpu       ] GC(252700) User=0.00s Sys=0.00s Real=0.02s
[1368386.160s][info][gc,start     ] GC(252701) Pause Young (Allocation Failure)
[1368386.160s][info][gc,task      ] GC(252701) Using 9 workers of 9 for evacuation
[1368386.165s][info][gc,heap      ] GC(252701) ParNew: 114339K->1881K(118016K)
[1368386.165s][info][gc,heap      ] GC(252701) CMS: 1020389K->1029283K(1966080K)
[1368386.165s][info][gc,metaspace ] GC(252701) Metaspace: 95515K(98212K)->95515K(98212K) NonClass: 86277K(88004K)->86277K(88004K) Class: 9238K(10208K)->9238K(10208K)
[1368386.165s][info][gc           ] GC(252701) Pause Young (Allocation Failure) 1108M->1006M(2035M) 5.209ms
[1368386.165s][info][gc,cpu       ] GC(252701) User=0.00s Sys=0.00s Real=0.00s
[1368390.413s][info][gc,start     ] GC(252702) Pause Young (Allocation Failure)
[1368390.413s][info][gc,task      ] GC(252702) Using 9 workers of 9 for evacuation
[1368390.417s][info][gc,heap      ] GC(252702) ParNew: 106841K->9457K(118016K)
[1368390.417s][info][gc,heap      ] GC(252702) CMS: 1029283K->1029283K(1966080K)
[1368390.417s][info][gc,metaspace ] GC(252702) Metaspace: 95515K(98212K)->95515K(98212K) NonClass: 86277K(88004K)->86277K(88004K) Class: 9238K(10208K)->9238K(10208K)
[1368390.417s][info][gc           ] GC(252702) Pause Young (Allocation Failure) 1109M->1014M(2035M) 4.647ms
[1368390.417s][info][gc,cpu       ] GC(252702) User=0.00s Sys=0.00s Real=0.00s
[1368396.635s][info][gc,start     ] GC(252703) Pause Young (Allocation Failure)
[1368396.635s][info][gc,task      ] GC(252703) Using 9 workers of 9 for evacuation
[1368396.640s][info][gc,heap      ] GC(252703) ParNew: 114417K->1749K(118016K)
[1368396.640s][info][gc,heap      ] GC(252703) CMS: 1029283K->1038131K(1966080K)
[1368396.640s][info][gc,metaspace ] GC(252703) Metaspace: 95515K(98212K)->95515K(98212K) NonClass: 86277K(88004K)->86277K(88004K) Class: 9238K(10208K)->9238K(10208K)
[1368396.640s][info][gc           ] GC(252703) Pause Young (Allocation Failure) 1116M->1015M(2035M) 5.381ms
[1368396.640s][info][gc,cpu       ] GC(252703) User=0.00s Sys=0.00s Real=0.00s
[1368400.744s][info][gc,start     ] GC(252704) Pause Young (Allocation Failure)
[1368400.745s][info][gc,task      ] GC(252704) Using 9 workers of 9 for evacuation
[1368400.749s][info][gc,heap      ] GC(252704) ParNew: 106709K->9328K(118016K)
[1368400.749s][info][gc,heap      ] GC(252704) CMS: 1038131K->1038131K(1966080K)
[1368400.749s][info][gc,metaspace ] GC(252704) Metaspace: 95515K(98212K)->95515K(98212K) NonClass: 86277K(88004K)->86277K(88004K) Class: 9238K(10208K)->9238K(10208K)
[1368400.749s][info][gc           ] GC(252704) Pause Young (Allocation Failure) 1118M->1022M(2035M) 4.432ms
[1368400.749s][info][gc,cpu       ] GC(252704) User=0.00s Sys=0.00s Real=0.00s
[1368404.796s][info][gc,start     ] GC(252705) Pause Young (Allocation Failure)
[1368404.796s][info][gc,task      ] GC(252705) Using 9 workers of 9 for evacuation
[1368404.801s][info][gc,heap      ] GC(252705) ParNew: 114288K->1704K(118016K)
[1368404.801s][info][gc,heap      ] GC(252705) CMS: 1038131K->1046958K(1966080K)
[1368404.801s][info][gc,metaspace ] GC(252705) Metaspace: 95515K(98212K)->95515K(98212K) NonClass: 86277K(88004K)->86277K(88004K) Class: 9238K(10208K)->9238K(10208K)
[1368404.801s][info][gc           ] GC(252705) Pause Young (Allocation Failure) 1125M->1024M(2035M) 5.040ms
[1368404.801s][info][gc,cpu       ] GC(252705) User=0.00s Sys=0.00s Real=0.00s
[1368410.243s][info][gc,start     ] GC(252706) Pause Young (Allocation Failure)
[1368410.243s][info][gc,task      ] GC(252706) Using 9 workers of 9 for evacuation
[1368410.248s][info][gc,heap      ] GC(252706) ParNew: 106664K->9426K(118016K)
[1368410.248s][info][gc,heap      ] GC(252706) CMS: 1046958K->1046958K(1966080K)
[1368410.248s][info][gc,metaspace ] GC(252706) Metaspace: 95515K(98212K)->95515K(98212K) NonClass: 86277K(88004K)->86277K(88004K) Class: 9238K(10208K)->9238K(10208K)
[1368410.248s][info][gc           ] GC(252706) Pause Young (Allocation Failure) 1126M->1031M(2035M) 4.700ms
[1368410.248s][info][gc,cpu       ] GC(252706) User=0.14s Sys=0.00s Real=0.02s
[1368418.005s][info][gc,start     ] GC(252707) Pause Young (Allocation Failure)
[1368418.005s][info][gc,task      ] GC(252707) Using 9 workers of 9 for evacuation
[1368418.009s][info][gc,heap      ] GC(252707) ParNew: 114386K->1826K(118016K)
[1368418.009s][info][gc,heap      ] GC(252707) CMS: 1046958K->1047191K(1966080K)
[1368418.009s][info][gc,metaspace ] GC(252707) Metaspace: 95515K(98212K)->95515K(98212K) NonClass: 86277K(88004K)->86277K(88004K) Class: 9238K(10208K)->9238K(10208K)
[1368418.009s][info][gc           ] GC(252707) Pause Young (Allocation Failure) 1134M->1024M(2035M) 4.279ms
[1368418.009s][info][gc,cpu       ] GC(252707) User=0.00s Sys=0.00s Real=0.00s
[1368422.704s][info][gc,start     ] GC(252708) Pause Young (Allocation Failure)
[1368422.704s][info][gc,task      ] GC(252708) Using 9 workers of 9 for evacuation
[1368422.708s][info][gc,heap      ] GC(252708) ParNew: 106786K->9326K(118016K)
[1368422.708s][info][gc,heap      ] GC(252708) CMS: 1047191K->1047191K(1966080K)
[1368422.708s][info][gc,metaspace ] GC(252708) Metaspace: 95515K(98212K)->95515K(98212K) NonClass: 86277K(88004K)->86277K(88004K) Class: 9238K(10208K)->9238K(10208K)
[1368422.708s][info][gc           ] GC(252708) Pause Young (Allocation Failure) 1126M->1031M(2035M) 4.725ms
[1368422.708s][info][gc,cpu       ] GC(252708) User=0.00s Sys=0.00s Real=0.00s
[1368426.651s][info][gc,start     ] GC(252709) Pause Young (Allocation Failure)
[1368426.651s][info][gc,task      ] GC(252709) Using 9 workers of 9 for evacuation
[1368426.656s][info][gc,heap      ] GC(252709) ParNew: 114286K->1753K(118016K)
[1368426.656s][info][gc,heap      ] GC(252709) CMS: 1047191K->1055952K(1966080K)
[1368426.656s][info][gc,metaspace ] GC(252709) Metaspace: 95515K(98212K)->95515K(98212K) NonClass: 86277K(88004K)->86277K(88004K) Class: 9238K(10208K)->9238K(10208K)
[1368426.656s][info][gc           ] GC(252709) Pause Young (Allocation Failure) 1134M->1032M(2035M) 5.065ms
[1368426.656s][info][gc,cpu       ] GC(252709) User=0.06s Sys=0.00s Real=0.02s
[1368431.186s][info][gc,start     ] GC(252710) Pause Young (Allocation Failure)
[1368431.186s][info][gc,task      ] GC(252710) Using 9 workers of 9 for evacuation
[1368431.190s][info][gc,heap      ] GC(252710) ParNew: 106713K->9291K(118016K)
[1368431.190s][info][gc,heap      ] GC(252710) CMS: 1055952K->1055952K(1966080K)
[1368431.190s][info][gc,metaspace ] GC(252710) Metaspace: 95515K(98212K)->95515K(98212K) NonClass: 86277K(88004K)->86277K(88004K) Class: 9238K(10208K)->9238K(10208K)
[1368431.190s][info][gc           ] GC(252710) Pause Young (Allocation Failure) 1135M->1040M(2035M) 4.574ms
[1368431.190s][info][gc,cpu       ] GC(252710) User=0.00s Sys=0.00s Real=0.00s
[1368435.173s][info][gc,start     ] GC(252711) Pause Young (Allocation Failure)
[1368435.174s][info][gc,task      ] GC(252711) Using 9 workers of 9 for evacuation
[1368435.179s][info][gc,heap      ] GC(252711) ParNew: 114244K->1849K(118016K)
[1368435.179s][info][gc,heap      ] GC(252711) CMS: 1055952K->1064794K(1966080K)
[1368435.179s][info][gc,metaspace ] GC(252711) Metaspace: 95515K(98212K)->95515K(98212K) NonClass: 86277K(88004K)->86277K(88004K) Class: 9238K(10208K)->9238K(10208K)
[1368435.179s][info][gc           ] GC(252711) Pause Young (Allocation Failure) 1142M->1041M(2035M) 5.566ms
[1368435.179s][info][gc,cpu       ] GC(252711) User=0.00s Sys=0.00s Real=0.00s
[1368439.576s][info][gc,start     ] GC(252712) Pause Young (Allocation Failure)
[1368439.576s][info][gc,task      ] GC(252712) Using 9 workers of 9 for evacuation
[1368439.580s][info][gc,heap      ] GC(252712) ParNew: 106667K->6248K(118016K)
[1368439.580s][info][gc,heap      ] GC(252712) CMS: 1064794K->1064794K(1966080K)
[1368439.580s][info][gc,metaspace ] GC(252712) Metaspace: 95515K(98212K)->95515K(98212K) NonClass: 86277K(88004K)->86277K(88004K) Class: 9238K(10208K)->9238K(10208K)
[1368439.581s][info][gc           ] GC(252712) Pause Young (Allocation Failure) 1144M->1045M(2035M) 4.765ms
[1368439.581s][info][gc,cpu       ] GC(252712) User=0.00s Sys=0.00s Real=0.00s
[1368445.976s][info][gc,start     ] GC(252713) Pause Young (Allocation Failure)
[1368445.976s][info][gc,task      ] GC(252713) Using 9 workers of 9 for evacuation
[1368445.981s][info][gc,heap      ] GC(252713) ParNew: 111196K->9702K(118016K)
[1368445.981s][info][gc,heap      ] GC(252713) CMS: 1064794K->1064794K(1966080K)
[1368445.981s][info][gc,metaspace ] GC(252713) Metaspace: 95515K(98212K)->95515K(98212K) NonClass: 86277K(88004K)->86277K(88004K) Class: 9238K(10208K)->9238K(10208K)
[1368445.981s][info][gc           ] GC(252713) Pause Young (Allocation Failure) 1148M->1049M(2035M) 4.891ms
[1368445.981s][info][gc,cpu       ] GC(252713) User=0.00s Sys=0.00s Real=0.00s
[1368453.840s][info][gc,start     ] GC(252714) Pause Young (Allocation Failure)
[1368453.841s][info][gc,task      ] GC(252714) Using 9 workers of 9 for evacuation
[1368453.845s][info][gc,heap      ] GC(252714) ParNew: 114662K->10763K(118016K)
[1368453.845s][info][gc,heap      ] GC(252714) CMS: 1064794K->1064964K(1966080K)
[1368453.845s][info][gc,metaspace ] GC(252714) Metaspace: 95515K(98212K)->95515K(98212K) NonClass: 86277K(88004K)->86277K(88004K) Class: 9238K(10208K)->9238K(10208K)
[1368453.845s][info][gc           ] GC(252714) Pause Young (Allocation Failure) 1151M->1050M(2035M) 4.413ms
[1368453.845s][info][gc,cpu       ] GC(252714) User=0.00s Sys=0.00s Real=0.00s
[1368457.780s][info][gc,start     ] GC(252715) Pause Young (Allocation Failure)
[1368457.781s][info][gc,task      ] GC(252715) Using 9 workers of 9 for evacuation
[1368457.785s][info][gc,heap      ] GC(252715) ParNew: 115723K->4242K(118016K)
[1368457.785s][info][gc,heap      ] GC(252715) CMS: 1064964K->1065095K(1966080K)
[1368457.785s][info][gc,metaspace ] GC(252715) Metaspace: 95515K(98212K)->95515K(98212K) NonClass: 86277K(88004K)->86277K(88004K) Class: 9238K(10208K)->9238K(10208K)
[1368457.785s][info][gc           ] GC(252715) Pause Young (Allocation Failure) 1153M->1044M(2035M) 4.573ms
[1368457.785s][info][gc,cpu       ] GC(252715) User=0.00s Sys=0.00s Real=0.02s
[1368462.306s][info][gc,start     ] GC(252716) Pause Young (Allocation Failure)
[1368462.306s][info][gc,task      ] GC(252716) Using 9 workers of 9 for evacuation
[1368462.310s][info][gc,heap      ] GC(252716) ParNew: 109202K->9620K(118016K)
[1368462.310s][info][gc,heap      ] GC(252716) CMS: 1065095K->1065095K(1966080K)
[1368462.310s][info][gc,metaspace ] GC(252716) Metaspace: 95515K(98212K)->95515K(98212K) NonClass: 86277K(88004K)->86277K(88004K) Class: 9238K(10208K)->9238K(10208K)
[1368462.310s][info][gc           ] GC(252716) Pause Young (Allocation Failure) 1146M->1049M(2035M) 4.589ms
[1368462.310s][info][gc,cpu       ] GC(252716) User=0.00s Sys=0.00s Real=0.00s
[1368467.271s][info][gc,start     ] GC(252717) Pause Young (Allocation Failure)
[1368467.271s][info][gc,task      ] GC(252717) Using 9 workers of 9 for evacuation
[1368467.275s][info][gc,heap      ] GC(252717) ParNew: 114580K->2804K(118016K)
[1368467.275s][info][gc,heap      ] GC(252717) CMS: 1065095K->1065306K(1966080K)
[1368467.275s][info][gc,metaspace ] GC(252717) Metaspace: 95515K(98212K)->95515K(98212K) NonClass: 86277K(88004K)->86277K(88004K) Class: 9238K(10208K)->9238K(10208K)
[1368467.275s][info][gc           ] GC(252717) Pause Young (Allocation Failure) 1152M->1043M(2035M) 4.090ms
[1368467.275s][info][gc,cpu       ] GC(252717) User=0.00s Sys=0.00s Real=0.00s
[1368471.522s][info][gc,start     ] GC(252718) Pause Young (Allocation Failure)
[1368471.522s][info][gc,task      ] GC(252718) Using 9 workers of 9 for evacuation
[1368471.526s][info][gc,heap      ] GC(252718) ParNew: 107764K->9555K(118016K)
[1368471.526s][info][gc,heap      ] GC(252718) CMS: 1065306K->1065306K(1966080K)
[1368471.526s][info][gc,metaspace ] GC(252718) Metaspace: 95515K(98212K)->95515K(98212K) NonClass: 86277K(88004K)->86277K(88004K) Class: 9238K(10208K)->9238K(10208K)
[1368471.526s][info][gc           ] GC(252718) Pause Young (Allocation Failure) 1145M->1049M(2035M) 4.506ms
[1368471.526s][info][gc,cpu       ] GC(252718) User=0.00s Sys=0.00s Real=0.00s
[1368475.375s][info][gc,start     ] GC(252719) Pause Young (Allocation Failure)
[1368475.375s][info][gc,task      ] GC(252719) Using 9 workers of 9 for evacuation
[1368475.380s][info][gc,heap      ] GC(252719) ParNew: 114514K->2119K(118016K)
[1368475.380s][info][gc,heap      ] GC(252719) CMS: 1065306K->1074102K(1966080K)
[1368475.380s][info][gc,metaspace ] GC(252719) Metaspace: 95515K(98212K)->95515K(98212K) NonClass: 86277K(88004K)->86277K(88004K) Class: 9238K(10208K)->9238K(10208K)
[1368475.381s][info][gc           ] GC(252719) Pause Young (Allocation Failure) 1152M->1050M(2035M) 5.719ms
[1368475.381s][info][gc,cpu       ] GC(252719) User=0.00s Sys=0.00s Real=0.00s
[1368480.027s][info][gc,start     ] GC(252720) Pause Young (Allocation Failure)
[1368480.027s][info][gc,task      ] GC(252720) Using 9 workers of 9 for evacuation
[1368480.031s][info][gc,heap      ] GC(252720) ParNew: 106793K->2069K(118016K)
[1368480.031s][info][gc,heap      ] GC(252720) CMS: 1074102K->1074102K(1966080K)
[1368480.031s][info][gc,metaspace ] GC(252720) Metaspace: 95515K(98212K)->95515K(98212K) NonClass: 86277K(88004K)->86277K(88004K) Class: 9238K(10208K)->9238K(10208K)
[1368480.031s][info][gc           ] GC(252720) Pause Young (Allocation Failure) 1153M->1050M(2035M) 4.080ms
[1368480.031s][info][gc,cpu       ] GC(252720) User=0.00s Sys=0.00s Real=0.00s
[1368484.283s][info][gc,start     ] GC(252721) Pause Young (Allocation Failure)
[1368484.283s][info][gc,task      ] GC(252721) Using 9 workers of 9 for evacuation
[1368484.288s][info][gc,heap      ] GC(252721) ParNew: 107029K->9546K(118016K)
[1368484.288s][info][gc,heap      ] GC(252721) CMS: 1074102K->1074102K(1966080K)
[1368484.288s][info][gc,metaspace ] GC(252721) Metaspace: 95515K(98212K)->95515K(98212K) NonClass: 86277K(88004K)->86277K(88004K) Class: 9238K(10208K)->9238K(10208K)
[1368484.288s][info][gc           ] GC(252721) Pause Young (Allocation Failure) 1153M->1058M(2035M) 4.558ms
[1368484.288s][info][gc,cpu       ] GC(252721) User=0.00s Sys=0.00s Real=0.00s
[1368488.142s][info][gc,start     ] GC(252722) Pause Young (Allocation Failure)
[1368488.142s][info][gc,task      ] GC(252722) Using 9 workers of 9 for evacuation
[1368488.146s][info][gc,heap      ] GC(252722) ParNew: 114506K->1886K(118016K)
[1368488.146s][info][gc,heap      ] GC(252722) CMS: 1074102K->1074379K(1966080K)
[1368488.146s][info][gc,metaspace ] GC(252722) Metaspace: 95515K(98212K)->95515K(98212K) NonClass: 86277K(88004K)->86277K(88004K) Class: 9238K(10208K)->9238K(10208K)
[1368488.146s][info][gc           ] GC(252722) Pause Young (Allocation Failure) 1160M->1051M(2035M) 4.247ms
[1368488.146s][info][gc,cpu       ] GC(252722) User=0.03s Sys=0.02s Real=0.02s
[1368494.747s][info][gc,start     ] GC(252723) Pause Young (Allocation Failure)
[1368494.747s][info][gc,task      ] GC(252723) Using 9 workers of 9 for evacuation
[1368494.752s][info][gc,heap      ] GC(252723) ParNew: 106846K->9617K(118016K)
[1368494.752s][info][gc,heap      ] GC(252723) CMS: 1074379K->1074379K(1966080K)
[1368494.752s][info][gc,metaspace ] GC(252723) Metaspace: 95515K(98212K)->95515K(98212K) NonClass: 86277K(88004K)->86277K(88004K) Class: 9238K(10208K)->9238K(10208K)
[1368494.752s][info][gc           ] GC(252723) Pause Young (Allocation Failure) 1153M->1058M(2035M) 5.134ms
[1368494.752s][info][gc,cpu       ] GC(252723) User=0.00s Sys=0.00s Real=0.00s
[1368500.296s][info][gc,start     ] GC(252724) Pause Young (Allocation Failure)
[1368500.296s][info][gc,task      ] GC(252724) Using 9 workers of 9 for evacuation
[1368500.300s][info][gc,heap      ] GC(252724) ParNew: 114577K->1945K(118016K)
[1368500.300s][info][gc,heap      ] GC(252724) CMS: 1074379K->1074582K(1966080K)
[1368500.300s][info][gc,metaspace ] GC(252724) Metaspace: 95515K(98212K)->95515K(98212K) NonClass: 86277K(88004K)->86277K(88004K) Class: 9238K(10208K)->9238K(10208K)
[1368500.300s][info][gc           ] GC(252724) Pause Young (Allocation Failure) 1161M->1051M(2035M) 4.500ms
[1368500.300s][info][gc,cpu       ] GC(252724) User=0.00s Sys=0.00s Real=0.00s
[1368504.375s][info][gc,start     ] GC(252725) Pause Young (Allocation Failure)
[1368504.375s][info][gc,task      ] GC(252725) Using 9 workers of 9 for evacuation
[1368504.379s][info][gc,heap      ] GC(252725) ParNew: 106905K->9414K(118016K)
[1368504.379s][info][gc,heap      ] GC(252725) CMS: 1074582K->1074582K(1966080K)
[1368504.379s][info][gc,metaspace ] GC(252725) Metaspace: 95515K(98212K)->95515K(98212K) NonClass: 86277K(88004K)->86277K(88004K) Class: 9238K(10208K)->9238K(10208K)
[1368504.379s][info][gc           ] GC(252725) Pause Young (Allocation Failure) 1153M->1058M(2035M) 4.824ms
[1368504.379s][info][gc,cpu       ] GC(252725) User=0.00s Sys=0.00s Real=0.00s
[1368511.401s][info][gc,start     ] GC(252726) Pause Young (Allocation Failure)
[1368511.401s][info][gc,task      ] GC(252726) Using 9 workers of 9 for evacuation
[1368511.405s][info][gc,heap      ] GC(252726) ParNew: 114374K->10175K(118016K)
[1368511.406s][info][gc,heap      ] GC(252726) CMS: 1074582K->1074718K(1966080K)
[1368511.406s][info][gc,metaspace ] GC(252726) Metaspace: 95515K(98212K)->95515K(98212K) NonClass: 86277K(88004K)->86277K(88004K) Class: 9238K(10208K)->9238K(10208K)
[1368511.406s][info][gc           ] GC(252726) Pause Young (Allocation Failure) 1161M->1059M(2035M) 4.989ms
[1368511.406s][info][gc,cpu       ] GC(252726) User=0.00s Sys=0.00s Real=0.00s
[1368518.091s][info][gc,start     ] GC(252727) Pause Young (Allocation Failure)
[1368518.091s][info][gc,task      ] GC(252727) Using 9 workers of 9 for evacuation
[1368518.095s][info][gc,heap      ] GC(252727) ParNew: 115135K->3444K(118016K)
[1368518.095s][info][gc,heap      ] GC(252727) CMS: 1074718K->1074752K(1966080K)
[1368518.095s][info][gc,metaspace ] GC(252727) Metaspace: 95515K(98212K)->95515K(98212K) NonClass: 86277K(88004K)->86277K(88004K) Class: 9238K(10208K)->9238K(10208K)
[1368518.095s][info][gc           ] GC(252727) Pause Young (Allocation Failure) 1161M->1052M(2035M) 4.452ms
[1368518.095s][info][gc,cpu       ] GC(252727) User=0.00s Sys=0.00s Real=0.00s
[1368521.559s][info][gc,start     ] GC(252728) Pause Young (Allocation Failure)
[1368521.559s][info][gc,task      ] GC(252728) Using 9 workers of 9 for evacuation
[1368521.564s][info][gc,heap      ] GC(252728) ParNew: 108404K->9713K(118016K)
[1368521.564s][info][gc,heap      ] GC(252728) CMS: 1074752K->1074752K(1966080K)
[1368521.564s][info][gc,metaspace ] GC(252728) Metaspace: 95515K(98212K)->95515K(98212K) NonClass: 86277K(88004K)->86277K(88004K) Class: 9238K(10208K)->9238K(10208K)
[1368521.564s][info][gc           ] GC(252728) Pause Young (Allocation Failure) 1155M->1059M(2035M) 4.441ms
[1368521.564s][info][gc,cpu       ] GC(252728) User=0.00s Sys=0.00s Real=0.00s
[1368527.540s][info][gc,start     ] GC(252729) Pause Young (Allocation Failure)
[1368527.541s][info][gc,task      ] GC(252729) Using 9 workers of 9 for evacuation
[1368527.545s][info][gc,heap      ] GC(252729) ParNew: 114673K->2566K(118016K)
[1368527.545s][info][gc,heap      ] GC(252729) CMS: 1074752K->1075017K(1966080K)
[1368527.545s][info][gc,metaspace ] GC(252729) Metaspace: 95515K(98212K)->95515K(98212K) NonClass: 86277K(88004K)->86277K(88004K) Class: 9238K(10208K)->9238K(10208K)
[1368527.545s][info][gc           ] GC(252729) Pause Young (Allocation Failure) 1161M->1052M(2035M) 4.255ms
[1368527.545s][info][gc,cpu       ] GC(252729) User=0.02s Sys=0.00s Real=0.02s
[1368533.124s][info][gc,start     ] GC(252730) Pause Young (Allocation Failure)
[1368533.125s][info][gc,task      ] GC(252730) Using 9 workers of 9 for evacuation
[1368533.129s][info][gc,heap      ] GC(252730) ParNew: 107526K->9442K(118016K)
[1368533.129s][info][gc,heap      ] GC(252730) CMS: 1075017K->1075017K(1966080K)
[1368533.129s][info][gc,metaspace ] GC(252730) Metaspace: 95515K(98212K)->95515K(98212K) NonClass: 86277K(88004K)->86277K(88004K) Class: 9238K(10208K)->9238K(10208K)
[1368533.129s][info][gc           ] GC(252730) Pause Young (Allocation Failure) 1154M->1059M(2035M) 4.655ms
[1368533.129s][info][gc,cpu       ] GC(252730) User=0.00s Sys=0.00s Real=0.00s
[1368540.161s][info][gc,start     ] GC(252731) Pause Young (Allocation Failure)
[1368540.161s][info][gc,task      ] GC(252731) Using 9 workers of 9 for evacuation
[1368540.165s][info][gc,heap      ] GC(252731) ParNew: 114402K->2148K(118016K)
[1368540.165s][info][gc,heap      ] GC(252731) CMS: 1075017K->1075151K(1966080K)
[1368540.165s][info][gc,metaspace ] GC(252731) Metaspace: 95515K(98212K)->95515K(98212K) NonClass: 86277K(88004K)->86277K(88004K) Class: 9238K(10208K)->9238K(10208K)
[1368540.165s][info][gc           ] GC(252731) Pause Young (Allocation Failure) 1161M->1052M(2035M) 4.077ms
[1368540.165s][info][gc,cpu       ] GC(252731) User=0.00s Sys=0.00s Real=0.00s
[1368544.059s][info][gc,start     ] GC(252732) Pause Young (Allocation Failure)
[1368544.059s][info][gc,task      ] GC(252732) Using 9 workers of 9 for evacuation
[1368544.063s][info][gc,heap      ] GC(252732) ParNew: 107108K->9301K(118016K)
[1368544.063s][info][gc,heap      ] GC(252732) CMS: 1075151K->1075151K(1966080K)
[1368544.063s][info][gc,metaspace ] GC(252732) Metaspace: 95515K(98212K)->95515K(98212K) NonClass: 86277K(88004K)->86277K(88004K) Class: 9238K(10208K)->9238K(10208K)
[1368544.063s][info][gc           ] GC(252732) Pause Young (Allocation Failure) 1154M->1059M(2035M) 4.823ms
[1368544.064s][info][gc,cpu       ] GC(252732) User=0.02s Sys=0.00s Real=0.02s
[1368548.919s][info][gc,start     ] GC(252733) Pause Young (Allocation Failure)
[1368548.919s][info][gc,task      ] GC(252733) Using 9 workers of 9 for evacuation
[1368548.924s][info][gc,heap      ] GC(252733) ParNew: 114261K->10221K(118016K)
[1368548.924s][info][gc,heap      ] GC(252733) CMS: 1075151K->1075261K(1966080K)
[1368548.924s][info][gc,metaspace ] GC(252733) Metaspace: 95515K(98212K)->95515K(98212K) NonClass: 86277K(88004K)->86277K(88004K) Class: 9238K(10208K)->9238K(10208K)
[1368548.924s][info][gc           ] GC(252733) Pause Young (Allocation Failure) 1161M->1060M(2035M) 4.690ms
[1368548.924s][info][gc,cpu       ] GC(252733) User=0.00s Sys=0.00s Real=0.00s
[1368555.762s][info][gc,start     ] GC(252734) Pause Young (Allocation Failure)
[1368555.762s][info][gc,task      ] GC(252734) Using 9 workers of 9 for evacuation
[1368555.767s][info][gc,heap      ] GC(252734) ParNew: 115181K->3432K(118016K)
[1368555.767s][info][gc,heap      ] GC(252734) CMS: 1075261K->1083993K(1966080K)
[1368555.767s][info][gc,metaspace ] GC(252734) Metaspace: 95515K(98212K)->95515K(98212K) NonClass: 86277K(88004K)->86277K(88004K) Class: 9238K(10208K)->9238K(10208K)
[1368555.767s][info][gc           ] GC(252734) Pause Young (Allocation Failure) 1162M->1061M(2035M) 5.313ms
[1368555.767s][info][gc,cpu       ] GC(252734) User=0.06s Sys=0.00s Real=0.02s
[1368564.289s][info][gc,start     ] GC(252735) Pause Young (Allocation Failure)
[1368564.289s][info][gc,task      ] GC(252735) Using 9 workers of 9 for evacuation
[1368564.293s][info][gc,heap      ] GC(252735) ParNew: 108392K->9532K(118016K)
[1368564.293s][info][gc,heap      ] GC(252735) CMS: 1083993K->1083993K(1966080K)
[1368564.293s][info][gc,metaspace ] GC(252735) Metaspace: 95515K(98212K)->95515K(98212K) NonClass: 86277K(88004K)->86277K(88004K) Class: 9238K(10208K)->9238K(10208K)
[1368564.294s][info][gc           ] GC(252735) Pause Young (Allocation Failure) 1164M->1067M(2035M) 4.619ms
[1368564.294s][info][gc,cpu       ] GC(252735) User=0.00s Sys=0.00s Real=0.00s
[1368570.242s][info][gc,start     ] GC(252736) Pause Young (Allocation Failure)
[1368570.242s][info][gc,task      ] GC(252736) Using 9 workers of 9 for evacuation
[1368570.247s][info][gc,heap      ] GC(252736) ParNew: 114492K->10427K(118016K)
[1368570.247s][info][gc,heap      ] GC(252736) CMS: 1083993K->1084095K(1966080K)
[1368570.247s][info][gc,metaspace ] GC(252736) Metaspace: 95515K(98212K)->95515K(98212K) NonClass: 86277K(88004K)->86277K(88004K) Class: 9238K(10208K)->9238K(10208K)
[1368570.247s][info][gc           ] GC(252736) Pause Young (Allocation Failure) 1170M->1068M(2035M) 4.611ms
[1368570.247s][info][gc,cpu       ] GC(252736) User=0.00s Sys=0.00s Real=0.00s
[1368575.264s][info][gc,start     ] GC(252737) Pause Young (Allocation Failure)
[1368575.265s][info][gc,task      ] GC(252737) Using 9 workers of 9 for evacuation
[1368575.269s][info][gc,heap      ] GC(252737) ParNew: 115387K->3848K(118016K)
[1368575.269s][info][gc,heap      ] GC(252737) CMS: 1084095K->1092811K(1966080K)
[1368575.269s][info][gc,metaspace ] GC(252737) Metaspace: 95515K(98212K)->95515K(98212K) NonClass: 86277K(88004K)->86277K(88004K) Class: 9238K(10208K)->9238K(10208K)
[1368575.269s][info][gc           ] GC(252737) Pause Young (Allocation Failure) 1171M->1070M(2035M) 4.958ms
[1368575.270s][info][gc,cpu       ] GC(252737) User=0.00s Sys=0.00s Real=0.00s
[1368580.322s][info][gc,start     ] GC(252738) Pause Young (Allocation Failure)
[1368580.322s][info][gc,task      ] GC(252738) Using 9 workers of 9 for evacuation
[1368580.326s][info][gc,heap      ] GC(252738) ParNew: 108808K->9701K(118016K)
[1368580.327s][info][gc,heap      ] GC(252738) CMS: 1092811K->1092811K(1966080K)
[1368580.327s][info][gc,metaspace ] GC(252738) Metaspace: 95515K(98212K)->95515K(98212K) NonClass: 86277K(88004K)->86277K(88004K) Class: 9238K(10208K)->9238K(10208K)
[1368580.327s][info][gc           ] GC(252738) Pause Young (Allocation Failure) 1173M->1076M(2035M) 4.645ms
[1368580.327s][info][gc,cpu       ] GC(252738) User=0.00s Sys=0.00s Real=0.00s
[1368585.948s][info][gc,start     ] GC(252739) Pause Young (Allocation Failure)
[1368585.948s][info][gc,task      ] GC(252739) Using 9 workers of 9 for evacuation
[1368585.953s][info][gc,heap      ] GC(252739) ParNew: 114661K->2613K(118016K)
[1368585.953s][info][gc,heap      ] GC(252739) CMS: 1092811K->1101611K(1966080K)
[1368585.953s][info][gc,metaspace ] GC(252739) Metaspace: 95515K(98212K)->95515K(98212K) NonClass: 86277K(88004K)->86277K(88004K) Class: 9238K(10208K)->9238K(10208K)
[1368585.953s][info][gc           ] GC(252739) Pause Young (Allocation Failure) 1179M->1078M(2035M) 5.170ms
[1368585.953s][info][gc,cpu       ] GC(252739) User=0.00s Sys=0.00s Real=0.00s
[1368590.215s][info][gc,start     ] GC(252740) Pause Young (Allocation Failure)
[1368590.216s][info][gc,task      ] GC(252740) Using 9 workers of 9 for evacuation
[1368590.220s][info][gc,heap      ] GC(252740) ParNew: 107573K->9424K(118016K)
[1368590.220s][info][gc,heap      ] GC(252740) CMS: 1101611K->1101611K(1966080K)
[1368590.220s][info][gc,metaspace ] GC(252740) Metaspace: 95515K(98212K)->95515K(98212K) NonClass: 86277K(88004K)->86277K(88004K) Class: 9238K(10208K)->9238K(10208K)
[1368590.220s][info][gc           ] GC(252740) Pause Young (Allocation Failure) 1180M->1084M(2035M) 4.483ms
[1368590.220s][info][gc,cpu       ] GC(252740) User=0.00s Sys=0.00s Real=0.00s
[1368593.452s][info][gc,start     ] GC(252741) Pause Young (Allocation Failure)
[1368593.452s][info][gc,task      ] GC(252741) Using 9 workers of 9 for evacuation
[1368593.458s][info][gc,heap      ] GC(252741) ParNew: 114384K->2191K(118016K)
[1368593.458s][info][gc,heap      ] GC(252741) CMS: 1101611K->1110403K(1966080K)
[1368593.458s][info][gc,metaspace ] GC(252741) Metaspace: 95515K(98212K)->95515K(98212K) NonClass: 86277K(88004K)->86277K(88004K) Class: 9238K(10208K)->9238K(10208K)
[1368593.458s][info][gc           ] GC(252741) Pause Young (Allocation Failure) 1187M->1086M(2035M) 5.308ms
[1368593.458s][info][gc,cpu       ] GC(252741) User=0.11s Sys=0.00s Real=0.02s
[1368598.004s][info][gc,start     ] GC(252742) Pause Young (Allocation Failure)
[1368598.004s][info][gc,task      ] GC(252742) Using 9 workers of 9 for evacuation
[1368598.008s][info][gc,heap      ] GC(252742) ParNew: 107151K->980K(118016K)
[1368598.008s][info][gc,heap      ] GC(252742) CMS: 1110403K->1110403K(1966080K)
[1368598.008s][info][gc,metaspace ] GC(252742) Metaspace: 95515K(98212K)->95515K(98212K) NonClass: 86277K(88004K)->86277K(88004K) Class: 9238K(10208K)->9238K(10208K)
[1368598.008s][info][gc           ] GC(252742) Pause Young (Allocation Failure) 1189M->1085M(2035M) 4.565ms
[1368598.008s][info][gc,cpu       ] GC(252742) User=0.00s Sys=0.00s Real=0.00s
[1368603.905s][info][gc,start     ] GC(252743) Pause Young (Allocation Failure)
[1368603.905s][info][gc,task      ] GC(252743) Using 9 workers of 9 for evacuation
[1368603.910s][info][gc,heap      ] GC(252743) ParNew: 105940K->9540K(118016K)
[1368603.910s][info][gc,heap      ] GC(252743) CMS: 1110403K->1110403K(1966080K)
[1368603.910s][info][gc,metaspace ] GC(252743) Metaspace: 95515K(98212K)->95515K(98212K) NonClass: 86277K(88004K)->86277K(88004K) Class: 9238K(10208K)->9238K(10208K)
[1368603.910s][info][gc           ] GC(252743) Pause Young (Allocation Failure) 1187M->1093M(2035M) 5.083ms
[1368603.910s][info][gc,cpu       ] GC(252743) User=0.00s Sys=0.00s Real=0.00s
[1368609.517s][info][gc,start     ] GC(252744) Pause Young (Allocation Failure)
[1368609.518s][info][gc,task      ] GC(252744) Using 9 workers of 9 for evacuation
[1368609.522s][info][gc,heap      ] GC(252744) ParNew: 114500K->1564K(118016K)
[1368609.522s][info][gc,heap      ] GC(252744) CMS: 1110403K->1110801K(1966080K)
[1368609.522s][info][gc,metaspace ] GC(252744) Metaspace: 95515K(98212K)->95515K(98212K) NonClass: 86277K(88004K)->86277K(88004K) Class: 9238K(10208K)->9238K(10208K)
[1368609.522s][info][gc           ] GC(252744) Pause Young (Allocation Failure) 1196M->1086M(2035M) 4.946ms
[1368609.523s][info][gc,cpu       ] GC(252744) User=0.02s Sys=0.00s Real=0.02s
[1368613.586s][info][gc,start     ] GC(252745) Pause Young (Allocation Failure)
[1368613.586s][info][gc,task      ] GC(252745) Using 9 workers of 9 for evacuation
[1368613.591s][info][gc,heap      ] GC(252745) ParNew: 106524K->9337K(118016K)
[1368613.591s][info][gc,heap      ] GC(252745) CMS: 1110801K->1110801K(1966080K)
[1368613.591s][info][gc,metaspace ] GC(252745) Metaspace: 95515K(98212K)->95515K(98212K) NonClass: 86277K(88004K)->86277K(88004K) Class: 9238K(10208K)->9238K(10208K)
[1368613.591s][info][gc           ] GC(252745) Pause Young (Allocation Failure) 1188M->1093M(2035M) 4.915ms
[1368613.591s][info][gc,cpu       ] GC(252745) User=0.00s Sys=0.00s Real=0.00s
[1368619.439s][info][gc,start     ] GC(252746) Pause Young (Allocation Failure)
[1368619.439s][info][gc,task      ] GC(252746) Using 9 workers of 9 for evacuation
[1368619.443s][info][gc,heap      ] GC(252746) ParNew: 114297K->1604K(118016K)
[1368619.443s][info][gc,heap      ] GC(252746) CMS: 1110801K->1110962K(1966080K)
[1368619.443s][info][gc,metaspace ] GC(252746) Metaspace: 95515K(98212K)->95515K(98212K) NonClass: 86277K(88004K)->86277K(88004K) Class: 9238K(10208K)->9238K(10208K)
[1368619.443s][info][gc           ] GC(252746) Pause Young (Allocation Failure) 1196M->1086M(2035M) 4.226ms
[1368619.443s][info][gc,cpu       ] GC(252746) User=0.00s Sys=0.00s Real=0.00s
[1368625.564s][info][gc,start     ] GC(252747) Pause Young (Allocation Failure)
[1368625.565s][info][gc,task      ] GC(252747) Using 9 workers of 9 for evacuation
[1368625.569s][info][gc,heap      ] GC(252747) ParNew: 106564K->9295K(118016K)
[1368625.569s][info][gc,heap      ] GC(252747) CMS: 1110962K->1110962K(1966080K)
[1368625.569s][info][gc,metaspace ] GC(252747) Metaspace: 95515K(98212K)->95515K(98212K) NonClass: 86277K(88004K)->86277K(88004K) Class: 9238K(10208K)->9238K(10208K)
[1368625.569s][info][gc           ] GC(252747) Pause Young (Allocation Failure) 1188M->1094M(2035M) 4.823ms
[1368625.569s][info][gc,cpu       ] GC(252747) User=0.00s Sys=0.00s Real=0.00s
[1368632.013s][info][gc,start     ] GC(252748) Pause Young (Allocation Failure)
[1368632.014s][info][gc,task      ] GC(252748) Using 9 workers of 9 for evacuation
[1368632.018s][info][gc,heap      ] GC(252748) ParNew: 114255K->9992K(118016K)
[1368632.018s][info][gc,heap      ] GC(252748) CMS: 1110962K->1111081K(1966080K)
[1368632.018s][info][gc,metaspace ] GC(252748) Metaspace: 95515K(98212K)->95515K(98212K) NonClass: 86277K(88004K)->86277K(88004K) Class: 9238K(10208K)->9238K(10208K)
[1368632.018s][info][gc           ] GC(252748) Pause Young (Allocation Failure) 1196M->1094M(2035M) 4.799ms
[1368632.018s][info][gc,cpu       ] GC(252748) User=0.00s Sys=0.00s Real=0.00s
[1368639.737s][info][gc,start     ] GC(252749) Pause Young (Allocation Failure)
[1368639.737s][info][gc,task      ] GC(252749) Using 9 workers of 9 for evacuation
[1368639.741s][info][gc,heap      ] GC(252749) ParNew: 114952K->3132K(118016K)
[1368639.741s][info][gc,heap      ] GC(252749) CMS: 1111081K->1111166K(1966080K)
[1368639.741s][info][gc,metaspace ] GC(252749) Metaspace: 95515K(98212K)->95515K(98212K) NonClass: 86277K(88004K)->86277K(88004K) Class: 9238K(10208K)->9238K(10208K)
[1368639.741s][info][gc           ] GC(252749) Pause Young (Allocation Failure) 1197M->1088M(2035M) 4.101ms
[1368639.741s][info][gc,cpu       ] GC(252749) User=0.00s Sys=0.00s Real=0.00s
[1368644.734s][info][gc,start     ] GC(252750) Pause Young (Allocation Failure)
[1368644.734s][info][gc,task      ] GC(252750) Using 9 workers of 9 for evacuation
[1368644.739s][info][gc,heap      ] GC(252750) ParNew: 108092K->9529K(118016K)
[1368644.739s][info][gc,heap      ] GC(252750) CMS: 1111166K->1111166K(1966080K)
[1368644.739s][info][gc,metaspace ] GC(252750) Metaspace: 95515K(98212K)->95515K(98212K) NonClass: 86277K(88004K)->86277K(88004K) Class: 9238K(10208K)->9238K(10208K)
[1368644.739s][info][gc           ] GC(252750) Pause Young (Allocation Failure) 1190M->1094M(2035M) 5.179ms
[1368644.739s][info][gc,cpu       ] GC(252750) User=0.00s Sys=0.00s Real=0.00s
[1368649.820s][info][gc,start     ] GC(252751) Pause Young (Allocation Failure)
[1368649.820s][info][gc,task      ] GC(252751) Using 9 workers of 9 for evacuation
[1368649.824s][info][gc,heap      ] GC(252751) ParNew: 114489K->2365K(118016K)
[1368649.824s][info][gc,heap      ] GC(252751) CMS: 1111166K->1111253K(1966080K)
[1368649.824s][info][gc,metaspace ] GC(252751) Metaspace: 95515K(98212K)->95515K(98212K) NonClass: 86277K(88004K)->86277K(88004K) Class: 9238K(10208K)->9238K(10208K)
[1368649.824s][info][gc           ] GC(252751) Pause Young (Allocation Failure) 1196M->1087M(2035M) 4.041ms
[1368649.824s][info][gc,cpu       ] GC(252751) User=0.14s Sys=0.00s Real=0.02s
[1368654.908s][info][gc,start     ] GC(252752) Pause Young (Allocation Failure)
[1368654.908s][info][gc,task      ] GC(252752) Using 9 workers of 9 for evacuation
[1368654.913s][info][gc,heap      ] GC(252752) ParNew: 107325K->9481K(118016K)
[1368654.913s][info][gc,heap      ] GC(252752) CMS: 1111253K->1111253K(1966080K)
[1368654.913s][info][gc,metaspace ] GC(252752) Metaspace: 95515K(98212K)->95515K(98212K) NonClass: 86277K(88004K)->86277K(88004K) Class: 9238K(10208K)->9238K(10208K)
[1368654.913s][info][gc           ] GC(252752) Pause Young (Allocation Failure) 1190M->1094M(2035M) 4.665ms
[1368654.913s][info][gc,cpu       ] GC(252752) User=0.00s Sys=0.00s Real=0.00s
[1368659.597s][info][gc,start     ] GC(252753) Pause Young (Allocation Failure)
[1368659.597s][info][gc,task      ] GC(252753) Using 9 workers of 9 for evacuation
[1368659.601s][info][gc,heap      ] GC(252753) ParNew: 114441K->1914K(118016K)
[1368659.601s][info][gc,heap      ] GC(252753) CMS: 1111253K->1111411K(1966080K)
[1368659.601s][info][gc,metaspace ] GC(252753) Metaspace: 95515K(98212K)->95515K(98212K) NonClass: 86277K(88004K)->86277K(88004K) Class: 9238K(10208K)->9238K(10208K)
[1368659.601s][info][gc           ] GC(252753) Pause Young (Allocation Failure) 1196M->1087M(2035M) 4.127ms
[1368659.601s][info][gc,cpu       ] GC(252753) User=0.00s Sys=0.00s Real=0.00s
[1368663.806s][info][gc,start     ] GC(252754) Pause Young (Allocation Failure)
[1368663.806s][info][gc,task      ] GC(252754) Using 9 workers of 9 for evacuation
[1368663.811s][info][gc,heap      ] GC(252754) ParNew: 106874K->9364K(118016K)
[1368663.811s][info][gc,heap      ] GC(252754) CMS: 1111411K->1111411K(1966080K)
[1368663.811s][info][gc,metaspace ] GC(252754) Metaspace: 95515K(98212K)->95515K(98212K) NonClass: 86277K(88004K)->86277K(88004K) Class: 9238K(10208K)->9238K(10208K)
[1368663.811s][info][gc           ] GC(252754) Pause Young (Allocation Failure) 1189M->1094M(2035M) 4.707ms
[1368663.811s][info][gc,cpu       ] GC(252754) User=0.03s Sys=0.00s Real=0.02s
[1368667.858s][info][gc,start     ] GC(252755) Pause Young (Allocation Failure)
[1368667.858s][info][gc,task      ] GC(252755) Using 9 workers of 9 for evacuation
[1368667.863s][info][gc,heap      ] GC(252755) ParNew: 114321K->1844K(118016K)
[1368667.863s][info][gc,heap      ] GC(252755) CMS: 1111411K->1111563K(1966080K)
[1368667.863s][info][gc,metaspace ] GC(252755) Metaspace: 95515K(98212K)->95515K(98212K) NonClass: 86277K(88004K)->86277K(88004K) Class: 9238K(10208K)->9238K(10208K)
[1368667.863s][info][gc           ] GC(252755) Pause Young (Allocation Failure) 1197M->1087M(2035M) 4.651ms
[1368667.863s][info][gc,cpu       ] GC(252755) User=0.00s Sys=0.00s Real=0.00s
[1368672.165s][info][gc,start     ] GC(252756) Pause Young (Allocation Failure)
[1368672.165s][info][gc,task      ] GC(252756) Using 9 workers of 9 for evacuation
[1368672.169s][info][gc,heap      ] GC(252756) ParNew: 106804K->807K(118016K)
[1368672.169s][info][gc,heap      ] GC(252756) CMS: 1111563K->1111563K(1966080K)
[1368672.169s][info][gc,metaspace ] GC(252756) Metaspace: 95515K(98212K)->95515K(98212K) NonClass: 86277K(88004K)->86277K(88004K) Class: 9238K(10208K)->9238K(10208K)
[1368672.169s][info][gc           ] GC(252756) Pause Young (Allocation Failure) 1189M->1086M(2035M) 4.759ms
[1368672.170s][info][gc,cpu       ] GC(252756) User=0.14s Sys=0.00s Real=0.02s
[1368677.704s][info][gc,start     ] GC(252757) Pause Young (Allocation Failure)
[1368677.705s][info][gc,task      ] GC(252757) Using 9 workers of 9 for evacuation
[1368677.709s][info][gc,heap      ] GC(252757) ParNew: 105767K->793K(118016K)
[1368677.709s][info][gc,heap      ] GC(252757) CMS: 1111563K->1111563K(1966080K)
[1368677.709s][info][gc,metaspace ] GC(252757) Metaspace: 95515K(98212K)->95515K(98212K) NonClass: 86277K(88004K)->86277K(88004K) Class: 9238K(10208K)->9238K(10208K)
[1368677.709s][info][gc           ] GC(252757) Pause Young (Allocation Failure) 1188M->1086M(2035M) 4.482ms
[1368677.709s][info][gc,cpu       ] GC(252757) User=0.00s Sys=0.00s Real=0.00s
[1368680.662s][info][gc,start     ] GC(252758) Pause Young (Allocation Failure)
[1368680.662s][info][gc,task      ] GC(252758) Using 9 workers of 9 for evacuation
[1368680.667s][info][gc,heap      ] GC(252758) ParNew: 105753K->9668K(118016K)
[1368680.667s][info][gc,heap      ] GC(252758) CMS: 1111563K->1111563K(1966080K)
[1368680.667s][info][gc,metaspace ] GC(252758) Metaspace: 95515K(98212K)->95515K(98212K) NonClass: 86277K(88004K)->86277K(88004K) Class: 9238K(10208K)->9238K(10208K)
[1368680.667s][info][gc           ] GC(252758) Pause Young (Allocation Failure) 1188M->1094M(2035M) 4.828ms
[1368680.667s][info][gc,cpu       ] GC(252758) User=0.00s Sys=0.00s Real=0.00s
[1368686.260s][info][gc,start     ] GC(252759) Pause Young (Allocation Failure)
[1368686.260s][info][gc,task      ] GC(252759) Using 9 workers of 9 for evacuation
[1368686.266s][info][gc,heap      ] GC(252759) ParNew: 114628K->1957K(118016K)
[1368686.266s][info][gc,heap      ] GC(252759) CMS: 1111563K->1120694K(1966080K)
[1368686.266s][info][gc,metaspace ] GC(252759) Metaspace: 95515K(98212K)->95515K(98212K) NonClass: 86277K(88004K)->86277K(88004K) Class: 9238K(10208K)->9238K(10208K)
[1368686.266s][info][gc           ] GC(252759) Pause Young (Allocation Failure) 1197M->1096M(2035M) 5.865ms
[1368686.266s][info][gc,cpu       ] GC(252759) User=0.13s Sys=0.02s Real=0.02s
[1368692.304s][info][gc,start     ] GC(252760) Pause Young (Allocation Failure)
[1368692.304s][info][gc,task      ] GC(252760) Using 9 workers of 9 for evacuation
[1368692.309s][info][gc,heap      ] GC(252760) ParNew: 106917K->9328K(118016K)
[1368692.309s][info][gc,heap      ] GC(252760) CMS: 1120694K->1120694K(1966080K)
[1368692.309s][info][gc,metaspace ] GC(252760) Metaspace: 95515K(98212K)->95515K(98212K) NonClass: 86277K(88004K)->86277K(88004K) Class: 9238K(10208K)->9238K(10208K)
[1368692.309s][info][gc           ] GC(252760) Pause Young (Allocation Failure) 1198M->1103M(2035M) 4.680ms
[1368692.309s][info][gc,cpu       ] GC(252760) User=0.00s Sys=0.00s Real=0.00s
[1368698.757s][info][gc,start     ] GC(252761) Pause Young (Allocation Failure)
[1368698.758s][info][gc,task      ] GC(252761) Using 9 workers of 9 for evacuation
[1368698.762s][info][gc,heap      ] GC(252761) ParNew: 114288K->1877K(118016K)
[1368698.762s][info][gc,heap      ] GC(252761) CMS: 1120694K->1120855K(1966080K)
[1368698.762s][info][gc,metaspace ] GC(252761) Metaspace: 95515K(98212K)->95515K(98212K) NonClass: 86277K(88004K)->86277K(88004K) Class: 9238K(10208K)->9238K(10208K)
[1368698.762s][info][gc           ] GC(252761) Pause Young (Allocation Failure) 1206M->1096M(2035M) 4.711ms
[1368698.762s][info][gc,cpu       ] GC(252761) User=0.00s Sys=0.00s Real=0.00s
[1368703.529s][info][gc,start     ] GC(252762) Pause Young (Allocation Failure)
[1368703.530s][info][gc,task      ] GC(252762) Using 9 workers of 9 for evacuation
[1368703.534s][info][gc,heap      ] GC(252762) ParNew: 106837K->9309K(118016K)
[1368703.534s][info][gc,heap      ] GC(252762) CMS: 1120855K->1120855K(1966080K)
[1368703.534s][info][gc,metaspace ] GC(252762) Metaspace: 95515K(98212K)->95515K(98212K) NonClass: 86277K(88004K)->86277K(88004K) Class: 9238K(10208K)->9238K(10208K)
[1368703.534s][info][gc           ] GC(252762) Pause Young (Allocation Failure) 1198M->1103M(2035M) 4.926ms
[1368703.534s][info][gc,cpu       ] GC(252762) User=0.14s Sys=0.00s Real=0.02s
[1368709.202s][info][gc,start     ] GC(252763) Pause Young (Allocation Failure)
[1368709.202s][info][gc,task      ] GC(252763) Using 9 workers of 9 for evacuation
[1368709.206s][info][gc,heap      ] GC(252763) ParNew: 114269K->9992K(118016K)
[1368709.206s][info][gc,heap      ] GC(252763) CMS: 1120855K->1120960K(1966080K)
[1368709.206s][info][gc,metaspace ] GC(252763) Metaspace: 95515K(98212K)->95515K(98212K) NonClass: 86277K(88004K)->86277K(88004K) Class: 9238K(10208K)->9238K(10208K)
[1368709.206s][info][gc           ] GC(252763) Pause Young (Allocation Failure) 1206M->1104M(2035M) 4.711ms
[1368709.206s][info][gc,cpu       ] GC(252763) User=0.00s Sys=0.00s Real=0.00s
[1368714.402s][info][gc,start     ] GC(252764) Pause Young (Allocation Failure)
[1368714.402s][info][gc,task      ] GC(252764) Using 9 workers of 9 for evacuation
[1368714.408s][info][gc,heap      ] GC(252764) ParNew: 114952K->3295K(118016K)
[1368714.408s][info][gc,heap      ] GC(252764) CMS: 1120960K->1129657K(1966080K)
[1368714.408s][info][gc,metaspace ] GC(252764) Metaspace: 95515K(98212K)->95515K(98212K) NonClass: 86277K(88004K)->86277K(88004K) Class: 9238K(10208K)->9238K(10208K)
[1368714.408s][info][gc           ] GC(252764) Pause Young (Allocation Failure) 1206M->1106M(2035M) 5.629ms
[1368714.408s][info][gc,cpu       ] GC(252764) User=0.00s Sys=0.00s Real=0.00s
[1368721.312s][info][gc,start     ] GC(252765) Pause Young (Allocation Failure)
[1368721.313s][info][gc,task      ] GC(252765) Using 9 workers of 9 for evacuation
[1368721.317s][info][gc,heap      ] GC(252765) ParNew: 108255K->9553K(118016K)
[1368721.317s][info][gc,heap      ] GC(252765) CMS: 1129657K->1129657K(1966080K)
[1368721.317s][info][gc,metaspace ] GC(252765) Metaspace: 95515K(98212K)->95515K(98212K) NonClass: 86277K(88004K)->86277K(88004K) Class: 9238K(10208K)->9238K(10208K)
[1368721.317s][info][gc           ] GC(252765) Pause Young (Allocation Failure) 1208M->1112M(2035M) 5.000ms
[1368721.317s][info][gc,cpu       ] GC(252765) User=0.00s Sys=0.00s Real=0.00s
[1368728.206s][info][gc,start     ] GC(252766) Pause Young (Allocation Failure)
[1368728.206s][info][gc,task      ] GC(252766) Using 9 workers of 9 for evacuation
[1368728.210s][info][gc,heap      ] GC(252766) ParNew: 114513K->2422K(118016K)
[1368728.210s][info][gc,heap      ] GC(252766) CMS: 1129657K->1129826K(1966080K)
[1368728.210s][info][gc,metaspace ] GC(252766) Metaspace: 95515K(98212K)->95515K(98212K) NonClass: 86277K(88004K)->86277K(88004K) Class: 9238K(10208K)->9238K(10208K)
[1368728.210s][info][gc           ] GC(252766) Pause Young (Allocation Failure) 1215M->1105M(2035M) 4.237ms
[1368728.210s][info][gc,cpu       ] GC(252766) User=0.00s Sys=0.00s Real=0.00s
[1368737.160s][info][gc,start     ] GC(252767) Pause Young (Allocation Failure)
[1368737.160s][info][gc,task      ] GC(252767) Using 9 workers of 9 for evacuation
[1368737.166s][info][gc,heap      ] GC(252767) ParNew: 107382K->9335K(118016K)
[1368737.166s][info][gc,heap      ] GC(252767) CMS: 1129826K->1129826K(1966080K)
[1368737.166s][info][gc,metaspace ] GC(252767) Metaspace: 95515K(98212K)->95515K(98212K) NonClass: 86277K(88004K)->86277K(88004K) Class: 9238K(10208K)->9238K(10208K)
[1368737.166s][info][gc           ] GC(252767) Pause Young (Allocation Failure) 1208M->1112M(2035M) 5.702ms
[1368737.166s][info][gc,cpu       ] GC(252767) User=0.00s Sys=0.00s Real=0.00s
[1368744.584s][info][gc,start     ] GC(252768) Pause Young (Allocation Failure)
[1368744.584s][info][gc,task      ] GC(252768) Using 9 workers of 9 for evacuation
[1368744.589s][info][gc,heap      ] GC(252768) ParNew: 114295K->9809K(118016K)
[1368744.589s][info][gc,heap      ] GC(252768) CMS: 1129826K->1129890K(1966080K)
[1368744.589s][info][gc,metaspace ] GC(252768) Metaspace: 95515K(98212K)->95515K(98212K) NonClass: 86277K(88004K)->86277K(88004K) Class: 9238K(10208K)->9238K(10208K)
[1368744.589s][info][gc           ] GC(252768) Pause Young (Allocation Failure) 1214M->1112M(2035M) 4.595ms
[1368744.589s][info][gc,cpu       ] GC(252768) User=0.00s Sys=0.00s Real=0.00s
[1368752.063s][info][gc,start     ] GC(252769) Pause Young (Allocation Failure)
[1368752.064s][info][gc,task      ] GC(252769) Using 9 workers of 9 for evacuation
[1368752.068s][info][gc,heap      ] GC(252769) ParNew: 114769K->11098K(118016K)
[1368752.068s][info][gc,heap      ] GC(252769) CMS: 1129890K->1129986K(1966080K)
[1368752.068s][info][gc,metaspace ] GC(252769) Metaspace: 95515K(98212K)->95515K(98212K) NonClass: 86277K(88004K)->86277K(88004K) Class: 9238K(10208K)->9238K(10208K)
[1368752.068s][info][gc           ] GC(252769) Pause Young (Allocation Failure) 1215M->1114M(2035M) 4.790ms
[1368752.068s][info][gc,cpu       ] GC(252769) User=0.14s Sys=0.00s Real=0.02s
[1368758.815s][info][gc,start     ] GC(252770) Pause Young (Allocation Failure)
[1368758.815s][info][gc,task      ] GC(252770) Using 9 workers of 9 for evacuation
[1368758.819s][info][gc,heap      ] GC(252770) ParNew: 116058K->4737K(118016K)
[1368758.820s][info][gc,heap      ] GC(252770) CMS: 1129986K->1130011K(1966080K)
[1368758.820s][info][gc,metaspace ] GC(252770) Metaspace: 95515K(98212K)->95515K(98212K) NonClass: 86277K(88004K)->86277K(88004K) Class: 9238K(10208K)->9238K(10208K)
[1368758.820s][info][gc           ] GC(252770) Pause Young (Allocation Failure) 1216M->1108M(2035M) 4.290ms
[1368758.820s][info][gc,cpu       ] GC(252770) User=0.03s Sys=0.00s Real=0.02s
[1368762.494s][info][gc,start     ] GC(252771) Pause Young (Allocation Failure)
[1368762.494s][info][gc,task      ] GC(252771) Using 9 workers of 9 for evacuation
[1368762.499s][info][gc,heap      ] GC(252771) ParNew: 109697K->9866K(118016K)
[1368762.499s][info][gc,heap      ] GC(252771) CMS: 1130011K->1130011K(1966080K)
[1368762.499s][info][gc,metaspace ] GC(252771) Metaspace: 95515K(98212K)->95515K(98212K) NonClass: 86277K(88004K)->86277K(88004K) Class: 9238K(10208K)->9238K(10208K)
[1368762.499s][info][gc           ] GC(252771) Pause Young (Allocation Failure) 1210M->1113M(2035M) 4.658ms
[1368762.499s][info][gc,cpu       ] GC(252771) User=0.00s Sys=0.00s Real=0.00s
[1368767.150s][info][gc,start     ] GC(252772) Pause Young (Allocation Failure)
[1368767.150s][info][gc,task      ] GC(252772) Using 9 workers of 9 for evacuation
[1368767.155s][info][gc,heap      ] GC(252772) ParNew: 114826K->2842K(118016K)
[1368767.156s][info][gc,heap      ] GC(252772) CMS: 1130011K->1138830K(1966080K)
[1368767.156s][info][gc,metaspace ] GC(252772) Metaspace: 95515K(98212K)->95515K(98212K) NonClass: 86277K(88004K)->86277K(88004K) Class: 9238K(10208K)->9238K(10208K)
[1368767.156s][info][gc           ] GC(252772) Pause Young (Allocation Failure) 1215M->1114M(2035M) 5.618ms
[1368767.156s][info][gc,cpu       ] GC(252772) User=0.00s Sys=0.02s Real=0.01s
[1368773.007s][info][gc,start     ] GC(252773) Pause Young (Allocation Failure)
[1368773.007s][info][gc,task      ] GC(252773) Using 9 workers of 9 for evacuation
[1368773.012s][info][gc,heap      ] GC(252773) ParNew: 107802K->9499K(118016K)
[1368773.012s][info][gc,heap      ] GC(252773) CMS: 1138830K->1138830K(1966080K)
[1368773.012s][info][gc,metaspace ] GC(252773) Metaspace: 95515K(98212K)->95515K(98212K) NonClass: 86277K(88004K)->86277K(88004K) Class: 9238K(10208K)->9238K(10208K)
[1368773.012s][info][gc           ] GC(252773) Pause Young (Allocation Failure) 1217M->1121M(2035M) 4.772ms
[1368773.012s][info][gc,cpu       ] GC(252773) User=0.00s Sys=0.00s Real=0.00s
[1368780.291s][info][gc,start     ] GC(252774) Pause Young (Allocation Failure)
[1368780.291s][info][gc,task      ] GC(252774) Using 9 workers of 9 for evacuation
[1368780.296s][info][gc,heap      ] GC(252774) ParNew: 114459K->2272K(118016K)
[1368780.296s][info][gc,heap      ] GC(252774) CMS: 1138830K->1138973K(1966080K)
[1368780.296s][info][gc,metaspace ] GC(252774) Metaspace: 95515K(98212K)->95515K(98212K) NonClass: 86277K(88004K)->86277K(88004K) Class: 9238K(10208K)->9238K(10208K)
[1368780.296s][info][gc           ] GC(252774) Pause Young (Allocation Failure) 1223M->1114M(2035M) 5.454ms
[1368780.296s][info][gc,cpu       ] GC(252774) User=0.00s Sys=0.00s Real=0.00s
[1368785.930s][info][gc,start     ] GC(252775) Pause Young (Allocation Failure)
[1368785.930s][info][gc,task      ] GC(252775) Using 9 workers of 9 for evacuation
[1368785.935s][info][gc,heap      ] GC(252775) ParNew: 107232K->9274K(118016K)
[1368785.935s][info][gc,heap      ] GC(252775) CMS: 1138973K->1138973K(1966080K)
[1368785.935s][info][gc,metaspace ] GC(252775) Metaspace: 95515K(98212K)->95515K(98212K) NonClass: 86277K(88004K)->86277K(88004K) Class: 9238K(10208K)->9238K(10208K)
[1368785.935s][info][gc           ] GC(252775) Pause Young (Allocation Failure) 1216M->1121M(2035M) 4.925ms
[1368785.935s][info][gc,cpu       ] GC(252775) User=0.00s Sys=0.00s Real=0.00s
[1368791.976s][info][gc,start     ] GC(252776) Pause Young (Allocation Failure)
[1368791.976s][info][gc,task      ] GC(252776) Using 9 workers of 9 for evacuation
[1368791.980s][info][gc,heap      ] GC(252776) ParNew: 114234K->10181K(118016K)
[1368791.980s][info][gc,heap      ] GC(252776) CMS: 1138973K->1139085K(1966080K)
[1368791.980s][info][gc,metaspace ] GC(252776) Metaspace: 95515K(98212K)->95515K(98212K) NonClass: 86277K(88004K)->86277K(88004K) Class: 9238K(10208K)->9238K(10208K)
[1368791.980s][info][gc           ] GC(252776) Pause Young (Allocation Failure) 1223M->1122M(2035M) 4.564ms
[1368791.980s][info][gc,cpu       ] GC(252776) User=0.00s Sys=0.00s Real=0.00s
[1368797.894s][info][gc,start     ] GC(252777) Pause Young (Allocation Failure)
[1368797.894s][info][gc,task      ] GC(252777) Using 9 workers of 9 for evacuation
[1368797.898s][info][gc,heap      ] GC(252777) ParNew: 115141K->3369K(118016K)
[1368797.898s][info][gc,heap      ] GC(252777) CMS: 1139085K->1139140K(1966080K)
[1368797.898s][info][gc,metaspace ] GC(252777) Metaspace: 95515K(98212K)->95515K(98212K) NonClass: 86277K(88004K)->86277K(88004K) Class: 9238K(10208K)->9238K(10208K)
[1368797.898s][info][gc           ] GC(252777) Pause Young (Allocation Failure) 1224M->1115M(2035M) 4.355ms
[1368797.898s][info][gc,cpu       ] GC(252777) User=0.13s Sys=0.00s Real=0.02s
[1368803.634s][info][gc,start     ] GC(252778) Pause Young (Allocation Failure)
[1368803.634s][info][gc,task      ] GC(252778) Using 9 workers of 9 for evacuation
[1368803.639s][info][gc,heap      ] GC(252778) ParNew: 108329K->9486K(118016K)
[1368803.639s][info][gc,heap      ] GC(252778) CMS: 1139140K->1139140K(1966080K)
[1368803.639s][info][gc,metaspace ] GC(252778) Metaspace: 95515K(98212K)->95515K(98212K) NonClass: 86277K(88004K)->86277K(88004K) Class: 9238K(10208K)->9238K(10208K)
[1368803.639s][info][gc           ] GC(252778) Pause Young (Allocation Failure) 1218M->1121M(2035M) 4.672ms
[1368803.639s][info][gc,cpu       ] GC(252778) User=0.00s Sys=0.00s Real=0.00s
[1368808.737s][info][gc,start     ] GC(252779) Pause Young (Allocation Failure)
[1368808.737s][info][gc,task      ] GC(252779) Using 9 workers of 9 for evacuation
[1368808.741s][info][gc,heap      ] GC(252779) ParNew: 114446K->2464K(118016K)
[1368808.741s][info][gc,heap      ] GC(252779) CMS: 1139140K->1139233K(1966080K)
[1368808.741s][info][gc,metaspace ] GC(252779) Metaspace: 95515K(98212K)->95515K(98212K) NonClass: 86277K(88004K)->86277K(88004K) Class: 9238K(10208K)->9238K(10208K)
[1368808.741s][info][gc           ] GC(252779) Pause Young (Allocation Failure) 1224M->1114M(2035M) 4.653ms
[1368808.741s][info][gc,cpu       ] GC(252779) User=0.00s Sys=0.00s Real=0.01s
[1368814.107s][info][gc,start     ] GC(252780) Pause Young (Allocation Failure)
[1368814.108s][info][gc,task      ] GC(252780) Using 9 workers of 9 for evacuation
[1368814.112s][info][gc,heap      ] GC(252780) ParNew: 107424K->9476K(118016K)
[1368814.112s][info][gc,heap      ] GC(252780) CMS: 1139233K->1139233K(1966080K)
[1368814.112s][info][gc,metaspace ] GC(252780) Metaspace: 95515K(98212K)->95515K(98212K) NonClass: 86277K(88004K)->86277K(88004K) Class: 9238K(10208K)->9238K(10208K)
[1368814.112s][info][gc           ] GC(252780) Pause Young (Allocation Failure) 1217M->1121M(2035M) 4.699ms
[1368814.112s][info][gc,cpu       ] GC(252780) User=0.00s Sys=0.00s Real=0.00s
[1368821.779s][info][gc,start     ] GC(252781) Pause Young (Allocation Failure)
[1368821.779s][info][gc,task      ] GC(252781) Using 9 workers of 9 for evacuation
[1368821.783s][info][gc,heap      ] GC(252781) ParNew: 114436K->2086K(118016K)
[1368821.783s][info][gc,heap      ] GC(252781) CMS: 1139233K->1139366K(1966080K)
[1368821.783s][info][gc,metaspace ] GC(252781) Metaspace: 95515K(98212K)->95515K(98212K) NonClass: 86277K(88004K)->86277K(88004K) Class: 9238K(10208K)->9238K(10208K)
[1368821.783s][info][gc           ] GC(252781) Pause Young (Allocation Failure) 1224M->1114M(2035M) 4.141ms
[1368821.783s][info][gc,cpu       ] GC(252781) User=0.00s Sys=0.00s Real=0.00s
[1368827.846s][info][gc,start     ] GC(252782) Pause Young (Allocation Failure)
[1368827.846s][info][gc,task      ] GC(252782) Using 9 workers of 9 for evacuation
[1368827.850s][info][gc,heap      ] GC(252782) ParNew: 107046K->1939K(118016K)
[1368827.850s][info][gc,heap      ] GC(252782) CMS: 1139366K->1139366K(1966080K)
[1368827.850s][info][gc,metaspace ] GC(252782) Metaspace: 95515K(98212K)->95515K(98212K) NonClass: 86277K(88004K)->86277K(88004K) Class: 9238K(10208K)->9238K(10208K)
[1368827.850s][info][gc           ] GC(252782) Pause Young (Allocation Failure) 1217M->1114M(2035M) 4.489ms
[1368827.850s][info][gc,cpu       ] GC(252782) User=0.02s Sys=0.00s Real=0.02s
[1368833.719s][info][gc,start     ] GC(252783) Pause Young (Allocation Failure)
[1368833.719s][info][gc,task      ] GC(252783) Using 9 workers of 9 for evacuation
[1368833.724s][info][gc,heap      ] GC(252783) ParNew: 106899K->9256K(118016K)
[1368833.724s][info][gc,heap      ] GC(252783) CMS: 1139366K->1139366K(1966080K)
[1368833.724s][info][gc,metaspace ] GC(252783) Metaspace: 95515K(98212K)->95515K(98212K) NonClass: 86277K(88004K)->86277K(88004K) Class: 9238K(10208K)->9238K(10208K)
[1368833.724s][info][gc           ] GC(252783) Pause Young (Allocation Failure) 1217M->1121M(2035M) 4.904ms
[1368833.724s][info][gc,cpu       ] GC(252783) User=0.14s Sys=0.00s Real=0.02s
[1368839.308s][info][gc,start     ] GC(252784) Pause Young (Allocation Failure)
[1368839.308s][info][gc,task      ] GC(252784) Using 9 workers of 9 for evacuation
[1368839.313s][info][gc,heap      ] GC(252784) ParNew: 114216K->10009K(118016K)
[1368839.313s][info][gc,heap      ] GC(252784) CMS: 1139366K->1139512K(1966080K)
[1368839.313s][info][gc,metaspace ] GC(252784) Metaspace: 95515K(98212K)->95515K(98212K) NonClass: 86277K(88004K)->86277K(88004K) Class: 9238K(10208K)->9238K(10208K)
[1368839.313s][info][gc           ] GC(252784) Pause Young (Allocation Failure) 1224M->1122M(2035M) 4.786ms
[1368839.313s][info][gc,cpu       ] GC(252784) User=0.00s Sys=0.00s Real=0.00s
[1368844.493s][info][gc,start     ] GC(252785) Pause Young (Allocation Failure)
[1368844.493s][info][gc,task      ] GC(252785) Using 9 workers of 9 for evacuation
[1368844.498s][info][gc,heap      ] GC(252785) ParNew: 114969K->2882K(118016K)
[1368844.498s][info][gc,heap      ] GC(252785) CMS: 1139512K->1148254K(1966080K)
[1368844.498s][info][gc,metaspace ] GC(252785) Metaspace: 95515K(98212K)->95515K(98212K) NonClass: 86277K(88004K)->86277K(88004K) Class: 9238K(10208K)->9238K(10208K)
[1368844.498s][info][gc           ] GC(252785) Pause Young (Allocation Failure) 1225M->1124M(2035M) 5.558ms
[1368844.498s][info][gc,cpu       ] GC(252785) User=0.00s Sys=0.00s Real=0.00s
[1368849.583s][info][gc,start     ] GC(252786) Pause Young (Allocation Failure)
[1368849.583s][info][gc,task      ] GC(252786) Using 9 workers of 9 for evacuation
[1368849.588s][info][gc,heap      ] GC(252786) ParNew: 107842K->9477K(118016K)
[1368849.588s][info][gc,heap      ] GC(252786) CMS: 1148254K->1148254K(1966080K)
[1368849.588s][info][gc,metaspace ] GC(252786) Metaspace: 95515K(98212K)->95515K(98212K) NonClass: 86277K(88004K)->86277K(88004K) Class: 9238K(10208K)->9238K(10208K)
[1368849.588s][info][gc           ] GC(252786) Pause Young (Allocation Failure) 1226M->1130M(2035M) 5.132ms
[1368849.588s][info][gc,cpu       ] GC(252786) User=0.00s Sys=0.00s Real=0.00s
[1368856.142s][info][gc,start     ] GC(252787) Pause Young (Allocation Failure)
[1368856.142s][info][gc,task      ] GC(252787) Using 9 workers of 9 for evacuation
[1368856.147s][info][gc,heap      ] GC(252787) ParNew: 114437K->2128K(118016K)
[1368856.147s][info][gc,heap      ] GC(252787) CMS: 1148254K->1157110K(1966080K)
[1368856.147s][info][gc,metaspace ] GC(252787) Metaspace: 95515K(98212K)->95515K(98212K) NonClass: 86277K(88004K)->86277K(88004K) Class: 9238K(10208K)->9238K(10208K)
[1368856.147s][info][gc           ] GC(252787) Pause Young (Allocation Failure) 1233M->1132M(2035M) 5.484ms
[1368856.147s][info][gc,cpu       ] GC(252787) User=0.00s Sys=0.00s Real=0.00s
[1368861.275s][info][gc,start     ] GC(252788) Pause Young (Allocation Failure)
[1368861.275s][info][gc,task      ] GC(252788) Using 9 workers of 9 for evacuation
[1368861.279s][info][gc,heap      ] GC(252788) ParNew: 107088K->9360K(118016K)
[1368861.280s][info][gc,heap      ] GC(252788) CMS: 1157110K->1157110K(1966080K)
[1368861.280s][info][gc,metaspace ] GC(252788) Metaspace: 95515K(98212K)->95515K(98212K) NonClass: 86277K(88004K)->86277K(88004K) Class: 9238K(10208K)->9238K(10208K)
[1368861.280s][info][gc           ] GC(252788) Pause Young (Allocation Failure) 1234M->1139M(2035M) 4.855ms
[1368861.280s][info][gc,cpu       ] GC(252788) User=0.05s Sys=0.02s Real=0.02s
[1368869.076s][info][gc,start     ] GC(252789) Pause Young (Allocation Failure)
[1368869.076s][info][gc,task      ] GC(252789) Using 9 workers of 9 for evacuation
[1368869.080s][info][gc,heap      ] GC(252789) ParNew: 114003K->4266K(118016K)
[1368869.080s][info][gc,heap      ] GC(252789) CMS: 1157110K->1157247K(1966080K)
[1368869.080s][info][gc,metaspace ] GC(252789) Metaspace: 95515K(98212K)->95515K(98212K) NonClass: 86277K(88004K)->86277K(88004K) Class: 9238K(10208K)->9238K(10208K)
[1368869.080s][info][gc           ] GC(252789) Pause Young (Allocation Failure) 1241M->1134M(2035M) 4.285ms
[1368869.080s][info][gc,cpu       ] GC(252789) User=0.00s Sys=0.02s Real=0.02s
[1368874.805s][info][gc,start     ] GC(252790) Pause Young (Allocation Failure)
[1368874.805s][info][gc,task      ] GC(252790) Using 9 workers of 9 for evacuation
[1368874.809s][info][gc,heap      ] GC(252790) ParNew: 109226K->9677K(118016K)
[1368874.809s][info][gc,heap      ] GC(252790) CMS: 1157247K->1157247K(1966080K)
[1368874.809s][info][gc,metaspace ] GC(252790) Metaspace: 95515K(98212K)->95515K(98212K) NonClass: 86277K(88004K)->86277K(88004K) Class: 9238K(10208K)->9238K(10208K)
[1368874.809s][info][gc           ] GC(252790) Pause Young (Allocation Failure) 1236M->1139M(2035M) 4.712ms
[1368874.810s][info][gc,cpu       ] GC(252790) User=0.00s Sys=0.00s Real=0.00s
[1368879.380s][info][gc,start     ] GC(252791) Pause Young (Allocation Failure)
[1368879.380s][info][gc,task      ] GC(252791) Using 9 workers of 9 for evacuation
[1368879.385s][info][gc,heap      ] GC(252791) ParNew: 114618K->10151K(118016K)
[1368879.385s][info][gc,heap      ] GC(252791) CMS: 1157247K->1157355K(1966080K)
[1368879.385s][info][gc,metaspace ] GC(252791) Metaspace: 95515K(98212K)->95515K(98212K) NonClass: 86277K(88004K)->86277K(88004K) Class: 9238K(10208K)->9238K(10208K)
[1368879.385s][info][gc           ] GC(252791) Pause Young (Allocation Failure) 1242M->1140M(2035M) 4.973ms
[1368879.385s][info][gc,cpu       ] GC(252791) User=0.14s Sys=0.00s Real=0.02s
[1368886.860s][info][gc,start     ] GC(252792) Pause Young (Allocation Failure)
[1368886.860s][info][gc,task      ] GC(252792) Using 9 workers of 9 for evacuation
[1368886.866s][info][gc,heap      ] GC(252792) ParNew: 115111K->3760K(118016K)
[1368886.866s][info][gc,heap      ] GC(252792) CMS: 1157355K->1165702K(1966080K)
[1368886.866s][info][gc,metaspace ] GC(252792) Metaspace: 95515K(98212K)->95515K(98212K) NonClass: 86277K(88004K)->86277K(88004K) Class: 9238K(10208K)->9238K(10208K)
[1368886.866s][info][gc           ] GC(252792) Pause Young (Allocation Failure) 1242M->1142M(2035M) 5.503ms
[1368886.866s][info][gc,cpu       ] GC(252792) User=0.00s Sys=0.00s Real=0.00s
[1368892.296s][info][gc,start     ] GC(252793) Pause Young (Allocation Failure)
[1368892.296s][info][gc,task      ] GC(252793) Using 9 workers of 9 for evacuation
[1368892.302s][info][gc,heap      ] GC(252793) ParNew: 108720K->9654K(118016K)
[1368892.302s][info][gc,heap      ] GC(252793) CMS: 1165702K->1165702K(1966080K)
[1368892.302s][info][gc,metaspace ] GC(252793) Metaspace: 95515K(98212K)->95515K(98212K) NonClass: 86277K(88004K)->86277K(88004K) Class: 9238K(10208K)->9238K(10208K)
[1368892.302s][info][gc           ] GC(252793) Pause Young (Allocation Failure) 1244M->1147M(2035M) 6.099ms
[1368892.302s][info][gc,cpu       ] GC(252793) User=0.00s Sys=0.00s Real=0.00s
[1368896.277s][info][gc,start     ] GC(252794) Pause Young (Allocation Failure)
[1368896.278s][info][gc,task      ] GC(252794) Using 9 workers of 9 for evacuation
[1368896.283s][info][gc,heap      ] GC(252794) ParNew: 114611K->2762K(118016K)
[1368896.283s][info][gc,heap      ] GC(252794) CMS: 1165702K->1174546K(1966080K)
[1368896.283s][info][gc,metaspace ] GC(252794) Metaspace: 95515K(98212K)->95515K(98212K) NonClass: 86277K(88004K)->86277K(88004K) Class: 9238K(10208K)->9238K(10208K)
[1368896.283s][info][gc           ] GC(252794) Pause Young (Allocation Failure) 1250M->1149M(2035M) 5.937ms
[1368896.283s][info][gc,cpu       ] GC(252794) User=0.14s Sys=0.00s Real=0.02s
[1368901.291s][info][gc,start     ] GC(252795) Pause Young (Allocation Failure)
[1368901.291s][info][gc,task      ] GC(252795) Using 9 workers of 9 for evacuation
[1368901.296s][info][gc,heap      ] GC(252795) ParNew: 107722K->9563K(118016K)
[1368901.296s][info][gc,heap      ] GC(252795) CMS: 1174546K->1174546K(1966080K)
[1368901.296s][info][gc,metaspace ] GC(252795) Metaspace: 95515K(98212K)->95515K(98212K) NonClass: 86277K(88004K)->86277K(88004K) Class: 9238K(10208K)->9238K(10208K)
[1368901.296s][info][gc           ] GC(252795) Pause Young (Allocation Failure) 1252M->1156M(2035M) 5.150ms
[1368901.296s][info][gc,cpu       ] GC(252795) User=0.02s Sys=0.00s Real=0.02s
[1368904.892s][info][gc,start     ] GC(252796) Pause Young (Allocation Failure)
[1368904.892s][info][gc,task      ] GC(252796) Using 9 workers of 9 for evacuation
[1368904.897s][info][gc,heap      ] GC(252796) ParNew: 114523K->2240K(118016K)
[1368904.897s][info][gc,heap      ] GC(252796) CMS: 1174546K->1183401K(1966080K)
[1368904.897s][info][gc,metaspace ] GC(252796) Metaspace: 95515K(98212K)->95515K(98212K) NonClass: 86277K(88004K)->86277K(88004K) Class: 9238K(10208K)->9238K(10208K)
[1368904.897s][info][gc           ] GC(252796) Pause Young (Allocation Failure) 1258M->1157M(2035M) 5.180ms
[1368904.897s][info][gc,cpu       ] GC(252796) User=0.00s Sys=0.00s Real=0.00s
[1368909.696s][info][gc,start     ] GC(252797) Pause Young (Allocation Failure)
[1368909.696s][info][gc,task      ] GC(252797) Using 9 workers of 9 for evacuation
[1368909.700s][info][gc,heap      ] GC(252797) ParNew: 107200K->3305K(118016K)
[1368909.700s][info][gc,heap      ] GC(252797) CMS: 1183401K->1183401K(1966080K)
[1368909.700s][info][gc,metaspace ] GC(252797) Metaspace: 95515K(98212K)->95515K(98212K) NonClass: 86277K(88004K)->86277K(88004K) Class: 9238K(10208K)->9238K(10208K)
[1368909.700s][info][gc           ] GC(252797) Pause Young (Allocation Failure) 1260M->1158M(2035M) 3.978ms
[1368909.700s][info][gc,cpu       ] GC(252797) User=0.00s Sys=0.00s Real=0.00s
[1368913.981s][info][gc,start     ] GC(252798) Pause Young (Allocation Failure)
[1368913.981s][info][gc,task      ] GC(252798) Using 9 workers of 9 for evacuation
[1368913.986s][info][gc,heap      ] GC(252798) ParNew: 108265K->9464K(118016K)
[1368913.986s][info][gc,heap      ] GC(252798) CMS: 1183401K->1183401K(1966080K)
[1368913.986s][info][gc,metaspace ] GC(252798) Metaspace: 95515K(98212K)->95515K(98212K) NonClass: 86277K(88004K)->86277K(88004K) Class: 9238K(10208K)->9238K(10208K)
[1368913.986s][info][gc           ] GC(252798) Pause Young (Allocation Failure) 1261M->1164M(2035M) 5.013ms
[1368913.986s][info][gc,cpu       ] GC(252798) User=0.00s Sys=0.00s Real=0.00s
[1368919.913s][info][gc,start     ] GC(252799) Pause Young (Allocation Failure)
[1368919.913s][info][gc,task      ] GC(252799) Using 9 workers of 9 for evacuation
[1368919.918s][info][gc,heap      ] GC(252799) ParNew: 114156K->2175K(118016K)
[1368919.918s][info][gc,heap      ] GC(252799) CMS: 1183401K->1183655K(1966080K)
[1368919.918s][info][gc,metaspace ] GC(252799) Metaspace: 95515K(98212K)->95515K(98212K) NonClass: 86277K(88004K)->86277K(88004K) Class: 9238K(10208K)->9238K(10208K)
[1368919.918s][info][gc           ] GC(252799) Pause Young (Allocation Failure) 1267M->1158M(2035M) 4.619ms
[1368919.918s][info][gc,cpu       ] GC(252799) User=0.14s Sys=0.00s Real=0.02s
[1368924.196s][info][gc,start     ] GC(252800) Pause Young (Allocation Failure)
[1368924.197s][info][gc,task      ] GC(252800) Using 9 workers of 9 for evacuation
[1368924.202s][info][gc,heap      ] GC(252800) ParNew: 107135K->9382K(118016K)
[1368924.202s][info][gc,heap      ] GC(252800) CMS: 1183655K->1183655K(1966080K)
[1368924.202s][info][gc,metaspace ] GC(252800) Metaspace: 95515K(98212K)->95515K(98212K) NonClass: 86277K(88004K)->86277K(88004K) Class: 9238K(10208K)->9238K(10208K)
[1368924.202s][info][gc           ] GC(252800) Pause Young (Allocation Failure) 1260M->1165M(2035M) 5.515ms
[1368924.202s][info][gc,cpu       ] GC(252800) User=0.00s Sys=0.02s Real=0.02s
[1368928.994s][info][gc,start     ] GC(252801) Pause Young (Allocation Failure)
[1368928.994s][info][gc,task      ] GC(252801) Using 9 workers of 9 for evacuation
[1368928.998s][info][gc,heap      ] GC(252801) ParNew: 114325K->1820K(118016K)
[1368928.998s][info][gc,heap      ] GC(252801) CMS: 1183655K->1183759K(1966080K)
[1368928.998s][info][gc,metaspace ] GC(252801) Metaspace: 95515K(98212K)->95515K(98212K) NonClass: 86277K(88004K)->86277K(88004K) Class: 9238K(10208K)->9238K(10208K)
[1368928.998s][info][gc           ] GC(252801) Pause Young (Allocation Failure) 1267M->1157M(2035M) 4.653ms
[1368928.998s][info][gc,cpu       ] GC(252801) User=0.02s Sys=0.02s Real=0.02s
[1368932.972s][info][gc,start     ] GC(252802) Pause Young (Allocation Failure)
[1368932.972s][info][gc,task      ] GC(252802) Using 9 workers of 9 for evacuation
[1368932.976s][info][gc,heap      ] GC(252802) ParNew: 106780K->9412K(118016K)
[1368932.976s][info][gc,heap      ] GC(252802) CMS: 1183759K->1183759K(1966080K)
[1368932.976s][info][gc,metaspace ] GC(252802) Metaspace: 95515K(98212K)->95515K(98212K) NonClass: 86277K(88004K)->86277K(88004K) Class: 9238K(10208K)->9238K(10208K)
[1368932.977s][info][gc           ] GC(252802) Pause Young (Allocation Failure) 1260M->1165M(2035M) 4.758ms
[1368932.977s][info][gc,cpu       ] GC(252802) User=0.00s Sys=0.00s Real=0.00s
[1368938.797s][info][gc,start     ] GC(252803) Pause Young (Allocation Failure)
[1368938.797s][info][gc,task      ] GC(252803) Using 9 workers of 9 for evacuation
[1368938.802s][info][gc,heap      ] GC(252803) ParNew: 114372K->1879K(118016K)
[1368938.802s][info][gc,heap      ] GC(252803) CMS: 1183759K->1183940K(1966080K)
[1368938.802s][info][gc,metaspace ] GC(252803) Metaspace: 95515K(98212K)->95515K(98212K) NonClass: 86277K(88004K)->86277K(88004K) Class: 9238K(10208K)->9238K(10208K)
[1368938.802s][info][gc           ] GC(252803) Pause Young (Allocation Failure) 1267M->1158M(2035M) 4.470ms
[1368938.802s][info][gc,cpu       ] GC(252803) User=0.00s Sys=0.00s Real=0.00s
[1368945.461s][info][gc,start     ] GC(252804) Pause Young (Allocation Failure)
[1368945.461s][info][gc,task      ] GC(252804) Using 9 workers of 9 for evacuation
[1368945.465s][info][gc,heap      ] GC(252804) ParNew: 106839K->9261K(118016K)
[1368945.465s][info][gc,heap      ] GC(252804) CMS: 1183940K->1183940K(1966080K)
[1368945.465s][info][gc,metaspace ] GC(252804) Metaspace: 95515K(98212K)->95515K(98212K) NonClass: 86277K(88004K)->86277K(88004K) Class: 9238K(10208K)->9238K(10208K)
[1368945.465s][info][gc           ] GC(252804) Pause Young (Allocation Failure) 1260M->1165M(2035M) 4.787ms
[1368945.466s][info][gc,cpu       ] GC(252804) User=0.00s Sys=0.00s Real=0.00s
[1368952.306s][info][gc,start     ] GC(252805) Pause Young (Allocation Failure)
[1368952.306s][info][gc,task      ] GC(252805) Using 9 workers of 9 for evacuation
[1368952.310s][info][gc,heap      ] GC(252805) ParNew: 114221K->10075K(118016K)
[1368952.311s][info][gc,heap      ] GC(252805) CMS: 1183940K->1184018K(1966080K)
[1368952.311s][info][gc,metaspace ] GC(252805) Metaspace: 95515K(98212K)->95515K(98212K) NonClass: 86277K(88004K)->86277K(88004K) Class: 9238K(10208K)->9238K(10208K)
[1368952.311s][info][gc           ] GC(252805) Pause Young (Allocation Failure) 1267M->1166M(2035M) 4.822ms
[1368952.311s][info][gc,cpu       ] GC(252805) User=0.14s Sys=0.00s Real=0.02s
[1368957.744s][info][gc,start     ] GC(252806) Pause Young (Allocation Failure)
[1368957.744s][info][gc,task      ] GC(252806) Using 9 workers of 9 for evacuation
[1368957.749s][info][gc,heap      ] GC(252806) ParNew: 115035K->3260K(118016K)
[1368957.749s][info][gc,heap      ] GC(252806) CMS: 1184018K->1192839K(1966080K)
[1368957.749s][info][gc,metaspace ] GC(252806) Metaspace: 95515K(98212K)->95515K(98212K) NonClass: 86277K(88004K)->86277K(88004K) Class: 9238K(10208K)->9238K(10208K)
[1368957.749s][info][gc           ] GC(252806) Pause Young (Allocation Failure) 1268M->1168M(2035M) 5.336ms
[1368957.749s][info][gc,cpu       ] GC(252806) User=0.14s Sys=0.00s Real=0.02s
[1368962.699s][info][gc,start     ] GC(252807) Pause Young (Allocation Failure)
[1368962.699s][info][gc,task      ] GC(252807) Using 9 workers of 9 for evacuation
[1368962.704s][info][gc,heap      ] GC(252807) ParNew: 108220K->9665K(118016K)
[1368962.704s][info][gc,heap      ] GC(252807) CMS: 1192839K->1192839K(1966080K)
[1368962.704s][info][gc,metaspace ] GC(252807) Metaspace: 95515K(98212K)->95515K(98212K) NonClass: 86277K(88004K)->86277K(88004K) Class: 9238K(10208K)->9238K(10208K)
[1368962.704s][info][gc           ] GC(252807) Pause Young (Allocation Failure) 1270M->1174M(2035M) 4.913ms
[1368962.704s][info][gc,cpu       ] GC(252807) User=0.00s Sys=0.00s Real=0.00s
[1368968.351s][info][gc,start     ] GC(252808) Pause Young (Allocation Failure)
[1368968.351s][info][gc,task      ] GC(252808) Using 9 workers of 9 for evacuation
[1368968.356s][info][gc,heap      ] GC(252808) ParNew: 114625K->2415K(118016K)
[1368968.356s][info][gc,heap      ] GC(252808) CMS: 1192839K->1192967K(1966080K)
[1368968.356s][info][gc,metaspace ] GC(252808) Metaspace: 95515K(98212K)->95515K(98212K) NonClass: 86277K(88004K)->86277K(88004K) Class: 9238K(10208K)->9238K(10208K)
[1368968.356s][info][gc           ] GC(252808) Pause Young (Allocation Failure) 1276M->1167M(2035M) 4.767ms
[1368968.356s][info][gc,cpu       ] GC(252808) User=0.02s Sys=0.00s Real=0.02s
[1368973.616s][info][gc,start     ] GC(252809) Pause Young (Allocation Failure)
[1368973.616s][info][gc,task      ] GC(252809) Using 9 workers of 9 for evacuation
[1368973.621s][info][gc,heap      ] GC(252809) ParNew: 107375K->9426K(118016K)
[1368973.621s][info][gc,heap      ] GC(252809) CMS: 1192967K->1192967K(1966080K)
[1368973.621s][info][gc,metaspace ] GC(252809) Metaspace: 95515K(98212K)->95515K(98212K) NonClass: 86277K(88004K)->86277K(88004K) Class: 9238K(10208K)->9238K(10208K)
[1368973.621s][info][gc           ] GC(252809) Pause Young (Allocation Failure) 1269M->1174M(2035M) 4.857ms
[1368973.621s][info][gc,cpu       ] GC(252809) User=0.00s Sys=0.00s Real=0.00s
[1368979.276s][info][gc,start     ] GC(252810) Pause Young (Allocation Failure)
[1368979.276s][info][gc,task      ] GC(252810) Using 9 workers of 9 for evacuation
[1368979.280s][info][gc,heap      ] GC(252810) ParNew: 114386K->2007K(118016K)
[1368979.280s][info][gc,heap      ] GC(252810) CMS: 1192967K->1193097K(1966080K)
[1368979.280s][info][gc,metaspace ] GC(252810) Metaspace: 95515K(98212K)->95515K(98212K) NonClass: 86277K(88004K)->86277K(88004K) Class: 9238K(10208K)->9238K(10208K)
[1368979.280s][info][gc           ] GC(252810) Pause Young (Allocation Failure) 1276M->1167M(2035M) 4.241ms
[1368979.281s][info][gc,cpu       ] GC(252810) User=0.03s Sys=0.00s Real=0.02s
[1368985.605s][info][gc,start     ] GC(252811) Pause Young (Allocation Failure)
[1368985.605s][info][gc,task      ] GC(252811) Using 9 workers of 9 for evacuation
[1368985.610s][info][gc,heap      ] GC(252811) ParNew: 106967K->9410K(118016K)
[1368985.610s][info][gc,heap      ] GC(252811) CMS: 1193097K->1193097K(1966080K)
[1368985.610s][info][gc,metaspace ] GC(252811) Metaspace: 95515K(98212K)->95515K(98212K) NonClass: 86277K(88004K)->86277K(88004K) Class: 9238K(10208K)->9238K(10208K)
[1368985.610s][info][gc           ] GC(252811) Pause Young (Allocation Failure) 1269M->1174M(2035M) 4.969ms
[1368985.610s][info][gc,cpu       ] GC(252811) User=0.00s Sys=0.00s Real=0.00s
[1368991.618s][info][gc,start     ] GC(252812) Pause Young (Allocation Failure)
[1368991.618s][info][gc,task      ] GC(252812) Using 9 workers of 9 for evacuation
[1368991.621s][info][gc,heap      ] GC(252812) ParNew: 114370K->1822K(118016K)
[1368991.622s][info][gc,heap      ] GC(252812) CMS: 1193097K->1193216K(1966080K)
[1368991.622s][info][gc,metaspace ] GC(252812) Metaspace: 95515K(98212K)->95515K(98212K) NonClass: 86277K(88004K)->86277K(88004K) Class: 9238K(10208K)->9238K(10208K)
[1368991.622s][info][gc           ] GC(252812) Pause Young (Allocation Failure) 1276M->1167M(2035M) 4.060ms
[1368991.622s][info][gc,cpu       ] GC(252812) User=0.00s Sys=0.00s Real=0.00s
[1368996.913s][info][gc,start     ] GC(252813) Pause Young (Allocation Failure)
[1368996.913s][info][gc,task      ] GC(252813) Using 9 workers of 9 for evacuation
[1368996.918s][info][gc,heap      ] GC(252813) ParNew: 106782K->9447K(118016K)
[1368996.918s][info][gc,heap      ] GC(252813) CMS: 1193216K->1193216K(1966080K)
[1368996.918s][info][gc,metaspace ] GC(252813) Metaspace: 95515K(98212K)->95515K(98212K) NonClass: 86277K(88004K)->86277K(88004K) Class: 9238K(10208K)->9238K(10208K)
[1368996.918s][info][gc           ] GC(252813) Pause Young (Allocation Failure) 1269M->1174M(2035M) 5.024ms
[1368996.918s][info][gc,cpu       ] GC(252813) User=0.00s Sys=0.00s Real=0.00s
[1369002.925s][info][gc,start     ] GC(252814) Pause Young (Allocation Failure)
[1369002.925s][info][gc,task      ] GC(252814) Using 9 workers of 9 for evacuation
[1369002.930s][info][gc,heap      ] GC(252814) ParNew: 114048K->4239K(118016K)
[1369002.930s][info][gc,heap      ] GC(252814) CMS: 1193216K->1193371K(1966080K)
[1369002.930s][info][gc,metaspace ] GC(252814) Metaspace: 95515K(98212K)->95515K(98212K) NonClass: 86277K(88004K)->86277K(88004K) Class: 9238K(10208K)->9238K(10208K)
[1369002.930s][info][gc           ] GC(252814) Pause Young (Allocation Failure) 1276M->1169M(2035M) 5.281ms
[1369002.930s][info][gc,cpu       ] GC(252814) User=0.00s Sys=0.00s Real=0.00s
[1369007.232s][info][gc,start     ] GC(252815) Pause Young (Allocation Failure)
[1369007.233s][info][gc,task      ] GC(252815) Using 9 workers of 9 for evacuation
[1369007.238s][info][gc,heap      ] GC(252815) ParNew: 109199K->9694K(118016K)
[1369007.238s][info][gc,heap      ] GC(252815) CMS: 1193371K->1193371K(1966080K)
[1369007.238s][info][gc,metaspace ] GC(252815) Metaspace: 95515K(98212K)->95515K(98212K) NonClass: 86277K(88004K)->86277K(88004K) Class: 9238K(10208K)->9238K(10208K)
[1369007.238s][info][gc           ] GC(252815) Pause Young (Allocation Failure) 1272M->1174M(2035M) 5.326ms
[1369007.238s][info][gc,cpu       ] GC(252815) User=0.05s Sys=0.00s Real=0.02s
[1369012.908s][info][gc,start     ] GC(252816) Pause Young (Allocation Failure)
[1369012.908s][info][gc,task      ] GC(252816) Using 9 workers of 9 for evacuation
[1369012.913s][info][gc,heap      ] GC(252816) ParNew: 114641K->2460K(118016K)
[1369012.913s][info][gc,heap      ] GC(252816) CMS: 1193371K->1193614K(1966080K)
[1369012.913s][info][gc,metaspace ] GC(252816) Metaspace: 95515K(98212K)->95515K(98212K) NonClass: 86277K(88004K)->86277K(88004K) Class: 9238K(10208K)->9238K(10208K)
[1369012.913s][info][gc           ] GC(252816) Pause Young (Allocation Failure) 1277M->1168M(2035M) 4.377ms
[1369012.913s][info][gc,cpu       ] GC(252816) User=0.00s Sys=0.00s Real=0.00s
[1369018.256s][info][gc,start     ] GC(252817) Pause Young (Allocation Failure)
[1369018.256s][info][gc,task      ] GC(252817) Using 9 workers of 9 for evacuation
[1369018.260s][info][gc,heap      ] GC(252817) ParNew: 107420K->823K(118016K)
[1369018.260s][info][gc,heap      ] GC(252817) CMS: 1193614K->1193614K(1966080K)
[1369018.260s][info][gc,metaspace ] GC(252817) Metaspace: 95515K(98212K)->95515K(98212K) NonClass: 86277K(88004K)->86277K(88004K) Class: 9238K(10208K)->9238K(10208K)
[1369018.260s][info][gc           ] GC(252817) Pause Young (Allocation Failure) 1270M->1166M(2035M) 4.503ms
[1369018.261s][info][gc,cpu       ] GC(252817) User=0.00s Sys=0.00s Real=0.00s
[1369024.557s][info][gc,start     ] GC(252818) Pause Young (Allocation Failure)
[1369024.557s][info][gc,task      ] GC(252818) Using 9 workers of 9 for evacuation
[1369024.562s][info][gc,heap      ] GC(252818) ParNew: 105783K->9291K(118016K)
[1369024.562s][info][gc,heap      ] GC(252818) CMS: 1193614K->1193614K(1966080K)
[1369024.562s][info][gc,metaspace ] GC(252818) Metaspace: 95515K(98212K)->95515K(98212K) NonClass: 86277K(88004K)->86277K(88004K) Class: 9238K(10208K)->9238K(10208K)
[1369024.562s][info][gc           ] GC(252818) Pause Young (Allocation Failure) 1268M->1174M(2035M) 5.326ms
[1369024.562s][info][gc,cpu       ] GC(252818) User=0.00s Sys=0.00s Real=0.00s
[1369028.666s][info][gc,start     ] GC(252819) Pause Young (Allocation Failure)
[1369028.666s][info][gc,task      ] GC(252819) Using 9 workers of 9 for evacuation
[1369028.671s][info][gc,heap      ] GC(252819) ParNew: 114251K->9905K(118016K)
[1369028.671s][info][gc,heap      ] GC(252819) CMS: 1193614K->1193784K(1966080K)
[1369028.671s][info][gc,metaspace ] GC(252819) Metaspace: 95515K(98212K)->95515K(98212K) NonClass: 86277K(88004K)->86277K(88004K) Class: 9238K(10208K)->9238K(10208K)
[1369028.671s][info][gc           ] GC(252819) Pause Young (Allocation Failure) 1277M->1175M(2035M) 5.141ms
[1369028.671s][info][gc,cpu       ] GC(252819) User=0.00s Sys=0.00s Real=0.00s
[1369031.953s][info][gc,start     ] GC(252820) Pause Young (Allocation Failure)
[1369031.953s][info][gc,task      ] GC(252820) Using 9 workers of 9 for evacuation
[1369031.958s][info][gc,heap      ] GC(252820) ParNew: 114865K->3055K(118016K)
[1369031.958s][info][gc,heap      ] GC(252820) CMS: 1193784K->1202520K(1966080K)
[1369031.958s][info][gc,metaspace ] GC(252820) Metaspace: 95515K(98212K)->95515K(98212K) NonClass: 86277K(88004K)->86277K(88004K) Class: 9238K(10208K)->9238K(10208K)
[1369031.958s][info][gc           ] GC(252820) Pause Young (Allocation Failure) 1277M->1177M(2035M) 5.145ms
[1369031.958s][info][gc,cpu       ] GC(252820) User=0.14s Sys=0.00s Real=0.02s
[1369036.809s][info][gc,start     ] GC(252821) Pause Young (Allocation Failure)
[1369036.809s][info][gc,task      ] GC(252821) Using 9 workers of 9 for evacuation
[1369036.814s][info][gc,heap      ] GC(252821) ParNew: 108015K->949K(118016K)
[1369036.814s][info][gc,heap      ] GC(252821) CMS: 1202520K->1202520K(1966080K)
[1369036.814s][info][gc,metaspace ] GC(252821) Metaspace: 95515K(98212K)->95515K(98212K) NonClass: 86277K(88004K)->86277K(88004K) Class: 9238K(10208K)->9238K(10208K)
[1369036.814s][info][gc           ] GC(252821) Pause Young (Allocation Failure) 1279M->1175M(2035M) 4.911ms
[1369036.814s][info][gc,cpu       ] GC(252821) User=0.00s Sys=0.00s Real=0.00s
[1369041.514s][info][gc,start     ] GC(252822) Pause Young (Allocation Failure)
[1369041.514s][info][gc,task      ] GC(252822) Using 9 workers of 9 for evacuation
[1369041.518s][info][gc,heap      ] GC(252822) ParNew: 105909K->9454K(118016K)
[1369041.518s][info][gc,heap      ] GC(252822) CMS: 1202520K->1202520K(1966080K)
[1369041.518s][info][gc,metaspace ] GC(252822) Metaspace: 95515K(98212K)->95515K(98212K) NonClass: 86277K(88004K)->86277K(88004K) Class: 9238K(10208K)->9238K(10208K)
[1369041.518s][info][gc           ] GC(252822) Pause Young (Allocation Failure) 1277M->1183M(2035M) 4.661ms
[1369041.518s][info][gc,cpu       ] GC(252822) User=0.00s Sys=0.00s Real=0.00s
[1369048.583s][info][gc,start     ] GC(252823) Pause Young (Allocation Failure)
[1369048.584s][info][gc,task      ] GC(252823) Using 9 workers of 9 for evacuation
[1369048.588s][info][gc,heap      ] GC(252823) ParNew: 114235K->6421K(118016K)
[1369048.588s][info][gc,heap      ] GC(252823) CMS: 1202520K->1202879K(1966080K)
[1369048.588s][info][gc,metaspace ] GC(252823) Metaspace: 95515K(98212K)->95515K(98212K) NonClass: 86277K(88004K)->86277K(88004K) Class: 9238K(10208K)->9238K(10208K)
[1369048.588s][info][gc           ] GC(252823) Pause Young (Allocation Failure) 1285M->1180M(2035M) 4.944ms
[1369048.588s][info][gc,cpu       ] GC(252823) User=0.00s Sys=0.00s Real=0.00s
[1369052.083s][info][gc,start     ] GC(252824) Pause Young (Allocation Failure)
[1369052.084s][info][gc,task      ] GC(252824) Using 9 workers of 9 for evacuation
[1369052.088s][info][gc,heap      ] GC(252824) ParNew: 111381K->10214K(118016K)
[1369052.088s][info][gc,heap      ] GC(252824) CMS: 1202879K->1202879K(1966080K)
[1369052.088s][info][gc,metaspace ] GC(252824) Metaspace: 95515K(98212K)->95515K(98212K) NonClass: 86277K(88004K)->86277K(88004K) Class: 9238K(10208K)->9238K(10208K)
[1369052.088s][info][gc           ] GC(252824) Pause Young (Allocation Failure) 1283M->1184M(2035M) 5.003ms
[1369052.089s][info][gc,cpu       ] GC(252824) User=0.00s Sys=0.00s Real=0.00s
[1369058.478s][info][gc,start     ] GC(252825) Pause Young (Allocation Failure)
[1369058.478s][info][gc,task      ] GC(252825) Using 9 workers of 9 for evacuation
[1369058.482s][info][gc,heap      ] GC(252825) ParNew: 115174K->3255K(118016K)
[1369058.482s][info][gc,heap      ] GC(252825) CMS: 1202879K->1202921K(1966080K)
[1369058.482s][info][gc,metaspace ] GC(252825) Metaspace: 95515K(98212K)->95515K(98212K) NonClass: 86277K(88004K)->86277K(88004K) Class: 9238K(10208K)->9238K(10208K)
[1369058.482s][info][gc           ] GC(252825) Pause Young (Allocation Failure) 1287M->1177M(2035M) 4.542ms
[1369058.482s][info][gc,cpu       ] GC(252825) User=0.00s Sys=0.00s Real=0.00s
[1369062.963s][info][gc,start     ] GC(252826) Pause Young (Allocation Failure)
[1369062.963s][info][gc,task      ] GC(252826) Using 9 workers of 9 for evacuation
[1369062.968s][info][gc,heap      ] GC(252826) ParNew: 108215K->9786K(118016K)
[1369062.968s][info][gc,heap      ] GC(252826) CMS: 1202921K->1202921K(1966080K)
[1369062.968s][info][gc,metaspace ] GC(252826) Metaspace: 95515K(98212K)->95515K(98212K) NonClass: 86277K(88004K)->86277K(88004K) Class: 9238K(10208K)->9238K(10208K)
[1369062.968s][info][gc           ] GC(252826) Pause Young (Allocation Failure) 1280M->1184M(2035M) 4.916ms
[1369062.968s][info][gc,cpu       ] GC(252826) User=0.00s Sys=0.00s Real=0.00s
[1369068.281s][info][gc,start     ] GC(252827) Pause Young (Allocation Failure)
[1369068.281s][info][gc,task      ] GC(252827) Using 9 workers of 9 for evacuation
[1369068.285s][info][gc,heap      ] GC(252827) ParNew: 114746K->2421K(118016K)
[1369068.285s][info][gc,heap      ] GC(252827) CMS: 1202921K->1203081K(1966080K)
[1369068.286s][info][gc,metaspace ] GC(252827) Metaspace: 95515K(98212K)->95515K(98212K) NonClass: 86277K(88004K)->86277K(88004K) Class: 9238K(10208K)->9238K(10208K)
[1369068.286s][info][gc           ] GC(252827) Pause Young (Allocation Failure) 1286M->1177M(2035M) 5.058ms
[1369068.286s][info][gc,cpu       ] GC(252827) User=0.00s Sys=0.00s Real=0.00s
[1369075.317s][info][gc,start     ] GC(252828) Pause Young (Allocation Failure)
[1369075.317s][info][gc,task      ] GC(252828) Using 9 workers of 9 for evacuation
[1369075.321s][info][gc,heap      ] GC(252828) ParNew: 107381K->9393K(118016K)
[1369075.321s][info][gc,heap      ] GC(252828) CMS: 1203081K->1203081K(1966080K)
[1369075.321s][info][gc,metaspace ] GC(252828) Metaspace: 95515K(98212K)->95515K(98212K) NonClass: 86277K(88004K)->86277K(88004K) Class: 9238K(10208K)->9238K(10208K)
[1369075.321s][info][gc           ] GC(252828) Pause Young (Allocation Failure) 1279M->1184M(2035M) 4.747ms
[1369075.322s][info][gc,cpu       ] GC(252828) User=0.00s Sys=0.00s Real=0.00s
[1369079.860s][info][gc,start     ] GC(252829) Pause Young (Allocation Failure)
[1369079.861s][info][gc,task      ] GC(252829) Using 9 workers of 9 for evacuation
[1369079.865s][info][gc,heap      ] GC(252829) ParNew: 114353K->8990K(118016K)
[1369079.865s][info][gc,heap      ] GC(252829) CMS: 1203081K->1203263K(1966080K)
[1369079.865s][info][gc,metaspace ] GC(252829) Metaspace: 95515K(98212K)->95515K(98212K) NonClass: 86277K(88004K)->86277K(88004K) Class: 9238K(10208K)->9238K(10208K)
[1369079.865s][info][gc           ] GC(252829) Pause Young (Allocation Failure) 1286M->1183M(2035M) 4.784ms
[1369079.865s][info][gc,cpu       ] GC(252829) User=0.00s Sys=0.00s Real=0.00s
[1369088.168s][info][gc,start     ] GC(252830) Pause Young (Allocation Failure)
[1369088.168s][info][gc,task      ] GC(252830) Using 9 workers of 9 for evacuation
[1369088.172s][info][gc,heap      ] GC(252830) ParNew: 113950K->3286K(118016K)
[1369088.173s][info][gc,heap      ] GC(252830) CMS: 1203263K->1203328K(1966080K)
[1369088.173s][info][gc,metaspace ] GC(252830) Metaspace: 95515K(98212K)->95515K(98212K) NonClass: 86277K(88004K)->86277K(88004K) Class: 9238K(10208K)->9238K(10208K)
[1369088.173s][info][gc           ] GC(252830) Pause Young (Allocation Failure) 1286M->1178M(2035M) 4.868ms
[1369088.173s][info][gc,cpu       ] GC(252830) User=0.00s Sys=0.00s Real=0.02s
[1369093.742s][info][gc,start     ] GC(252831) Pause Young (Allocation Failure)
[1369093.742s][info][gc,task      ] GC(252831) Using 9 workers of 9 for evacuation
[1369093.747s][info][gc,heap      ] GC(252831) ParNew: 108246K->9639K(118016K)
[1369093.747s][info][gc,heap      ] GC(252831) CMS: 1203328K->1203328K(1966080K)
[1369093.747s][info][gc,metaspace ] GC(252831) Metaspace: 95515K(98212K)->95515K(98212K) NonClass: 86277K(88004K)->86277K(88004K) Class: 9238K(10208K)->9238K(10208K)
[1369093.747s][info][gc           ] GC(252831) Pause Young (Allocation Failure) 1280M->1184M(2035M) 4.683ms
[1369093.747s][info][gc,cpu       ] GC(252831) User=0.00s Sys=0.00s Real=0.00s
[1369100.243s][info][gc,start     ] GC(252832) Pause Young (Allocation Failure)
[1369100.243s][info][gc,task      ] GC(252832) Using 9 workers of 9 for evacuation
[1369100.248s][info][gc,heap      ] GC(252832) ParNew: 114597K->2429K(118016K)
[1369100.249s][info][gc,heap      ] GC(252832) CMS: 1203328K->1203474K(1966080K)
[1369100.249s][info][gc,metaspace ] GC(252832) Metaspace: 95515K(98212K)->95515K(98212K) NonClass: 86277K(88004K)->86277K(88004K) Class: 9238K(10208K)->9238K(10208K)
[1369100.249s][info][gc           ] GC(252832) Pause Young (Allocation Failure) 1287M->1177M(2035M) 5.468ms
[1369100.249s][info][gc,cpu       ] GC(252832) User=0.00s Sys=0.00s Real=0.00s
[1369106.030s][info][gc,start     ] GC(252833) Pause Young (Allocation Failure)
[1369106.030s][info][gc,task      ] GC(252833) Using 9 workers of 9 for evacuation
[1369106.034s][info][gc,heap      ] GC(252833) ParNew: 107389K->9486K(118016K)
[1369106.034s][info][gc,heap      ] GC(252833) CMS: 1203474K->1203474K(1966080K)
[1369106.035s][info][gc,metaspace ] GC(252833) Metaspace: 95515K(98212K)->95515K(98212K) NonClass: 86277K(88004K)->86277K(88004K) Class: 9238K(10208K)->9238K(10208K)
[1369106.035s][info][gc           ] GC(252833) Pause Young (Allocation Failure) 1280M->1184M(2035M) 4.334ms
[1369106.035s][info][gc,cpu       ] GC(252833) User=0.02s Sys=0.00s Real=0.02s
[1369110.995s][info][gc,start     ] GC(252834) Pause Young (Allocation Failure)
[1369110.995s][info][gc,task      ] GC(252834) Using 9 workers of 9 for evacuation
[1369110.999s][info][gc,heap      ] GC(252834) ParNew: 114436K->3233K(118016K)
[1369111.000s][info][gc,heap      ] GC(252834) CMS: 1203474K->1203581K(1966080K)
[1369111.000s][info][gc,metaspace ] GC(252834) Metaspace: 95515K(98212K)->95515K(98212K) NonClass: 86277K(88004K)->86277K(88004K) Class: 9238K(10208K)->9238K(10208K)
[1369111.000s][info][gc           ] GC(252834) Pause Young (Allocation Failure) 1287M->1178M(2035M) 4.639ms
[1369111.000s][info][gc,cpu       ] GC(252834) User=0.00s Sys=0.00s Real=0.00s
[1369115.313s][info][gc,start     ] GC(252835) Pause Young (Allocation Failure)
[1369115.313s][info][gc,task      ] GC(252835) Using 9 workers of 9 for evacuation
[1369115.317s][info][gc,heap      ] GC(252835) ParNew: 108193K->9456K(118016K)
[1369115.317s][info][gc,heap      ] GC(252835) CMS: 1203581K->1203581K(1966080K)
[1369115.317s][info][gc,metaspace ] GC(252835) Metaspace: 95515K(98212K)->95515K(98212K) NonClass: 86277K(88004K)->86277K(88004K) Class: 9238K(10208K)->9238K(10208K)
[1369115.317s][info][gc           ] GC(252835) Pause Young (Allocation Failure) 1281M->1184M(2035M) 4.732ms
[1369115.317s][info][gc,cpu       ] GC(252835) User=0.00s Sys=0.00s Real=0.00s
[1369120.493s][info][gc,start     ] GC(252836) Pause Young (Allocation Failure)
[1369120.493s][info][gc,task      ] GC(252836) Using 9 workers of 9 for evacuation
[1369120.497s][info][gc,heap      ] GC(252836) ParNew: 114416K->1925K(118016K)
[1369120.497s][info][gc,heap      ] GC(252836) CMS: 1203581K->1203705K(1966080K)
[1369120.497s][info][gc,metaspace ] GC(252836) Metaspace: 95515K(98212K)->95515K(98212K) NonClass: 86277K(88004K)->86277K(88004K) Class: 9238K(10208K)->9238K(10208K)
[1369120.497s][info][gc           ] GC(252836) Pause Young (Allocation Failure) 1287M->1177M(2035M) 4.723ms
[1369120.497s][info][gc,cpu       ] GC(252836) User=0.00s Sys=0.00s Real=0.00s
[1369124.737s][info][gc,start     ] GC(252837) Pause Young (Allocation Failure)
[1369124.737s][info][gc,task      ] GC(252837) Using 9 workers of 9 for evacuation
[1369124.743s][info][gc,heap      ] GC(252837) ParNew: 106885K->9448K(118016K)
[1369124.743s][info][gc,heap      ] GC(252837) CMS: 1203705K->1203705K(1966080K)
[1369124.743s][info][gc,metaspace ] GC(252837) Metaspace: 95515K(98212K)->95515K(98212K) NonClass: 86277K(88004K)->86277K(88004K) Class: 9238K(10208K)->9238K(10208K)
[1369124.743s][info][gc           ] GC(252837) Pause Young (Allocation Failure) 1279M->1184M(2035M) 6.378ms
[1369124.743s][info][gc,cpu       ] GC(252837) User=0.00s Sys=0.00s Real=0.00s
[1369129.925s][info][gc,start     ] GC(252838) Pause Young (Allocation Failure)
[1369129.925s][info][gc,task      ] GC(252838) Using 9 workers of 9 for evacuation
[1369129.929s][info][gc,heap      ] GC(252838) ParNew: 114408K->1691K(118016K)
[1369129.929s][info][gc,heap      ] GC(252838) CMS: 1203705K->1203827K(1966080K)
[1369129.929s][info][gc,metaspace ] GC(252838) Metaspace: 95515K(98212K)->95515K(98212K) NonClass: 86277K(88004K)->86277K(88004K) Class: 9238K(10208K)->9238K(10208K)
[1369129.929s][info][gc           ] GC(252838) Pause Young (Allocation Failure) 1287M->1177M(2035M) 4.197ms
[1369129.929s][info][gc,cpu       ] GC(252838) User=0.00s Sys=0.00s Real=0.00s
[1369133.579s][info][gc,start     ] GC(252839) Pause Young (Allocation Failure)
[1369133.579s][info][gc,task      ] GC(252839) Using 9 workers of 9 for evacuation
[1369133.583s][info][gc,heap      ] GC(252839) ParNew: 106651K->9289K(118016K)
[1369133.583s][info][gc,heap      ] GC(252839) CMS: 1203827K->1203827K(1966080K)
[1369133.583s][info][gc,metaspace ] GC(252839) Metaspace: 95515K(98212K)->95515K(98212K) NonClass: 86277K(88004K)->86277K(88004K) Class: 9238K(10208K)->9238K(10208K)
[1369133.583s][info][gc           ] GC(252839) Pause Young (Allocation Failure) 1279M->1184M(2035M) 4.217ms
[1369133.583s][info][gc,cpu       ] GC(252839) User=0.00s Sys=0.00s Real=0.00s
[1369138.746s][info][gc,start     ] GC(252840) Pause Young (Allocation Failure)
[1369138.746s][info][gc,task      ] GC(252840) Using 9 workers of 9 for evacuation
[1369138.750s][info][gc,heap      ] GC(252840) ParNew: 114249K->1663K(118016K)
[1369138.750s][info][gc,heap      ] GC(252840) CMS: 1203827K->1203994K(1966080K)
[1369138.750s][info][gc,metaspace ] GC(252840) Metaspace: 95515K(98212K)->95515K(98212K) NonClass: 86277K(88004K)->86277K(88004K) Class: 9238K(10208K)->9238K(10208K)
[1369138.750s][info][gc           ] GC(252840) Pause Young (Allocation Failure) 1287M->1177M(2035M) 4.866ms
[1369138.751s][info][gc,cpu       ] GC(252840) User=0.02s Sys=0.00s Real=0.02s
[1369144.547s][info][gc,start     ] GC(252841) Pause Young (Allocation Failure)
[1369144.547s][info][gc,task      ] GC(252841) Using 9 workers of 9 for evacuation
[1369144.552s][info][gc,heap      ] GC(252841) ParNew: 106623K->9322K(118016K)
[1369144.552s][info][gc,heap      ] GC(252841) CMS: 1203994K->1203994K(1966080K)
[1369144.552s][info][gc,metaspace ] GC(252841) Metaspace: 95515K(98212K)->95515K(98212K) NonClass: 86277K(88004K)->86277K(88004K) Class: 9238K(10208K)->9238K(10208K)
[1369144.552s][info][gc           ] GC(252841) Pause Young (Allocation Failure) 1279M->1184M(2035M) 5.811ms
[1369144.553s][info][gc,cpu       ] GC(252841) User=0.00s Sys=0.00s Real=0.00s
[1369150.203s][info][gc,start     ] GC(252842) Pause Young (Allocation Failure)
[1369150.203s][info][gc,task      ] GC(252842) Using 9 workers of 9 for evacuation
[1369150.208s][info][gc,heap      ] GC(252842) ParNew: 114282K->1731K(118016K)
[1369150.208s][info][gc,heap      ] GC(252842) CMS: 1203994K->1204130K(1966080K)
[1369150.208s][info][gc,metaspace ] GC(252842) Metaspace: 95515K(98212K)->95515K(98212K) NonClass: 86277K(88004K)->86277K(88004K) Class: 9238K(10208K)->9238K(10208K)
[1369150.208s][info][gc           ] GC(252842) Pause Young (Allocation Failure) 1287M->1177M(2035M) 4.429ms
[1369150.208s][info][gc,cpu       ] GC(252842) User=0.00s Sys=0.00s Real=0.00s
[1369154.922s][info][gc,start     ] GC(252843) Pause Young (Allocation Failure)
[1369154.922s][info][gc,task      ] GC(252843) Using 9 workers of 9 for evacuation
[1369154.926s][info][gc,heap      ] GC(252843) ParNew: 106691K->9416K(118016K)
[1369154.926s][info][gc,heap      ] GC(252843) CMS: 1204130K->1204130K(1966080K)
[1369154.927s][info][gc,metaspace ] GC(252843) Metaspace: 95515K(98212K)->95515K(98212K) NonClass: 86277K(88004K)->86277K(88004K) Class: 9238K(10208K)->9238K(10208K)
[1369154.927s][info][gc           ] GC(252843) Pause Young (Allocation Failure) 1280M->1185M(2035M) 4.649ms
[1369154.927s][info][gc,cpu       ] GC(252843) User=0.00s Sys=0.02s Real=0.02s
[1369159.853s][info][gc,start     ] GC(252844) Pause Young (Allocation Failure)
[1369159.853s][info][gc,task      ] GC(252844) Using 9 workers of 9 for evacuation
[1369159.857s][info][gc,heap      ] GC(252844) ParNew: 114376K->1810K(118016K)
[1369159.857s][info][gc,heap      ] GC(252844) CMS: 1204130K->1204291K(1966080K)
[1369159.857s][info][gc,metaspace ] GC(252844) Metaspace: 95515K(98212K)->95515K(98212K) NonClass: 86277K(88004K)->86277K(88004K) Class: 9238K(10208K)->9238K(10208K)
[1369159.857s][info][gc           ] GC(252844) Pause Young (Allocation Failure) 1287M->1177M(2035M) 4.156ms
[1369159.857s][info][gc,cpu       ] GC(252844) User=0.00s Sys=0.00s Real=0.00s
[1369162.783s][info][gc,start     ] GC(252845) Pause Young (Allocation Failure)
[1369162.783s][info][gc,task      ] GC(252845) Using 9 workers of 9 for evacuation
[1369162.787s][info][gc,heap      ] GC(252845) ParNew: 106770K->9376K(118016K)
[1369162.787s][info][gc,heap      ] GC(252845) CMS: 1204291K->1204291K(1966080K)
[1369162.787s][info][gc,metaspace ] GC(252845) Metaspace: 95515K(98212K)->95515K(98212K) NonClass: 86277K(88004K)->86277K(88004K) Class: 9238K(10208K)->9238K(10208K)
[1369162.787s][info][gc           ] GC(252845) Pause Young (Allocation Failure) 1280M->1185M(2035M) 4.662ms
[1369162.787s][info][gc,cpu       ] GC(252845) User=0.00s Sys=0.00s Real=0.00s
[1369167.017s][info][gc,start     ] GC(252846) Pause Young (Allocation Failure)
[1369167.017s][info][gc,task      ] GC(252846) Using 9 workers of 9 for evacuation
[1369167.022s][info][gc,heap      ] GC(252846) ParNew: 114333K->1893K(118016K)
[1369167.022s][info][gc,heap      ] GC(252846) CMS: 1204291K->1213091K(1966080K)
[1369167.022s][info][gc,metaspace ] GC(252846) Metaspace: 95515K(98212K)->95515K(98212K) NonClass: 86277K(88004K)->86277K(88004K) Class: 9238K(10208K)->9238K(10208K)
[1369167.022s][info][gc           ] GC(252846) Pause Young (Allocation Failure) 1287M->1186M(2035M) 5.240ms
[1369167.022s][info][gc,cpu       ] GC(252846) User=0.11s Sys=0.00s Real=0.02s
[1369171.772s][info][gc,start     ] GC(252847) Pause Young (Allocation Failure)
[1369171.772s][info][gc,task      ] GC(252847) Using 9 workers of 9 for evacuation
[1369171.776s][info][gc,heap      ] GC(252847) ParNew: 106853K->644K(118016K)
[1369171.776s][info][gc,heap      ] GC(252847) CMS: 1213091K->1213091K(1966080K)
[1369171.776s][info][gc,metaspace ] GC(252847) Metaspace: 95515K(98212K)->95515K(98212K) NonClass: 86277K(88004K)->86277K(88004K) Class: 9238K(10208K)->9238K(10208K)
[1369171.777s][info][gc           ] GC(252847) Pause Young (Allocation Failure) 1289M->1185M(2035M) 4.179ms
[1369171.777s][info][gc,cpu       ] GC(252847) User=0.00s Sys=0.00s Real=0.00s
[1369175.167s][info][gc,start     ] GC(252848) Pause Young (Allocation Failure)
[1369175.167s][info][gc,task      ] GC(252848) Using 9 workers of 9 for evacuation
[1369175.171s][info][gc,heap      ] GC(252848) ParNew: 105604K->9457K(118016K)
[1369175.172s][info][gc,heap      ] GC(252848) CMS: 1213091K->1213091K(1966080K)
[1369175.172s][info][gc,metaspace ] GC(252848) Metaspace: 95515K(98212K)->95515K(98212K) NonClass: 86277K(88004K)->86277K(88004K) Class: 9238K(10208K)->9238K(10208K)
[1369175.172s][info][gc           ] GC(252848) Pause Young (Allocation Failure) 1287M->1193M(2035M) 4.695ms
[1369175.172s][info][gc,cpu       ] GC(252848) User=0.00s Sys=0.00s Real=0.00s
[1369180.766s][info][gc,start     ] GC(252849) Pause Young (Allocation Failure)
[1369180.767s][info][gc,task      ] GC(252849) Using 9 workers of 9 for evacuation
[1369180.771s][info][gc,heap      ] GC(252849) ParNew: 114417K->1588K(118016K)
[1369180.771s][info][gc,heap      ] GC(252849) CMS: 1213091K->1213305K(1966080K)
[1369180.771s][info][gc,metaspace ] GC(252849) Metaspace: 95515K(98212K)->95515K(98212K) NonClass: 86277K(88004K)->86277K(88004K) Class: 9238K(10208K)->9238K(10208K)
[1369180.771s][info][gc           ] GC(252849) Pause Young (Allocation Failure) 1296M->1186M(2035M) 4.546ms
[1369180.771s][info][gc,cpu       ] GC(252849) User=0.02s Sys=0.00s Real=0.02s
[1369188.005s][info][gc,start     ] GC(252850) Pause Young (Allocation Failure)
[1369188.005s][info][gc,task      ] GC(252850) Using 9 workers of 9 for evacuation
[1369188.010s][info][gc,heap      ] GC(252850) ParNew: 106548K->9306K(118016K)
[1369188.010s][info][gc,heap      ] GC(252850) CMS: 1213305K->1213305K(1966080K)
[1369188.010s][info][gc,metaspace ] GC(252850) Metaspace: 95515K(98212K)->95515K(98212K) NonClass: 86277K(88004K)->86277K(88004K) Class: 9238K(10208K)->9238K(10208K)
[1369188.010s][info][gc           ] GC(252850) Pause Young (Allocation Failure) 1288M->1193M(2035M) 4.726ms
[1369188.010s][info][gc,cpu       ] GC(252850) User=0.00s Sys=0.00s Real=0.00s
[1369193.459s][info][gc,start     ] GC(252851) Pause Young (Allocation Failure)
[1369193.459s][info][gc,task      ] GC(252851) Using 9 workers of 9 for evacuation
[1369193.464s][info][gc,heap      ] GC(252851) ParNew: 114266K->10287K(118016K)
[1369193.464s][info][gc,heap      ] GC(252851) CMS: 1213305K->1213469K(1966080K)
[1369193.464s][info][gc,metaspace ] GC(252851) Metaspace: 95515K(98212K)->95515K(98212K) NonClass: 86277K(88004K)->86277K(88004K) Class: 9238K(10208K)->9238K(10208K)
[1369193.464s][info][gc           ] GC(252851) Pause Young (Allocation Failure) 1296M->1195M(2035M) 4.513ms
[1369193.464s][info][gc,cpu       ] GC(252851) User=0.00s Sys=0.00s Real=0.00s
[1369199.195s][info][gc,start     ] GC(252852) Pause Young (Allocation Failure)
[1369199.196s][info][gc,task      ] GC(252852) Using 9 workers of 9 for evacuation
[1369199.200s][info][gc,heap      ] GC(252852) ParNew: 115247K->3317K(118016K)
[1369199.200s][info][gc,heap      ] GC(252852) CMS: 1213469K->1213526K(1966080K)
[1369199.200s][info][gc,metaspace ] GC(252852) Metaspace: 95515K(98212K)->95515K(98212K) NonClass: 86277K(88004K)->86277K(88004K) Class: 9238K(10208K)->9238K(10208K)
[1369199.200s][info][gc           ] GC(252852) Pause Young (Allocation Failure) 1297M->1188M(2035M) 4.741ms
[1369199.200s][info][gc,cpu       ] GC(252852) User=0.00s Sys=0.00s Real=0.00s
[1369202.971s][info][gc,start     ] GC(252853) Pause Young (Allocation Failure)
[1369202.971s][info][gc,task      ] GC(252853) Using 9 workers of 9 for evacuation
[1369202.975s][info][gc,heap      ] GC(252853) ParNew: 108277K->9567K(118016K)
[1369202.975s][info][gc,heap      ] GC(252853) CMS: 1213526K->1213526K(1966080K)
[1369202.975s][info][gc,metaspace ] GC(252853) Metaspace: 95515K(98212K)->95515K(98212K) NonClass: 86277K(88004K)->86277K(88004K) Class: 9238K(10208K)->9238K(10208K)
[1369202.975s][info][gc           ] GC(252853) Pause Young (Allocation Failure) 1290M->1194M(2035M) 4.609ms
[1369202.975s][info][gc,cpu       ] GC(252853) User=0.00s Sys=0.00s Real=0.00s
[1369209.900s][info][gc,start     ] GC(252854) Pause Young (Allocation Failure)
[1369209.900s][info][gc,task      ] GC(252854) Using 9 workers of 9 for evacuation
[1369209.904s][info][gc,heap      ] GC(252854) ParNew: 114527K->2274K(118016K)
[1369209.905s][info][gc,heap      ] GC(252854) CMS: 1213526K->1213664K(1966080K)
[1369209.905s][info][gc,metaspace ] GC(252854) Metaspace: 95515K(98212K)->95515K(98212K) NonClass: 86277K(88004K)->86277K(88004K) Class: 9238K(10208K)->9238K(10208K)
[1369209.905s][info][gc           ] GC(252854) Pause Young (Allocation Failure) 1296M->1187M(2035M) 4.620ms
[1369209.905s][info][gc,cpu       ] GC(252854) User=0.00s Sys=0.00s Real=0.00s
[1369215.550s][info][gc,start     ] GC(252855) Pause Young (Allocation Failure)
[1369215.550s][info][gc,task      ] GC(252855) Using 9 workers of 9 for evacuation
[1369215.554s][info][gc,heap      ] GC(252855) ParNew: 107234K->9470K(118016K)
[1369215.554s][info][gc,heap      ] GC(252855) CMS: 1213664K->1213664K(1966080K)
[1369215.554s][info][gc,metaspace ] GC(252855) Metaspace: 95515K(98212K)->95515K(98212K) NonClass: 86277K(88004K)->86277K(88004K) Class: 9238K(10208K)->9238K(10208K)
[1369215.554s][info][gc           ] GC(252855) Pause Young (Allocation Failure) 1289M->1194M(2035M) 4.696ms
[1369215.554s][info][gc,cpu       ] GC(252855) User=0.00s Sys=0.00s Real=0.00s
[1369220.957s][info][gc,start     ] GC(252856) Pause Young (Allocation Failure)
[1369220.957s][info][gc,task      ] GC(252856) Using 9 workers of 9 for evacuation
[1369220.961s][info][gc,heap      ] GC(252856) ParNew: 114430K->10202K(118016K)
[1369220.961s][info][gc,heap      ] GC(252856) CMS: 1213664K->1213816K(1966080K)
[1369220.961s][info][gc,metaspace ] GC(252856) Metaspace: 95515K(98212K)->95515K(98212K) NonClass: 86277K(88004K)->86277K(88004K) Class: 9238K(10208K)->9238K(10208K)
[1369220.961s][info][gc           ] GC(252856) Pause Young (Allocation Failure) 1296M->1195M(2035M) 4.328ms
[1369220.961s][info][gc,cpu       ] GC(252856) User=0.00s Sys=0.00s Real=0.00s
[1369227.170s][info][gc,start     ] GC(252857) Pause Young (Allocation Failure)
[1369227.170s][info][gc,task      ] GC(252857) Using 9 workers of 9 for evacuation
[1369227.176s][info][gc,heap      ] GC(252857) ParNew: 115162K->3319K(118016K)
[1369227.176s][info][gc,heap      ] GC(252857) CMS: 1213816K->1222553K(1966080K)
[1369227.176s][info][gc,metaspace ] GC(252857) Metaspace: 95515K(98212K)->95515K(98212K) NonClass: 86277K(88004K)->86277K(88004K) Class: 9238K(10208K)->9238K(10208K)
[1369227.176s][info][gc           ] GC(252857) Pause Young (Allocation Failure) 1297M->1197M(2035M) 5.438ms
[1369227.176s][info][gc,cpu       ] GC(252857) User=0.14s Sys=0.00s Real=0.02s
[1369232.696s][info][gc,start     ] GC(252858) Pause Young (Allocation Failure)
[1369232.696s][info][gc,task      ] GC(252858) Using 9 workers of 9 for evacuation
[1369232.701s][info][gc,heap      ] GC(252858) ParNew: 108279K->9539K(118016K)
[1369232.701s][info][gc,heap      ] GC(252858) CMS: 1222553K->1222553K(1966080K)
[1369232.701s][info][gc,metaspace ] GC(252858) Metaspace: 95515K(98212K)->95515K(98212K) NonClass: 86277K(88004K)->86277K(88004K) Class: 9238K(10208K)->9238K(10208K)
[1369232.701s][info][gc           ] GC(252858) Pause Young (Allocation Failure) 1299M->1203M(2035M) 4.852ms
[1369232.701s][info][gc,cpu       ] GC(252858) User=0.00s Sys=0.00s Real=0.00s
[1369239.591s][info][gc,start     ] GC(252859) Pause Young (Allocation Failure)
[1369239.591s][info][gc,task      ] GC(252859) Using 9 workers of 9 for evacuation
[1369239.595s][info][gc,heap      ] GC(252859) ParNew: 114499K->10410K(118016K)
[1369239.595s][info][gc,heap      ] GC(252859) CMS: 1222553K->1222664K(1966080K)
[1369239.595s][info][gc,metaspace ] GC(252859) Metaspace: 95515K(98212K)->95515K(98212K) NonClass: 86277K(88004K)->86277K(88004K) Class: 9238K(10208K)->9238K(10208K)
[1369239.595s][info][gc           ] GC(252859) Pause Young (Allocation Failure) 1305M->1204M(2035M) 4.550ms
[1369239.595s][info][gc,cpu       ] GC(252859) User=0.00s Sys=0.00s Real=0.00s
[1369244.489s][info][gc,start     ] GC(252860) Pause Young (Allocation Failure)
[1369244.489s][info][gc,task      ] GC(252860) Using 9 workers of 9 for evacuation
[1369244.494s][info][gc,heap      ] GC(252860) ParNew: 115370K->3992K(118016K)
[1369244.495s][info][gc,heap      ] GC(252860) CMS: 1222664K->1231396K(1966080K)
[1369244.495s][info][gc,metaspace ] GC(252860) Metaspace: 95515K(98212K)->95515K(98212K) NonClass: 86277K(88004K)->86277K(88004K) Class: 9238K(10208K)->9238K(10208K)
[1369244.495s][info][gc           ] GC(252860) Pause Young (Allocation Failure) 1306M->1206M(2035M) 5.384ms
[1369244.495s][info][gc,cpu       ] GC(252860) User=0.00s Sys=0.00s Real=0.00s
[1369248.717s][info][gc,start     ] GC(252861) Pause Young (Allocation Failure)
[1369248.718s][info][gc,task      ] GC(252861) Using 9 workers of 9 for evacuation
[1369248.722s][info][gc,heap      ] GC(252861) ParNew: 108952K->1171K(118016K)
[1369248.722s][info][gc,heap      ] GC(252861) CMS: 1231396K->1231396K(1966080K)
[1369248.722s][info][gc,metaspace ] GC(252861) Metaspace: 95515K(98212K)->95515K(98212K) NonClass: 86277K(88004K)->86277K(88004K) Class: 9238K(10208K)->9238K(10208K)
[1369248.722s][info][gc           ] GC(252861) Pause Young (Allocation Failure) 1308M->1203M(2035M) 4.321ms
[1369248.722s][info][gc,cpu       ] GC(252861) User=0.00s Sys=0.00s Real=0.00s
[1369254.016s][info][gc,start     ] GC(252862) Pause Young (Allocation Failure)
[1369254.016s][info][gc,task      ] GC(252862) Using 9 workers of 9 for evacuation
[1369254.020s][info][gc,heap      ] GC(252862) ParNew: 106131K->9440K(118016K)
[1369254.020s][info][gc,heap      ] GC(252862) CMS: 1231396K->1231396K(1966080K)
[1369254.021s][info][gc,metaspace ] GC(252862) Metaspace: 95515K(98212K)->95515K(98212K) NonClass: 86277K(88004K)->86277K(88004K) Class: 9238K(10208K)->9238K(10208K)
[1369254.021s][info][gc           ] GC(252862) Pause Young (Allocation Failure) 1306M->1211M(2035M) 4.387ms
[1369254.021s][info][gc,cpu       ] GC(252862) User=0.00s Sys=0.00s Real=0.00s
[1369258.599s][info][gc,start     ] GC(252863) Pause Young (Allocation Failure)
[1369258.599s][info][gc,task      ] GC(252863) Using 9 workers of 9 for evacuation
[1369258.603s][info][gc,heap      ] GC(252863) ParNew: 114400K->1628K(118016K)
[1369258.603s][info][gc,heap      ] GC(252863) CMS: 1231396K->1231727K(1966080K)
[1369258.603s][info][gc,metaspace ] GC(252863) Metaspace: 95515K(98212K)->95515K(98212K) NonClass: 86277K(88004K)->86277K(88004K) Class: 9238K(10208K)->9238K(10208K)
[1369258.603s][info][gc           ] GC(252863) Pause Young (Allocation Failure) 1314M->1204M(2035M) 4.221ms
[1369258.603s][info][gc,cpu       ] GC(252863) User=0.00s Sys=0.00s Real=0.00s
[1369263.947s][info][gc,start     ] GC(252864) Pause Young (Allocation Failure)
[1369263.948s][info][gc,task      ] GC(252864) Using 9 workers of 9 for evacuation
[1369263.952s][info][gc,heap      ] GC(252864) ParNew: 106588K->9291K(118016K)
[1369263.952s][info][gc,heap      ] GC(252864) CMS: 1231727K->1231727K(1966080K)
[1369263.952s][info][gc,metaspace ] GC(252864) Metaspace: 95515K(98212K)->95515K(98212K) NonClass: 86277K(88004K)->86277K(88004K) Class: 9238K(10208K)->9238K(10208K)
[1369263.953s][info][gc           ] GC(252864) Pause Young (Allocation Failure) 1306M->1211M(2035M) 5.160ms
[1369263.953s][info][gc,cpu       ] GC(252864) User=0.14s Sys=0.00s Real=0.02s
[1369268.824s][info][gc,start     ] GC(252865) Pause Young (Allocation Failure)
[1369268.824s][info][gc,task      ] GC(252865) Using 9 workers of 9 for evacuation
[1369268.828s][info][gc,heap      ] GC(252865) ParNew: 114251K->1649K(118016K)
[1369268.828s][info][gc,heap      ] GC(252865) CMS: 1231727K->1231855K(1966080K)
[1369268.828s][info][gc,metaspace ] GC(252865) Metaspace: 95515K(98212K)->95515K(98212K) NonClass: 86277K(88004K)->86277K(88004K) Class: 9238K(10208K)->9238K(10208K)
[1369268.828s][info][gc           ] GC(252865) Pause Young (Allocation Failure) 1314M->1204M(2035M) 4.483ms
[1369268.828s][info][gc,cpu       ] GC(252865) User=0.14s Sys=0.00s Real=0.02s
[1369273.118s][info][gc,start     ] GC(252866) Pause Young (Allocation Failure)
[1369273.118s][info][gc,task      ] GC(252866) Using 9 workers of 9 for evacuation
[1369273.122s][info][gc,heap      ] GC(252866) ParNew: 106609K->9298K(118016K)
[1369273.122s][info][gc,heap      ] GC(252866) CMS: 1231855K->1231855K(1966080K)
[1369273.122s][info][gc,metaspace ] GC(252866) Metaspace: 95515K(98212K)->95515K(98212K) NonClass: 86277K(88004K)->86277K(88004K) Class: 9238K(10208K)->9238K(10208K)
[1369273.122s][info][gc           ] GC(252866) Pause Young (Allocation Failure) 1307M->1212M(2035M) 4.931ms
[1369273.123s][info][gc,cpu       ] GC(252866) User=0.00s Sys=0.00s Real=0.00s
[1369279.396s][info][gc,start     ] GC(252867) Pause Young (Allocation Failure)
[1369279.396s][info][gc,task      ] GC(252867) Using 9 workers of 9 for evacuation
[1369279.400s][info][gc,heap      ] GC(252867) ParNew: 114258K->1572K(118016K)
[1369279.400s][info][gc,heap      ] GC(252867) CMS: 1231855K->1232034K(1966080K)
[1369279.400s][info][gc,metaspace ] GC(252867) Metaspace: 95515K(98212K)->95515K(98212K) NonClass: 86277K(88004K)->86277K(88004K) Class: 9238K(10208K)->9238K(10208K)
[1369279.400s][info][gc           ] GC(252867) Pause Young (Allocation Failure) 1314M->1204M(2035M) 4.372ms
[1369279.400s][info][gc,cpu       ] GC(252867) User=0.00s Sys=0.00s Real=0.00s
[1369284.005s][info][gc,start     ] GC(252868) Pause Young (Allocation Failure)
[1369284.005s][info][gc,task      ] GC(252868) Using 9 workers of 9 for evacuation
[1369284.009s][info][gc,heap      ] GC(252868) ParNew: 106532K->9257K(118016K)
[1369284.009s][info][gc,heap      ] GC(252868) CMS: 1232034K->1232034K(1966080K)
[1369284.009s][info][gc,metaspace ] GC(252868) Metaspace: 95515K(98212K)->95515K(98212K) NonClass: 86277K(88004K)->86277K(88004K) Class: 9238K(10208K)->9238K(10208K)
[1369284.009s][info][gc           ] GC(252868) Pause Young (Allocation Failure) 1307M->1212M(2035M) 4.449ms
[1369284.009s][info][gc,cpu       ] GC(252868) User=0.00s Sys=0.00s Real=0.00s
[1369289.128s][info][gc,start     ] GC(252869) Pause Young (Allocation Failure)
[1369289.129s][info][gc,task      ] GC(252869) Using 9 workers of 9 for evacuation
[1369289.133s][info][gc,heap      ] GC(252869) ParNew: 114217K->1552K(118016K)
[1369289.133s][info][gc,heap      ] GC(252869) CMS: 1232034K->1232140K(1966080K)
[1369289.133s][info][gc,metaspace ] GC(252869) Metaspace: 95515K(98212K)->95515K(98212K) NonClass: 86277K(88004K)->86277K(88004K) Class: 9238K(10208K)->9238K(10208K)
[1369289.133s][info][gc           ] GC(252869) Pause Young (Allocation Failure) 1314M->1204M(2035M) 4.272ms
[1369289.133s][info][gc,cpu       ] GC(252869) User=0.00s Sys=0.00s Real=0.00s
[1369293.781s][info][gc,start     ] GC(252870) Pause Young (Allocation Failure)
[1369293.781s][info][gc,task      ] GC(252870) Using 9 workers of 9 for evacuation
[1369293.785s][info][gc,heap      ] GC(252870) ParNew: 106512K->9258K(118016K)
[1369293.785s][info][gc,heap      ] GC(252870) CMS: 1232140K->1232140K(1966080K)
[1369293.785s][info][gc,metaspace ] GC(252870) Metaspace: 95515K(98212K)->95515K(98212K) NonClass: 86277K(88004K)->86277K(88004K) Class: 9238K(10208K)->9238K(10208K)
[1369293.785s][info][gc           ] GC(252870) Pause Young (Allocation Failure) 1307M->1212M(2035M) 4.294ms
[1369293.785s][info][gc,cpu       ] GC(252870) User=0.00s Sys=0.00s Real=0.00s
[1369297.550s][info][gc,start     ] GC(252871) Pause Young (Allocation Failure)
[1369297.551s][info][gc,task      ] GC(252871) Using 9 workers of 9 for evacuation
[1369297.555s][info][gc,heap      ] GC(252871) ParNew: 114218K->1650K(118016K)
[1369297.556s][info][gc,heap      ] GC(252871) CMS: 1232140K->1240929K(1966080K)
[1369297.556s][info][gc,metaspace ] GC(252871) Metaspace: 95515K(98212K)->95515K(98212K) NonClass: 86277K(88004K)->86277K(88004K) Class: 9238K(10208K)->9238K(10208K)
[1369297.556s][info][gc           ] GC(252871) Pause Young (Allocation Failure) 1314M->1213M(2035M) 5.144ms
[1369297.556s][info][gc,cpu       ] GC(252871) User=0.00s Sys=0.00s Real=0.00s
[1369302.290s][info][gc,start     ] GC(252872) Pause Young (Allocation Failure)
[1369302.290s][info][gc,task      ] GC(252872) Using 9 workers of 9 for evacuation
[1369302.294s][info][gc,heap      ] GC(252872) ParNew: 106610K->9228K(118016K)
[1369302.294s][info][gc,heap      ] GC(252872) CMS: 1240929K->1240929K(1966080K)
[1369302.294s][info][gc,metaspace ] GC(252872) Metaspace: 95515K(98212K)->95515K(98212K) NonClass: 86277K(88004K)->86277K(88004K) Class: 9238K(10208K)->9238K(10208K)
[1369302.294s][info][gc           ] GC(252872) Pause Young (Allocation Failure) 1315M->1220M(2035M) 4.648ms
[1369302.294s][info][gc,cpu       ] GC(252872) User=0.00s Sys=0.00s Real=0.00s
[1369310.610s][info][gc,start     ] GC(252873) Pause Young (Allocation Failure)
[1369310.610s][info][gc,task      ] GC(252873) Using 9 workers of 9 for evacuation
[1369310.614s][info][gc,heap      ] GC(252873) ParNew: 114188K->1814K(118016K)
[1369310.614s][info][gc,heap      ] GC(252873) CMS: 1240929K->1241028K(1966080K)
[1369310.614s][info][gc,metaspace ] GC(252873) Metaspace: 95515K(98212K)->95515K(98212K) NonClass: 86277K(88004K)->86277K(88004K) Class: 9238K(10208K)->9238K(10208K)
[1369310.614s][info][gc           ] GC(252873) Pause Young (Allocation Failure) 1323M->1213M(2035M) 4.054ms
[1369310.614s][info][gc,cpu       ] GC(252873) User=0.00s Sys=0.00s Real=0.00s
[1369315.227s][info][gc,start     ] GC(252874) Pause Young (Allocation Failure)
[1369315.227s][info][gc,task      ] GC(252874) Using 9 workers of 9 for evacuation
[1369315.232s][info][gc,heap      ] GC(252874) ParNew: 106774K->9242K(118016K)
[1369315.232s][info][gc,heap      ] GC(252874) CMS: 1241028K->1241028K(1966080K)
[1369315.232s][info][gc,metaspace ] GC(252874) Metaspace: 95515K(98212K)->95515K(98212K) NonClass: 86277K(88004K)->86277K(88004K) Class: 9238K(10208K)->9238K(10208K)
[1369315.232s][info][gc           ] GC(252874) Pause Young (Allocation Failure) 1316M->1220M(2035M) 5.084ms
[1369315.232s][info][gc,cpu       ] GC(252874) User=0.14s Sys=0.00s Real=0.02s
[1369321.937s][info][gc,start     ] GC(252875) Pause Young (Allocation Failure)
[1369321.937s][info][gc,task      ] GC(252875) Using 9 workers of 9 for evacuation
[1369321.941s][info][gc,heap      ] GC(252875) ParNew: 114202K->5598K(118016K)
[1369321.941s][info][gc,heap      ] GC(252875) CMS: 1241028K->1241128K(1966080K)
[1369321.941s][info][gc,metaspace ] GC(252875) Metaspace: 95515K(98212K)->95515K(98212K) NonClass: 86277K(88004K)->86277K(88004K) Class: 9238K(10208K)->9238K(10208K)
[1369321.941s][info][gc           ] GC(252875) Pause Young (Allocation Failure) 1323M->1217M(2035M) 4.437ms
[1369321.941s][info][gc,cpu       ] GC(252875) User=0.00s Sys=0.00s Real=0.00s
[1369326.268s][info][gc,start     ] GC(252876) Pause Young (Allocation Failure)
[1369326.269s][info][gc,task      ] GC(252876) Using 9 workers of 9 for evacuation
[1369326.273s][info][gc,heap      ] GC(252876) ParNew: 110558K->9596K(118016K)
[1369326.273s][info][gc,heap      ] GC(252876) CMS: 1241128K->1241128K(1966080K)
[1369326.273s][info][gc,metaspace ] GC(252876) Metaspace: 95515K(98212K)->95515K(98212K) NonClass: 86277K(88004K)->86277K(88004K) Class: 9238K(10208K)->9238K(10208K)
[1369326.274s][info][gc           ] GC(252876) Pause Young (Allocation Failure) 1320M->1221M(2035M) 5.071ms
[1369326.274s][info][gc,cpu       ] GC(252876) User=0.00s Sys=0.00s Real=0.00s
[1369331.166s][info][gc,start     ] GC(252877) Pause Young (Allocation Failure)
[1369331.166s][info][gc,task      ] GC(252877) Using 9 workers of 9 for evacuation
[1369331.170s][info][gc,heap      ] GC(252877) ParNew: 114556K->2721K(118016K)
[1369331.170s][info][gc,heap      ] GC(252877) CMS: 1241128K->1241183K(1966080K)
[1369331.170s][info][gc,metaspace ] GC(252877) Metaspace: 95515K(98212K)->95515K(98212K) NonClass: 86277K(88004K)->86277K(88004K) Class: 9238K(10208K)->9238K(10208K)
[1369331.170s][info][gc           ] GC(252877) Pause Young (Allocation Failure) 1323M->1214M(2035M) 4.322ms
[1369331.170s][info][gc,cpu       ] GC(252877) User=0.02s Sys=0.00s Real=0.01s
[1369335.295s][info][gc,start     ] GC(252878) Pause Young (Allocation Failure)
[1369335.296s][info][gc,task      ] GC(252878) Using 9 workers of 9 for evacuation
[1369335.300s][info][gc,heap      ] GC(252878) ParNew: 107681K->9692K(118016K)
[1369335.300s][info][gc,heap      ] GC(252878) CMS: 1241183K->1241183K(1966080K)
[1369335.300s][info][gc,metaspace ] GC(252878) Metaspace: 95515K(98212K)->95515K(98212K) NonClass: 86277K(88004K)->86277K(88004K) Class: 9238K(10208K)->9238K(10208K)
[1369335.300s][info][gc           ] GC(252878) Pause Young (Allocation Failure) 1317M->1221M(2035M) 4.591ms
[1369335.300s][info][gc,cpu       ] GC(252878) User=0.00s Sys=0.00s Real=0.00s
[1369340.677s][info][gc,start     ] GC(252879) Pause Young (Allocation Failure)
[1369340.677s][info][gc,task      ] GC(252879) Using 9 workers of 9 for evacuation
[1369340.681s][info][gc,heap      ] GC(252879) ParNew: 114652K->2043K(118016K)
[1369340.681s][info][gc,heap      ] GC(252879) CMS: 1241183K->1241396K(1966080K)
[1369340.681s][info][gc,metaspace ] GC(252879) Metaspace: 95515K(98212K)->95515K(98212K) NonClass: 86277K(88004K)->86277K(88004K) Class: 9238K(10208K)->9238K(10208K)
[1369340.681s][info][gc           ] GC(252879) Pause Young (Allocation Failure) 1324M->1214M(2035M) 4.101ms
[1369340.681s][info][gc,cpu       ] GC(252879) User=0.00s Sys=0.00s Real=0.00s
[1369343.280s][info][gc,start     ] GC(252880) Pause Young (Allocation Failure)
[1369343.280s][info][gc,task      ] GC(252880) Using 9 workers of 9 for evacuation
[1369343.285s][info][gc,heap      ] GC(252880) ParNew: 107003K->9613K(118016K)
[1369343.285s][info][gc,heap      ] GC(252880) CMS: 1241396K->1241396K(1966080K)
[1369343.285s][info][gc,metaspace ] GC(252880) Metaspace: 95515K(98212K)->95515K(98212K) NonClass: 86277K(88004K)->86277K(88004K) Class: 9238K(10208K)->9238K(10208K)
[1369343.285s][info][gc           ] GC(252880) Pause Young (Allocation Failure) 1316M->1221M(2035M) 5.004ms
[1369343.285s][info][gc,cpu       ] GC(252880) User=0.00s Sys=0.00s Real=0.00s
[1369348.513s][info][gc,start     ] GC(252881) Pause Young (Allocation Failure)
[1369348.514s][info][gc,task      ] GC(252881) Using 9 workers of 9 for evacuation
[1369348.519s][info][gc,heap      ] GC(252881) ParNew: 114573K->2029K(118016K)
[1369348.519s][info][gc,heap      ] GC(252881) CMS: 1241396K->1250358K(1966080K)
[1369348.519s][info][gc,metaspace ] GC(252881) Metaspace: 95515K(98212K)->95515K(98212K) NonClass: 86277K(88004K)->86277K(88004K) Class: 9238K(10208K)->9238K(10208K)
[1369348.519s][info][gc           ] GC(252881) Pause Young (Allocation Failure) 1324M->1223M(2035M) 5.458ms
[1369348.519s][info][gc,cpu       ] GC(252881) User=0.05s Sys=0.02s Real=0.02s
[1369354.732s][info][gc,start     ] GC(252882) Pause Young (Allocation Failure)
[1369354.732s][info][gc,task      ] GC(252882) Using 9 workers of 9 for evacuation
[1369354.737s][info][gc,heap      ] GC(252882) ParNew: 106989K->9281K(118016K)
[1369354.737s][info][gc,heap      ] GC(252882) CMS: 1250358K->1250358K(1966080K)
[1369354.737s][info][gc,metaspace ] GC(252882) Metaspace: 95515K(98212K)->95515K(98212K) NonClass: 86277K(88004K)->86277K(88004K) Class: 9238K(10208K)->9238K(10208K)
[1369354.737s][info][gc           ] GC(252882) Pause Young (Allocation Failure) 1325M->1230M(2035M) 5.021ms
[1369354.737s][info][gc,cpu       ] GC(252882) User=0.02s Sys=0.00s Real=0.02s
[1369363.004s][info][gc,start     ] GC(252883) Pause Young (Allocation Failure)
[1369363.004s][info][gc,task      ] GC(252883) Using 9 workers of 9 for evacuation
[1369363.008s][info][gc,heap      ] GC(252883) ParNew: 114241K->1821K(118016K)
[1369363.008s][info][gc,heap      ] GC(252883) CMS: 1250358K->1250439K(1966080K)
[1369363.008s][info][gc,metaspace ] GC(252883) Metaspace: 95515K(98212K)->95515K(98212K) NonClass: 86277K(88004K)->86277K(88004K) Class: 9238K(10208K)->9238K(10208K)
[1369363.008s][info][gc           ] GC(252883) Pause Young (Allocation Failure) 1332M->1222M(2035M) 4.236ms
[1369363.008s][info][gc,cpu       ] GC(252883) User=0.00s Sys=0.00s Real=0.00s
[1369368.469s][info][gc,start     ] GC(252884) Pause Young (Allocation Failure)
[1369368.469s][info][gc,task      ] GC(252884) Using 9 workers of 9 for evacuation
[1369368.474s][info][gc,heap      ] GC(252884) ParNew: 106781K->9355K(118016K)
[1369368.474s][info][gc,heap      ] GC(252884) CMS: 1250439K->1250439K(1966080K)
[1369368.474s][info][gc,metaspace ] GC(252884) Metaspace: 95515K(98212K)->95515K(98212K) NonClass: 86277K(88004K)->86277K(88004K) Class: 9238K(10208K)->9238K(10208K)
[1369368.474s][info][gc           ] GC(252884) Pause Young (Allocation Failure) 1325M->1230M(2035M) 5.147ms
[1369368.474s][info][gc,cpu       ] GC(252884) User=0.00s Sys=0.00s Real=0.00s
[1369374.409s][info][gc,start     ] GC(252885) Pause Young (Allocation Failure)
[1369374.409s][info][gc,task      ] GC(252885) Using 9 workers of 9 for evacuation
[1369374.414s][info][gc,heap      ] GC(252885) ParNew: 114311K->9800K(118016K)
[1369374.414s][info][gc,heap      ] GC(252885) CMS: 1250439K->1250565K(1966080K)
[1369374.414s][info][gc,metaspace ] GC(252885) Metaspace: 95515K(98212K)->95515K(98212K) NonClass: 86277K(88004K)->86277K(88004K) Class: 9238K(10208K)->9238K(10208K)
[1369374.414s][info][gc           ] GC(252885) Pause Young (Allocation Failure) 1332M->1230M(2035M) 5.033ms
[1369374.414s][info][gc,cpu       ] GC(252885) User=0.00s Sys=0.00s Real=0.00s
[1369379.719s][info][gc,start     ] GC(252886) Pause Young (Allocation Failure)
[1369379.720s][info][gc,task      ] GC(252886) Using 9 workers of 9 for evacuation
[1369379.724s][info][gc,heap      ] GC(252886) ParNew: 114760K->11039K(118016K)
[1369379.724s][info][gc,heap      ] GC(252886) CMS: 1250565K->1250594K(1966080K)
[1369379.724s][info][gc,metaspace ] GC(252886) Metaspace: 95515K(98212K)->95515K(98212K) NonClass: 86277K(88004K)->86277K(88004K) Class: 9238K(10208K)->9238K(10208K)
[1369379.725s][info][gc           ] GC(252886) Pause Young (Allocation Failure) 1333M->1232M(2035M) 5.082ms
[1369379.725s][info][gc,cpu       ] GC(252886) User=0.00s Sys=0.00s Real=0.00s
[1369384.461s][info][gc,start     ] GC(252887) Pause Young (Allocation Failure)
[1369384.462s][info][gc,task      ] GC(252887) Using 9 workers of 9 for evacuation
[1369384.467s][info][gc,heap      ] GC(252887) ParNew: 115999K->4780K(118016K)
[1369384.467s][info][gc,heap      ] GC(252887) CMS: 1250594K->1259353K(1966080K)
[1369384.467s][info][gc,metaspace ] GC(252887) Metaspace: 95515K(98212K)->95515K(98212K) NonClass: 86277K(88004K)->86277K(88004K) Class: 9238K(10208K)->9238K(10208K)
[1369384.467s][info][gc           ] GC(252887) Pause Young (Allocation Failure) 1334M->1234M(2035M) 5.240ms
[1369384.467s][info][gc,cpu       ] GC(252887) User=0.00s Sys=0.02s Real=0.02s
[1369390.186s][info][gc,start     ] GC(252888) Pause Young (Allocation Failure)
[1369390.186s][info][gc,task      ] GC(252888) Using 9 workers of 9 for evacuation
[1369390.190s][info][gc,heap      ] GC(252888) ParNew: 109735K->3257K(118016K)
[1369390.190s][info][gc,heap      ] GC(252888) CMS: 1259353K->1259353K(1966080K)
[1369390.190s][info][gc,metaspace ] GC(252888) Metaspace: 95515K(98212K)->95515K(98212K) NonClass: 86277K(88004K)->86277K(88004K) Class: 9238K(10208K)->9238K(10208K)
[1369390.190s][info][gc           ] GC(252888) Pause Young (Allocation Failure) 1337M->1233M(2035M) 4.215ms
[1369390.190s][info][gc,cpu       ] GC(252888) User=0.00s Sys=0.00s Real=0.00s
[1369394.329s][info][gc,start     ] GC(252889) Pause Young (Allocation Failure)
[1369394.329s][info][gc,task      ] GC(252889) Using 9 workers of 9 for evacuation
[1369394.334s][info][gc,heap      ] GC(252889) ParNew: 108217K->9453K(118016K)
[1369394.334s][info][gc,heap      ] GC(252889) CMS: 1259353K->1259353K(1966080K)
[1369394.334s][info][gc,metaspace ] GC(252889) Metaspace: 95515K(98212K)->95515K(98212K) NonClass: 86277K(88004K)->86277K(88004K) Class: 9238K(10208K)->9238K(10208K)
[1369394.334s][info][gc           ] GC(252889) Pause Young (Allocation Failure) 1335M->1239M(2035M) 5.299ms
[1369394.335s][info][gc,cpu       ] GC(252889) User=0.00s Sys=0.00s Real=0.01s
[1369400.265s][info][gc,start     ] GC(252890) Pause Young (Allocation Failure)
[1369400.265s][info][gc,task      ] GC(252890) Using 9 workers of 9 for evacuation
[1369400.270s][info][gc,heap      ] GC(252890) ParNew: 114413K->5403K(118016K)
[1369400.270s][info][gc,heap      ] GC(252890) CMS: 1259353K->1259568K(1966080K)
[1369400.270s][info][gc,metaspace ] GC(252890) Metaspace: 95515K(98212K)->95515K(98212K) NonClass: 86277K(88004K)->86277K(88004K) Class: 9238K(10208K)->9238K(10208K)
[1369400.270s][info][gc           ] GC(252890) Pause Young (Allocation Failure) 1341M->1235M(2035M) 4.794ms
[1369400.270s][info][gc,cpu       ] GC(252890) User=0.00s Sys=0.00s Real=0.00s
[1369406.545s][info][gc,start     ] GC(252891) Pause Young (Allocation Failure)
[1369406.546s][info][gc,task      ] GC(252891) Using 9 workers of 9 for evacuation
[1369406.550s][info][gc,heap      ] GC(252891) ParNew: 110363K->9732K(118016K)
[1369406.550s][info][gc,heap      ] GC(252891) CMS: 1259568K->1259568K(1966080K)
[1369406.550s][info][gc,metaspace ] GC(252891) Metaspace: 95515K(98212K)->95515K(98212K) NonClass: 86277K(88004K)->86277K(88004K) Class: 9238K(10208K)->9238K(10208K)
[1369406.550s][info][gc           ] GC(252891) Pause Young (Allocation Failure) 1337M->1239M(2035M) 5.034ms
[1369406.551s][info][gc,cpu       ] GC(252891) User=0.00s Sys=0.00s Real=0.00s
[1369412.580s][info][gc,start     ] GC(252892) Pause Young (Allocation Failure)
[1369412.580s][info][gc,task      ] GC(252892) Using 9 workers of 9 for evacuation
[1369412.586s][info][gc,heap      ] GC(252892) ParNew: 114692K->10953K(118016K)
[1369412.586s][info][gc,heap      ] GC(252892) CMS: 1259568K->1259614K(1966080K)
[1369412.586s][info][gc,metaspace ] GC(252892) Metaspace: 95515K(98212K)->95515K(98212K) NonClass: 86277K(88004K)->86277K(88004K) Class: 9238K(10208K)->9238K(10208K)
[1369412.586s][info][gc           ] GC(252892) Pause Young (Allocation Failure) 1342M->1240M(2035M) 6.195ms
[1369412.586s][info][gc,cpu       ] GC(252892) User=0.00s Sys=0.00s Real=0.00s
[1369417.723s][info][gc,start     ] GC(252893) Pause Young (Allocation Failure)
[1369417.723s][info][gc,task      ] GC(252893) Using 9 workers of 9 for evacuation
[1369417.728s][info][gc,heap      ] GC(252893) ParNew: 115913K->4282K(118016K)
[1369417.729s][info][gc,heap      ] GC(252893) CMS: 1259614K->1268394K(1966080K)
[1369417.729s][info][gc,metaspace ] GC(252893) Metaspace: 95515K(98212K)->95515K(98212K) NonClass: 86277K(88004K)->86277K(88004K) Class: 9238K(10208K)->9238K(10208K)
[1369417.729s][info][gc           ] GC(252893) Pause Young (Allocation Failure) 1343M->1242M(2035M) 5.599ms
[1369417.729s][info][gc,cpu       ] GC(252893) User=0.00s Sys=0.00s Real=0.00s
[1369422.505s][info][gc,start     ] GC(252894) Pause Young (Allocation Failure)
[1369422.505s][info][gc,task      ] GC(252894) Using 9 workers of 9 for evacuation
[1369422.510s][info][gc,heap      ] GC(252894) ParNew: 109242K->9571K(118016K)
[1369422.510s][info][gc,heap      ] GC(252894) CMS: 1268394K->1268394K(1966080K)
[1369422.510s][info][gc,metaspace ] GC(252894) Metaspace: 95515K(98212K)->95515K(98212K) NonClass: 86277K(88004K)->86277K(88004K) Class: 9238K(10208K)->9238K(10208K)
[1369422.510s][info][gc           ] GC(252894) Pause Young (Allocation Failure) 1345M->1248M(2035M) 4.777ms
[1369422.510s][info][gc,cpu       ] GC(252894) User=0.00s Sys=0.00s Real=0.00s
[1369428.539s][info][gc,start     ] GC(252895) Pause Young (Allocation Failure)
[1369428.540s][info][gc,task      ] GC(252895) Using 9 workers of 9 for evacuation
[1369428.545s][info][gc,heap      ] GC(252895) ParNew: 114531K->2971K(118016K)
[1369428.545s][info][gc,heap      ] GC(252895) CMS: 1268394K->1277161K(1966080K)
[1369428.545s][info][gc,metaspace ] GC(252895) Metaspace: 95515K(98212K)->95515K(98212K) NonClass: 86277K(88004K)->86277K(88004K) Class: 9238K(10208K)->9238K(10208K)
[1369428.545s][info][gc           ] GC(252895) Pause Young (Allocation Failure) 1350M->1250M(2035M) 5.388ms
[1369428.545s][info][gc,cpu       ] GC(252895) User=0.00s Sys=0.00s Real=0.00s
[1369433.973s][info][gc,start     ] GC(252896) Pause Young (Allocation Failure)
[1369433.973s][info][gc,task      ] GC(252896) Using 9 workers of 9 for evacuation
[1369433.978s][info][gc,heap      ] GC(252896) ParNew: 107931K->9566K(118016K)
[1369433.978s][info][gc,heap      ] GC(252896) CMS: 1277161K->1277161K(1966080K)
[1369433.978s][info][gc,metaspace ] GC(252896) Metaspace: 95515K(98212K)->95515K(98212K) NonClass: 86277K(88004K)->86277K(88004K) Class: 9238K(10208K)->9238K(10208K)
[1369433.978s][info][gc           ] GC(252896) Pause Young (Allocation Failure) 1352M->1256M(2035M) 5.044ms
[1369433.978s][info][gc,cpu       ] GC(252896) User=0.00s Sys=0.00s Real=0.00s
[1369440.089s][info][gc,start     ] GC(252897) Pause Young (Allocation Failure)
[1369440.089s][info][gc,task      ] GC(252897) Using 9 workers of 9 for evacuation
[1369440.093s][info][gc,heap      ] GC(252897) ParNew: 114526K->2219K(118016K)
[1369440.093s][info][gc,heap      ] GC(252897) CMS: 1277161K->1277292K(1966080K)
[1369440.093s][info][gc,metaspace ] GC(252897) Metaspace: 95515K(98212K)->95515K(98212K) NonClass: 86277K(88004K)->86277K(88004K) Class: 9238K(10208K)->9238K(10208K)
[1369440.093s][info][gc           ] GC(252897) Pause Young (Allocation Failure) 1359M->1249M(2035M) 4.451ms
[1369440.093s][info][gc,cpu       ] GC(252897) User=0.00s Sys=0.00s Real=0.00s
[1369444.205s][info][gc,start     ] GC(252898) Pause Young (Allocation Failure)
[1369444.205s][info][gc,task      ] GC(252898) Using 9 workers of 9 for evacuation
[1369444.211s][info][gc,heap      ] GC(252898) ParNew: 107179K->9428K(118016K)
[1369444.211s][info][gc,heap      ] GC(252898) CMS: 1277292K->1277292K(1966080K)
[1369444.211s][info][gc,metaspace ] GC(252898) Metaspace: 95515K(98212K)->95515K(98212K) NonClass: 86277K(88004K)->86277K(88004K) Class: 9238K(10208K)->9238K(10208K)
[1369444.211s][info][gc           ] GC(252898) Pause Young (Allocation Failure) 1352M->1256M(2035M) 5.413ms
[1369444.211s][info][gc,cpu       ] GC(252898) User=0.00s Sys=0.00s Real=0.00s
[1369450.652s][info][gc,start     ] GC(252899) Pause Young (Allocation Failure)
[1369450.652s][info][gc,task      ] GC(252899) Using 9 workers of 9 for evacuation
[1369450.657s][info][gc,heap      ] GC(252899) ParNew: 114388K->1946K(118016K)
[1369450.657s][info][gc,heap      ] GC(252899) CMS: 1277292K->1277470K(1966080K)
[1369450.657s][info][gc,metaspace ] GC(252899) Metaspace: 95515K(98212K)->95515K(98212K) NonClass: 86277K(88004K)->86277K(88004K) Class: 9238K(10208K)->9238K(10208K)
[1369450.657s][info][gc           ] GC(252899) Pause Young (Allocation Failure) 1359M->1249M(2035M) 4.880ms
[1369450.657s][info][gc,cpu       ] GC(252899) User=0.02s Sys=0.00s Real=0.02s
[1369455.872s][info][gc,start     ] GC(252900) Pause Young (Allocation Failure)
[1369455.872s][info][gc,task      ] GC(252900) Using 9 workers of 9 for evacuation
[1369455.877s][info][gc,heap      ] GC(252900) ParNew: 106906K->9350K(118016K)
[1369455.877s][info][gc,heap      ] GC(252900) CMS: 1277470K->1277470K(1966080K)
[1369455.877s][info][gc,metaspace ] GC(252900) Metaspace: 95515K(98212K)->95515K(98212K) NonClass: 86277K(88004K)->86277K(88004K) Class: 9238K(10208K)->9238K(10208K)
[1369455.877s][info][gc           ] GC(252900) Pause Young (Allocation Failure) 1351M->1256M(2035M) 4.763ms
[1369455.877s][info][gc,cpu       ] GC(252900) User=0.00s Sys=0.00s Real=0.00s
[1369461.998s][info][gc,start     ] GC(252901) Pause Young (Allocation Failure)
[1369461.998s][info][gc,task      ] GC(252901) Using 9 workers of 9 for evacuation
[1369462.003s][info][gc,heap      ] GC(252901) ParNew: 114310K->1849K(118016K)
[1369462.003s][info][gc,heap      ] GC(252901) CMS: 1277470K->1277585K(1966080K)
[1369462.003s][info][gc,metaspace ] GC(252901) Metaspace: 95515K(98212K)->95515K(98212K) NonClass: 86277K(88004K)->86277K(88004K) Class: 9238K(10208K)->9238K(10208K)
[1369462.003s][info][gc           ] GC(252901) Pause Young (Allocation Failure) 1359M->1249M(2035M) 4.569ms
[1369462.003s][info][gc,cpu       ] GC(252901) User=0.00s Sys=0.00s Real=0.00s
[1369465.482s][info][gc,start     ] GC(252902) Pause Young (Allocation Failure)
[1369465.482s][info][gc,task      ] GC(252902) Using 9 workers of 9 for evacuation
[1369465.487s][info][gc,heap      ] GC(252902) ParNew: 106809K->9402K(118016K)
[1369465.487s][info][gc,heap      ] GC(252902) CMS: 1277585K->1277585K(1966080K)
[1369465.487s][info][gc,metaspace ] GC(252902) Metaspace: 95515K(98212K)->95515K(98212K) NonClass: 86277K(88004K)->86277K(88004K) Class: 9238K(10208K)->9238K(10208K)
[1369465.488s][info][gc           ] GC(252902) Pause Young (Allocation Failure) 1351M->1256M(2035M) 5.339ms
[1369465.488s][info][gc,cpu       ] GC(252902) User=0.00s Sys=0.00s Real=0.00s
[1369469.999s][info][gc,start     ] GC(252903) Pause Young (Allocation Failure)
[1369469.999s][info][gc,task      ] GC(252903) Using 9 workers of 9 for evacuation
[1369470.003s][info][gc,heap      ] GC(252903) ParNew: 114362K->1930K(118016K)
[1369470.003s][info][gc,heap      ] GC(252903) CMS: 1277585K->1277798K(1966080K)
[1369470.003s][info][gc,metaspace ] GC(252903) Metaspace: 95515K(98212K)->95515K(98212K) NonClass: 86277K(88004K)->86277K(88004K) Class: 9238K(10208K)->9238K(10208K)
[1369470.003s][info][gc           ] GC(252903) Pause Young (Allocation Failure) 1359M->1249M(2035M) 4.263ms
[1369470.003s][info][gc,cpu       ] GC(252903) User=0.00s Sys=0.00s Real=0.00s
[1369474.101s][info][gc,start     ] GC(252904) Pause Young (Allocation Failure)
[1369474.101s][info][gc,task      ] GC(252904) Using 9 workers of 9 for evacuation
[1369474.106s][info][gc,heap      ] GC(252904) ParNew: 106890K->9389K(118016K)
[1369474.106s][info][gc,heap      ] GC(252904) CMS: 1277798K->1277798K(1966080K)
[1369474.106s][info][gc,metaspace ] GC(252904) Metaspace: 95515K(98212K)->95515K(98212K) NonClass: 86277K(88004K)->86277K(88004K) Class: 9238K(10208K)->9238K(10208K)
[1369474.106s][info][gc           ] GC(252904) Pause Young (Allocation Failure) 1352M->1257M(2035M) 5.611ms
[1369474.107s][info][gc,cpu       ] GC(252904) User=0.00s Sys=0.00s Real=0.02s
[1369478.401s][info][gc,start     ] GC(252905) Pause Young (Allocation Failure)
[1369478.401s][info][gc,task      ] GC(252905) Using 9 workers of 9 for evacuation
[1369478.406s][info][gc,heap      ] GC(252905) ParNew: 114349K->1833K(118016K)
[1369478.406s][info][gc,heap      ] GC(252905) CMS: 1277798K->1286591K(1966080K)
[1369478.406s][info][gc,metaspace ] GC(252905) Metaspace: 95515K(98212K)->95515K(98212K) NonClass: 86277K(88004K)->86277K(88004K) Class: 9238K(10208K)->9238K(10208K)
[1369478.406s][info][gc           ] GC(252905) Pause Young (Allocation Failure) 1359M->1258M(2035M) 5.180ms
[1369478.406s][info][gc,cpu       ] GC(252905) User=0.03s Sys=0.00s Real=0.02s
[1369483.516s][info][gc,start     ] GC(252906) Pause Young (Allocation Failure)
[1369483.516s][info][gc,task      ] GC(252906) Using 9 workers of 9 for evacuation
[1369483.521s][info][gc,heap      ] GC(252906) ParNew: 106793K->9312K(118016K)
[1369483.521s][info][gc,heap      ] GC(252906) CMS: 1286591K->1286591K(1966080K)
[1369483.521s][info][gc,metaspace ] GC(252906) Metaspace: 95515K(98212K)->95515K(98212K) NonClass: 86277K(88004K)->86277K(88004K) Class: 9238K(10208K)->9238K(10208K)
[1369483.521s][info][gc           ] GC(252906) Pause Young (Allocation Failure) 1360M->1265M(2035M) 5.040ms
[1369483.521s][info][gc,cpu       ] GC(252906) User=0.00s Sys=0.00s Real=0.00s
[1369487.765s][info][gc,start     ] GC(252907) Pause Young (Allocation Failure)
[1369487.765s][info][gc,task      ] GC(252907) Using 9 workers of 9 for evacuation
[1369487.770s][info][gc,heap      ] GC(252907) ParNew: 114272K->1905K(118016K)
[1369487.771s][info][gc,heap      ] GC(252907) CMS: 1286591K->1295467K(1966080K)
[1369487.771s][info][gc,metaspace ] GC(252907) Metaspace: 95515K(98212K)->95515K(98212K) NonClass: 86277K(88004K)->86277K(88004K) Class: 9238K(10208K)->9238K(10208K)
[1369487.771s][info][gc           ] GC(252907) Pause Young (Allocation Failure) 1368M->1266M(2035M) 6.103ms
[1369487.771s][info][gc,cpu       ] GC(252907) User=0.00s Sys=0.00s Real=0.00s
[1369492.849s][info][gc,start     ] GC(252908) Pause Young (Allocation Failure)
[1369492.849s][info][gc,task      ] GC(252908) Using 9 workers of 9 for evacuation
[1369492.854s][info][gc,heap      ] GC(252908) ParNew: 106865K->766K(118016K)
[1369492.854s][info][gc,heap      ] GC(252908) CMS: 1295467K->1295467K(1966080K)
[1369492.854s][info][gc,metaspace ] GC(252908) Metaspace: 95515K(98212K)->95515K(98212K) NonClass: 86277K(88004K)->86277K(88004K) Class: 9238K(10208K)->9238K(10208K)
[1369492.854s][info][gc           ] GC(252908) Pause Young (Allocation Failure) 1369M->1265M(2035M) 5.024ms
[1369492.854s][info][gc,cpu       ] GC(252908) User=0.02s Sys=0.00s Real=0.02s
[1369496.448s][info][gc,start     ] GC(252909) Pause Young (Allocation Failure)
[1369496.449s][info][gc,task      ] GC(252909) Using 9 workers of 9 for evacuation
[1369496.453s][info][gc,heap      ] GC(252909) ParNew: 105726K->9322K(118016K)
[1369496.453s][info][gc,heap      ] GC(252909) CMS: 1295467K->1295467K(1966080K)
[1369496.453s][info][gc,metaspace ] GC(252909) Metaspace: 95515K(98212K)->95515K(98212K) NonClass: 86277K(88004K)->86277K(88004K) Class: 9238K(10208K)->9238K(10208K)
[1369496.453s][info][gc           ] GC(252909) Pause Young (Allocation Failure) 1368M->1274M(2035M) 4.870ms
[1369496.453s][info][gc,cpu       ] GC(252909) User=0.00s Sys=0.00s Real=0.00s
[1369502.125s][info][gc,start     ] GC(252910) Pause Young (Allocation Failure)
[1369502.125s][info][gc,task      ] GC(252910) Using 9 workers of 9 for evacuation
[1369502.129s][info][gc,heap      ] GC(252910) ParNew: 114276K->9714K(118016K)
[1369502.129s][info][gc,heap      ] GC(252910) CMS: 1295467K->1295699K(1966080K)
[1369502.129s][info][gc,metaspace ] GC(252910) Metaspace: 95515K(98212K)->95515K(98212K) NonClass: 86277K(88004K)->86277K(88004K) Class: 9238K(10208K)->9238K(10208K)
[1369502.129s][info][gc           ] GC(252910) Pause Young (Allocation Failure) 1376M->1274M(2035M) 4.801ms
[1369502.130s][info][gc,cpu       ] GC(252910) User=0.00s Sys=0.00s Real=0.00s
[1369509.264s][info][gc,start     ] GC(252911) Pause Young (Allocation Failure)
[1369509.265s][info][gc,task      ] GC(252911) Using 9 workers of 9 for evacuation
[1369509.270s][info][gc,heap      ] GC(252911) ParNew: 114674K->7164K(118016K)
[1369509.270s][info][gc,heap      ] GC(252911) CMS: 1295699K->1295758K(1966080K)
[1369509.270s][info][gc,metaspace ] GC(252911) Metaspace: 95515K(98212K)->95515K(98212K) NonClass: 86277K(88004K)->86277K(88004K) Class: 9238K(10208K)->9238K(10208K)
[1369509.270s][info][gc           ] GC(252911) Pause Young (Allocation Failure) 1377M->1272M(2035M) 5.588ms
[1369509.270s][info][gc,cpu       ] GC(252911) User=0.00s Sys=0.00s Real=0.00s
[1369512.862s][info][gc,start     ] GC(252912) Pause Young (Allocation Failure)
[1369512.862s][info][gc,task      ] GC(252912) Using 9 workers of 9 for evacuation
[1369512.867s][info][gc,heap      ] GC(252912) ParNew: 112124K->10008K(118016K)
[1369512.867s][info][gc,heap      ] GC(252912) CMS: 1295758K->1295758K(1966080K)
[1369512.867s][info][gc,metaspace ] GC(252912) Metaspace: 95515K(98212K)->95515K(98212K) NonClass: 86277K(88004K)->86277K(88004K) Class: 9238K(10208K)->9238K(10208K)
[1369512.867s][info][gc           ] GC(252912) Pause Young (Allocation Failure) 1374M->1275M(2035M) 4.848ms
[1369512.867s][info][gc,cpu       ] GC(252912) User=0.00s Sys=0.00s Real=0.00s
[1369519.022s][info][gc,start     ] GC(252913) Pause Young (Allocation Failure)
[1369519.022s][info][gc,task      ] GC(252913) Using 9 workers of 9 for evacuation
[1369519.026s][info][gc,heap      ] GC(252913) ParNew: 114963K->2854K(118016K)
[1369519.026s][info][gc,heap      ] GC(252913) CMS: 1295758K->1295813K(1966080K)
[1369519.026s][info][gc,metaspace ] GC(252913) Metaspace: 95515K(98212K)->95515K(98212K) NonClass: 86277K(88004K)->86277K(88004K) Class: 9238K(10208K)->9238K(10208K)
[1369519.026s][info][gc           ] GC(252913) Pause Young (Allocation Failure) 1377M->1268M(2035M) 4.514ms
[1369519.026s][info][gc,cpu       ] GC(252913) User=0.14s Sys=0.00s Real=0.02s
[1369525.344s][info][gc,start     ] GC(252914) Pause Young (Allocation Failure)
[1369525.344s][info][gc,task      ] GC(252914) Using 9 workers of 9 for evacuation
[1369525.349s][info][gc,heap      ] GC(252914) ParNew: 107814K->9510K(118016K)
[1369525.349s][info][gc,heap      ] GC(252914) CMS: 1295813K->1295813K(1966080K)
[1369525.349s][info][gc,metaspace ] GC(252914) Metaspace: 95515K(98212K)->95515K(98212K) NonClass: 86277K(88004K)->86277K(88004K) Class: 9238K(10208K)->9238K(10208K)
[1369525.349s][info][gc           ] GC(252914) Pause Young (Allocation Failure) 1370M->1274M(2035M) 4.927ms
[1369525.349s][info][gc,cpu       ] GC(252914) User=0.00s Sys=0.00s Real=0.00s
[1369529.776s][info][gc,start     ] GC(252915) Pause Young (Allocation Failure)
[1369529.776s][info][gc,task      ] GC(252915) Using 9 workers of 9 for evacuation
[1369529.781s][info][gc,heap      ] GC(252915) ParNew: 114462K->10686K(118016K)
[1369529.781s][info][gc,heap      ] GC(252915) CMS: 1295813K->1295972K(1966080K)
[1369529.781s][info][gc,metaspace ] GC(252915) Metaspace: 95515K(98212K)->95515K(98212K) NonClass: 86277K(88004K)->86277K(88004K) Class: 9238K(10208K)->9238K(10208K)
[1369529.781s][info][gc           ] GC(252915) Pause Young (Allocation Failure) 1377M->1276M(2035M) 4.753ms
[1369529.781s][info][gc,cpu       ] GC(252915) User=0.00s Sys=0.00s Real=0.00s
[1369533.511s][info][gc,start     ] GC(252916) Pause Young (Allocation Failure)
[1369533.511s][info][gc,task      ] GC(252916) Using 9 workers of 9 for evacuation
[1369533.516s][info][gc,heap      ] GC(252916) ParNew: 115646K->4044K(118016K)
[1369533.516s][info][gc,heap      ] GC(252916) CMS: 1295972K->1304710K(1966080K)
[1369533.516s][info][gc,metaspace ] GC(252916) Metaspace: 95515K(98212K)->95515K(98212K) NonClass: 86277K(88004K)->86277K(88004K) Class: 9238K(10208K)->9238K(10208K)
[1369533.516s][info][gc           ] GC(252916) Pause Young (Allocation Failure) 1378M->1278M(2035M) 5.538ms
[1369533.516s][info][gc,cpu       ] GC(252916) User=0.14s Sys=0.00s Real=0.02s
[1369537.968s][info][gc,start     ] GC(252917) Pause Young (Allocation Failure)
[1369537.968s][info][gc,task      ] GC(252917) Using 9 workers of 9 for evacuation
[1369537.972s][info][gc,heap      ] GC(252917) ParNew: 109004K->1182K(118016K)
[1369537.972s][info][gc,heap      ] GC(252917) CMS: 1304710K->1304710K(1966080K)
[1369537.972s][info][gc,metaspace ] GC(252917) Metaspace: 95515K(98212K)->95515K(98212K) NonClass: 86277K(88004K)->86277K(88004K) Class: 9238K(10208K)->9238K(10208K)
[1369537.972s][info][gc           ] GC(252917) Pause Young (Allocation Failure) 1380M->1275M(2035M) 4.571ms
[1369537.972s][info][gc,cpu       ] GC(252917) User=0.00s Sys=0.00s Real=0.00s
[1369543.003s][info][gc,start     ] GC(252918) Pause Young (Allocation Failure)
[1369543.003s][info][gc,task      ] GC(252918) Using 9 workers of 9 for evacuation
[1369543.007s][info][gc,heap      ] GC(252918) ParNew: 106142K->9405K(118016K)
[1369543.007s][info][gc,heap      ] GC(252918) CMS: 1304710K->1304710K(1966080K)
[1369543.007s][info][gc,metaspace ] GC(252918) Metaspace: 95515K(98212K)->95515K(98212K) NonClass: 86277K(88004K)->86277K(88004K) Class: 9238K(10208K)->9238K(10208K)
[1369543.007s][info][gc           ] GC(252918) Pause Young (Allocation Failure) 1377M->1283M(2035M) 4.782ms
[1369543.007s][info][gc,cpu       ] GC(252918) User=0.00s Sys=0.00s Real=0.00s
[1369548.005s][info][gc,start     ] GC(252919) Pause Young (Allocation Failure)
[1369548.005s][info][gc,task      ] GC(252919) Using 9 workers of 9 for evacuation
[1369548.011s][info][gc,heap      ] GC(252919) ParNew: 114365K->1632K(118016K)
[1369548.011s][info][gc,heap      ] GC(252919) CMS: 1304710K->1313613K(1966080K)
[1369548.011s][info][gc,metaspace ] GC(252919) Metaspace: 95515K(98212K)->95515K(98212K) NonClass: 86277K(88004K)->86277K(88004K) Class: 9238K(10208K)->9238K(10208K)
[1369548.011s][info][gc           ] GC(252919) Pause Young (Allocation Failure) 1385M->1284M(2035M) 5.489ms
[1369548.011s][info][gc,cpu       ] GC(252919) User=0.00s Sys=0.00s Real=0.00s
[1369550.561s][info][gc,start     ] GC(252920) Pause Young (Allocation Failure)
[1369550.561s][info][gc,task      ] GC(252920) Using 9 workers of 9 for evacuation
[1369550.566s][info][gc,heap      ] GC(252920) ParNew: 106592K->9441K(118016K)
[1369550.566s][info][gc,heap      ] GC(252920) CMS: 1313613K->1313613K(1966080K)
[1369550.566s][info][gc,metaspace ] GC(252920) Metaspace: 95515K(98212K)->95515K(98212K) NonClass: 86277K(88004K)->86277K(88004K) Class: 9238K(10208K)->9238K(10208K)
[1369550.566s][info][gc           ] GC(252920) Pause Young (Allocation Failure) 1386M->1292M(2035M) 5.271ms
[1369550.566s][info][gc,cpu       ] GC(252920) User=0.00s Sys=0.00s Real=0.00s
[1369555.202s][info][gc,start     ] GC(252921) Pause Young (Allocation Failure)
[1369555.202s][info][gc,task      ] GC(252921) Using 9 workers of 9 for evacuation
[1369555.207s][info][gc,heap      ] GC(252921) ParNew: 114401K->1665K(118016K)
[1369555.207s][info][gc,heap      ] GC(252921) CMS: 1313613K->1322472K(1966080K)
[1369555.207s][info][gc,metaspace ] GC(252921) Metaspace: 95515K(98212K)->95515K(98212K) NonClass: 86277K(88004K)->86277K(88004K) Class: 9238K(10208K)->9238K(10208K)
[1369555.208s][info][gc           ] GC(252921) Pause Young (Allocation Failure) 1394M->1293M(2035M) 5.487ms
[1369555.208s][info][gc,cpu       ] GC(252921) User=0.00s Sys=0.00s Real=0.00s
[1369558.796s][info][gc,start     ] GC(252922) Pause Young (Allocation Failure)
[1369558.796s][info][gc,task      ] GC(252922) Using 9 workers of 9 for evacuation
[1369558.800s][info][gc,heap      ] GC(252922) ParNew: 106625K->683K(118016K)
[1369558.800s][info][gc,heap      ] GC(252922) CMS: 1322472K->1322472K(1966080K)
[1369558.800s][info][gc,metaspace ] GC(252922) Metaspace: 95515K(98212K)->95515K(98212K) NonClass: 86277K(88004K)->86277K(88004K) Class: 9238K(10208K)->9238K(10208K)
[1369558.801s][info][gc           ] GC(252922) Pause Young (Allocation Failure) 1395M->1292M(2035M) 4.796ms
[1369558.801s][info][gc,cpu       ] GC(252922) User=0.00s Sys=0.00s Real=0.00s
[1369562.310s][info][gc,start     ] GC(252923) Pause Young (Allocation Failure)
[1369562.310s][info][gc,task      ] GC(252923) Using 9 workers of 9 for evacuation
[1369562.314s][info][gc,heap      ] GC(252923) ParNew: 105643K->9438K(118016K)
[1369562.314s][info][gc,heap      ] GC(252923) CMS: 1322472K->1322472K(1966080K)
[1369562.314s][info][gc,metaspace ] GC(252923) Metaspace: 95515K(98212K)->95515K(98212K) NonClass: 86277K(88004K)->86277K(88004K) Class: 9238K(10208K)->9238K(10208K)
[1369562.315s][info][gc           ] GC(252923) Pause Young (Allocation Failure) 1394M->1300M(2035M) 4.766ms
[1369562.315s][info][gc,cpu       ] GC(252923) User=0.00s Sys=0.00s Real=0.00s
[1369566.576s][info][gc,start     ] GC(252924) Pause Young (Allocation Failure)
[1369566.576s][info][gc,task      ] GC(252924) Using 9 workers of 9 for evacuation
[1369566.581s][info][gc,heap      ] GC(252924) ParNew: 114398K->1674K(118016K)
[1369566.582s][info][gc,heap      ] GC(252924) CMS: 1322472K->1331429K(1966080K)
[1369566.582s][info][gc,metaspace ] GC(252924) Metaspace: 95515K(98212K)->95515K(98212K) NonClass: 86277K(88004K)->86277K(88004K) Class: 9238K(10208K)->9238K(10208K)
[1369566.582s][info][gc           ] GC(252924) Pause Young (Allocation Failure) 1403M->1301M(2035M) 6.004ms
[1369566.582s][info][gc,cpu       ] GC(252924) User=0.00s Sys=0.00s Real=0.00s
[1369570.316s][info][gc,start     ] GC(252925) Pause Young (Allocation Failure)
[1369570.316s][info][gc,task      ] GC(252925) Using 9 workers of 9 for evacuation
[1369570.322s][info][gc,heap      ] GC(252925) ParNew: 106634K->8346K(118016K)
[1369570.322s][info][gc,heap      ] GC(252925) CMS: 1331429K->1331429K(1966080K)
[1369570.322s][info][gc,metaspace ] GC(252925) Metaspace: 95515K(98212K)->95515K(98212K) NonClass: 86277K(88004K)->86277K(88004K) Class: 9238K(10208K)->9238K(10208K)
[1369570.322s][info][gc           ] GC(252925) Pause Young (Allocation Failure) 1404M->1308M(2035M) 5.760ms
[1369570.322s][info][gc,cpu       ] GC(252925) User=0.00s Sys=0.00s Real=0.00s
[1369576.244s][info][gc,start     ] GC(252926) Pause Young (Allocation Failure)
[1369576.244s][info][gc,task      ] GC(252926) Using 9 workers of 9 for evacuation
[1369576.249s][info][gc,heap      ] GC(252926) ParNew: 113306K->2430K(118016K)
[1369576.249s][info][gc,heap      ] GC(252926) CMS: 1331429K->1339258K(1966080K)
[1369576.249s][info][gc,metaspace ] GC(252926) Metaspace: 95515K(98212K)->95515K(98212K) NonClass: 86277K(88004K)->86277K(88004K) Class: 9238K(10208K)->9238K(10208K)
[1369576.249s][info][gc           ] GC(252926) Pause Young (Allocation Failure) 1410M->1310M(2035M) 5.012ms
[1369576.249s][info][gc,cpu       ] GC(252926) User=0.14s Sys=0.00s Real=0.02s
[1369580.634s][info][gc,start     ] GC(252927) Pause Young (Allocation Failure)
[1369580.634s][info][gc,task      ] GC(252927) Using 9 workers of 9 for evacuation
[1369580.638s][info][gc,heap      ] GC(252927) ParNew: 107375K->4778K(118016K)
[1369580.638s][info][gc,heap      ] GC(252927) CMS: 1339258K->1339258K(1966080K)
[1369580.638s][info][gc,metaspace ] GC(252927) Metaspace: 95515K(98212K)->95515K(98212K) NonClass: 86277K(88004K)->86277K(88004K) Class: 9238K(10208K)->9238K(10208K)
[1369580.638s][info][gc           ] GC(252927) Pause Young (Allocation Failure) 1412M->1312M(2035M) 4.597ms
[1369580.638s][info][gc,cpu       ] GC(252927) User=0.02s Sys=0.00s Real=0.02s
[1369585.995s][info][gc,start     ] GC(252928) Pause Young (Allocation Failure)
[1369585.995s][info][gc,task      ] GC(252928) Using 9 workers of 9 for evacuation
[1369586.000s][info][gc,heap      ] GC(252928) ParNew: 109738K->9734K(118016K)
[1369586.000s][info][gc,heap      ] GC(252928) CMS: 1339258K->1339258K(1966080K)
[1369586.000s][info][gc,metaspace ] GC(252928) Metaspace: 95515K(98212K)->95515K(98212K) NonClass: 86277K(88004K)->86277K(88004K) Class: 9238K(10208K)->9238K(10208K)
[1369586.000s][info][gc           ] GC(252928) Pause Young (Allocation Failure) 1415M->1317M(2035M) 4.984ms
[1369586.000s][info][gc,cpu       ] GC(252928) User=0.14s Sys=0.00s Real=0.01s
[1369590.294s][info][gc,start     ] GC(252929) Pause Young (Allocation Failure)
[1369590.295s][info][gc,task      ] GC(252929) Using 9 workers of 9 for evacuation
[1369590.299s][info][gc,heap      ] GC(252929) ParNew: 114694K->2524K(118016K)
[1369590.299s][info][gc,heap      ] GC(252929) CMS: 1339258K->1339410K(1966080K)
[1369590.299s][info][gc,metaspace ] GC(252929) Metaspace: 95515K(98212K)->95515K(98212K) NonClass: 86277K(88004K)->86277K(88004K) Class: 9238K(10208K)->9238K(10208K)
[1369590.299s][info][gc           ] GC(252929) Pause Young (Allocation Failure) 1419M->1310M(2035M) 4.408ms
[1369590.299s][info][gc,cpu       ] GC(252929) User=0.00s Sys=0.00s Real=0.00s
[1369596.333s][info][gc,start     ] GC(252930) Pause Young (Allocation Failure)
[1369596.333s][info][gc,task      ] GC(252930) Using 9 workers of 9 for evacuation
[1369596.338s][info][gc,heap      ] GC(252930) ParNew: 107484K->9648K(118016K)
[1369596.338s][info][gc,heap      ] GC(252930) CMS: 1339410K->1339410K(1966080K)
[1369596.338s][info][gc,metaspace ] GC(252930) Metaspace: 95515K(98212K)->95515K(98212K) NonClass: 86277K(88004K)->86277K(88004K) Class: 9238K(10208K)->9238K(10208K)
[1369596.338s][info][gc           ] GC(252930) Pause Young (Allocation Failure) 1412M->1317M(2035M) 4.932ms
[1369596.338s][info][gc,cpu       ] GC(252930) User=0.00s Sys=0.00s Real=0.00s
[1369601.566s][info][gc,start     ] GC(252931) Pause Young (Allocation Failure)
[1369601.566s][info][gc,task      ] GC(252931) Using 9 workers of 9 for evacuation
[1369601.570s][info][gc,heap      ] GC(252931) ParNew: 114608K->4508K(118016K)
[1369601.570s][info][gc,heap      ] GC(252931) CMS: 1339410K->1339600K(1966080K)
[1369601.570s][info][gc,metaspace ] GC(252931) Metaspace: 95515K(98212K)->95515K(98212K) NonClass: 86277K(88004K)->86277K(88004K) Class: 9238K(10208K)->9238K(10208K)
[1369601.570s][info][gc           ] GC(252931) Pause Young (Allocation Failure) 1419M->1312M(2035M) 4.453ms
[1369601.570s][info][gc,cpu       ] GC(252931) User=0.00s Sys=0.00s Real=0.00s
[1369608.054s][info][gc,start     ] GC(252932) Pause Young (Allocation Failure)
[1369608.054s][info][gc,task      ] GC(252932) Using 9 workers of 9 for evacuation
[1369608.059s][info][gc,heap      ] GC(252932) ParNew: 109468K->9432K(118016K)
[1369608.059s][info][gc,heap      ] GC(252932) CMS: 1339600K->1339600K(1966080K)
[1369608.059s][info][gc,metaspace ] GC(252932) Metaspace: 95515K(98212K)->95515K(98212K) NonClass: 86277K(88004K)->86277K(88004K) Class: 9238K(10208K)->9238K(10208K)
[1369608.060s][info][gc           ] GC(252932) Pause Young (Allocation Failure) 1415M->1317M(2035M) 5.167ms
[1369608.060s][info][gc,cpu       ] GC(252932) User=0.00s Sys=0.00s Real=0.00s
[1369612.930s][info][gc,start     ] GC(252933) Pause Young (Allocation Failure)
[1369612.930s][info][gc,task      ] GC(252933) Using 9 workers of 9 for evacuation
[1369612.934s][info][gc,heap      ] GC(252933) ParNew: 114392K->11171K(118016K)
[1369612.934s][info][gc,heap      ] GC(252933) CMS: 1339600K->1339754K(1966080K)
[1369612.934s][info][gc,metaspace ] GC(252933) Metaspace: 95515K(98212K)->95515K(98212K) NonClass: 86277K(88004K)->86277K(88004K) Class: 9238K(10208K)->9238K(10208K)
[1369612.934s][info][gc           ] GC(252933) Pause Young (Allocation Failure) 1419M->1319M(2035M) 4.497ms
[1369612.934s][info][gc,cpu       ] GC(252933) User=0.00s Sys=0.00s Real=0.00s
[1369619.299s][info][gc,start     ] GC(252934) Pause Young (Allocation Failure)
[1369619.300s][info][gc,task      ] GC(252934) Using 9 workers of 9 for evacuation
[1369619.304s][info][gc,heap      ] GC(252934) ParNew: 116131K->4290K(118016K)
[1369619.304s][info][gc,heap      ] GC(252934) CMS: 1339754K->1339820K(1966080K)
[1369619.304s][info][gc,metaspace ] GC(252934) Metaspace: 95515K(98212K)->95515K(98212K) NonClass: 86277K(88004K)->86277K(88004K) Class: 9238K(10208K)->9238K(10208K)
[1369619.304s][info][gc           ] GC(252934) Pause Young (Allocation Failure) 1421M->1312M(2035M) 4.459ms
[1369619.304s][info][gc,cpu       ] GC(252934) User=0.00s Sys=0.00s Real=0.00s
[1369625.407s][info][gc,start     ] GC(252935) Pause Young (Allocation Failure)
[1369625.407s][info][gc,task      ] GC(252935) Using 9 workers of 9 for evacuation
[1369625.412s][info][gc,heap      ] GC(252935) ParNew: 109250K->9612K(118016K)
[1369625.413s][info][gc,heap      ] GC(252935) CMS: 1339820K->1339820K(1966080K)
[1369625.413s][info][gc,metaspace ] GC(252935) Metaspace: 95515K(98212K)->95515K(98212K) NonClass: 86277K(88004K)->86277K(88004K) Class: 9238K(10208K)->9238K(10208K)
[1369625.413s][info][gc           ] GC(252935) Pause Young (Allocation Failure) 1415M->1317M(2035M) 5.910ms
[1369625.413s][info][gc,cpu       ] GC(252935) User=0.00s Sys=0.00s Real=0.00s
[1369629.033s][info][gc,start     ] GC(252936) Pause Young (Allocation Failure)
[1369629.033s][info][gc,task      ] GC(252936) Using 9 workers of 9 for evacuation
[1369629.037s][info][gc,heap      ] GC(252936) ParNew: 114572K->2752K(118016K)
[1369629.037s][info][gc,heap      ] GC(252936) CMS: 1339820K->1339978K(1966080K)
[1369629.037s][info][gc,metaspace ] GC(252936) Metaspace: 95515K(98212K)->95515K(98212K) NonClass: 86277K(88004K)->86277K(88004K) Class: 9238K(10208K)->9238K(10208K)
[1369629.037s][info][gc           ] GC(252936) Pause Young (Allocation Failure) 1420M->1311M(2035M) 4.227ms
[1369629.037s][info][gc,cpu       ] GC(252936) User=0.00s Sys=0.00s Real=0.00s
[1369635.255s][info][gc,start     ] GC(252937) Pause Young (Allocation Failure)
[1369635.255s][info][gc,task      ] GC(252937) Using 9 workers of 9 for evacuation
[1369635.260s][info][gc,heap      ] GC(252937) ParNew: 107712K->9624K(118016K)
[1369635.260s][info][gc,heap      ] GC(252937) CMS: 1339978K->1339978K(1966080K)
[1369635.260s][info][gc,metaspace ] GC(252937) Metaspace: 95515K(98212K)->95515K(98212K) NonClass: 86277K(88004K)->86277K(88004K) Class: 9238K(10208K)->9238K(10208K)
[1369635.260s][info][gc           ] GC(252937) Pause Young (Allocation Failure) 1413M->1317M(2035M) 4.694ms
[1369635.260s][info][gc,cpu       ] GC(252937) User=0.00s Sys=0.00s Real=0.00s
[1369642.498s][info][gc,start     ] GC(252938) Pause Young (Allocation Failure)
[1369642.498s][info][gc,task      ] GC(252938) Using 9 workers of 9 for evacuation
[1369642.502s][info][gc,heap      ] GC(252938) ParNew: 114584K->2309K(118016K)
[1369642.502s][info][gc,heap      ] GC(252938) CMS: 1339978K->1340113K(1966080K)
[1369642.502s][info][gc,metaspace ] GC(252938) Metaspace: 95515K(98212K)->95515K(98212K) NonClass: 86277K(88004K)->86277K(88004K) Class: 9238K(10208K)->9238K(10208K)
[1369642.502s][info][gc           ] GC(252938) Pause Young (Allocation Failure) 1420M->1310M(2035M) 4.306ms
[1369642.502s][info][gc,cpu       ] GC(252938) User=0.02s Sys=0.00s Real=0.02s
[1369647.549s][info][gc,start     ] GC(252939) Pause Young (Allocation Failure)
[1369647.549s][info][gc,task      ] GC(252939) Using 9 workers of 9 for evacuation
[1369647.554s][info][gc,heap      ] GC(252939) ParNew: 107261K->9370K(118016K)
[1369647.554s][info][gc,heap      ] GC(252939) CMS: 1340113K->1340113K(1966080K)
[1369647.554s][info][gc,metaspace ] GC(252939) Metaspace: 95515K(98212K)->95515K(98212K) NonClass: 86277K(88004K)->86277K(88004K) Class: 9238K(10208K)->9238K(10208K)
[1369647.554s][info][gc           ] GC(252939) Pause Young (Allocation Failure) 1413M->1317M(2035M) 5.063ms
[1369647.554s][info][gc,cpu       ] GC(252939) User=0.00s Sys=0.00s Real=0.00s
[1369652.014s][info][gc,start     ] GC(252940) Pause Young (Allocation Failure)
[1369652.014s][info][gc,task      ] GC(252940) Using 9 workers of 9 for evacuation
[1369652.018s][info][gc,heap      ] GC(252940) ParNew: 114330K->1877K(118016K)
[1369652.018s][info][gc,heap      ] GC(252940) CMS: 1340113K->1340229K(1966080K)
[1369652.018s][info][gc,metaspace ] GC(252940) Metaspace: 95515K(98212K)->95515K(98212K) NonClass: 86277K(88004K)->86277K(88004K) Class: 9238K(10208K)->9238K(10208K)
[1369652.018s][info][gc           ] GC(252940) Pause Young (Allocation Failure) 1420M->1310M(2035M) 4.362ms
[1369652.018s][info][gc,cpu       ] GC(252940) User=0.00s Sys=0.00s Real=0.00s
[1369658.672s][info][gc,start     ] GC(252941) Pause Young (Allocation Failure)
[1369658.673s][info][gc,task      ] GC(252941) Using 9 workers of 9 for evacuation
[1369658.677s][info][gc,heap      ] GC(252941) ParNew: 106837K->9311K(118016K)
[1369658.677s][info][gc,heap      ] GC(252941) CMS: 1340229K->1340229K(1966080K)
[1369658.677s][info][gc,metaspace ] GC(252941) Metaspace: 95515K(98212K)->95515K(98212K) NonClass: 86277K(88004K)->86277K(88004K) Class: 9238K(10208K)->9238K(10208K)
[1369658.677s][info][gc           ] GC(252941) Pause Young (Allocation Failure) 1413M->1317M(2035M) 4.991ms
[1369658.678s][info][gc,cpu       ] GC(252941) User=0.00s Sys=0.02s Real=0.00s
[1369665.089s][info][gc,start     ] GC(252942) Pause Young (Allocation Failure)
[1369665.090s][info][gc,task      ] GC(252942) Using 9 workers of 9 for evacuation
[1369665.094s][info][gc,heap      ] GC(252942) ParNew: 114271K->10170K(118016K)
[1369665.094s][info][gc,heap      ] GC(252942) CMS: 1340229K->1340374K(1966080K)
[1369665.094s][info][gc,metaspace ] GC(252942) Metaspace: 95515K(98212K)->95515K(98212K) NonClass: 86277K(88004K)->86277K(88004K) Class: 9238K(10208K)->9238K(10208K)
[1369665.094s][info][gc           ] GC(252942) Pause Young (Allocation Failure) 1420M->1318M(2035M) 4.725ms
[1369665.094s][info][gc,cpu       ] GC(252942) User=0.03s Sys=0.00s Real=0.02s
[1369670.822s][info][gc,start     ] GC(252943) Pause Young (Allocation Failure)
[1369670.822s][info][gc,task      ] GC(252943) Using 9 workers of 9 for evacuation
[1369670.827s][info][gc,heap      ] GC(252943) ParNew: 115130K->11582K(118016K)
[1369670.827s][info][gc,heap      ] GC(252943) CMS: 1340374K->1340439K(1966080K)
[1369670.827s][info][gc,metaspace ] GC(252943) Metaspace: 95515K(98212K)->95515K(98212K) NonClass: 86277K(88004K)->86277K(88004K) Class: 9238K(10208K)->9238K(10208K)
[1369670.827s][info][gc           ] GC(252943) Pause Young (Allocation Failure) 1421M->1320M(2035M) 4.788ms
[1369670.827s][info][gc,cpu       ] GC(252943) User=0.14s Sys=0.00s Real=0.02s
[1369675.171s][info][gc,start     ] GC(252944) Pause Young (Allocation Failure)
[1369675.171s][info][gc,task      ] GC(252944) Using 9 workers of 9 for evacuation
[1369675.177s][info][gc,heap      ] GC(252944) ParNew: 116542K->4696K(118016K)
[1369675.177s][info][gc,heap      ] GC(252944) CMS: 1340439K->1349158K(1966080K)
[1369675.177s][info][gc,metaspace ] GC(252944) Metaspace: 95515K(98212K)->95515K(98212K) NonClass: 86277K(88004K)->86277K(88004K) Class: 9238K(10208K)->9238K(10208K)
[1369675.177s][info][gc           ] GC(252944) Pause Young (Allocation Failure) 1422M->1322M(2035M) 6.141ms
[1369675.177s][info][gc,cpu       ] GC(252944) User=0.00s Sys=0.00s Real=0.00s
[1369682.804s][info][gc,start     ] GC(252945) Pause Young (Allocation Failure)
[1369682.804s][info][gc,task      ] GC(252945) Using 9 workers of 9 for evacuation
[1369682.809s][info][gc,heap      ] GC(252945) ParNew: 109656K->9896K(118016K)
[1369682.809s][info][gc,heap      ] GC(252945) CMS: 1349158K->1349158K(1966080K)
[1369682.809s][info][gc,metaspace ] GC(252945) Metaspace: 95515K(98212K)->95515K(98212K) NonClass: 86277K(88004K)->86277K(88004K) Class: 9238K(10208K)->9238K(10208K)
[1369682.809s][info][gc           ] GC(252945) Pause Young (Allocation Failure) 1424M->1327M(2035M) 5.123ms
[1369682.809s][info][gc,cpu       ] GC(252945) User=0.02s Sys=0.00s Real=0.02s
[1369687.655s][info][gc,start     ] GC(252946) Pause Young (Allocation Failure)
[1369687.655s][info][gc,task      ] GC(252946) Using 9 workers of 9 for evacuation
[1369687.660s][info][gc,heap      ] GC(252946) ParNew: 114856K->3022K(118016K)
[1369687.660s][info][gc,heap      ] GC(252946) CMS: 1349158K->1357994K(1966080K)
[1369687.660s][info][gc,metaspace ] GC(252946) Metaspace: 95515K(98212K)->95515K(98212K) NonClass: 86277K(88004K)->86277K(88004K) Class: 9238K(10208K)->9238K(10208K)
[1369687.660s][info][gc           ] GC(252946) Pause Young (Allocation Failure) 1429M->1329M(2035M) 5.436ms
[1369687.661s][info][gc,cpu       ] GC(252946) User=0.00s Sys=0.00s Real=0.00s
[1369693.690s][info][gc,start     ] GC(252947) Pause Young (Allocation Failure)
[1369693.691s][info][gc,task      ] GC(252947) Using 9 workers of 9 for evacuation
[1369693.696s][info][gc,heap      ] GC(252947) ParNew: 107982K->9539K(118016K)
[1369693.696s][info][gc,heap      ] GC(252947) CMS: 1357994K->1357994K(1966080K)
[1369693.696s][info][gc,metaspace ] GC(252947) Metaspace: 95515K(98212K)->95515K(98212K) NonClass: 86277K(88004K)->86277K(88004K) Class: 9238K(10208K)->9238K(10208K)
[1369693.696s][info][gc           ] GC(252947) Pause Young (Allocation Failure) 1431M->1335M(2035M) 5.353ms
[1369693.696s][info][gc,cpu       ] GC(252947) User=0.00s Sys=0.00s Real=0.00s
[1369698.683s][info][gc,start     ] GC(252948) Pause Young (Allocation Failure)
[1369698.683s][info][gc,task      ] GC(252948) Using 9 workers of 9 for evacuation
[1369698.689s][info][gc,heap      ] GC(252948) ParNew: 114499K->2228K(118016K)
[1369698.689s][info][gc,heap      ] GC(252948) CMS: 1357994K->1366793K(1966080K)
[1369698.689s][info][gc,metaspace ] GC(252948) Metaspace: 95515K(98212K)->95515K(98212K) NonClass: 86277K(88004K)->86277K(88004K) Class: 9238K(10208K)->9238K(10208K)
[1369698.689s][info][gc           ] GC(252948) Pause Young (Allocation Failure) 1437M->1336M(2035M) 6.310ms
[1369698.689s][info][gc,cpu       ] GC(252948) User=0.14s Sys=0.00s Real=0.02s
[1369703.417s][info][gc,start     ] GC(252949) Pause Young (Allocation Failure)
[1369703.417s][info][gc,task      ] GC(252949) Using 9 workers of 9 for evacuation
[1369703.422s][info][gc,heap      ] GC(252949) ParNew: 107188K->9471K(118016K)
[1369703.422s][info][gc,heap      ] GC(252949) CMS: 1366793K->1366793K(1966080K)
[1369703.422s][info][gc,metaspace ] GC(252949) Metaspace: 95515K(98212K)->95515K(98212K) NonClass: 86277K(88004K)->86277K(88004K) Class: 9238K(10208K)->9238K(10208K)
[1369703.422s][info][gc           ] GC(252949) Pause Young (Allocation Failure) 1439M->1344M(2035M) 5.012ms
[1369703.422s][info][gc,cpu       ] GC(252949) User=0.13s Sys=0.02s Real=0.02s
[1369708.825s][info][gc,start     ] GC(252950) Pause Young (Allocation Failure)
[1369708.825s][info][gc,task      ] GC(252950) Using 9 workers of 9 for evacuation
[1369708.830s][info][gc,heap      ] GC(252950) ParNew: 114431K->2005K(118016K)
[1369708.830s][info][gc,heap      ] GC(252950) CMS: 1366793K->1375636K(1966080K)
[1369708.830s][info][gc,metaspace ] GC(252950) Metaspace: 95515K(98212K)->95515K(98212K) NonClass: 86277K(88004K)->86277K(88004K) Class: 9238K(10208K)->9238K(10208K)
[1369708.830s][info][gc           ] GC(252950) Pause Young (Allocation Failure) 1446M->1345M(2035M) 5.135ms
[1369708.830s][info][gc,cpu       ] GC(252950) User=0.02s Sys=0.00s Real=0.01s
[1369712.420s][info][gc,start     ] GC(252951) Pause Young (Allocation Failure)
[1369712.421s][info][gc,task      ] GC(252951) Using 9 workers of 9 for evacuation
[1369712.425s][info][gc,heap      ] GC(252951) ParNew: 106965K->9414K(118016K)
[1369712.426s][info][gc,heap      ] GC(252951) CMS: 1375636K->1375636K(1966080K)
[1369712.426s][info][gc,metaspace ] GC(252951) Metaspace: 95515K(98212K)->95515K(98212K) NonClass: 86277K(88004K)->86277K(88004K) Class: 9238K(10208K)->9238K(10208K)
[1369712.426s][info][gc           ] GC(252951) Pause Young (Allocation Failure) 1447M->1352M(2035M) 5.237ms
[1369712.426s][info][gc,cpu       ] GC(252951) User=0.00s Sys=0.00s Real=0.00s
[1369717.995s][info][gc,start     ] GC(252952) Pause Young (Allocation Failure)
[1369717.995s][info][gc,task      ] GC(252952) Using 9 workers of 9 for evacuation
[1369718.001s][info][gc,heap      ] GC(252952) ParNew: 114374K->1840K(118016K)
[1369718.001s][info][gc,heap      ] GC(252952) CMS: 1375636K->1384450K(1966080K)
[1369718.001s][info][gc,metaspace ] GC(252952) Metaspace: 95515K(98212K)->95515K(98212K) NonClass: 86277K(88004K)->86277K(88004K) Class: 9238K(10208K)->9238K(10208K)
[1369718.001s][info][gc           ] GC(252952) Pause Young (Allocation Failure) 1455M->1353M(2035M) 6.138ms
[1369718.001s][info][gc,cpu       ] GC(252952) User=0.14s Sys=0.00s Real=0.02s
[1369722.148s][info][gc,start     ] GC(252953) Pause Young (Allocation Failure)
[1369722.149s][info][gc,task      ] GC(252953) Using 9 workers of 9 for evacuation
[1369722.153s][info][gc,heap      ] GC(252953) ParNew: 106800K->7751K(118016K)
[1369722.153s][info][gc,heap      ] GC(252953) CMS: 1384450K->1384450K(1966080K)
[1369722.153s][info][gc,metaspace ] GC(252953) Metaspace: 95515K(98212K)->95515K(98212K) NonClass: 86277K(88004K)->86277K(88004K) Class: 9238K(10208K)->9238K(10208K)
[1369722.153s][info][gc           ] GC(252953) Pause Young (Allocation Failure) 1456M->1359M(2035M) 4.867ms
[1369722.153s][info][gc,cpu       ] GC(252953) User=0.00s Sys=0.00s Real=0.00s
[1369725.792s][info][gc,start     ] GC(252954) Pause Young (Allocation Failure)
[1369725.793s][info][gc,task      ] GC(252954) Using 9 workers of 9 for evacuation
[1369725.798s][info][gc,heap      ] GC(252954) ParNew: 112711K->2909K(118016K)
[1369725.798s][info][gc,heap      ] GC(252954) CMS: 1384450K->1391664K(1966080K)
[1369725.798s][info][gc,metaspace ] GC(252954) Metaspace: 95515K(98212K)->95515K(98212K) NonClass: 86277K(88004K)->86277K(88004K) Class: 9238K(10208K)->9238K(10208K)
[1369725.798s][info][gc           ] GC(252954) Pause Young (Allocation Failure) 1462M->1361M(2035M) 5.553ms
[1369725.798s][info][gc,cpu       ] GC(252954) User=0.00s Sys=0.00s Real=0.00s
[1369731.491s][info][gc,start     ] GC(252955) Pause Young (Allocation Failure)
[1369731.491s][info][gc,task      ] GC(252955) Using 9 workers of 9 for evacuation
[1369731.495s][info][gc,heap      ] GC(252955) ParNew: 107869K->833K(118016K)
[1369731.495s][info][gc,heap      ] GC(252955) CMS: 1391664K->1391664K(1966080K)
[1369731.495s][info][gc,metaspace ] GC(252955) Metaspace: 95515K(98212K)->95515K(98212K) NonClass: 86277K(88004K)->86277K(88004K) Class: 9238K(10208K)->9238K(10208K)
[1369731.495s][info][gc           ] GC(252955) Pause Young (Allocation Failure) 1464M->1359M(2035M) 4.533ms
[1369731.495s][info][gc,cpu       ] GC(252955) User=0.00s Sys=0.00s Real=0.00s
[1369735.287s][info][gc,start     ] GC(252956) Pause Young (Allocation Failure)
[1369735.287s][info][gc,task      ] GC(252956) Using 9 workers of 9 for evacuation
[1369735.292s][info][gc,heap      ] GC(252956) ParNew: 105793K->9404K(118016K)
[1369735.292s][info][gc,heap      ] GC(252956) CMS: 1391664K->1391664K(1966080K)
[1369735.292s][info][gc,metaspace ] GC(252956) Metaspace: 95515K(98212K)->95515K(98212K) NonClass: 86277K(88004K)->86277K(88004K) Class: 9238K(10208K)->9238K(10208K)
[1369735.292s][info][gc           ] GC(252956) Pause Young (Allocation Failure) 1462M->1368M(2035M) 5.254ms
[1369735.292s][info][gc,cpu       ] GC(252956) User=0.00s Sys=0.00s Real=0.00s
[1369739.156s][info][gc,start     ] GC(252957) Pause Young (Allocation Failure)
[1369739.156s][info][gc,task      ] GC(252957) Using 9 workers of 9 for evacuation
[1369739.161s][info][gc,heap      ] GC(252957) ParNew: 114364K->1426K(118016K)
[1369739.161s][info][gc,heap      ] GC(252957) CMS: 1391664K->1391932K(1966080K)
[1369739.161s][info][gc,metaspace ] GC(252957) Metaspace: 95515K(98212K)->95515K(98212K) NonClass: 86277K(88004K)->86277K(88004K) Class: 9238K(10208K)->9238K(10208K)
[1369739.161s][info][gc           ] GC(252957) Pause Young (Allocation Failure) 1470M->1360M(2035M) 4.829ms
[1369739.161s][info][gc,cpu       ] GC(252957) User=0.05s Sys=0.00s Real=0.02s
[1369744.118s][info][gc,start     ] GC(252958) Pause Young (Allocation Failure)
[1369744.119s][info][gc,task      ] GC(252958) Using 9 workers of 9 for evacuation
[1369744.123s][info][gc,heap      ] GC(252958) ParNew: 106386K->9388K(118016K)
[1369744.123s][info][gc,heap      ] GC(252958) CMS: 1391932K->1391932K(1966080K)
[1369744.123s][info][gc,metaspace ] GC(252958) Metaspace: 95515K(98212K)->95515K(98212K) NonClass: 86277K(88004K)->86277K(88004K) Class: 9238K(10208K)->9238K(10208K)
[1369744.123s][info][gc           ] GC(252958) Pause Young (Allocation Failure) 1463M->1368M(2035M) 5.066ms
[1369744.123s][info][gc,cpu       ] GC(252958) User=0.00s Sys=0.00s Real=0.00s
[1369750.091s][info][gc,start     ] GC(252959) Pause Young (Allocation Failure)
[1369750.091s][info][gc,task      ] GC(252959) Using 9 workers of 9 for evacuation
[1369750.096s][info][gc,heap      ] GC(252959) ParNew: 114348K->1577K(118016K)
[1369750.096s][info][gc,heap      ] GC(252959) CMS: 1391932K->1392122K(1966080K)
[1369750.096s][info][gc,metaspace ] GC(252959) Metaspace: 95515K(98212K)->95515K(98212K) NonClass: 86277K(88004K)->86277K(88004K) Class: 9238K(10208K)->9238K(10208K)
[1369750.096s][info][gc           ] GC(252959) Pause Young (Allocation Failure) 1470M->1361M(2035M) 4.501ms
[1369750.096s][info][gc,cpu       ] GC(252959) User=0.00s Sys=0.00s Real=0.00s
[1369755.462s][info][gc,start     ] GC(252960) Pause Young (Allocation Failure)
[1369755.462s][info][gc,task      ] GC(252960) Using 9 workers of 9 for evacuation
[1369755.466s][info][gc,heap      ] GC(252960) ParNew: 106537K->9461K(118016K)
[1369755.466s][info][gc,heap      ] GC(252960) CMS: 1392122K->1392122K(1966080K)
[1369755.467s][info][gc,metaspace ] GC(252960) Metaspace: 95515K(98212K)->95515K(98212K) NonClass: 86277K(88004K)->86277K(88004K) Class: 9238K(10208K)->9238K(10208K)
[1369755.467s][info][gc           ] GC(252960) Pause Young (Allocation Failure) 1463M->1368M(2035M) 4.877ms
[1369755.467s][info][gc,cpu       ] GC(252960) User=0.00s Sys=0.00s Real=0.00s
[1369759.393s][info][gc,start     ] GC(252961) Pause Young (Allocation Failure)
[1369759.393s][info][gc,task      ] GC(252961) Using 9 workers of 9 for evacuation
[1369759.398s][info][gc,heap      ] GC(252961) ParNew: 114421K->1807K(118016K)
[1369759.398s][info][gc,heap      ] GC(252961) CMS: 1392122K->1392306K(1966080K)
[1369759.398s][info][gc,metaspace ] GC(252961) Metaspace: 95515K(98212K)->95515K(98212K) NonClass: 86277K(88004K)->86277K(88004K) Class: 9238K(10208K)->9238K(10208K)
[1369759.398s][info][gc           ] GC(252961) Pause Young (Allocation Failure) 1471M->1361M(2035M) 4.808ms
[1369759.398s][info][gc,cpu       ] GC(252961) User=0.02s Sys=0.00s Real=0.02s
[1369763.297s][info][gc,start     ] GC(252962) Pause Young (Allocation Failure)
[1369763.297s][info][gc,task      ] GC(252962) Using 9 workers of 9 for evacuation
[1369763.301s][info][gc,heap      ] GC(252962) ParNew: 106738K->8309K(118016K)
[1369763.301s][info][gc,heap      ] GC(252962) CMS: 1392306K->1392306K(1966080K)
[1369763.301s][info][gc,metaspace ] GC(252962) Metaspace: 95515K(98212K)->95515K(98212K) NonClass: 86277K(88004K)->86277K(88004K) Class: 9238K(10208K)->9238K(10208K)
[1369763.301s][info][gc           ] GC(252962) Pause Young (Allocation Failure) 1463M->1367M(2035M) 4.899ms
[1369763.301s][info][gc,cpu       ] GC(252962) User=0.00s Sys=0.00s Real=0.00s
[1369767.422s][info][gc,start     ] GC(252963) Pause Young (Allocation Failure)
[1369767.422s][info][gc,task      ] GC(252963) Using 9 workers of 9 for evacuation
[1369767.427s][info][gc,heap      ] GC(252963) ParNew: 113269K->2662K(118016K)
[1369767.427s][info][gc,heap      ] GC(252963) CMS: 1392306K->1400063K(1966080K)
[1369767.427s][info][gc,metaspace ] GC(252963) Metaspace: 95515K(98212K)->95515K(98212K) NonClass: 86277K(88004K)->86277K(88004K) Class: 9238K(10208K)->9238K(10208K)
[1369767.427s][info][gc           ] GC(252963) Pause Young (Allocation Failure) 1470M->1369M(2035M) 5.252ms
[1369767.427s][info][gc,cpu       ] GC(252963) User=0.00s Sys=0.00s Real=0.00s
[1369773.225s][info][gc,start     ] GC(252964) Pause Young (Allocation Failure)
[1369773.225s][info][gc,task      ] GC(252964) Using 9 workers of 9 for evacuation
[1369773.229s][info][gc,heap      ] GC(252964) ParNew: 107622K->1040K(118016K)
[1369773.229s][info][gc,heap      ] GC(252964) CMS: 1400063K->1400063K(1966080K)
[1369773.229s][info][gc,metaspace ] GC(252964) Metaspace: 95515K(98212K)->95515K(98212K) NonClass: 86277K(88004K)->86277K(88004K) Class: 9238K(10208K)->9238K(10208K)
[1369773.229s][info][gc           ] GC(252964) Pause Young (Allocation Failure) 1472M->1368M(2035M) 4.646ms
[1369773.229s][info][gc,cpu       ] GC(252964) User=0.02s Sys=0.00s Real=0.02s
[1369775.737s][info][gc,start     ] GC(252965) Pause Young (Allocation Failure)
[1369775.737s][info][gc,task      ] GC(252965) Using 9 workers of 9 for evacuation
[1369775.741s][info][gc,heap      ] GC(252965) ParNew: 106000K->9508K(118016K)
[1369775.741s][info][gc,heap      ] GC(252965) CMS: 1400063K->1400063K(1966080K)
[1369775.741s][info][gc,metaspace ] GC(252965) Metaspace: 95515K(98212K)->95515K(98212K) NonClass: 86277K(88004K)->86277K(88004K) Class: 9238K(10208K)->9238K(10208K)
[1369775.741s][info][gc           ] GC(252965) Pause Young (Allocation Failure) 1470M->1376M(2035M) 4.733ms
[1369775.741s][info][gc,cpu       ] GC(252965) User=0.00s Sys=0.00s Real=0.00s
[1369780.431s][info][gc,start     ] GC(252966) Pause Young (Allocation Failure)
[1369780.431s][info][gc,task      ] GC(252966) Using 9 workers of 9 for evacuation
[1369780.436s][info][gc,heap      ] GC(252966) ParNew: 114468K->1714K(118016K)
[1369780.436s][info][gc,heap      ] GC(252966) CMS: 1400063K->1400385K(1966080K)
[1369780.436s][info][gc,metaspace ] GC(252966) Metaspace: 95515K(98212K)->95515K(98212K) NonClass: 86277K(88004K)->86277K(88004K) Class: 9238K(10208K)->9238K(10208K)
[1369780.436s][info][gc           ] GC(252966) Pause Young (Allocation Failure) 1479M->1369M(2035M) 5.035ms
[1369780.436s][info][gc,cpu       ] GC(252966) User=0.14s Sys=0.00s Real=0.02s
[1369785.082s][info][gc,start     ] GC(252967) Pause Young (Allocation Failure)
[1369785.083s][info][gc,task      ] GC(252967) Using 9 workers of 9 for evacuation
[1369785.087s][info][gc,heap      ] GC(252967) ParNew: 106674K->9249K(118016K)
[1369785.087s][info][gc,heap      ] GC(252967) CMS: 1400385K->1400385K(1966080K)
[1369785.087s][info][gc,metaspace ] GC(252967) Metaspace: 95515K(98212K)->95515K(98212K) NonClass: 86277K(88004K)->86277K(88004K) Class: 9238K(10208K)->9238K(10208K)
[1369785.087s][info][gc           ] GC(252967) Pause Young (Allocation Failure) 1471M->1376M(2035M) 4.891ms
[1369785.087s][info][gc,cpu       ] GC(252967) User=0.05s Sys=0.00s Real=0.02s
[1369790.978s][info][gc,start     ] GC(252968) Pause Young (Allocation Failure)
[1369790.979s][info][gc,task      ] GC(252968) Using 9 workers of 9 for evacuation
[1369790.983s][info][gc,heap      ] GC(252968) ParNew: 114209K->1802K(118016K)
[1369790.983s][info][gc,heap      ] GC(252968) CMS: 1400385K->1400502K(1966080K)
[1369790.983s][info][gc,metaspace ] GC(252968) Metaspace: 95515K(98212K)->95515K(98212K) NonClass: 86277K(88004K)->86277K(88004K) Class: 9238K(10208K)->9238K(10208K)
[1369790.983s][info][gc           ] GC(252968) Pause Young (Allocation Failure) 1479M->1369M(2035M) 4.234ms
[1369790.983s][info][gc,cpu       ] GC(252968) User=0.00s Sys=0.00s Real=0.00s
[1369794.226s][info][gc,start     ] GC(252969) Pause Young (Allocation Failure)
[1369794.226s][info][gc,task      ] GC(252969) Using 9 workers of 9 for evacuation
[1369794.231s][info][gc,heap      ] GC(252969) ParNew: 106731K->8849K(118016K)
[1369794.231s][info][gc,heap      ] GC(252969) CMS: 1400502K->1400502K(1966080K)
[1369794.231s][info][gc,metaspace ] GC(252969) Metaspace: 95515K(98212K)->95515K(98212K) NonClass: 86277K(88004K)->86277K(88004K) Class: 9238K(10208K)->9238K(10208K)
[1369794.231s][info][gc           ] GC(252969) Pause Young (Allocation Failure) 1471M->1376M(2035M) 5.470ms
[1369794.232s][info][gc,cpu       ] GC(252969) User=0.00s Sys=0.00s Real=0.00s
[1369799.279s][info][gc,start     ] GC(252970) Pause Young (Allocation Failure)
[1369799.279s][info][gc,task      ] GC(252970) Using 9 workers of 9 for evacuation
[1369799.283s][info][gc,heap      ] GC(252970) ParNew: 113711K->5780K(118016K)
[1369799.283s][info][gc,heap      ] GC(252970) CMS: 1400502K->1400703K(1966080K)
[1369799.283s][info][gc,metaspace ] GC(252970) Metaspace: 95515K(98212K)->95515K(98212K) NonClass: 86277K(88004K)->86277K(88004K) Class: 9238K(10208K)->9238K(10208K)
[1369799.284s][info][gc           ] GC(252970) Pause Young (Allocation Failure) 1478M->1373M(2035M) 4.761ms
[1369799.284s][info][gc,cpu       ] GC(252970) User=0.00s Sys=0.00s Real=0.00s
[1369805.563s][info][gc,start     ] GC(252971) Pause Young (Allocation Failure)
[1369805.563s][info][gc,task      ] GC(252971) Using 9 workers of 9 for evacuation
[1369805.568s][info][gc,heap      ] GC(252971) ParNew: 110740K->10224K(118016K)
[1369805.568s][info][gc,heap      ] GC(252971) CMS: 1400703K->1400703K(1966080K)
[1369805.568s][info][gc,metaspace ] GC(252971) Metaspace: 95515K(98212K)->95515K(98212K) NonClass: 86277K(88004K)->86277K(88004K) Class: 9238K(10208K)->9238K(10208K)
[1369805.568s][info][gc           ] GC(252971) Pause Young (Allocation Failure) 1476M->1377M(2035M) 5.432ms
[1369805.568s][info][gc,cpu       ] GC(252971) User=0.00s Sys=0.00s Real=0.00s
[1369809.745s][info][gc,start     ] GC(252972) Pause Young (Allocation Failure)
[1369809.746s][info][gc,task      ] GC(252972) Using 9 workers of 9 for evacuation
[1369809.750s][info][gc,heap      ] GC(252972) ParNew: 115184K->11596K(118016K)
[1369809.751s][info][gc,heap      ] GC(252972) CMS: 1400703K->1400800K(1966080K)
[1369809.751s][info][gc,metaspace ] GC(252972) Metaspace: 95515K(98212K)->95515K(98212K) NonClass: 86277K(88004K)->86277K(88004K) Class: 9238K(10208K)->9238K(10208K)
[1369809.751s][info][gc           ] GC(252972) Pause Young (Allocation Failure) 1480M->1379M(2035M) 5.207ms
[1369809.751s][info][gc,cpu       ] GC(252972) User=0.14s Sys=0.00s Real=0.01s
[1369816.195s][info][gc,start     ] GC(252973) Pause Young (Allocation Failure)
[1369816.195s][info][gc,task      ] GC(252973) Using 9 workers of 9 for evacuation
[1369816.201s][info][gc,heap      ] GC(252973) ParNew: 116556K->4515K(118016K)
[1369816.201s][info][gc,heap      ] GC(252973) CMS: 1400800K->1409682K(1966080K)
[1369816.201s][info][gc,metaspace ] GC(252973) Metaspace: 95515K(98212K)->95515K(98212K) NonClass: 86277K(88004K)->86277K(88004K) Class: 9238K(10208K)->9238K(10208K)
[1369816.201s][info][gc           ] GC(252973) Pause Young (Allocation Failure) 1481M->1381M(2035M) 6.095ms
[1369816.201s][info][gc,cpu       ] GC(252973) User=0.00s Sys=0.00s Real=0.00s
[1369821.406s][info][gc,start     ] GC(252974) Pause Young (Allocation Failure)
[1369821.406s][info][gc,task      ] GC(252974) Using 9 workers of 9 for evacuation
[1369821.410s][info][gc,heap      ] GC(252974) ParNew: 109475K->9684K(118016K)
[1369821.410s][info][gc,heap      ] GC(252974) CMS: 1409682K->1409682K(1966080K)
[1369821.410s][info][gc,metaspace ] GC(252974) Metaspace: 95515K(98212K)->95515K(98212K) NonClass: 86277K(88004K)->86277K(88004K) Class: 9238K(10208K)->9238K(10208K)
[1369821.410s][info][gc           ] GC(252974) Pause Young (Allocation Failure) 1483M->1386M(2035M) 4.786ms
[1369821.410s][info][gc,cpu       ] GC(252974) User=0.14s Sys=0.00s Real=0.01s
[1369826.404s][info][gc,start     ] GC(252975) Pause Young (Allocation Failure)
[1369826.404s][info][gc,task      ] GC(252975) Using 9 workers of 9 for evacuation
[1369826.409s][info][gc,heap      ] GC(252975) ParNew: 114644K->3012K(118016K)
[1369826.409s][info][gc,heap      ] GC(252975) CMS: 1409682K->1418510K(1966080K)
[1369826.409s][info][gc,metaspace ] GC(252975) Metaspace: 95515K(98212K)->95515K(98212K) NonClass: 86277K(88004K)->86277K(88004K) Class: 9238K(10208K)->9238K(10208K)
[1369826.410s][info][gc           ] GC(252975) Pause Young (Allocation Failure) 1488M->1388M(2035M) 5.755ms
[1369826.410s][info][gc,cpu       ] GC(252975) User=0.14s Sys=0.00s Real=0.01s
[1369832.839s][info][gc,start     ] GC(252976) Pause Young (Allocation Failure)
[1369832.839s][info][gc,task      ] GC(252976) Using 9 workers of 9 for evacuation
[1369832.844s][info][gc,heap      ] GC(252976) ParNew: 107972K->9530K(118016K)
[1369832.844s][info][gc,heap      ] GC(252976) CMS: 1418510K->1418510K(1966080K)
[1369832.844s][info][gc,metaspace ] GC(252976) Metaspace: 95515K(98212K)->95515K(98212K) NonClass: 86277K(88004K)->86277K(88004K) Class: 9238K(10208K)->9238K(10208K)
[1369832.844s][info][gc           ] GC(252976) Pause Young (Allocation Failure) 1490M->1394M(2035M) 5.351ms
[1369832.844s][info][gc,cpu       ] GC(252976) User=0.00s Sys=0.00s Real=0.00s
[1369837.801s][info][gc,start     ] GC(252977) Pause Young (Allocation Failure)
[1369837.801s][info][gc,task      ] GC(252977) Using 9 workers of 9 for evacuation
[1369837.806s][info][gc,heap      ] GC(252977) ParNew: 114490K->2406K(118016K)
[1369837.806s][info][gc,heap      ] GC(252977) CMS: 1418510K->1427287K(1966080K)
[1369837.806s][info][gc,metaspace ] GC(252977) Metaspace: 95515K(98212K)->95515K(98212K) NonClass: 86277K(88004K)->86277K(88004K) Class: 9238K(10208K)->9238K(10208K)
[1369837.806s][info][gc           ] GC(252977) Pause Young (Allocation Failure) 1497M->1396M(2035M) 5.087ms
[1369837.806s][info][gc,cpu       ] GC(252977) User=0.00s Sys=0.00s Real=0.00s
[1369842.922s][info][gc,start     ] GC(252978) Pause Young (Allocation Failure)
[1369842.922s][info][gc,task      ] GC(252978) Using 9 workers of 9 for evacuation
[1369842.926s][info][gc,heap      ] GC(252978) ParNew: 107366K->9453K(118016K)
[1369842.926s][info][gc,heap      ] GC(252978) CMS: 1427287K->1427287K(1966080K)
[1369842.926s][info][gc,metaspace ] GC(252978) Metaspace: 95515K(98212K)->95515K(98212K) NonClass: 86277K(88004K)->86277K(88004K) Class: 9238K(10208K)->9238K(10208K)
[1369842.926s][info][gc           ] GC(252978) Pause Young (Allocation Failure) 1498M->1403M(2035M) 4.670ms
[1369842.926s][info][gc,cpu       ] GC(252978) User=0.00s Sys=0.00s Real=0.00s
[1369850.423s][info][gc,start     ] GC(252979) Pause Young (Allocation Failure)
[1369850.423s][info][gc,task      ] GC(252979) Using 9 workers of 9 for evacuation
[1369850.428s][info][gc,heap      ] GC(252979) ParNew: 114406K->3000K(118016K)
[1369850.428s][info][gc,heap      ] GC(252979) CMS: 1427287K->1427441K(1966080K)
[1369850.428s][info][gc,metaspace ] GC(252979) Metaspace: 95515K(98212K)->95515K(98212K) NonClass: 86277K(88004K)->86277K(88004K) Class: 9238K(10208K)->9238K(10208K)
[1369850.428s][info][gc           ] GC(252979) Pause Young (Allocation Failure) 1505M->1396M(2035M) 4.997ms
[1369850.428s][info][gc,cpu       ] GC(252979) User=0.02s Sys=0.00s Real=0.02s
[1369855.451s][info][gc,start     ] GC(252980) Pause Young (Allocation Failure)
[1369855.451s][info][gc,task      ] GC(252980) Using 9 workers of 9 for evacuation
[1369855.456s][info][gc,heap      ] GC(252980) ParNew: 107960K->9535K(118016K)
[1369855.456s][info][gc,heap      ] GC(252980) CMS: 1427441K->1427441K(1966080K)
[1369855.456s][info][gc,metaspace ] GC(252980) Metaspace: 95515K(98212K)->95515K(98212K) NonClass: 86277K(88004K)->86277K(88004K) Class: 9238K(10208K)->9238K(10208K)
[1369855.456s][info][gc           ] GC(252980) Pause Young (Allocation Failure) 1499M->1403M(2035M) 5.163ms
[1369855.456s][info][gc,cpu       ] GC(252980) User=0.00s Sys=0.00s Real=0.00s
[1369860.459s][info][gc,start     ] GC(252981) Pause Young (Allocation Failure)
[1369860.460s][info][gc,task      ] GC(252981) Using 9 workers of 9 for evacuation
[1369860.464s][info][gc,heap      ] GC(252981) ParNew: 114451K->8934K(118016K)
[1369860.464s][info][gc,heap      ] GC(252981) CMS: 1427441K->1427686K(1966080K)
[1369860.464s][info][gc,metaspace ] GC(252981) Metaspace: 95515K(98212K)->95515K(98212K) NonClass: 86277K(88004K)->86277K(88004K) Class: 9238K(10208K)->9238K(10208K)
[1369860.464s][info][gc           ] GC(252981) Pause Young (Allocation Failure) 1505M->1402M(2035M) 5.018ms
[1369860.465s][info][gc,cpu       ] GC(252981) User=0.00s Sys=0.00s Real=0.00s
[1369863.908s][info][gc,start     ] GC(252982) Pause Young (Allocation Failure)
[1369863.909s][info][gc,task      ] GC(252982) Using 9 workers of 9 for evacuation
[1369863.913s][info][gc,heap      ] GC(252982) ParNew: 113894K->4553K(118016K)
[1369863.914s][info][gc,heap      ] GC(252982) CMS: 1427686K->1434697K(1966080K)
[1369863.914s][info][gc,metaspace ] GC(252982) Metaspace: 95515K(98212K)->95515K(98212K) NonClass: 86277K(88004K)->86277K(88004K) Class: 9238K(10208K)->9238K(10208K)
[1369863.914s][info][gc           ] GC(252982) Pause Young (Allocation Failure) 1505M->1405M(2035M) 5.172ms
[1369863.914s][info][gc,cpu       ] GC(252982) User=0.09s Sys=0.00s Real=0.02s
[1369868.052s][info][gc,start     ] GC(252983) Pause Young (Allocation Failure)
[1369868.052s][info][gc,task      ] GC(252983) Using 9 workers of 9 for evacuation
[1369868.057s][info][gc,heap      ] GC(252983) ParNew: 109513K->2886K(118016K)
[1369868.057s][info][gc,heap      ] GC(252983) CMS: 1434697K->1434697K(1966080K)
[1369868.057s][info][gc,metaspace ] GC(252983) Metaspace: 95515K(98212K)->95515K(98212K) NonClass: 86277K(88004K)->86277K(88004K) Class: 9238K(10208K)->9238K(10208K)
[1369868.057s][info][gc           ] GC(252983) Pause Young (Allocation Failure) 1508M->1403M(2035M) 5.121ms
[1369868.057s][info][gc,cpu       ] GC(252983) User=0.00s Sys=0.00s Real=0.00s
[1369873.786s][info][gc,start     ] GC(252984) Pause Young (Allocation Failure)
[1369873.786s][info][gc,task      ] GC(252984) Using 9 workers of 9 for evacuation
[1369873.790s][info][gc,heap      ] GC(252984) ParNew: 107846K->9929K(118016K)
[1369873.790s][info][gc,heap      ] GC(252984) CMS: 1434697K->1434697K(1966080K)
[1369873.791s][info][gc,metaspace ] GC(252984) Metaspace: 95515K(98212K)->95515K(98212K) NonClass: 86277K(88004K)->86277K(88004K) Class: 9238K(10208K)->9238K(10208K)
[1369873.791s][info][gc           ] GC(252984) Pause Young (Allocation Failure) 1506M->1410M(2035M) 4.884ms
[1369873.791s][info][gc,cpu       ] GC(252984) User=0.02s Sys=0.00s Real=0.02s
[1369878.634s][info][gc,start     ] GC(252985) Pause Young (Allocation Failure)
[1369878.634s][info][gc,task      ] GC(252985) Using 9 workers of 9 for evacuation
[1369878.639s][info][gc,heap      ] GC(252985) ParNew: 114888K->2793K(118016K)
[1369878.639s][info][gc,heap      ] GC(252985) CMS: 1434697K->1443552K(1966080K)
[1369878.639s][info][gc,metaspace ] GC(252985) Metaspace: 95515K(98212K)->95515K(98212K) NonClass: 86277K(88004K)->86277K(88004K) Class: 9238K(10208K)->9238K(10208K)
[1369878.639s][info][gc           ] GC(252985) Pause Young (Allocation Failure) 1513M->1412M(2035M) 5.204ms
[1369878.639s][info][gc,cpu       ] GC(252985) User=0.00s Sys=0.00s Real=0.00s
[1369883.206s][info][gc,start     ] GC(252986) Pause Young (Allocation Failure)
[1369883.206s][info][gc,task      ] GC(252986) Using 9 workers of 9 for evacuation
[1369883.212s][info][gc,heap      ] GC(252986) ParNew: 107753K->9490K(118016K)
[1369883.212s][info][gc,heap      ] GC(252986) CMS: 1443552K->1443552K(1966080K)
[1369883.212s][info][gc,metaspace ] GC(252986) Metaspace: 95515K(98212K)->95515K(98212K) NonClass: 86277K(88004K)->86277K(88004K) Class: 9238K(10208K)->9238K(10208K)
[1369883.212s][info][gc           ] GC(252986) Pause Young (Allocation Failure) 1514M->1418M(2035M) 5.412ms
[1369883.212s][info][gc,cpu       ] GC(252986) User=0.14s Sys=0.00s Real=0.02s
[1369889.683s][info][gc,start     ] GC(252987) Pause Young (Allocation Failure)
[1369889.684s][info][gc,task      ] GC(252987) Using 9 workers of 9 for evacuation
[1369889.687s][info][gc,heap      ] GC(252987) ParNew: 114450K->2085K(118016K)
[1369889.687s][info][gc,heap      ] GC(252987) CMS: 1443552K->1443707K(1966080K)
[1369889.687s][info][gc,metaspace ] GC(252987) Metaspace: 95515K(98212K)->95515K(98212K) NonClass: 86277K(88004K)->86277K(88004K) Class: 9238K(10208K)->9238K(10208K)
[1369889.688s][info][gc           ] GC(252987) Pause Young (Allocation Failure) 1521M->1411M(2035M) 4.135ms
[1369889.688s][info][gc,cpu       ] GC(252987) User=0.00s Sys=0.00s Real=0.00s
[1369895.242s][info][gc,start     ] GC(252988) Pause Young (Allocation Failure)
[1369895.243s][info][gc,task      ] GC(252988) Using 9 workers of 9 for evacuation
[1369895.247s][info][gc,heap      ] GC(252988) ParNew: 107045K->9360K(118016K)
[1369895.247s][info][gc,heap      ] GC(252988) CMS: 1443707K->1443707K(1966080K)
[1369895.247s][info][gc,metaspace ] GC(252988) Metaspace: 95515K(98212K)->95515K(98212K) NonClass: 86277K(88004K)->86277K(88004K) Class: 9238K(10208K)->9238K(10208K)
[1369895.247s][info][gc           ] GC(252988) Pause Young (Allocation Failure) 1514M->1419M(2035M) 4.719ms
[1369895.247s][info][gc,cpu       ] GC(252988) User=0.00s Sys=0.00s Real=0.00s
[1369901.677s][info][gc,start     ] GC(252989) Pause Young (Allocation Failure)
[1369901.677s][info][gc,task      ] GC(252989) Using 9 workers of 9 for evacuation
[1369901.681s][info][gc,heap      ] GC(252989) ParNew: 114320K->1872K(118016K)
[1369901.681s][info][gc,heap      ] GC(252989) CMS: 1443707K->1443828K(1966080K)
[1369901.681s][info][gc,metaspace ] GC(252989) Metaspace: 95515K(98212K)->95515K(98212K) NonClass: 86277K(88004K)->86277K(88004K) Class: 9238K(10208K)->9238K(10208K)
[1369901.681s][info][gc           ] GC(252989) Pause Young (Allocation Failure) 1521M->1411M(2035M) 4.297ms
[1369901.681s][info][gc,cpu       ] GC(252989) User=0.14s Sys=0.00s Real=0.02s
[1369908.306s][info][gc,start     ] GC(252990) Pause Young (Allocation Failure)
[1369908.306s][info][gc,task      ] GC(252990) Using 9 workers of 9 for evacuation
[1369908.310s][info][gc,heap      ] GC(252990) ParNew: 106832K->9312K(118016K)
[1369908.310s][info][gc,heap      ] GC(252990) CMS: 1443828K->1443828K(1966080K)
[1369908.310s][info][gc,metaspace ] GC(252990) Metaspace: 95515K(98212K)->95515K(98212K) NonClass: 86277K(88004K)->86277K(88004K) Class: 9238K(10208K)->9238K(10208K)
[1369908.310s][info][gc           ] GC(252990) Pause Young (Allocation Failure) 1514M->1419M(2035M) 4.872ms
[1369908.311s][info][gc,cpu       ] GC(252990) User=0.00s Sys=0.00s Real=0.00s
[1369915.357s][info][gc,start     ] GC(252991) Pause Young (Allocation Failure)
[1369915.357s][info][gc,task      ] GC(252991) Using 9 workers of 9 for evacuation
[1369915.362s][info][gc,heap      ] GC(252991) ParNew: 114272K->10074K(118016K)
[1369915.362s][info][gc,heap      ] GC(252991) CMS: 1443828K->1443991K(1966080K)
[1369915.362s][info][gc,metaspace ] GC(252991) Metaspace: 95515K(98212K)->95515K(98212K) NonClass: 86277K(88004K)->86277K(88004K) Class: 9238K(10208K)->9238K(10208K)
[1369915.362s][info][gc           ] GC(252991) Pause Young (Allocation Failure) 1521M->1419M(2035M) 4.859ms
[1369915.362s][info][gc,cpu       ] GC(252991) User=0.00s Sys=0.00s Real=0.00s
[1369923.325s][info][gc,start     ] GC(252992) Pause Young (Allocation Failure)
[1369923.325s][info][gc,task      ] GC(252992) Using 9 workers of 9 for evacuation
[1369923.329s][info][gc,heap      ] GC(252992) ParNew: 114885K->3591K(118016K)
[1369923.329s][info][gc,heap      ] GC(252992) CMS: 1443991K->1444064K(1966080K)
[1369923.329s][info][gc,metaspace ] GC(252992) Metaspace: 95515K(98212K)->95515K(98212K) NonClass: 86277K(88004K)->86277K(88004K) Class: 9238K(10208K)->9238K(10208K)
[1369923.329s][info][gc           ] GC(252992) Pause Young (Allocation Failure) 1522M->1413M(2035M) 4.304ms
[1369923.330s][info][gc,cpu       ] GC(252992) User=0.00s Sys=0.00s Real=0.00s
[1369929.499s][info][gc,start     ] GC(252993) Pause Young (Allocation Failure)
[1369929.499s][info][gc,task      ] GC(252993) Using 9 workers of 9 for evacuation
[1369929.503s][info][gc,heap      ] GC(252993) ParNew: 108551K->1013K(118016K)
[1369929.503s][info][gc,heap      ] GC(252993) CMS: 1444064K->1444064K(1966080K)
[1369929.503s][info][gc,metaspace ] GC(252993) Metaspace: 95515K(98212K)->95515K(98212K) NonClass: 86277K(88004K)->86277K(88004K) Class: 9238K(10208K)->9238K(10208K)
[1369929.503s][info][gc           ] GC(252993) Pause Young (Allocation Failure) 1516M->1411M(2035M) 4.444ms
[1369929.503s][info][gc,cpu       ] GC(252993) User=0.00s Sys=0.00s Real=0.00s
[1369934.349s][info][gc,start     ] GC(252994) Pause Young (Allocation Failure)
[1369934.349s][info][gc,task      ] GC(252994) Using 9 workers of 9 for evacuation
[1369934.354s][info][gc,heap      ] GC(252994) ParNew: 105973K->9276K(118016K)
[1369934.354s][info][gc,heap      ] GC(252994) CMS: 1444064K->1444064K(1966080K)
[1369934.354s][info][gc,metaspace ] GC(252994) Metaspace: 95515K(98212K)->95515K(98212K) NonClass: 86277K(88004K)->86277K(88004K) Class: 9238K(10208K)->9238K(10208K)
[1369934.354s][info][gc           ] GC(252994) Pause Young (Allocation Failure) 1513M->1419M(2035M) 4.717ms
[1369934.354s][info][gc,cpu       ] GC(252994) User=0.00s Sys=0.00s Real=0.00s
[1369941.448s][info][gc,start     ] GC(252995) Pause Young (Allocation Failure)
[1369941.448s][info][gc,task      ] GC(252995) Using 9 workers of 9 for evacuation
[1369941.453s][info][gc,heap      ] GC(252995) ParNew: 114236K->1411K(118016K)
[1369941.453s][info][gc,heap      ] GC(252995) CMS: 1444064K->1444226K(1966080K)
[1369941.453s][info][gc,metaspace ] GC(252995) Metaspace: 95515K(98212K)->95515K(98212K) NonClass: 86277K(88004K)->86277K(88004K) Class: 9238K(10208K)->9238K(10208K)
[1369941.453s][info][gc           ] GC(252995) Pause Young (Allocation Failure) 1521M->1411M(2035M) 4.867ms
[1369941.453s][info][gc,cpu       ] GC(252995) User=0.00s Sys=0.00s Real=0.00s
[1369946.228s][info][gc,start     ] GC(252996) Pause Young (Allocation Failure)
[1369946.229s][info][gc,task      ] GC(252996) Using 9 workers of 9 for evacuation
[1369946.233s][info][gc,heap      ] GC(252996) ParNew: 106371K->9279K(118016K)
[1369946.233s][info][gc,heap      ] GC(252996) CMS: 1444226K->1444226K(1966080K)
[1369946.233s][info][gc,metaspace ] GC(252996) Metaspace: 95515K(98212K)->95515K(98212K) NonClass: 86277K(88004K)->86277K(88004K) Class: 9238K(10208K)->9238K(10208K)
[1369946.233s][info][gc           ] GC(252996) Pause Young (Allocation Failure) 1514M->1419M(2035M) 4.625ms
[1369946.233s][info][gc,cpu       ] GC(252996) User=0.00s Sys=0.00s Real=0.00s
[1369952.313s][info][gc,start     ] GC(252997) Pause Young (Allocation Failure)
[1369952.313s][info][gc,task      ] GC(252997) Using 9 workers of 9 for evacuation
[1369952.317s][info][gc,heap      ] GC(252997) ParNew: 114239K->1503K(118016K)
[1369952.318s][info][gc,heap      ] GC(252997) CMS: 1444226K->1444344K(1966080K)
[1369952.318s][info][gc,metaspace ] GC(252997) Metaspace: 95515K(98212K)->95515K(98212K) NonClass: 86277K(88004K)->86277K(88004K) Class: 9238K(10208K)->9238K(10208K)
[1369952.318s][info][gc           ] GC(252997) Pause Young (Allocation Failure) 1521M->1411M(2035M) 4.504ms
[1369952.318s][info][gc,cpu       ] GC(252997) User=0.00s Sys=0.00s Real=0.00s
[1369956.524s][info][gc,start     ] GC(252998) Pause Young (Allocation Failure)
[1369956.524s][info][gc,task      ] GC(252998) Using 9 workers of 9 for evacuation
[1369956.529s][info][gc,heap      ] GC(252998) ParNew: 106463K->9286K(118016K)
[1369956.529s][info][gc,heap      ] GC(252998) CMS: 1444344K->1444344K(1966080K)
[1369956.529s][info][gc,metaspace ] GC(252998) Metaspace: 95515K(98212K)->95515K(98212K) NonClass: 86277K(88004K)->86277K(88004K) Class: 9238K(10208K)->9238K(10208K)
[1369956.529s][info][gc           ] GC(252998) Pause Young (Allocation Failure) 1514M->1419M(2035M) 4.925ms
[1369956.529s][info][gc,cpu       ] GC(252998) User=0.11s Sys=0.02s Real=0.02s
[1369960.823s][info][gc,start     ] GC(252999) Pause Young (Allocation Failure)
[1369960.823s][info][gc,task      ] GC(252999) Using 9 workers of 9 for evacuation
[1369960.827s][info][gc,heap      ] GC(252999) ParNew: 114246K->1608K(118016K)
[1369960.827s][info][gc,heap      ] GC(252999) CMS: 1444344K->1444466K(1966080K)
[1369960.827s][info][gc,metaspace ] GC(252999) Metaspace: 95515K(98212K)->95515K(98212K) NonClass: 86277K(88004K)->86277K(88004K) Class: 9238K(10208K)->9238K(10208K)
[1369960.827s][info][gc           ] GC(252999) Pause Young (Allocation Failure) 1522M->1412M(2035M) 4.037ms
[1369960.827s][info][gc,cpu       ] GC(252999) User=0.00s Sys=0.00s Real=0.00s
[1369964.799s][info][gc,start     ] GC(253000) Pause Young (Allocation Failure)
[1369964.799s][info][gc,task      ] GC(253000) Using 9 workers of 9 for evacuation
[1369964.804s][info][gc,heap      ] GC(253000) ParNew: 106568K->9345K(118016K)
[1369964.804s][info][gc,heap      ] GC(253000) CMS: 1444466K->1444466K(1966080K)
[1369964.804s][info][gc,metaspace ] GC(253000) Metaspace: 95515K(98212K)->95515K(98212K) NonClass: 86277K(88004K)->86277K(88004K) Class: 9238K(10208K)->9238K(10208K)
[1369964.804s][info][gc           ] GC(253000) Pause Young (Allocation Failure) 1514M->1419M(2035M) 4.918ms
[1369964.804s][info][gc,cpu       ] GC(253000) User=0.14s Sys=0.00s Real=0.02s
[1369969.445s][info][gc,start     ] GC(253001) Pause Young (Allocation Failure)
[1369969.445s][info][gc,task      ] GC(253001) Using 9 workers of 9 for evacuation
[1369969.450s][info][gc,heap      ] GC(253001) ParNew: 114305K->1770K(118016K)
[1369969.450s][info][gc,heap      ] GC(253001) CMS: 1444466K->1451045K(1966080K)
[1369969.450s][info][gc,metaspace ] GC(253001) Metaspace: 95515K(98212K)->95515K(98212K) NonClass: 86277K(88004K)->86277K(88004K) Class: 9238K(10208K)->9238K(10208K)
[1369969.450s][info][gc           ] GC(253001) Pause Young (Allocation Failure) 1522M->1418M(2035M) 5.320ms
[1369969.450s][info][gc,cpu       ] GC(253001) User=0.00s Sys=0.00s Real=0.00s
[1369973.829s][info][gc,start     ] GC(253002) Pause Young (Allocation Failure)
[1369973.829s][info][gc,task      ] GC(253002) Using 9 workers of 9 for evacuation
[1369973.833s][info][gc,heap      ] GC(253002) ParNew: 106730K->654K(118016K)
[1369973.833s][info][gc,heap      ] GC(253002) CMS: 1451045K->1451045K(1966080K)
[1369973.833s][info][gc,metaspace ] GC(253002) Metaspace: 95515K(98212K)->95515K(98212K) NonClass: 86277K(88004K)->86277K(88004K) Class: 9238K(10208K)->9238K(10208K)
[1369973.833s][info][gc           ] GC(253002) Pause Young (Allocation Failure) 1521M->1417M(2035M) 4.215ms
[1369973.833s][info][gc,cpu       ] GC(253002) User=0.00s Sys=0.00s Real=0.00s
[1369978.571s][info][gc,start     ] GC(253003) Pause Young (Allocation Failure)
[1369978.571s][info][gc,task      ] GC(253003) Using 9 workers of 9 for evacuation
[1369978.575s][info][gc,heap      ] GC(253003) ParNew: 105614K->9395K(118016K)
[1369978.575s][info][gc,heap      ] GC(253003) CMS: 1451045K->1451045K(1966080K)
[1369978.575s][info][gc,metaspace ] GC(253003) Metaspace: 95515K(98212K)->95515K(98212K) NonClass: 86277K(88004K)->86277K(88004K) Class: 9238K(10208K)->9238K(10208K)
[1369978.575s][info][gc           ] GC(253003) Pause Young (Allocation Failure) 1520M->1426M(2035M) 4.811ms
[1369978.575s][info][gc,cpu       ] GC(253003) User=0.00s Sys=0.00s Real=0.00s
[1369983.406s][info][gc,start     ] GC(253004) Pause Young (Allocation Failure)
[1369983.406s][info][gc,task      ] GC(253004) Using 9 workers of 9 for evacuation
[1369983.410s][info][gc,heap      ] GC(253004) ParNew: 114355K->1667K(118016K)
[1369983.410s][info][gc,heap      ] GC(253004) CMS: 1451045K->1451249K(1966080K)
[1369983.411s][info][gc,metaspace ] GC(253004) Metaspace: 95515K(98212K)->95515K(98212K) NonClass: 86277K(88004K)->86277K(88004K) Class: 9238K(10208K)->9238K(10208K)
[1369983.411s][info][gc           ] GC(253004) Pause Young (Allocation Failure) 1528M->1418M(2035M) 4.434ms
[1369983.411s][info][gc,cpu       ] GC(253004) User=0.00s Sys=0.00s Real=0.00s
[1369988.380s][info][gc,start     ] GC(253005) Pause Young (Allocation Failure)
[1369988.380s][info][gc,task      ] GC(253005) Using 9 workers of 9 for evacuation
[1369988.385s][info][gc,heap      ] GC(253005) ParNew: 106627K->9349K(118016K)
[1369988.385s][info][gc,heap      ] GC(253005) CMS: 1451249K->1451249K(1966080K)
[1369988.385s][info][gc,metaspace ] GC(253005) Metaspace: 95515K(98212K)->95515K(98212K) NonClass: 86277K(88004K)->86277K(88004K) Class: 9238K(10208K)->9238K(10208K)
[1369988.385s][info][gc           ] GC(253005) Pause Young (Allocation Failure) 1521M->1426M(2035M) 4.704ms
[1369988.385s][info][gc,cpu       ] GC(253005) User=0.00s Sys=0.02s Real=0.02s
[1369993.731s][info][gc,start     ] GC(253006) Pause Young (Allocation Failure)
[1369993.731s][info][gc,task      ] GC(253006) Using 9 workers of 9 for evacuation
[1369993.735s][info][gc,heap      ] GC(253006) ParNew: 114309K->10161K(118016K)
[1369993.736s][info][gc,heap      ] GC(253006) CMS: 1451249K->1451437K(1966080K)
[1369993.736s][info][gc,metaspace ] GC(253006) Metaspace: 95515K(98212K)->95515K(98212K) NonClass: 86277K(88004K)->86277K(88004K) Class: 9238K(10208K)->9238K(10208K)
[1369993.736s][info][gc           ] GC(253006) Pause Young (Allocation Failure) 1528M->1427M(2035M) 4.861ms
[1369993.736s][info][gc,cpu       ] GC(253006) User=0.00s Sys=0.00s Real=0.00s
[1369999.904s][info][gc,start     ] GC(253007) Pause Young (Allocation Failure)
[1369999.904s][info][gc,task      ] GC(253007) Using 9 workers of 9 for evacuation
[1369999.908s][info][gc,heap      ] GC(253007) ParNew: 114969K->3766K(118016K)
[1369999.908s][info][gc,heap      ] GC(253007) CMS: 1451437K->1451517K(1966080K)
[1369999.908s][info][gc,metaspace ] GC(253007) Metaspace: 95515K(98212K)->95515K(98212K) NonClass: 86277K(88004K)->86277K(88004K) Class: 9238K(10208K)->9238K(10208K)
[1369999.908s][info][gc           ] GC(253007) Pause Young (Allocation Failure) 1529M->1421M(2035M) 4.336ms
[1369999.908s][info][gc,cpu       ] GC(253007) User=0.00s Sys=0.00s Real=0.00s
[1370003.559s][info][gc,start     ] GC(253008) Pause Young (Allocation Failure)
[1370003.559s][info][gc,task      ] GC(253008) Using 9 workers of 9 for evacuation
[1370003.564s][info][gc,heap      ] GC(253008) ParNew: 108726K->9600K(118016K)
[1370003.564s][info][gc,heap      ] GC(253008) CMS: 1451517K->1451517K(1966080K)
[1370003.564s][info][gc,metaspace ] GC(253008) Metaspace: 95515K(98212K)->95515K(98212K) NonClass: 86277K(88004K)->86277K(88004K) Class: 9238K(10208K)->9238K(10208K)
[1370003.564s][info][gc           ] GC(253008) Pause Young (Allocation Failure) 1523M->1426M(2035M) 4.828ms
[1370003.564s][info][gc,cpu       ] GC(253008) User=0.00s Sys=0.00s Real=0.00s
[1370008.789s][info][gc,start     ] GC(253009) Pause Young (Allocation Failure)
[1370008.789s][info][gc,task      ] GC(253009) Using 9 workers of 9 for evacuation
[1370008.794s][info][gc,heap      ] GC(253009) ParNew: 114560K->2558K(118016K)
[1370008.794s][info][gc,heap      ] GC(253009) CMS: 1451517K->1460369K(1966080K)
[1370008.795s][info][gc,metaspace ] GC(253009) Metaspace: 95515K(98212K)->95515K(98212K) NonClass: 86277K(88004K)->86277K(88004K) Class: 9238K(10208K)->9238K(10208K)
[1370008.795s][info][gc           ] GC(253009) Pause Young (Allocation Failure) 1529M->1428M(2035M) 5.582ms
[1370008.795s][info][gc,cpu       ] GC(253009) User=0.00s Sys=0.00s Real=0.00s
[1370012.311s][info][gc,start     ] GC(253010) Pause Young (Allocation Failure)
[1370012.311s][info][gc,task      ] GC(253010) Using 9 workers of 9 for evacuation
[1370012.315s][info][gc,heap      ] GC(253010) ParNew: 107518K->9394K(118016K)
[1370012.315s][info][gc,heap      ] GC(253010) CMS: 1460369K->1460369K(1966080K)
[1370012.315s][info][gc,metaspace ] GC(253010) Metaspace: 95515K(98212K)->95515K(98212K) NonClass: 86277K(88004K)->86277K(88004K) Class: 9238K(10208K)->9238K(10208K)
[1370012.315s][info][gc           ] GC(253010) Pause Young (Allocation Failure) 1531M->1435M(2035M) 4.587ms
[1370012.315s][info][gc,cpu       ] GC(253010) User=0.00s Sys=0.00s Real=0.00s
[1370016.997s][info][gc,start     ] GC(253011) Pause Young (Allocation Failure)
[1370016.997s][info][gc,task      ] GC(253011) Using 9 workers of 9 for evacuation
[1370017.002s][info][gc,heap      ] GC(253011) ParNew: 114354K->2181K(118016K)
[1370017.002s][info][gc,heap      ] GC(253011) CMS: 1460369K->1469185K(1966080K)
[1370017.002s][info][gc,metaspace ] GC(253011) Metaspace: 95515K(98212K)->95515K(98212K) NonClass: 86277K(88004K)->86277K(88004K) Class: 9238K(10208K)->9238K(10208K)
[1370017.002s][info][gc           ] GC(253011) Pause Young (Allocation Failure) 1537M->1436M(2035M) 5.208ms
[1370017.002s][info][gc,cpu       ] GC(253011) User=0.00s Sys=0.00s Real=0.00s
[1370020.416s][info][gc,start     ] GC(253012) Pause Young (Allocation Failure)
[1370020.416s][info][gc,task      ] GC(253012) Using 9 workers of 9 for evacuation
[1370020.421s][info][gc,heap      ] GC(253012) ParNew: 107141K->9546K(118016K)
[1370020.422s][info][gc,heap      ] GC(253012) CMS: 1469185K->1469185K(1966080K)
[1370020.422s][info][gc,metaspace ] GC(253012) Metaspace: 95515K(98212K)->95515K(98212K) NonClass: 86277K(88004K)->86277K(88004K) Class: 9238K(10208K)->9238K(10208K)
[1370020.422s][info][gc           ] GC(253012) Pause Young (Allocation Failure) 1539M->1444M(2035M) 5.517ms
[1370020.422s][info][gc,cpu       ] GC(253012) User=0.00s Sys=0.00s Real=0.00s
[1370024.602s][info][gc,start     ] GC(253013) Pause Young (Allocation Failure)
[1370024.602s][info][gc,task      ] GC(253013) Using 9 workers of 9 for evacuation
[1370024.607s][info][gc,heap      ] GC(253013) ParNew: 114506K->1888K(118016K)
[1370024.607s][info][gc,heap      ] GC(253013) CMS: 1469185K->1478040K(1966080K)
[1370024.607s][info][gc,metaspace ] GC(253013) Metaspace: 95515K(98212K)->95515K(98212K) NonClass: 86277K(88004K)->86277K(88004K) Class: 9238K(10208K)->9238K(10208K)
[1370024.607s][info][gc           ] GC(253013) Pause Young (Allocation Failure) 1546M->1445M(2035M) 5.149ms
[1370024.607s][info][gc,cpu       ] GC(253013) User=0.00s Sys=0.00s Real=0.00s
[1370029.344s][info][gc,start     ] GC(253014) Pause Young (Allocation Failure)
[1370029.344s][info][gc,task      ] GC(253014) Using 9 workers of 9 for evacuation
[1370029.348s][info][gc,heap      ] GC(253014) ParNew: 106848K->820K(118016K)
[1370029.348s][info][gc,heap      ] GC(253014) CMS: 1478040K->1478040K(1966080K)
[1370029.348s][info][gc,metaspace ] GC(253014) Metaspace: 95515K(98212K)->95515K(98212K) NonClass: 86277K(88004K)->86277K(88004K) Class: 9238K(10208K)->9238K(10208K)
[1370029.348s][info][gc           ] GC(253014) Pause Young (Allocation Failure) 1547M->1444M(2035M) 3.938ms
[1370029.348s][info][gc,cpu       ] GC(253014) User=0.00s Sys=0.00s Real=0.00s
[1370032.864s][info][gc,start     ] GC(253015) Pause Young (Allocation Failure)
[1370032.864s][info][gc,task      ] GC(253015) Using 9 workers of 9 for evacuation
[1370032.868s][info][gc,heap      ] GC(253015) ParNew: 105780K->9412K(118016K)
[1370032.868s][info][gc,heap      ] GC(253015) CMS: 1478040K->1478040K(1966080K)
[1370032.868s][info][gc,metaspace ] GC(253015) Metaspace: 95515K(98212K)->95515K(98212K) NonClass: 86277K(88004K)->86277K(88004K) Class: 9238K(10208K)->9238K(10208K)
[1370032.868s][info][gc           ] GC(253015) Pause Young (Allocation Failure) 1546M->1452M(2035M) 4.677ms
[1370032.869s][info][gc,cpu       ] GC(253015) User=0.05s Sys=0.00s Real=0.02s
[1370037.948s][info][gc,start     ] GC(253016) Pause Young (Allocation Failure)
[1370037.948s][info][gc,task      ] GC(253016) Using 9 workers of 9 for evacuation
[1370037.953s][info][gc,heap      ] GC(253016) ParNew: 114372K->1478K(118016K)
[1370037.953s][info][gc,heap      ] GC(253016) CMS: 1478040K->1487010K(1966080K)
[1370037.953s][info][gc,metaspace ] GC(253016) Metaspace: 95515K(98212K)->95515K(98212K) NonClass: 86277K(88004K)->86277K(88004K) Class: 9238K(10208K)->9238K(10208K)
[1370037.953s][info][gc           ] GC(253016) Pause Young (Allocation Failure) 1555M->1453M(2035M) 5.476ms
[1370037.953s][info][gc,cpu       ] GC(253016) User=0.00s Sys=0.00s Real=0.00s
[1370041.884s][info][gc,start     ] GC(253017) Pause Young (Allocation Failure)
[1370041.884s][info][gc,task      ] GC(253017) Using 9 workers of 9 for evacuation
[1370041.889s][info][gc,heap      ] GC(253017) ParNew: 106438K->9357K(118016K)
[1370041.889s][info][gc,heap      ] GC(253017) CMS: 1487010K->1487010K(1966080K)
[1370041.889s][info][gc,metaspace ] GC(253017) Metaspace: 95515K(98212K)->95515K(98212K) NonClass: 86277K(88004K)->86277K(88004K) Class: 9238K(10208K)->9238K(10208K)
[1370041.889s][info][gc           ] GC(253017) Pause Young (Allocation Failure) 1556M->1461M(2035M) 4.554ms
[1370041.889s][info][gc,cpu       ] GC(253017) User=0.00s Sys=0.00s Real=0.00s
[1370046.800s][info][gc,start     ] GC(253018) Pause Young (Allocation Failure)
[1370046.801s][info][gc,task      ] GC(253018) Using 9 workers of 9 for evacuation
[1370046.806s][info][gc,heap      ] GC(253018) ParNew: 114317K->1555K(118016K)
[1370046.806s][info][gc,heap      ] GC(253018) CMS: 1487010K->1495893K(1966080K)
[1370046.806s][info][gc,metaspace ] GC(253018) Metaspace: 95515K(98212K)->95515K(98212K) NonClass: 86277K(88004K)->86277K(88004K) Class: 9238K(10208K)->9238K(10208K)
[1370046.806s][info][gc           ] GC(253018) Pause Young (Allocation Failure) 1563M->1462M(2035M) 6.024ms
[1370046.807s][info][gc,cpu       ] GC(253018) User=0.02s Sys=0.00s Real=0.01s
[1370051.264s][info][gc,start     ] GC(253019) Pause Young (Allocation Failure)
[1370051.264s][info][gc,task      ] GC(253019) Using 9 workers of 9 for evacuation
[1370051.268s][info][gc,heap      ] GC(253019) ParNew: 106515K->1045K(118016K)
[1370051.268s][info][gc,heap      ] GC(253019) CMS: 1495893K->1495893K(1966080K)
[1370051.268s][info][gc,metaspace ] GC(253019) Metaspace: 95515K(98212K)->95515K(98212K) NonClass: 86277K(88004K)->86277K(88004K) Class: 9238K(10208K)->9238K(10208K)
[1370051.268s][info][gc           ] GC(253019) Pause Young (Allocation Failure) 1564M->1461M(2035M) 4.423ms
[1370051.268s][info][gc,cpu       ] GC(253019) User=0.00s Sys=0.00s Real=0.00s
[1370056.768s][info][gc,start     ] GC(253020) Pause Young (Allocation Failure)
[1370056.768s][info][gc,task      ] GC(253020) Using 9 workers of 9 for evacuation
[1370056.772s][info][gc,heap      ] GC(253020) ParNew: 106005K->9277K(118016K)
[1370056.772s][info][gc,heap      ] GC(253020) CMS: 1495893K->1495893K(1966080K)
[1370056.772s][info][gc,metaspace ] GC(253020) Metaspace: 95515K(98212K)->95515K(98212K) NonClass: 86277K(88004K)->86277K(88004K) Class: 9238K(10208K)->9238K(10208K)
[1370056.772s][info][gc           ] GC(253020) Pause Young (Allocation Failure) 1564M->1469M(2035M) 4.471ms
[1370056.772s][info][gc,cpu       ] GC(253020) User=0.00s Sys=0.00s Real=0.00s
[1370061.381s][info][gc,start     ] GC(253021) Pause Young (Allocation Failure)
[1370061.381s][info][gc,task      ] GC(253021) Using 9 workers of 9 for evacuation
[1370061.385s][info][gc,heap      ] GC(253021) ParNew: 114237K->1287K(118016K)
[1370061.385s][info][gc,heap      ] GC(253021) CMS: 1495893K->1496080K(1966080K)
[1370061.385s][info][gc,metaspace ] GC(253021) Metaspace: 95515K(98212K)->95515K(98212K) NonClass: 86277K(88004K)->86277K(88004K) Class: 9238K(10208K)->9238K(10208K)
[1370061.385s][info][gc           ] GC(253021) Pause Young (Allocation Failure) 1572M->1462M(2035M) 4.264ms
[1370061.385s][info][gc,cpu       ] GC(253021) User=0.00s Sys=0.00s Real=0.00s
[1370065.009s][info][gc,start     ] GC(253022) Pause Young (Allocation Failure)
[1370065.009s][info][gc,task      ] GC(253022) Using 9 workers of 9 for evacuation
[1370065.014s][info][gc,heap      ] GC(253022) ParNew: 106247K->9189K(118016K)
[1370065.014s][info][gc,heap      ] GC(253022) CMS: 1496080K->1496080K(1966080K)
[1370065.014s][info][gc,metaspace ] GC(253022) Metaspace: 95515K(98212K)->95515K(98212K) NonClass: 86277K(88004K)->86277K(88004K) Class: 9238K(10208K)->9238K(10208K)
[1370065.014s][info][gc           ] GC(253022) Pause Young (Allocation Failure) 1564M->1469M(2035M) 4.769ms
[1370065.014s][info][gc,cpu       ] GC(253022) User=0.00s Sys=0.00s Real=0.00s
[1370071.120s][info][gc,start     ] GC(253023) Pause Young (Allocation Failure)
[1370071.120s][info][gc,task      ] GC(253023) Using 9 workers of 9 for evacuation
[1370071.124s][info][gc,heap      ] GC(253023) ParNew: 114149K->1546K(118016K)
[1370071.124s][info][gc,heap      ] GC(253023) CMS: 1496080K->1496201K(1966080K)
[1370071.124s][info][gc,metaspace ] GC(253023) Metaspace: 95515K(98212K)->95515K(98212K) NonClass: 86277K(88004K)->86277K(88004K) Class: 9238K(10208K)->9238K(10208K)
[1370071.124s][info][gc           ] GC(253023) Pause Young (Allocation Failure) 1572M->1462M(2035M) 4.191ms
[1370071.124s][info][gc,cpu       ] GC(253023) User=0.00s Sys=0.00s Real=0.00s
[1370076.905s][info][gc,start     ] GC(253024) Pause Young (Allocation Failure)
[1370076.905s][info][gc,task      ] GC(253024) Using 9 workers of 9 for evacuation
[1370076.909s][info][gc,heap      ] GC(253024) ParNew: 106506K->9330K(118016K)
[1370076.909s][info][gc,heap      ] GC(253024) CMS: 1496201K->1496201K(1966080K)
[1370076.909s][info][gc,metaspace ] GC(253024) Metaspace: 95515K(98212K)->95515K(98212K) NonClass: 86277K(88004K)->86277K(88004K) Class: 9238K(10208K)->9238K(10208K)
[1370076.909s][info][gc           ] GC(253024) Pause Young (Allocation Failure) 1565M->1470M(2035M) 4.779ms
[1370076.909s][info][gc,cpu       ] GC(253024) User=0.02s Sys=0.00s Real=0.02s
[1370082.147s][info][gc,start     ] GC(253025) Pause Young (Allocation Failure)
[1370082.147s][info][gc,task      ] GC(253025) Using 9 workers of 9 for evacuation
[1370082.151s][info][gc,heap      ] GC(253025) ParNew: 114290K->9911K(118016K)
[1370082.151s][info][gc,heap      ] GC(253025) CMS: 1496201K->1496407K(1966080K)
[1370082.151s][info][gc,metaspace ] GC(253025) Metaspace: 95515K(98212K)->95515K(98212K) NonClass: 86277K(88004K)->86277K(88004K) Class: 9238K(10208K)->9238K(10208K)
[1370082.151s][info][gc           ] GC(253025) Pause Young (Allocation Failure) 1572M->1471M(2035M) 4.575ms
[1370082.151s][info][gc,cpu       ] GC(253025) User=0.00s Sys=0.00s Real=0.00s
[1370087.425s][info][gc,start     ] GC(253026) Pause Young (Allocation Failure)
[1370087.425s][info][gc,task      ] GC(253026) Using 9 workers of 9 for evacuation
[1370087.430s][info][gc,heap      ] GC(253026) ParNew: 114871K->3111K(118016K)
[1370087.430s][info][gc,heap      ] GC(253026) CMS: 1496407K->1505113K(1966080K)
[1370087.430s][info][gc,metaspace ] GC(253026) Metaspace: 95515K(98212K)->95515K(98212K) NonClass: 86277K(88004K)->86277K(88004K) Class: 9238K(10208K)->9238K(10208K)
[1370087.430s][info][gc           ] GC(253026) Pause Young (Allocation Failure) 1573M->1472M(2035M) 5.263ms
[1370087.430s][info][gc,cpu       ] GC(253026) User=0.00s Sys=0.00s Real=0.00s
[1370092.090s][info][gc,start     ] GC(253027) Pause Young (Allocation Failure)
[1370092.090s][info][gc,task      ] GC(253027) Using 9 workers of 9 for evacuation
[1370092.095s][info][gc,heap      ] GC(253027) ParNew: 108071K->2930K(118016K)
[1370092.095s][info][gc,heap      ] GC(253027) CMS: 1505113K->1505113K(1966080K)
[1370092.095s][info][gc,metaspace ] GC(253027) Metaspace: 95515K(98212K)->95515K(98212K) NonClass: 86277K(88004K)->86277K(88004K) Class: 9238K(10208K)->9238K(10208K)
[1370092.095s][info][gc           ] GC(253027) Pause Young (Allocation Failure) 1575M->1472M(2035M) 4.301ms
[1370092.095s][info][gc,cpu       ] GC(253027) User=0.02s Sys=0.03s Real=0.02s
[1370096.488s][info][gc,start     ] GC(253028) Pause Young (Allocation Failure)
[1370096.488s][info][gc,task      ] GC(253028) Using 9 workers of 9 for evacuation
[1370096.493s][info][gc,heap      ] GC(253028) ParNew: 107890K->9708K(118016K)
[1370096.493s][info][gc,heap      ] GC(253028) CMS: 1505113K->1505113K(1966080K)
[1370096.493s][info][gc,metaspace ] GC(253028) Metaspace: 95515K(98212K)->95515K(98212K) NonClass: 86277K(88004K)->86277K(88004K) Class: 9238K(10208K)->9238K(10208K)
[1370096.493s][info][gc           ] GC(253028) Pause Young (Allocation Failure) 1575M->1479M(2035M) 5.048ms
[1370096.493s][info][gc,cpu       ] GC(253028) User=0.00s Sys=0.00s Real=0.00s
[1370101.300s][info][gc,start     ] GC(253029) Pause Young (Allocation Failure)
[1370101.301s][info][gc,task      ] GC(253029) Using 9 workers of 9 for evacuation
[1370101.305s][info][gc,heap      ] GC(253029) ParNew: 114668K->2449K(118016K)
[1370101.305s][info][gc,heap      ] GC(253029) CMS: 1505113K->1505401K(1966080K)
[1370101.305s][info][gc,metaspace ] GC(253029) Metaspace: 95515K(98212K)->95515K(98212K) NonClass: 86277K(88004K)->86277K(88004K) Class: 9238K(10208K)->9238K(10208K)
[1370101.305s][info][gc           ] GC(253029) Pause Young (Allocation Failure) 1581M->1472M(2035M) 4.685ms
[1370101.305s][info][gc,cpu       ] GC(253029) User=0.00s Sys=0.00s Real=0.00s
[1370104.880s][info][gc,start     ] GC(253030) Pause Young (Allocation Failure)
[1370104.880s][info][gc,task      ] GC(253030) Using 9 workers of 9 for evacuation
[1370104.884s][info][gc,heap      ] GC(253030) ParNew: 107409K->9419K(118016K)
[1370104.884s][info][gc,heap      ] GC(253030) CMS: 1505401K->1505401K(1966080K)
[1370104.884s][info][gc,metaspace ] GC(253030) Metaspace: 95515K(98212K)->95515K(98212K) NonClass: 86277K(88004K)->86277K(88004K) Class: 9238K(10208K)->9238K(10208K)
[1370104.884s][info][gc           ] GC(253030) Pause Young (Allocation Failure) 1575M->1479M(2035M) 4.296ms
[1370104.884s][info][gc,cpu       ] GC(253030) User=0.00s Sys=0.00s Real=0.00s
[1370109.576s][info][gc,start     ] GC(253031) Pause Young (Allocation Failure)
[1370109.577s][info][gc,task      ] GC(253031) Using 9 workers of 9 for evacuation
[1370109.581s][info][gc,heap      ] GC(253031) ParNew: 114379K->2218K(118016K)
[1370109.581s][info][gc,heap      ] GC(253031) CMS: 1505401K->1514228K(1966080K)
[1370109.581s][info][gc,metaspace ] GC(253031) Metaspace: 95515K(98212K)->95515K(98212K) NonClass: 86277K(88004K)->86277K(88004K) Class: 9238K(10208K)->9238K(10208K)
[1370109.582s][info][gc           ] GC(253031) Pause Young (Allocation Failure) 1581M->1480M(2035M) 5.130ms
[1370109.582s][info][gc,cpu       ] GC(253031) User=0.02s Sys=0.00s Real=0.02s
[1370112.713s][info][gc,start     ] GC(253032) Pause Young (Allocation Failure)
[1370112.713s][info][gc,task      ] GC(253032) Using 9 workers of 9 for evacuation
[1370112.717s][info][gc,heap      ] GC(253032) ParNew: 107014K->3377K(118016K)
[1370112.717s][info][gc,heap      ] GC(253032) CMS: 1514228K->1514228K(1966080K)
[1370112.717s][info][gc,metaspace ] GC(253032) Metaspace: 95515K(98212K)->95515K(98212K) NonClass: 86277K(88004K)->86277K(88004K) Class: 9238K(10208K)->9238K(10208K)
[1370112.717s][info][gc           ] GC(253032) Pause Young (Allocation Failure) 1583M->1482M(2035M) 4.059ms
[1370112.717s][info][gc,cpu       ] GC(253032) User=0.00s Sys=0.00s Real=0.00s
[1370115.173s][info][gc,start     ] GC(253033) Pause Young (Allocation Failure)
[1370115.173s][info][gc,task      ] GC(253033) Using 9 workers of 9 for evacuation
[1370115.177s][info][gc,heap      ] GC(253033) ParNew: 108337K->9814K(118016K)
[1370115.177s][info][gc,heap      ] GC(253033) CMS: 1514228K->1514228K(1966080K)
[1370115.177s][info][gc,metaspace ] GC(253033) Metaspace: 95515K(98212K)->95515K(98212K) NonClass: 86277K(88004K)->86277K(88004K) Class: 9238K(10208K)->9238K(10208K)
[1370115.177s][info][gc           ] GC(253033) Pause Young (Allocation Failure) 1584M->1488M(2035M) 4.836ms
[1370115.177s][info][gc,cpu       ] GC(253033) User=0.00s Sys=0.00s Real=0.00s
[1370119.714s][info][gc,start     ] GC(253034) Pause Young (Allocation Failure)
[1370119.714s][info][gc,task      ] GC(253034) Using 9 workers of 9 for evacuation
[1370119.718s][info][gc,heap      ] GC(253034) ParNew: 114774K->2612K(118016K)
[1370119.718s][info][gc,heap      ] GC(253034) CMS: 1514228K->1514637K(1966080K)
[1370119.718s][info][gc,metaspace ] GC(253034) Metaspace: 95515K(98212K)->95515K(98212K) NonClass: 86277K(88004K)->86277K(88004K) Class: 9238K(10208K)->9238K(10208K)
[1370119.718s][info][gc           ] GC(253034) Pause Young (Allocation Failure) 1590M->1481M(2035M) 4.587ms
[1370119.718s][info][gc,cpu       ] GC(253034) User=0.00s Sys=0.02s Real=0.02s
[1370126.242s][info][gc,start     ] GC(253035) Pause Young (Allocation Failure)
[1370126.242s][info][gc,task      ] GC(253035) Using 9 workers of 9 for evacuation
[1370126.246s][info][gc,heap      ] GC(253035) ParNew: 107572K->9482K(118016K)
[1370126.246s][info][gc,heap      ] GC(253035) CMS: 1514637K->1514637K(1966080K)
[1370126.246s][info][gc,metaspace ] GC(253035) Metaspace: 95515K(98212K)->95515K(98212K) NonClass: 86277K(88004K)->86277K(88004K) Class: 9238K(10208K)->9238K(10208K)
[1370126.246s][info][gc           ] GC(253035) Pause Young (Allocation Failure) 1584M->1488M(2035M) 4.547ms
[1370126.246s][info][gc,cpu       ] GC(253035) User=0.00s Sys=0.00s Real=0.00s
[1370131.679s][info][gc,start     ] GC(253036) Pause Young (Allocation Failure)
[1370131.679s][info][gc,task      ] GC(253036) Using 9 workers of 9 for evacuation
[1370131.683s][info][gc,heap      ] GC(253036) ParNew: 114442K->2245K(118016K)
[1370131.683s][info][gc,heap      ] GC(253036) CMS: 1514637K->1514802K(1966080K)
[1370131.683s][info][gc,metaspace ] GC(253036) Metaspace: 95515K(98212K)->95515K(98212K) NonClass: 86277K(88004K)->86277K(88004K) Class: 9238K(10208K)->9238K(10208K)
[1370131.683s][info][gc           ] GC(253036) Pause Young (Allocation Failure) 1590M->1481M(2035M) 4.106ms
[1370131.683s][info][gc,cpu       ] GC(253036) User=0.00s Sys=0.00s Real=0.00s
[1370135.939s][info][gc,start     ] GC(253037) Pause Young (Allocation Failure)
[1370135.939s][info][gc,task      ] GC(253037) Using 9 workers of 9 for evacuation
[1370135.944s][info][gc,heap      ] GC(253037) ParNew: 107205K->9394K(118016K)
[1370135.944s][info][gc,heap      ] GC(253037) CMS: 1514802K->1514802K(1966080K)
[1370135.944s][info][gc,metaspace ] GC(253037) Metaspace: 95515K(98212K)->95515K(98212K) NonClass: 86277K(88004K)->86277K(88004K) Class: 9238K(10208K)->9238K(10208K)
[1370135.944s][info][gc           ] GC(253037) Pause Young (Allocation Failure) 1583M->1488M(2035M) 4.521ms
[1370135.944s][info][gc,cpu       ] GC(253037) User=0.00s Sys=0.00s Real=0.00s
[1370140.756s][info][gc,start     ] GC(253038) Pause Young (Allocation Failure)
[1370140.756s][info][gc,task      ] GC(253038) Using 9 workers of 9 for evacuation
[1370140.761s][info][gc,heap      ] GC(253038) ParNew: 114354K->2034K(118016K)
[1370140.761s][info][gc,heap      ] GC(253038) CMS: 1514802K->1514952K(1966080K)
[1370140.761s][info][gc,metaspace ] GC(253038) Metaspace: 95515K(98212K)->95515K(98212K) NonClass: 86277K(88004K)->86277K(88004K) Class: 9238K(10208K)->9238K(10208K)
[1370140.761s][info][gc           ] GC(253038) Pause Young (Allocation Failure) 1590M->1481M(2035M) 4.640ms
[1370140.761s][info][gc,cpu       ] GC(253038) User=0.00s Sys=0.00s Real=0.00s
[1370144.191s][info][gc,start     ] GC(253039) Pause Young (Allocation Failure)
[1370144.191s][info][gc,task      ] GC(253039) Using 9 workers of 9 for evacuation
[1370144.197s][info][gc,heap      ] GC(253039) ParNew: 106994K->9444K(118016K)
[1370144.197s][info][gc,heap      ] GC(253039) CMS: 1514952K->1514952K(1966080K)
[1370144.197s][info][gc,metaspace ] GC(253039) Metaspace: 95515K(98212K)->95515K(98212K) NonClass: 86277K(88004K)->86277K(88004K) Class: 9238K(10208K)->9238K(10208K)
[1370144.197s][info][gc           ] GC(253039) Pause Young (Allocation Failure) 1583M->1488M(2035M) 5.535ms
[1370144.197s][info][gc,cpu       ] GC(253039) User=0.00s Sys=0.00s Real=0.00s
[1370150.861s][info][gc,start     ] GC(253040) Pause Young (Allocation Failure)
[1370150.861s][info][gc,task      ] GC(253040) Using 9 workers of 9 for evacuation
[1370150.865s][info][gc,heap      ] GC(253040) ParNew: 114404K->1996K(118016K)
[1370150.865s][info][gc,heap      ] GC(253040) CMS: 1514952K->1515145K(1966080K)
[1370150.865s][info][gc,metaspace ] GC(253040) Metaspace: 95515K(98212K)->95515K(98212K) NonClass: 86277K(88004K)->86277K(88004K) Class: 9238K(10208K)->9238K(10208K)
[1370150.865s][info][gc           ] GC(253040) Pause Young (Allocation Failure) 1591M->1481M(2035M) 4.296ms
[1370150.865s][info][gc,cpu       ] GC(253040) User=0.00s Sys=0.00s Real=0.00s
[1370155.464s][info][gc,start     ] GC(253041) Pause Young (Allocation Failure)
[1370155.464s][info][gc,task      ] GC(253041) Using 9 workers of 9 for evacuation
[1370155.469s][info][gc,heap      ] GC(253041) ParNew: 106956K->9404K(118016K)
[1370155.469s][info][gc,heap      ] GC(253041) CMS: 1515145K->1515145K(1966080K)
[1370155.469s][info][gc,metaspace ] GC(253041) Metaspace: 95515K(98212K)->95515K(98212K) NonClass: 86277K(88004K)->86277K(88004K) Class: 9238K(10208K)->9238K(10208K)
[1370155.469s][info][gc           ] GC(253041) Pause Young (Allocation Failure) 1584M->1488M(2035M) 5.135ms
[1370155.469s][info][gc,cpu       ] GC(253041) User=0.02s Sys=0.00s Real=0.01s
[1370159.671s][info][gc,start     ] GC(253042) Pause Young (Allocation Failure)
[1370159.671s][info][gc,task      ] GC(253042) Using 9 workers of 9 for evacuation
[1370159.677s][info][gc,heap      ] GC(253042) ParNew: 114364K->1933K(118016K)
[1370159.677s][info][gc,heap      ] GC(253042) CMS: 1515145K->1523981K(1966080K)
[1370159.677s][info][gc,metaspace ] GC(253042) Metaspace: 95515K(98212K)->95515K(98212K) NonClass: 86277K(88004K)->86277K(88004K) Class: 9238K(10208K)->9238K(10208K)
[1370159.677s][info][gc           ] GC(253042) Pause Young (Allocation Failure) 1591M->1490M(2035M) 5.636ms
[1370159.677s][info][gc,cpu       ] GC(253042) User=0.02s Sys=0.02s Real=0.02s
[1370164.219s][info][gc,start     ] GC(253043) Pause Young (Allocation Failure)
[1370164.219s][info][gc,task      ] GC(253043) Using 9 workers of 9 for evacuation
[1370164.223s][info][gc,heap      ] GC(253043) ParNew: 106873K->1564K(118016K)
[1370164.223s][info][gc,heap      ] GC(253043) CMS: 1523981K->1523981K(1966080K)
[1370164.223s][info][gc,metaspace ] GC(253043) Metaspace: 95515K(98212K)->95515K(98212K) NonClass: 86277K(88004K)->86277K(88004K) Class: 9238K(10208K)->9238K(10208K)
[1370164.223s][info][gc           ] GC(253043) Pause Young (Allocation Failure) 1592M->1489M(2035M) 4.283ms
[1370164.223s][info][gc,cpu       ] GC(253043) User=0.00s Sys=0.00s Real=0.00s
[1370170.528s][info][gc,start     ] GC(253044) Pause Young (Allocation Failure)
[1370170.528s][info][gc,task      ] GC(253044) Using 9 workers of 9 for evacuation
[1370170.532s][info][gc,heap      ] GC(253044) ParNew: 106524K->725K(118016K)
[1370170.532s][info][gc,heap      ] GC(253044) CMS: 1523981K->1523981K(1966080K)
[1370170.532s][info][gc,metaspace ] GC(253044) Metaspace: 95515K(98212K)->95515K(98212K) NonClass: 86277K(88004K)->86277K(88004K) Class: 9238K(10208K)->9238K(10208K)
[1370170.532s][info][gc           ] GC(253044) Pause Young (Allocation Failure) 1592M->1488M(2035M) 4.211ms
[1370170.532s][info][gc,cpu       ] GC(253044) User=0.02s Sys=0.00s Real=0.01s
[1370174.876s][info][gc,start     ] GC(253045) Pause Young (Allocation Failure)
[1370174.876s][info][gc,task      ] GC(253045) Using 9 workers of 9 for evacuation
[1370174.881s][info][gc,heap      ] GC(253045) ParNew: 105432K->1454K(118016K)
[1370174.881s][info][gc,heap      ] GC(253045) CMS: 1523981K->1523981K(1966080K)
[1370174.881s][info][gc,metaspace ] GC(253045) Metaspace: 95515K(98212K)->95515K(98212K) NonClass: 86277K(88004K)->86277K(88004K) Class: 9238K(10208K)->9238K(10208K)
[1370174.881s][info][gc           ] GC(253045) Pause Young (Allocation Failure) 1591M->1489M(2035M) 4.999ms
[1370174.881s][info][gc,cpu       ] GC(253045) User=0.00s Sys=0.00s Real=0.00s
[1370178.780s][info][gc,start     ] GC(253046) Pause Young (Allocation Failure)
[1370178.781s][info][gc,task      ] GC(253046) Using 9 workers of 9 for evacuation
[1370178.786s][info][gc,heap      ] GC(253046) ParNew: 106407K->9489K(118016K)
[1370178.786s][info][gc,heap      ] GC(253046) CMS: 1523981K->1523981K(1966080K)
[1370178.786s][info][gc,metaspace ] GC(253046) Metaspace: 95515K(98212K)->95515K(98212K) NonClass: 86277K(88004K)->86277K(88004K) Class: 9238K(10208K)->9238K(10208K)
[1370178.786s][info][gc           ] GC(253046) Pause Young (Allocation Failure) 1592M->1497M(2035M) 5.344ms
[1370178.786s][info][gc,cpu       ] GC(253046) User=0.03s Sys=0.00s Real=0.02s
[1370182.589s][info][gc,start     ] GC(253047) Pause Young (Allocation Failure)
[1370182.589s][info][gc,task      ] GC(253047) Using 9 workers of 9 for evacuation
[1370182.594s][info][gc,heap      ] GC(253047) ParNew: 114449K->10180K(118016K)
[1370182.594s][info][gc,heap      ] GC(253047) CMS: 1523981K->1524275K(1966080K)
[1370182.594s][info][gc,metaspace ] GC(253047) Metaspace: 95515K(98212K)->95515K(98212K) NonClass: 86277K(88004K)->86277K(88004K) Class: 9238K(10208K)->9238K(10208K)
[1370182.594s][info][gc           ] GC(253047) Pause Young (Allocation Failure) 1600M->1498M(2035M) 5.012ms
[1370182.594s][info][gc,cpu       ] GC(253047) User=0.02s Sys=0.00s Real=0.02s
[1370187.408s][info][gc,start     ] GC(253048) Pause Young (Allocation Failure)
[1370187.408s][info][gc,task      ] GC(253048) Using 9 workers of 9 for evacuation
[1370187.413s][info][gc,heap      ] GC(253048) ParNew: 115140K->3340K(118016K)
[1370187.413s][info][gc,heap      ] GC(253048) CMS: 1524275K->1533009K(1966080K)
[1370187.413s][info][gc,metaspace ] GC(253048) Metaspace: 95515K(98212K)->95515K(98212K) NonClass: 86277K(88004K)->86277K(88004K) Class: 9238K(10208K)->9238K(10208K)
[1370187.413s][info][gc           ] GC(253048) Pause Young (Allocation Failure) 1600M->1500M(2035M) 5.834ms
[1370187.413s][info][gc,cpu       ] GC(253048) User=0.00s Sys=0.00s Real=0.00s
[1370190.721s][info][gc,start     ] GC(253049) Pause Young (Allocation Failure)
[1370190.721s][info][gc,task      ] GC(253049) Using 9 workers of 9 for evacuation
[1370190.726s][info][gc,heap      ] GC(253049) ParNew: 108300K->9623K(118016K)
[1370190.726s][info][gc,heap      ] GC(253049) CMS: 1533009K->1533009K(1966080K)
[1370190.726s][info][gc,metaspace ] GC(253049) Metaspace: 95515K(98212K)->95515K(98212K) NonClass: 86277K(88004K)->86277K(88004K) Class: 9238K(10208K)->9238K(10208K)
[1370190.726s][info][gc           ] GC(253049) Pause Young (Allocation Failure) 1602M->1506M(2035M) 4.883ms
[1370190.726s][info][gc,cpu       ] GC(253049) User=0.00s Sys=0.00s Real=0.00s
[1370194.907s][info][gc,start     ] GC(253050) Pause Young (Allocation Failure)
[1370194.907s][info][gc,task      ] GC(253050) Using 9 workers of 9 for evacuation
[1370194.912s][info][gc,heap      ] GC(253050) ParNew: 114583K->2484K(118016K)
[1370194.912s][info][gc,heap      ] GC(253050) CMS: 1533009K->1541852K(1966080K)
[1370194.912s][info][gc,metaspace ] GC(253050) Metaspace: 95515K(98212K)->95515K(98212K) NonClass: 86277K(88004K)->86277K(88004K) Class: 9238K(10208K)->9238K(10208K)
[1370194.912s][info][gc           ] GC(253050) Pause Young (Allocation Failure) 1608M->1508M(2035M) 5.161ms
[1370194.912s][info][gc,cpu       ] GC(253050) User=0.00s Sys=0.00s Real=0.00s
[1370200.093s][info][gc,start     ] GC(253051) Pause Young (Allocation Failure)
[1370200.093s][info][gc,task      ] GC(253051) Using 9 workers of 9 for evacuation
[1370200.097s][info][gc,heap      ] GC(253051) ParNew: 107444K->1060K(118016K)
[1370200.097s][info][gc,heap      ] GC(253051) CMS: 1541852K->1541852K(1966080K)
[1370200.097s][info][gc,metaspace ] GC(253051) Metaspace: 95515K(98212K)->95515K(98212K) NonClass: 86277K(88004K)->86277K(88004K) Class: 9238K(10208K)->9238K(10208K)
[1370200.097s][info][gc           ] GC(253051) Pause Young (Allocation Failure) 1610M->1506M(2035M) 4.544ms
[1370200.097s][info][gc,cpu       ] GC(253051) User=0.00s Sys=0.00s Real=0.00s
[1370206.084s][info][gc,start     ] GC(253052) Pause Young (Allocation Failure)
[1370206.084s][info][gc,task      ] GC(253052) Using 9 workers of 9 for evacuation
[1370206.089s][info][gc,heap      ] GC(253052) ParNew: 106020K->9485K(118016K)
[1370206.089s][info][gc,heap      ] GC(253052) CMS: 1541852K->1541852K(1966080K)
[1370206.089s][info][gc,metaspace ] GC(253052) Metaspace: 95515K(98212K)->95515K(98212K) NonClass: 86277K(88004K)->86277K(88004K) Class: 9238K(10208K)->9238K(10208K)
[1370206.089s][info][gc           ] GC(253052) Pause Young (Allocation Failure) 1609M->1514M(2035M) 4.676ms
[1370206.089s][info][gc,cpu       ] GC(253052) User=0.00s Sys=0.00s Real=0.00s
[1370211.648s][info][gc,start     ] GC(253053) Pause Young (Allocation Failure)
[1370211.648s][info][gc,task      ] GC(253053) Using 9 workers of 9 for evacuation
[1370211.652s][info][gc,heap      ] GC(253053) ParNew: 114445K->9951K(118016K)
[1370211.652s][info][gc,heap      ] GC(253053) CMS: 1541852K->1542160K(1966080K)
[1370211.652s][info][gc,metaspace ] GC(253053) Metaspace: 95515K(98212K)->95515K(98212K) NonClass: 86277K(88004K)->86277K(88004K) Class: 9238K(10208K)->9238K(10208K)
[1370211.652s][info][gc           ] GC(253053) Pause Young (Allocation Failure) 1617M->1515M(2035M) 4.390ms
[1370211.652s][info][gc,cpu       ] GC(253053) User=0.00s Sys=0.00s Real=0.00s
[1370217.920s][info][gc,start     ] GC(253054) Pause Young (Allocation Failure)
[1370217.920s][info][gc,task      ] GC(253054) Using 9 workers of 9 for evacuation
[1370217.925s][info][gc,heap      ] GC(253054) ParNew: 114911K->3051K(118016K)
[1370217.925s][info][gc,heap      ] GC(253054) CMS: 1542160K->1550873K(1966080K)
[1370217.925s][info][gc,metaspace ] GC(253054) Metaspace: 95515K(98212K)->95515K(98212K) NonClass: 86277K(88004K)->86277K(88004K) Class: 9238K(10208K)->9238K(10208K)
[1370217.925s][info][gc           ] GC(253054) Pause Young (Allocation Failure) 1618M->1517M(2035M) 5.286ms
[1370217.925s][info][gc,cpu       ] GC(253054) User=0.02s Sys=0.00s Real=0.02s
[1370221.522s][info][gc,start     ] GC(253055) Pause Young (Allocation Failure)
[1370221.522s][info][gc,task      ] GC(253055) Using 9 workers of 9 for evacuation
[1370221.526s][info][gc,heap      ] GC(253055) ParNew: 108011K->9599K(118016K)
[1370221.526s][info][gc,heap      ] GC(253055) CMS: 1550873K->1550873K(1966080K)
[1370221.526s][info][gc,metaspace ] GC(253055) Metaspace: 95515K(98212K)->95515K(98212K) NonClass: 86277K(88004K)->86277K(88004K) Class: 9238K(10208K)->9238K(10208K)
[1370221.526s][info][gc           ] GC(253055) Pause Young (Allocation Failure) 1620M->1523M(2035M) 4.560ms
[1370221.526s][info][gc,cpu       ] GC(253055) User=0.00s Sys=0.00s Real=0.00s
[1370225.431s][info][gc,start     ] GC(253056) Pause Young (Allocation Failure)
[1370225.431s][info][gc,task      ] GC(253056) Using 9 workers of 9 for evacuation
[1370225.438s][info][gc,heap      ] GC(253056) ParNew: 114559K->2415K(118016K)
[1370225.438s][info][gc,heap      ] GC(253056) CMS: 1550873K->1559680K(1966080K)
[1370225.438s][info][gc,metaspace ] GC(253056) Metaspace: 95515K(98212K)->95515K(98212K) NonClass: 86277K(88004K)->86277K(88004K) Class: 9238K(10208K)->9238K(10208K)
[1370225.438s][info][gc           ] GC(253056) Pause Young (Allocation Failure) 1626M->1525M(2035M) 6.671ms
[1370225.438s][info][gc,cpu       ] GC(253056) User=0.00s Sys=0.00s Real=0.00s
[1370230.288s][info][gc,start     ] GC(253057) Pause Young (Allocation Failure)
[1370230.288s][info][gc,task      ] GC(253057) Using 9 workers of 9 for evacuation
[1370230.293s][info][gc,heap      ] GC(253057) ParNew: 107375K->926K(118016K)
[1370230.293s][info][gc,heap      ] GC(253057) CMS: 1559680K->1559680K(1966080K)
[1370230.293s][info][gc,metaspace ] GC(253057) Metaspace: 95515K(98212K)->95515K(98212K) NonClass: 86277K(88004K)->86277K(88004K) Class: 9238K(10208K)->9238K(10208K)
[1370230.293s][info][gc           ] GC(253057) Pause Young (Allocation Failure) 1627M->1524M(2035M) 5.021ms
[1370230.293s][info][gc,cpu       ] GC(253057) User=0.00s Sys=0.00s Real=0.00s
[1370235.782s][info][gc,start     ] GC(253058) Pause Young (Allocation Failure)
[1370235.783s][info][gc,task      ] GC(253058) Using 9 workers of 9 for evacuation
[1370235.787s][info][gc,heap      ] GC(253058) ParNew: 105886K->9409K(118016K)
[1370235.787s][info][gc,heap      ] GC(253058) CMS: 1559680K->1559680K(1966080K)
[1370235.787s][info][gc,metaspace ] GC(253058) Metaspace: 95515K(98212K)->95515K(98212K) NonClass: 86277K(88004K)->86277K(88004K) Class: 9238K(10208K)->9238K(10208K)
[1370235.787s][info][gc           ] GC(253058) Pause Young (Allocation Failure) 1626M->1532M(2035M) 4.958ms
[1370235.787s][info][gc,cpu       ] GC(253058) User=0.13s Sys=0.00s Real=0.02s
[1370241.604s][info][gc,start     ] GC(253059) Pause Young (Allocation Failure)
[1370241.605s][info][gc,task      ] GC(253059) Using 9 workers of 9 for evacuation
[1370241.608s][info][gc,heap      ] GC(253059) ParNew: 114369K->1517K(118016K)
[1370241.608s][info][gc,heap      ] GC(253059) CMS: 1559680K->1559964K(1966080K)
[1370241.609s][info][gc,metaspace ] GC(253059) Metaspace: 95515K(98212K)->95515K(98212K) NonClass: 86277K(88004K)->86277K(88004K) Class: 9238K(10208K)->9238K(10208K)
[1370241.609s][info][gc           ] GC(253059) Pause Young (Allocation Failure) 1634M->1524M(2035M) 4.067ms
[1370241.609s][info][gc,cpu       ] GC(253059) User=0.00s Sys=0.00s Real=0.00s
[1370246.913s][info][gc,start     ] GC(253060) Pause Young (Allocation Failure)
[1370246.913s][info][gc,task      ] GC(253060) Using 9 workers of 9 for evacuation
[1370246.917s][info][gc,heap      ] GC(253060) ParNew: 106477K->9217K(118016K)
[1370246.917s][info][gc,heap      ] GC(253060) CMS: 1559964K->1559964K(1966080K)
[1370246.917s][info][gc,metaspace ] GC(253060) Metaspace: 95515K(98212K)->95515K(98212K) NonClass: 86277K(88004K)->86277K(88004K) Class: 9238K(10208K)->9238K(10208K)
[1370246.917s][info][gc           ] GC(253060) Pause Young (Allocation Failure) 1627M->1532M(2035M) 4.640ms
[1370246.917s][info][gc,cpu       ] GC(253060) User=0.00s Sys=0.00s Real=0.00s
[1370251.301s][info][gc,start     ] GC(253061) Pause Young (Allocation Failure)
[1370251.302s][info][gc,task      ] GC(253061) Using 9 workers of 9 for evacuation
[1370251.306s][info][gc,heap      ] GC(253061) ParNew: 114177K->1625K(118016K)
[1370251.306s][info][gc,heap      ] GC(253061) CMS: 1559964K->1560133K(1966080K)
[1370251.306s][info][gc,metaspace ] GC(253061) Metaspace: 95515K(98212K)->95515K(98212K) NonClass: 86277K(88004K)->86277K(88004K) Class: 9238K(10208K)->9238K(10208K)
[1370251.306s][info][gc           ] GC(253061) Pause Young (Allocation Failure) 1634M->1525M(2035M) 4.827ms
[1370251.306s][info][gc,cpu       ] GC(253061) User=0.03s Sys=0.00s Real=0.02s
[1370255.929s][info][gc,start     ] GC(253062) Pause Young (Allocation Failure)
[1370255.929s][info][gc,task      ] GC(253062) Using 9 workers of 9 for evacuation
[1370255.933s][info][gc,heap      ] GC(253062) ParNew: 106579K->9355K(118016K)
[1370255.933s][info][gc,heap      ] GC(253062) CMS: 1560133K->1560133K(1966080K)
[1370255.933s][info][gc,metaspace ] GC(253062) Metaspace: 95515K(98212K)->95515K(98212K) NonClass: 86277K(88004K)->86277K(88004K) Class: 9238K(10208K)->9238K(10208K)
[1370255.934s][info][gc           ] GC(253062) Pause Young (Allocation Failure) 1627M->1532M(2035M) 4.755ms
[1370255.934s][info][gc,cpu       ] GC(253062) User=0.00s Sys=0.00s Real=0.00s
[1370258.744s][info][gc,start     ] GC(253063) Pause Young (Allocation Failure)
[1370258.744s][info][gc,task      ] GC(253063) Using 9 workers of 9 for evacuation
[1370258.749s][info][gc,heap      ] GC(253063) ParNew: 114315K->1725K(118016K)
[1370258.749s][info][gc,heap      ] GC(253063) CMS: 1560133K->1568908K(1966080K)
[1370258.749s][info][gc,metaspace ] GC(253063) Metaspace: 95515K(98212K)->95515K(98212K) NonClass: 86277K(88004K)->86277K(88004K) Class: 9238K(10208K)->9238K(10208K)
[1370258.749s][info][gc           ] GC(253063) Pause Young (Allocation Failure) 1635M->1533M(2035M) 5.350ms
[1370258.749s][info][gc,cpu       ] GC(253063) User=0.00s Sys=0.00s Real=0.00s
[1370263.598s][info][gc,start     ] GC(253064) Pause Young (Allocation Failure)
[1370263.598s][info][gc,task      ] GC(253064) Using 9 workers of 9 for evacuation
[1370263.603s][info][gc,heap      ] GC(253064) ParNew: 106685K->9372K(118016K)
[1370263.603s][info][gc,heap      ] GC(253064) CMS: 1568908K->1568908K(1966080K)
[1370263.603s][info][gc,metaspace ] GC(253064) Metaspace: 95515K(98212K)->95515K(98212K) NonClass: 86277K(88004K)->86277K(88004K) Class: 9238K(10208K)->9238K(10208K)
[1370263.603s][info][gc           ] GC(253064) Pause Young (Allocation Failure) 1636M->1541M(2035M) 4.666ms
[1370263.603s][info][gc,cpu       ] GC(253064) User=0.05s Sys=0.02s Real=0.02s
[1370267.170s][info][gc,start     ] GC(253065) Pause Young (Allocation Failure)
[1370267.170s][info][gc,task      ] GC(253065) Using 9 workers of 9 for evacuation
[1370267.175s][info][gc,heap      ] GC(253065) ParNew: 114332K->1764K(118016K)
[1370267.175s][info][gc,heap      ] GC(253065) CMS: 1568908K->1577776K(1966080K)
[1370267.175s][info][gc,metaspace ] GC(253065) Metaspace: 95515K(98212K)->95515K(98212K) NonClass: 86277K(88004K)->86277K(88004K) Class: 9238K(10208K)->9238K(10208K)
[1370267.175s][info][gc           ] GC(253065) Pause Young (Allocation Failure) 1643M->1542M(2035M) 5.012ms
[1370267.175s][info][gc,cpu       ] GC(253065) User=0.11s Sys=0.02s Real=0.02s
[1370272.542s][info][gc,start     ] GC(253066) Pause Young (Allocation Failure)
[1370272.542s][info][gc,task      ] GC(253066) Using 9 workers of 9 for evacuation
[1370272.546s][info][gc,heap      ] GC(253066) ParNew: 106724K->756K(118016K)
[1370272.546s][info][gc,heap      ] GC(253066) CMS: 1577776K->1577776K(1966080K)
[1370272.546s][info][gc,metaspace ] GC(253066) Metaspace: 95515K(98212K)->95515K(98212K) NonClass: 86277K(88004K)->86277K(88004K) Class: 9238K(10208K)->9238K(10208K)
[1370272.546s][info][gc           ] GC(253066) Pause Young (Allocation Failure) 1645M->1541M(2035M) 4.262ms
[1370272.546s][info][gc,cpu       ] GC(253066) User=0.00s Sys=0.00s Real=0.00s
[1370276.791s][info][gc,start     ] GC(253067) Pause Young (Allocation Failure)
[1370276.792s][info][gc,task      ] GC(253067) Using 9 workers of 9 for evacuation
[1370276.796s][info][gc,heap      ] GC(253067) ParNew: 105716K->9254K(118016K)
[1370276.796s][info][gc,heap      ] GC(253067) CMS: 1577776K->1577776K(1966080K)
[1370276.796s][info][gc,metaspace ] GC(253067) Metaspace: 95515K(98212K)->95515K(98212K) NonClass: 86277K(88004K)->86277K(88004K) Class: 9238K(10208K)->9238K(10208K)
[1370276.796s][info][gc           ] GC(253067) Pause Young (Allocation Failure) 1644M->1549M(2035M) 4.753ms
[1370276.796s][info][gc,cpu       ] GC(253067) User=0.00s Sys=0.00s Real=0.00s
[1370280.559s][info][gc,start     ] GC(253068) Pause Young (Allocation Failure)
[1370280.560s][info][gc,task      ] GC(253068) Using 9 workers of 9 for evacuation
[1370280.564s][info][gc,heap      ] GC(253068) ParNew: 114214K->1258K(118016K)
[1370280.564s][info][gc,heap      ] GC(253068) CMS: 1577776K->1577977K(1966080K)
[1370280.564s][info][gc,metaspace ] GC(253068) Metaspace: 95515K(98212K)->95515K(98212K) NonClass: 86277K(88004K)->86277K(88004K) Class: 9238K(10208K)->9238K(10208K)
[1370280.564s][info][gc           ] GC(253068) Pause Young (Allocation Failure) 1652M->1542M(2035M) 4.676ms
[1370280.564s][info][gc,cpu       ] GC(253068) User=0.00s Sys=0.00s Real=0.00s
[1370284.302s][info][gc,start     ] GC(253069) Pause Young (Allocation Failure)
[1370284.302s][info][gc,task      ] GC(253069) Using 9 workers of 9 for evacuation
[1370284.307s][info][gc,heap      ] GC(253069) ParNew: 106218K->9373K(118016K)
[1370284.307s][info][gc,heap      ] GC(253069) CMS: 1577977K->1577977K(1966080K)
[1370284.307s][info][gc,metaspace ] GC(253069) Metaspace: 95515K(98212K)->95515K(98212K) NonClass: 86277K(88004K)->86277K(88004K) Class: 9238K(10208K)->9238K(10208K)
[1370284.307s][info][gc           ] GC(253069) Pause Young (Allocation Failure) 1644M->1550M(2035M) 4.674ms
[1370284.307s][info][gc,cpu       ] GC(253069) User=0.00s Sys=0.00s Real=0.00s
[1370289.032s][info][gc,start     ] GC(253070) Pause Young (Allocation Failure)
[1370289.032s][info][gc,task      ] GC(253070) Using 9 workers of 9 for evacuation
[1370289.038s][info][gc,heap      ] GC(253070) ParNew: 114328K->1679K(118016K)
[1370289.038s][info][gc,heap      ] GC(253070) CMS: 1577977K->1586878K(1966080K)
[1370289.038s][info][gc,metaspace ] GC(253070) Metaspace: 95515K(98212K)->95515K(98212K) NonClass: 86277K(88004K)->86277K(88004K) Class: 9238K(10208K)->9238K(10208K)
[1370289.038s][info][gc           ] GC(253070) Pause Young (Allocation Failure) 1652M->1551M(2035M) 5.570ms
[1370289.038s][info][gc,cpu       ] GC(253070) User=0.14s Sys=0.00s Real=0.01s
[1370292.509s][info][gc,start     ] GC(253071) Pause Young (Allocation Failure)
[1370292.509s][info][gc,task      ] GC(253071) Using 9 workers of 9 for evacuation
[1370292.513s][info][gc,heap      ] GC(253071) ParNew: 106639K->726K(118016K)
[1370292.514s][info][gc,heap      ] GC(253071) CMS: 1586878K->1586878K(1966080K)
[1370292.514s][info][gc,metaspace ] GC(253071) Metaspace: 95515K(98212K)->95515K(98212K) NonClass: 86277K(88004K)->86277K(88004K) Class: 9238K(10208K)->9238K(10208K)
[1370292.514s][info][gc           ] GC(253071) Pause Young (Allocation Failure) 1653M->1550M(2035M) 4.668ms
[1370292.514s][info][gc,cpu       ] GC(253071) User=0.00s Sys=0.00s Real=0.00s
[1370297.187s][info][gc,start     ] GC(253072) Pause Young (Allocation Failure)
[1370297.187s][info][gc,task      ] GC(253072) Using 9 workers of 9 for evacuation
[1370297.191s][info][gc,heap      ] GC(253072) ParNew: 105686K->9285K(118016K)
[1370297.191s][info][gc,heap      ] GC(253072) CMS: 1586878K->1586878K(1966080K)
[1370297.191s][info][gc,metaspace ] GC(253072) Metaspace: 95515K(98212K)->95515K(98212K) NonClass: 86277K(88004K)->86277K(88004K) Class: 9238K(10208K)->9238K(10208K)
[1370297.191s][info][gc           ] GC(253072) Pause Young (Allocation Failure) 1652M->1558M(2035M) 4.871ms
[1370297.191s][info][gc,cpu       ] GC(253072) User=0.02s Sys=0.00s Real=0.02s
[1370302.042s][info][gc,start     ] GC(253073) Pause Young (Allocation Failure)
[1370302.043s][info][gc,task      ] GC(253073) Using 9 workers of 9 for evacuation
[1370302.047s][info][gc,heap      ] GC(253073) ParNew: 114245K->1349K(118016K)
[1370302.047s][info][gc,heap      ] GC(253073) CMS: 1586878K->1587092K(1966080K)
[1370302.047s][info][gc,metaspace ] GC(253073) Metaspace: 95515K(98212K)->95515K(98212K) NonClass: 86277K(88004K)->86277K(88004K) Class: 9238K(10208K)->9238K(10208K)
[1370302.047s][info][gc           ] GC(253073) Pause Young (Allocation Failure) 1661M->1551M(2035M) 4.259ms
[1370302.047s][info][gc,cpu       ] GC(253073) User=0.00s Sys=0.00s Real=0.00s
[1370307.779s][info][gc,start     ] GC(253074) Pause Young (Allocation Failure)
[1370307.779s][info][gc,task      ] GC(253074) Using 9 workers of 9 for evacuation
[1370307.784s][info][gc,heap      ] GC(253074) ParNew: 106309K->9227K(118016K)
[1370307.785s][info][gc,heap      ] GC(253074) CMS: 1587092K->1587092K(1966080K)
[1370307.785s][info][gc,metaspace ] GC(253074) Metaspace: 95515K(98212K)->95515K(98212K) NonClass: 86277K(88004K)->86277K(88004K) Class: 9238K(10208K)->9238K(10208K)
[1370307.785s][info][gc           ] GC(253074) Pause Young (Allocation Failure) 1653M->1558M(2035M) 5.480ms
[1370307.785s][info][gc,cpu       ] GC(253074) User=0.00s Sys=0.00s Real=0.00s
[1370312.797s][info][gc,start     ] GC(253075) Pause Young (Allocation Failure)
[1370312.797s][info][gc,task      ] GC(253075) Using 9 workers of 9 for evacuation
[1370312.801s][info][gc,heap      ] GC(253075) ParNew: 114187K->1560K(118016K)
[1370312.801s][info][gc,heap      ] GC(253075) CMS: 1587092K->1587216K(1966080K)
[1370312.801s][info][gc,metaspace ] GC(253075) Metaspace: 95515K(98212K)->95515K(98212K) NonClass: 86277K(88004K)->86277K(88004K) Class: 9238K(10208K)->9238K(10208K)
[1370312.801s][info][gc           ] GC(253075) Pause Young (Allocation Failure) 1661M->1551M(2035M) 4.457ms
[1370312.801s][info][gc,cpu       ] GC(253075) User=0.00s Sys=0.00s Real=0.00s
[1370316.949s][info][gc,start     ] GC(253076) Pause Young (Allocation Failure)
[1370316.949s][info][gc,task      ] GC(253076) Using 9 workers of 9 for evacuation
[1370316.954s][info][gc,heap      ] GC(253076) ParNew: 106520K->9382K(118016K)
[1370316.954s][info][gc,heap      ] GC(253076) CMS: 1587216K->1587216K(1966080K)
[1370316.954s][info][gc,metaspace ] GC(253076) Metaspace: 95515K(98212K)->95515K(98212K) NonClass: 86277K(88004K)->86277K(88004K) Class: 9238K(10208K)->9238K(10208K)
[1370316.954s][info][gc           ] GC(253076) Pause Young (Allocation Failure) 1654M->1559M(2035M) 4.446ms
[1370316.954s][info][gc,cpu       ] GC(253076) User=0.00s Sys=0.00s Real=0.00s
[1370322.516s][info][gc,start     ] GC(253077) Pause Young (Allocation Failure)
[1370322.517s][info][gc,task      ] GC(253077) Using 9 workers of 9 for evacuation
[1370322.521s][info][gc,heap      ] GC(253077) ParNew: 114342K->1572K(118016K)
[1370322.521s][info][gc,heap      ] GC(253077) CMS: 1587216K->1587446K(1966080K)
[1370322.521s][info][gc,metaspace ] GC(253077) Metaspace: 95515K(98212K)->95515K(98212K) NonClass: 86277K(88004K)->86277K(88004K) Class: 9238K(10208K)->9238K(10208K)
[1370322.521s][info][gc           ] GC(253077) Pause Young (Allocation Failure) 1661M->1551M(2035M) 4.719ms
[1370322.521s][info][gc,cpu       ] GC(253077) User=0.00s Sys=0.00s Real=0.00s
[1370326.711s][info][gc,start     ] GC(253078) Pause Young (Allocation Failure)
[1370326.711s][info][gc,task      ] GC(253078) Using 9 workers of 9 for evacuation
[1370326.715s][info][gc,heap      ] GC(253078) ParNew: 106532K->9295K(118016K)
[1370326.716s][info][gc,heap      ] GC(253078) CMS: 1587446K->1587446K(1966080K)
[1370326.716s][info][gc,metaspace ] GC(253078) Metaspace: 95515K(98212K)->95515K(98212K) NonClass: 86277K(88004K)->86277K(88004K) Class: 9238K(10208K)->9238K(10208K)
[1370326.716s][info][gc           ] GC(253078) Pause Young (Allocation Failure) 1654M->1559M(2035M) 4.540ms
[1370326.716s][info][gc,cpu       ] GC(253078) User=0.00s Sys=0.00s Real=0.00s
[1370331.301s][info][gc,start     ] GC(253079) Pause Young (Allocation Failure)
[1370331.301s][info][gc,task      ] GC(253079) Using 9 workers of 9 for evacuation
[1370331.306s][info][gc,heap      ] GC(253079) ParNew: 114255K->9899K(118016K)
[1370331.306s][info][gc,heap      ] GC(253079) CMS: 1587446K->1587585K(1966080K)
[1370331.306s][info][gc,metaspace ] GC(253079) Metaspace: 95515K(98212K)->95515K(98212K) NonClass: 86277K(88004K)->86277K(88004K) Class: 9238K(10208K)->9238K(10208K)
[1370331.306s][info][gc           ] GC(253079) Pause Young (Allocation Failure) 1661M->1560M(2035M) 5.077ms
[1370331.306s][info][gc,cpu       ] GC(253079) User=0.00s Sys=0.00s Real=0.00s
[1370336.323s][info][gc,start     ] GC(253080) Pause Young (Allocation Failure)
[1370336.323s][info][gc,task      ] GC(253080) Using 9 workers of 9 for evacuation
[1370336.328s][info][gc,heap      ] GC(253080) ParNew: 114859K->3078K(118016K)
[1370336.328s][info][gc,heap      ] GC(253080) CMS: 1587585K->1596317K(1966080K)
[1370336.328s][info][gc,metaspace ] GC(253080) Metaspace: 95515K(98212K)->95515K(98212K) NonClass: 86277K(88004K)->86277K(88004K) Class: 9238K(10208K)->9238K(10208K)
[1370336.328s][info][gc           ] GC(253080) Pause Young (Allocation Failure) 1662M->1561M(2035M) 4.908ms
[1370336.328s][info][gc,cpu       ] GC(253080) User=0.02s Sys=0.00s Real=0.01s
[1370340.676s][info][gc,start     ] GC(253081) Pause Young (Allocation Failure)
[1370340.676s][info][gc,task      ] GC(253081) Using 9 workers of 9 for evacuation
[1370340.681s][info][gc,heap      ] GC(253081) ParNew: 108038K->9537K(118016K)
[1370340.681s][info][gc,heap      ] GC(253081) CMS: 1596317K->1596317K(1966080K)
[1370340.681s][info][gc,metaspace ] GC(253081) Metaspace: 95515K(98212K)->95515K(98212K) NonClass: 86277K(88004K)->86277K(88004K) Class: 9238K(10208K)->9238K(10208K)
[1370340.681s][info][gc           ] GC(253081) Pause Young (Allocation Failure) 1664M->1568M(2035M) 5.172ms
[1370340.681s][info][gc,cpu       ] GC(253081) User=0.00s Sys=0.00s Real=0.00s
[1370345.336s][info][gc,start     ] GC(253082) Pause Young (Allocation Failure)
[1370345.336s][info][gc,task      ] GC(253082) Using 9 workers of 9 for evacuation
[1370345.341s][info][gc,heap      ] GC(253082) ParNew: 114497K->2505K(118016K)
[1370345.341s][info][gc,heap      ] GC(253082) CMS: 1596317K->1605177K(1966080K)
[1370345.341s][info][gc,metaspace ] GC(253082) Metaspace: 95515K(98212K)->95515K(98212K) NonClass: 86277K(88004K)->86277K(88004K) Class: 9238K(10208K)->9238K(10208K)
[1370345.341s][info][gc           ] GC(253082) Pause Young (Allocation Failure) 1670M->1570M(2035M) 5.463ms
[1370345.341s][info][gc,cpu       ] GC(253082) User=0.00s Sys=0.00s Real=0.00s
[1370351.150s][info][gc,start     ] GC(253083) Pause Young (Allocation Failure)
[1370351.150s][info][gc,task      ] GC(253083) Using 9 workers of 9 for evacuation
[1370351.154s][info][gc,heap      ] GC(253083) ParNew: 107453K->1000K(118016K)
[1370351.154s][info][gc,heap      ] GC(253083) CMS: 1605177K->1605177K(1966080K)
[1370351.154s][info][gc,metaspace ] GC(253083) Metaspace: 95515K(98212K)->95515K(98212K) NonClass: 86277K(88004K)->86277K(88004K) Class: 9238K(10208K)->9238K(10208K)
[1370351.154s][info][gc           ] GC(253083) Pause Young (Allocation Failure) 1672M->1568M(2035M) 4.226ms
[1370351.154s][info][gc,cpu       ] GC(253083) User=0.00s Sys=0.00s Real=0.00s
[1370353.650s][info][gc,start     ] GC(253084) Pause Young (Allocation Failure)
[1370353.650s][info][gc,task      ] GC(253084) Using 9 workers of 9 for evacuation
[1370353.655s][info][gc,heap      ] GC(253084) ParNew: 105960K->9546K(118016K)
[1370353.655s][info][gc,heap      ] GC(253084) CMS: 1605177K->1605177K(1966080K)
[1370353.655s][info][gc,metaspace ] GC(253084) Metaspace: 95515K(98212K)->95515K(98212K) NonClass: 86277K(88004K)->86277K(88004K) Class: 9238K(10208K)->9238K(10208K)
[1370353.655s][info][gc           ] GC(253084) Pause Young (Allocation Failure) 1671M->1576M(2035M) 4.650ms
[1370353.655s][info][gc,cpu       ] GC(253084) User=0.00s Sys=0.00s Real=0.00s
[1370357.547s][info][gc,start     ] GC(253085) Pause Young (Allocation Failure)
[1370357.547s][info][gc,task      ] GC(253085) Using 9 workers of 9 for evacuation
[1370357.552s][info][gc,heap      ] GC(253085) ParNew: 114506K->1628K(118016K)
[1370357.553s][info][gc,heap      ] GC(253085) CMS: 1605177K->1614237K(1966080K)
[1370357.553s][info][gc,metaspace ] GC(253085) Metaspace: 95515K(98212K)->95515K(98212K) NonClass: 86277K(88004K)->86277K(88004K) Class: 9238K(10208K)->9238K(10208K)
[1370357.553s][info][gc           ] GC(253085) Pause Young (Allocation Failure) 1679M->1577M(2035M) 5.673ms
[1370357.553s][info][gc,cpu       ] GC(253085) User=0.02s Sys=0.00s Real=0.02s
[1370360.787s][info][gc,start     ] GC(253086) Pause Young (Allocation Failure)
[1370360.787s][info][gc,task      ] GC(253086) Using 9 workers of 9 for evacuation
[1370360.791s][info][gc,heap      ] GC(253086) ParNew: 106588K->808K(118016K)
[1370360.791s][info][gc,heap      ] GC(253086) CMS: 1614237K->1614237K(1966080K)
[1370360.791s][info][gc,metaspace ] GC(253086) Metaspace: 95515K(98212K)->95515K(98212K) NonClass: 86277K(88004K)->86277K(88004K) Class: 9238K(10208K)->9238K(10208K)
[1370360.791s][info][gc           ] GC(253086) Pause Young (Allocation Failure) 1680M->1577M(2035M) 4.453ms
[1370360.791s][info][gc,cpu       ] GC(253086) User=0.00s Sys=0.00s Real=0.00s
[1370363.862s][info][gc,start     ] GC(253087) Pause Young (Allocation Failure)
[1370363.862s][info][gc,task      ] GC(253087) Using 9 workers of 9 for evacuation
[1370363.867s][info][gc,heap      ] GC(253087) ParNew: 105768K->9565K(118016K)
[1370363.867s][info][gc,heap      ] GC(253087) CMS: 1614237K->1614237K(1966080K)
[1370363.867s][info][gc,metaspace ] GC(253087) Metaspace: 95515K(98212K)->95515K(98212K) NonClass: 86277K(88004K)->86277K(88004K) Class: 9238K(10208K)->9238K(10208K)
[1370363.867s][info][gc           ] GC(253087) Pause Young (Allocation Failure) 1679M->1585M(2035M) 4.730ms
[1370363.867s][info][gc,cpu       ] GC(253087) User=0.14s Sys=0.00s Real=0.02s
[1370368.211s][info][gc,start     ] GC(253088) Pause Young (Allocation Failure)
[1370368.211s][info][gc,task      ] GC(253088) Using 9 workers of 9 for evacuation
[1370368.216s][info][gc,heap      ] GC(253088) ParNew: 114525K->1891K(118016K)
[1370368.216s][info][gc,heap      ] GC(253088) CMS: 1614237K->1623271K(1966080K)
[1370368.216s][info][gc,metaspace ] GC(253088) Metaspace: 95515K(98212K)->95515K(98212K) NonClass: 86277K(88004K)->86277K(88004K) Class: 9238K(10208K)->9238K(10208K)
[1370368.216s][info][gc           ] GC(253088) Pause Young (Allocation Failure) 1688M->1587M(2035M) 4.897ms
[1370368.216s][info][gc,cpu       ] GC(253088) User=0.00s Sys=0.00s Real=0.00s
[1370372.795s][info][gc,start     ] GC(253089) Pause Young (Allocation Failure)
[1370372.795s][info][gc,task      ] GC(253089) Using 9 workers of 9 for evacuation
[1370372.800s][info][gc,heap      ] GC(253089) ParNew: 106851K->9308K(118016K)
[1370372.800s][info][gc,heap      ] GC(253089) CMS: 1623271K->1623271K(1966080K)
[1370372.800s][info][gc,metaspace ] GC(253089) Metaspace: 95515K(98212K)->95515K(98212K) NonClass: 86277K(88004K)->86277K(88004K) Class: 9238K(10208K)->9238K(10208K)
[1370372.800s][info][gc           ] GC(253089) Pause Young (Allocation Failure) 1689M->1594M(2035M) 5.104ms
[1370372.800s][info][gc,cpu       ] GC(253089) User=0.00s Sys=0.00s Real=0.00s
[1370376.061s][info][gc,start     ] GC(253090) Pause Young (Allocation Failure)
[1370376.061s][info][gc,task      ] GC(253090) Using 9 workers of 9 for evacuation
[1370376.066s][info][gc,heap      ] GC(253090) ParNew: 114268K->1874K(118016K)
[1370376.066s][info][gc,heap      ] GC(253090) CMS: 1623271K->1632055K(1966080K)
[1370376.066s][info][gc,metaspace ] GC(253090) Metaspace: 95515K(98212K)->95515K(98212K) NonClass: 86277K(88004K)->86277K(88004K) Class: 9238K(10208K)->9238K(10208K)
[1370376.066s][info][gc           ] GC(253090) Pause Young (Allocation Failure) 1696M->1595M(2035M) 5.071ms
[1370376.066s][info][gc,cpu       ] GC(253090) User=0.00s Sys=0.00s Real=0.00s
[1370380.982s][info][gc,start     ] GC(253091) Pause Young (Allocation Failure)
[1370380.982s][info][gc,task      ] GC(253091) Using 9 workers of 9 for evacuation
[1370380.987s][info][gc,heap      ] GC(253091) ParNew: 106834K->749K(118016K)
[1370380.987s][info][gc,heap      ] GC(253091) CMS: 1632055K->1632055K(1966080K)
[1370380.987s][info][gc,metaspace ] GC(253091) Metaspace: 95515K(98212K)->95515K(98212K) NonClass: 86277K(88004K)->86277K(88004K) Class: 9238K(10208K)->9238K(10208K)
[1370380.987s][info][gc           ] GC(253091) Pause Young (Allocation Failure) 1698M->1594M(2035M) 5.055ms
[1370380.987s][info][gc,cpu       ] GC(253091) User=0.00s Sys=0.00s Real=0.00s
[1370385.010s][info][gc,start     ] GC(253092) Pause Young (Allocation Failure)
[1370385.010s][info][gc,task      ] GC(253092) Using 9 workers of 9 for evacuation
[1370385.015s][info][gc,heap      ] GC(253092) ParNew: 105709K->9374K(118016K)
[1370385.015s][info][gc,heap      ] GC(253092) CMS: 1632055K->1632055K(1966080K)
[1370385.015s][info][gc,metaspace ] GC(253092) Metaspace: 95515K(98212K)->95515K(98212K) NonClass: 86277K(88004K)->86277K(88004K) Class: 9238K(10208K)->9238K(10208K)
[1370385.015s][info][gc           ] GC(253092) Pause Young (Allocation Failure) 1697M->1602M(2035M) 5.221ms
[1370385.015s][info][gc,cpu       ] GC(253092) User=0.00s Sys=0.00s Real=0.00s
[1370388.788s][info][gc,start     ] GC(253093) Pause Young (Allocation Failure)
[1370388.788s][info][gc,task      ] GC(253093) Using 9 workers of 9 for evacuation
[1370388.793s][info][gc,heap      ] GC(253093) ParNew: 114334K->1380K(118016K)
[1370388.794s][info][gc,heap      ] GC(253093) CMS: 1632055K->1640989K(1966080K)
[1370388.794s][info][gc,metaspace ] GC(253093) Metaspace: 95515K(98212K)->95515K(98212K) NonClass: 86277K(88004K)->86277K(88004K) Class: 9238K(10208K)->9238K(10208K)
[1370388.794s][info][gc           ] GC(253093) Pause Young (Allocation Failure) 1705M->1603M(2035M) 5.838ms
[1370388.794s][info][gc,cpu       ] GC(253093) User=0.00s Sys=0.00s Real=0.00s
[1370392.396s][info][gc,start     ] GC(253094) Pause Young (Allocation Failure)
[1370392.396s][info][gc,task      ] GC(253094) Using 9 workers of 9 for evacuation
[1370392.401s][info][gc,heap      ] GC(253094) ParNew: 106340K->6918K(118016K)
[1370392.401s][info][gc,heap      ] GC(253094) CMS: 1640989K->1640989K(1966080K)
[1370392.401s][info][gc,metaspace ] GC(253094) Metaspace: 95515K(98212K)->95515K(98212K) NonClass: 86277K(88004K)->86277K(88004K) Class: 9238K(10208K)->9238K(10208K)
[1370392.401s][info][gc           ] GC(253094) Pause Young (Allocation Failure) 1706M->1609M(2035M) 4.568ms
[1370392.401s][info][gc,cpu       ] GC(253094) User=0.00s Sys=0.00s Real=0.00s
[1370396.363s][info][gc,start     ] GC(253095) Pause Young (Allocation Failure)
[1370396.363s][info][gc,task      ] GC(253095) Using 9 workers of 9 for evacuation
[1370396.368s][info][gc,heap      ] GC(253095) ParNew: 111878K->3626K(118016K)
[1370396.368s][info][gc,heap      ] GC(253095) CMS: 1640989K->1647406K(1966080K)
[1370396.368s][info][gc,metaspace ] GC(253095) Metaspace: 95515K(98212K)->95515K(98212K) NonClass: 86277K(88004K)->86277K(88004K) Class: 9238K(10208K)->9238K(10208K)
[1370396.368s][info][gc           ] GC(253095) Pause Young (Allocation Failure) 1711M->1612M(2035M) 5.599ms
[1370396.368s][info][gc,cpu       ] GC(253095) User=0.00s Sys=0.00s Real=0.00s
[1370400.087s][info][gc,start     ] GC(253096) Pause Young (Allocation Failure)
[1370400.087s][info][gc,task      ] GC(253096) Using 9 workers of 9 for evacuation
[1370400.092s][info][gc,heap      ] GC(253096) ParNew: 108586K->3649K(118016K)
[1370400.092s][info][gc,heap      ] GC(253096) CMS: 1647406K->1647406K(1966080K)
[1370400.092s][info][gc,metaspace ] GC(253096) Metaspace: 95515K(98212K)->95515K(98212K) NonClass: 86277K(88004K)->86277K(88004K) Class: 9238K(10208K)->9238K(10208K)
[1370400.092s][info][gc           ] GC(253096) Pause Young (Allocation Failure) 1714M->1612M(2035M) 4.721ms
[1370400.092s][info][gc,cpu       ] GC(253096) User=0.00s Sys=0.00s Real=0.00s
[1370402.771s][info][gc,start     ] GC(253097) Pause Young (Allocation Failure)
[1370402.771s][info][gc,task      ] GC(253097) Using 9 workers of 9 for evacuation
[1370402.776s][info][gc,heap      ] GC(253097) ParNew: 108609K->10183K(118016K)
[1370402.776s][info][gc,heap      ] GC(253097) CMS: 1647406K->1647406K(1966080K)
[1370402.776s][info][gc,metaspace ] GC(253097) Metaspace: 95515K(98212K)->95515K(98212K) NonClass: 86277K(88004K)->86277K(88004K) Class: 9238K(10208K)->9238K(10208K)
[1370402.776s][info][gc           ] GC(253097) Pause Young (Allocation Failure) 1714M->1618M(2035M) 4.566ms
[1370402.776s][info][gc,cpu       ] GC(253097) User=0.00s Sys=0.00s Real=0.00s
[1370405.125s][info][gc,start     ] GC(253098) Pause Young (Allocation Failure)
[1370405.126s][info][gc,task      ] GC(253098) Using 9 workers of 9 for evacuation
[1370405.131s][info][gc,heap      ] GC(253098) ParNew: 115143K->3429K(118016K)
[1370405.131s][info][gc,heap      ] GC(253098) CMS: 1647406K->1656312K(1966080K)
[1370405.131s][info][gc,metaspace ] GC(253098) Metaspace: 95515K(98212K)->95515K(98212K) NonClass: 86277K(88004K)->86277K(88004K) Class: 9238K(10208K)->9238K(10208K)
[1370405.131s][info][gc           ] GC(253098) Pause Young (Allocation Failure) 1721M->1620M(2035M) 5.228ms
[1370405.131s][info][gc,cpu       ] GC(253098) User=0.05s Sys=0.02s Real=0.02s
[1370409.665s][info][gc,start     ] GC(253099) Pause Young (Allocation Failure)
[1370409.666s][info][gc,task      ] GC(253099) Using 9 workers of 9 for evacuation
[1370409.670s][info][gc,heap      ] GC(253099) ParNew: 108389K->1042K(118016K)
[1370409.670s][info][gc,heap      ] GC(253099) CMS: 1656312K->1656312K(1966080K)
[1370409.670s][info][gc,metaspace ] GC(253099) Metaspace: 95515K(98212K)->95515K(98212K) NonClass: 86277K(88004K)->86277K(88004K) Class: 9238K(10208K)->9238K(10208K)
[1370409.670s][info][gc           ] GC(253099) Pause Young (Allocation Failure) 1723M->1618M(2035M) 4.548ms
[1370409.670s][info][gc,cpu       ] GC(253099) User=0.00s Sys=0.00s Real=0.00s
[1370413.689s][info][gc,start     ] GC(253100) Pause Young (Allocation Failure)
[1370413.689s][info][gc,task      ] GC(253100) Using 9 workers of 9 for evacuation
[1370413.693s][info][gc,heap      ] GC(253100) ParNew: 106002K->9399K(118016K)
[1370413.694s][info][gc,heap      ] GC(253100) CMS: 1656312K->1656312K(1966080K)
[1370413.694s][info][gc,metaspace ] GC(253100) Metaspace: 95515K(98212K)->95515K(98212K) NonClass: 86277K(88004K)->86277K(88004K) Class: 9238K(10208K)->9238K(10208K)
[1370413.694s][info][gc           ] GC(253100) Pause Young (Allocation Failure) 1721M->1626M(2035M) 4.591ms
[1370413.694s][info][gc,cpu       ] GC(253100) User=0.00s Sys=0.02s Real=0.00s
[1370418.242s][info][gc,start     ] GC(253101) Pause Young (Allocation Failure)
[1370418.242s][info][gc,task      ] GC(253101) Using 9 workers of 9 for evacuation
[1370418.247s][info][gc,heap      ] GC(253101) ParNew: 114359K->1867K(118016K)
[1370418.247s][info][gc,heap      ] GC(253101) CMS: 1656312K->1665282K(1966080K)
[1370418.247s][info][gc,metaspace ] GC(253101) Metaspace: 95515K(98212K)->95515K(98212K) NonClass: 86277K(88004K)->86277K(88004K) Class: 9238K(10208K)->9238K(10208K)
[1370418.247s][info][gc           ] GC(253101) Pause Young (Allocation Failure) 1729M->1628M(2035M) 5.035ms
[1370418.247s][info][gc,cpu       ] GC(253101) User=0.00s Sys=0.00s Real=0.00s
[1370424.176s][info][gc,start     ] GC(253102) Pause Young (Allocation Failure)
[1370424.176s][info][gc,task      ] GC(253102) Using 9 workers of 9 for evacuation
[1370424.180s][info][gc,heap      ] GC(253102) ParNew: 106827K->9296K(118016K)
[1370424.180s][info][gc,heap      ] GC(253102) CMS: 1665282K->1665282K(1966080K)
[1370424.180s][info][gc,metaspace ] GC(253102) Metaspace: 95515K(98212K)->95515K(98212K) NonClass: 86277K(88004K)->86277K(88004K) Class: 9238K(10208K)->9238K(10208K)
[1370424.180s][info][gc           ] GC(253102) Pause Young (Allocation Failure) 1730M->1635M(2035M) 4.614ms
[1370424.181s][info][gc,cpu       ] GC(253102) User=0.00s Sys=0.00s Real=0.00s
[1370429.217s][info][gc,start     ] GC(253103) Pause Young (Allocation Failure)
[1370429.217s][info][gc,task      ] GC(253103) Using 9 workers of 9 for evacuation
[1370429.222s][info][gc,heap      ] GC(253103) ParNew: 114256K->1797K(118016K)
[1370429.222s][info][gc,heap      ] GC(253103) CMS: 1665282K->1674064K(1966080K)
[1370429.222s][info][gc,metaspace ] GC(253103) Metaspace: 95515K(98212K)->95515K(98212K) NonClass: 86277K(88004K)->86277K(88004K) Class: 9238K(10208K)->9238K(10208K)
[1370429.222s][info][gc           ] GC(253103) Pause Young (Allocation Failure) 1737M->1636M(2035M) 5.486ms
[1370429.222s][info][gc,cpu       ] GC(253103) User=0.02s Sys=0.00s Real=0.02s
[1370433.543s][info][gc,start     ] GC(253104) Pause Young (Allocation Failure)
[1370433.543s][info][gc,task      ] GC(253104) Using 9 workers of 9 for evacuation
[1370433.549s][info][gc,heap      ] GC(253104) ParNew: 106757K->9422K(118016K)
[1370433.549s][info][gc,heap      ] GC(253104) CMS: 1674064K->1674064K(1966080K)
[1370433.549s][info][gc,metaspace ] GC(253104) Metaspace: 95515K(98212K)->95515K(98212K) NonClass: 86277K(88004K)->86277K(88004K) Class: 9238K(10208K)->9238K(10208K)
[1370433.549s][info][gc           ] GC(253104) Pause Young (Allocation Failure) 1739M->1644M(2035M) 5.660ms
[1370433.549s][info][gc,cpu       ] GC(253104) User=0.00s Sys=0.00s Real=0.00s
[1370439.822s][info][gc,start     ] GC(253105) Pause Young (Allocation Failure)
[1370439.822s][info][gc,task      ] GC(253105) Using 9 workers of 9 for evacuation
[1370439.827s][info][gc,heap      ] GC(253105) ParNew: 114382K->1908K(118016K)
[1370439.827s][info][gc,heap      ] GC(253105) CMS: 1674064K->1682944K(1966080K)
[1370439.827s][info][gc,metaspace ] GC(253105) Metaspace: 95515K(98212K)->95515K(98212K) NonClass: 86277K(88004K)->86277K(88004K) Class: 9238K(10208K)->9238K(10208K)
[1370439.827s][info][gc           ] GC(253105) Pause Young (Allocation Failure) 1746M->1645M(2035M) 5.016ms
[1370439.827s][info][gc,cpu       ] GC(253105) User=0.00s Sys=0.00s Real=0.00s
[1370445.784s][info][gc,start     ] GC(253106) Pause Young (Allocation Failure)
[1370445.784s][info][gc,task      ] GC(253106) Using 9 workers of 9 for evacuation
[1370445.789s][info][gc,heap      ] GC(253106) ParNew: 106868K->9187K(118016K)
[1370445.789s][info][gc,heap      ] GC(253106) CMS: 1682944K->1682944K(1966080K)
[1370445.789s][info][gc,metaspace ] GC(253106) Metaspace: 95515K(98212K)->95515K(98212K) NonClass: 86277K(88004K)->86277K(88004K) Class: 9238K(10208K)->9238K(10208K)
[1370445.789s][info][gc           ] GC(253106) Pause Young (Allocation Failure) 1747M->1652M(2035M) 5.070ms
[1370445.789s][info][gc,cpu       ] GC(253106) User=0.00s Sys=0.00s Real=0.00s
[1370452.063s][info][gc,start     ] GC(253107) Pause Young (Allocation Failure)
[1370452.063s][info][gc,task      ] GC(253107) Using 9 workers of 9 for evacuation
[1370452.067s][info][gc,heap      ] GC(253107) ParNew: 114147K->1719K(118016K)
[1370452.067s][info][gc,heap      ] GC(253107) CMS: 1682944K->1683035K(1966080K)
[1370452.067s][info][gc,metaspace ] GC(253107) Metaspace: 95515K(98212K)->95515K(98212K) NonClass: 86277K(88004K)->86277K(88004K) Class: 9238K(10208K)->9238K(10208K)
[1370452.067s][info][gc           ] GC(253107) Pause Young (Allocation Failure) 1754M->1645M(2035M) 4.067ms
[1370452.067s][info][gc,cpu       ] GC(253107) User=0.00s Sys=0.02s Real=0.02s
[1370456.474s][info][gc,start     ] GC(253108) Pause Young (Allocation Failure)
[1370456.474s][info][gc,task      ] GC(253108) Using 9 workers of 9 for evacuation
[1370456.479s][info][gc,heap      ] GC(253108) ParNew: 106679K->9388K(118016K)
[1370456.479s][info][gc,heap      ] GC(253108) CMS: 1683035K->1683035K(1966080K)
[1370456.479s][info][gc,metaspace ] GC(253108) Metaspace: 95515K(98212K)->95515K(98212K) NonClass: 86277K(88004K)->86277K(88004K) Class: 9238K(10208K)->9238K(10208K)
[1370456.480s][info][gc           ] GC(253108) Pause Young (Allocation Failure) 1747M->1652M(2035M) 5.212ms
[1370456.480s][info][gc,cpu       ] GC(253108) User=0.00s Sys=0.00s Real=0.00s
[1370463.294s][info][gc,start     ] GC(253109) Pause Young (Allocation Failure)
[1370463.294s][info][gc,task      ] GC(253109) Using 9 workers of 9 for evacuation
[1370463.299s][info][gc,heap      ] GC(253109) ParNew: 114348K->1717K(118016K)
[1370463.299s][info][gc,heap      ] GC(253109) CMS: 1683035K->1683211K(1966080K)
[1370463.299s][info][gc,metaspace ] GC(253109) Metaspace: 95515K(98212K)->95515K(98212K) NonClass: 86277K(88004K)->86277K(88004K) Class: 9238K(10208K)->9238K(10208K)
[1370463.299s][info][gc           ] GC(253109) Pause Young (Allocation Failure) 1755M->1645M(2035M) 4.761ms
[1370463.299s][info][gc,cpu       ] GC(253109) User=0.00s Sys=0.02s Real=0.02s
[1370470.257s][info][gc,start     ] GC(253110) Pause Young (Allocation Failure)
[1370470.258s][info][gc,task      ] GC(253110) Using 9 workers of 9 for evacuation
[1370470.262s][info][gc,heap      ] GC(253110) ParNew: 106670K->726K(118016K)
[1370470.262s][info][gc,heap      ] GC(253110) CMS: 1683211K->1683211K(1966080K)
[1370470.262s][info][gc,metaspace ] GC(253110) Metaspace: 95515K(98212K)->95515K(98212K) NonClass: 86277K(88004K)->86277K(88004K) Class: 9238K(10208K)->9238K(10208K)
[1370470.262s][info][gc           ] GC(253110) Pause Young (Allocation Failure) 1747M->1644M(2035M) 4.242ms
[1370470.262s][info][gc,cpu       ] GC(253110) User=0.00s Sys=0.00s Real=0.00s
[1370475.364s][info][gc,start     ] GC(253111) Pause Young (Allocation Failure)
[1370475.364s][info][gc,task      ] GC(253111) Using 9 workers of 9 for evacuation
[1370475.368s][info][gc,heap      ] GC(253111) ParNew: 105686K->9260K(118016K)
[1370475.368s][info][gc,heap      ] GC(253111) CMS: 1683211K->1683211K(1966080K)
[1370475.368s][info][gc,metaspace ] GC(253111) Metaspace: 95515K(98212K)->95515K(98212K) NonClass: 86277K(88004K)->86277K(88004K) Class: 9238K(10208K)->9238K(10208K)
[1370475.369s][info][gc           ] GC(253111) Pause Young (Allocation Failure) 1746M->1652M(2035M) 4.608ms
[1370475.369s][info][gc,cpu       ] GC(253111) User=0.00s Sys=0.00s Real=0.00s
[1370483.471s][info][gc,start     ] GC(253112) Pause Young (Allocation Failure)
[1370483.471s][info][gc,task      ] GC(253112) Using 9 workers of 9 for evacuation
[1370483.475s][info][gc,heap      ] GC(253112) ParNew: 114220K->1078K(118016K)
[1370483.475s][info][gc,heap      ] GC(253112) CMS: 1683211K->1683372K(1966080K)
[1370483.475s][info][gc,metaspace ] GC(253112) Metaspace: 95515K(98212K)->95515K(98212K) NonClass: 86277K(88004K)->86277K(88004K) Class: 9238K(10208K)->9238K(10208K)
[1370483.475s][info][gc           ] GC(253112) Pause Young (Allocation Failure) 1755M->1644M(2035M) 4.220ms
[1370483.475s][info][gc,cpu       ] GC(253112) User=0.00s Sys=0.00s Real=0.00s
[1370486.966s][info][gc,start     ] GC(253113) Pause Young (Allocation Failure)
[1370486.966s][info][gc,task      ] GC(253113) Using 9 workers of 9 for evacuation
[1370486.971s][info][gc,heap      ] GC(253113) ParNew: 106038K->9177K(118016K)
[1370486.971s][info][gc,heap      ] GC(253113) CMS: 1683372K->1683372K(1966080K)
[1370486.971s][info][gc,metaspace ] GC(253113) Metaspace: 95515K(98212K)->95515K(98212K) NonClass: 86277K(88004K)->86277K(88004K) Class: 9238K(10208K)->9238K(10208K)
[1370486.971s][info][gc           ] GC(253113) Pause Young (Allocation Failure) 1747M->1652M(2035M) 4.791ms
[1370486.971s][info][gc,cpu       ] GC(253113) User=0.00s Sys=0.00s Real=0.00s
[1370491.897s][info][gc,start     ] GC(253114) Pause Young (Allocation Failure)
[1370491.897s][info][gc,task      ] GC(253114) Using 9 workers of 9 for evacuation
[1370491.902s][info][gc,heap      ] GC(253114) ParNew: 114137K->1289K(118016K)
[1370491.902s][info][gc,heap      ] GC(253114) CMS: 1683372K->1683477K(1966080K)
[1370491.902s][info][gc,metaspace ] GC(253114) Metaspace: 95515K(98212K)->95515K(98212K) NonClass: 86277K(88004K)->86277K(88004K) Class: 9238K(10208K)->9238K(10208K)
[1370491.902s][info][gc           ] GC(253114) Pause Young (Allocation Failure) 1755M->1645M(2035M) 4.532ms
[1370491.902s][info][gc,cpu       ] GC(253114) User=0.00s Sys=0.00s Real=0.00s
[1370495.544s][info][gc,start     ] GC(253115) Pause Young (Allocation Failure)
[1370495.544s][info][gc,task      ] GC(253115) Using 9 workers of 9 for evacuation
[1370495.548s][info][gc,heap      ] GC(253115) ParNew: 106249K->9307K(118016K)
[1370495.548s][info][gc,heap      ] GC(253115) CMS: 1683477K->1683477K(1966080K)
[1370495.548s][info][gc,metaspace ] GC(253115) Metaspace: 95515K(98212K)->95515K(98212K) NonClass: 86277K(88004K)->86277K(88004K) Class: 9238K(10208K)->9238K(10208K)
[1370495.548s][info][gc           ] GC(253115) Pause Young (Allocation Failure) 1747M->1653M(2035M) 4.467ms
[1370495.548s][info][gc,cpu       ] GC(253115) User=0.00s Sys=0.00s Real=0.00s
[1370500.215s][info][gc,start     ] GC(253116) Pause Young (Allocation Failure)
[1370500.215s][info][gc,task      ] GC(253116) Using 9 workers of 9 for evacuation
[1370500.221s][info][gc,heap      ] GC(253116) ParNew: 114267K->1410K(118016K)
[1370500.221s][info][gc,heap      ] GC(253116) CMS: 1683477K->1692313K(1966080K)
[1370500.221s][info][gc,metaspace ] GC(253116) Metaspace: 95515K(98212K)->95515K(98212K) NonClass: 86277K(88004K)->86277K(88004K) Class: 9238K(10208K)->9238K(10208K)
[1370500.221s][info][gc           ] GC(253116) Pause Young (Allocation Failure) 1755M->1654M(2035M) 5.949ms
[1370500.221s][info][gc,cpu       ] GC(253116) User=0.00s Sys=0.00s Real=0.00s
[1370505.246s][info][gc,start     ] GC(253117) Pause Young (Allocation Failure)
[1370505.246s][info][gc,task      ] GC(253117) Using 9 workers of 9 for evacuation
[1370505.251s][info][gc,heap      ] GC(253117) ParNew: 106370K->9294K(118016K)
[1370505.251s][info][gc,heap      ] GC(253117) CMS: 1692313K->1692313K(1966080K)
[1370505.251s][info][gc,metaspace ] GC(253117) Metaspace: 95515K(98212K)->95515K(98212K) NonClass: 86277K(88004K)->86277K(88004K) Class: 9238K(10208K)->9238K(10208K)
[1370505.251s][info][gc           ] GC(253117) Pause Young (Allocation Failure) 1756M->1661M(2035M) 4.926ms
[1370505.251s][info][gc,cpu       ] GC(253117) User=0.00s Sys=0.00s Real=0.02s
[1370510.598s][info][gc,start     ] GC(253118) Pause Young (Allocation Failure)
[1370510.598s][info][gc,task      ] GC(253118) Using 9 workers of 9 for evacuation
[1370510.602s][info][gc,heap      ] GC(253118) ParNew: 114254K->1617K(118016K)
[1370510.602s][info][gc,heap      ] GC(253118) CMS: 1692313K->1692452K(1966080K)
[1370510.602s][info][gc,metaspace ] GC(253118) Metaspace: 95515K(98212K)->95515K(98212K) NonClass: 86277K(88004K)->86277K(88004K) Class: 9238K(10208K)->9238K(10208K)
[1370510.602s][info][gc           ] GC(253118) Pause Young (Allocation Failure) 1764M->1654M(2035M) 4.132ms
[1370510.602s][info][gc,cpu       ] GC(253118) User=0.00s Sys=0.00s Real=0.00s
[1370514.952s][info][gc,start     ] GC(253119) Pause Young (Allocation Failure)
[1370514.952s][info][gc,task      ] GC(253119) Using 9 workers of 9 for evacuation
[1370514.957s][info][gc,heap      ] GC(253119) ParNew: 106577K->792K(118016K)
[1370514.957s][info][gc,heap      ] GC(253119) CMS: 1692452K->1692452K(1966080K)
[1370514.957s][info][gc,metaspace ] GC(253119) Metaspace: 95515K(98212K)->95515K(98212K) NonClass: 86277K(88004K)->86277K(88004K) Class: 9238K(10208K)->9238K(10208K)
[1370514.957s][info][gc           ] GC(253119) Pause Young (Allocation Failure) 1756M->1653M(2035M) 4.760ms
[1370514.957s][info][gc,cpu       ] GC(253119) User=0.13s Sys=0.00s Real=0.01s
[1370520.133s][info][gc,start     ] GC(253120) Pause Young (Allocation Failure)
[1370520.133s][info][gc,task      ] GC(253120) Using 9 workers of 9 for evacuation
[1370520.138s][info][gc,heap      ] GC(253120) ParNew: 105752K->9347K(118016K)
[1370520.138s][info][gc,heap      ] GC(253120) CMS: 1692452K->1692452K(1966080K)
[1370520.138s][info][gc,metaspace ] GC(253120) Metaspace: 95515K(98212K)->95515K(98212K) NonClass: 86277K(88004K)->86277K(88004K) Class: 9238K(10208K)->9238K(10208K)
[1370520.138s][info][gc           ] GC(253120) Pause Young (Allocation Failure) 1756M->1661M(2035M) 4.641ms
[1370520.138s][info][gc,cpu       ] GC(253120) User=0.00s Sys=0.00s Real=0.00s
[1370525.192s][info][gc,start     ] GC(253121) Pause Young (Allocation Failure)
[1370525.192s][info][gc,task      ] GC(253121) Using 9 workers of 9 for evacuation
[1370525.196s][info][gc,heap      ] GC(253121) ParNew: 114306K->3919K(118016K)
[1370525.196s][info][gc,heap      ] GC(253121) CMS: 1692452K->1692709K(1966080K)
[1370525.196s][info][gc,metaspace ] GC(253121) Metaspace: 95515K(98212K)->95515K(98212K) NonClass: 86277K(88004K)->86277K(88004K) Class: 9238K(10208K)->9238K(10208K)
[1370525.196s][info][gc           ] GC(253121) Pause Young (Allocation Failure) 1764M->1656M(2035M) 4.234ms
[1370525.196s][info][gc,cpu       ] GC(253121) User=0.00s Sys=0.00s Real=0.00s
[1370530.541s][info][gc,start     ] GC(253122) Pause Young (Allocation Failure)
[1370530.541s][info][gc,task      ] GC(253122) Using 9 workers of 9 for evacuation
[1370530.545s][info][gc,heap      ] GC(253122) ParNew: 108879K->827K(118016K)
[1370530.545s][info][gc,heap      ] GC(253122) CMS: 1692709K->1692709K(1966080K)
[1370530.545s][info][gc,metaspace ] GC(253122) Metaspace: 95515K(98212K)->95515K(98212K) NonClass: 86277K(88004K)->86277K(88004K) Class: 9238K(10208K)->9238K(10208K)
[1370530.545s][info][gc           ] GC(253122) Pause Young (Allocation Failure) 1759M->1653M(2035M) 4.197ms
[1370530.545s][info][gc,cpu       ] GC(253122) User=0.00s Sys=0.00s Real=0.00s
[1370536.672s][info][gc,start     ] GC(253123) Pause Young (Allocation Failure)
[1370536.672s][info][gc,task      ] GC(253123) Using 9 workers of 9 for evacuation
[1370536.676s][info][gc,heap      ] GC(253123) ParNew: 105787K->9285K(118016K)
[1370536.677s][info][gc,heap      ] GC(253123) CMS: 1692709K->1692709K(1966080K)
[1370536.677s][info][gc,metaspace ] GC(253123) Metaspace: 95515K(98212K)->95515K(98212K) NonClass: 86277K(88004K)->86277K(88004K) Class: 9238K(10208K)->9238K(10208K)
[1370536.677s][info][gc           ] GC(253123) Pause Young (Allocation Failure) 1756M->1662M(2035M) 4.678ms
[1370536.677s][info][gc,cpu       ] GC(253123) User=0.00s Sys=0.02s Real=0.02s
[1370543.144s][info][gc,start     ] GC(253124) Pause Young (Allocation Failure)
[1370543.145s][info][gc,task      ] GC(253124) Using 9 workers of 9 for evacuation
[1370543.149s][info][gc,heap      ] GC(253124) ParNew: 114245K->9637K(118016K)
[1370543.149s][info][gc,heap      ] GC(253124) CMS: 1692709K->1692938K(1966080K)
[1370543.149s][info][gc,metaspace ] GC(253124) Metaspace: 95515K(98212K)->95515K(98212K) NonClass: 86277K(88004K)->86277K(88004K) Class: 9238K(10208K)->9238K(10208K)
[1370543.149s][info][gc           ] GC(253124) Pause Young (Allocation Failure) 1764M->1662M(2035M) 4.663ms
[1370543.149s][info][gc,cpu       ] GC(253124) User=0.00s Sys=0.02s Real=0.02s
[1370549.559s][info][gc,start     ] GC(253125) Pause Young (Allocation Failure)
[1370549.559s][info][gc,task      ] GC(253125) Using 9 workers of 9 for evacuation
[1370549.564s][info][gc,heap      ] GC(253125) ParNew: 114597K->2870K(118016K)
[1370549.564s][info][gc,heap      ] GC(253125) CMS: 1692938K->1701645K(1966080K)
[1370549.564s][info][gc,metaspace ] GC(253125) Metaspace: 95515K(98212K)->95515K(98212K) NonClass: 86277K(88004K)->86277K(88004K) Class: 9238K(10208K)->9238K(10208K)
[1370549.564s][info][gc           ] GC(253125) Pause Young (Allocation Failure) 1765M->1664M(2035M) 5.633ms
[1370549.564s][info][gc,cpu       ] GC(253125) User=0.00s Sys=0.00s Real=0.00s
[1370553.878s][info][gc,start     ] GC(253126) Pause Young (Allocation Failure)
[1370553.878s][info][gc,task      ] GC(253126) Using 9 workers of 9 for evacuation
[1370553.883s][info][gc,heap      ] GC(253126) ParNew: 107830K->9379K(118016K)
[1370553.883s][info][gc,heap      ] GC(253126) CMS: 1701645K->1701645K(1966080K)
[1370553.883s][info][gc,metaspace ] GC(253126) Metaspace: 95515K(98212K)->95515K(98212K) NonClass: 86277K(88004K)->86277K(88004K) Class: 9238K(10208K)->9238K(10208K)
[1370553.883s][info][gc           ] GC(253126) Pause Young (Allocation Failure) 1767M->1670M(2035M) 4.413ms
[1370553.883s][info][gc,cpu       ] GC(253126) User=0.02s Sys=0.00s Real=0.02s
[1370559.117s][info][gc,start     ] GC(253127) Pause Young (Allocation Failure)
[1370559.118s][info][gc,task      ] GC(253127) Using 9 workers of 9 for evacuation
[1370559.123s][info][gc,heap      ] GC(253127) ParNew: 114339K->2206K(118016K)
[1370559.123s][info][gc,heap      ] GC(253127) CMS: 1701645K->1710474K(1966080K)
[1370559.123s][info][gc,metaspace ] GC(253127) Metaspace: 95515K(98212K)->95515K(98212K) NonClass: 86277K(88004K)->86277K(88004K) Class: 9238K(10208K)->9238K(10208K)
[1370559.123s][info][gc           ] GC(253127) Pause Young (Allocation Failure) 1773M->1672M(2035M) 5.686ms
[1370559.123s][info][gc,cpu       ] GC(253127) User=0.11s Sys=0.03s Real=0.02s
[1370564.026s][info][gc,start     ] GC(253128) Pause Young (Allocation Failure)
[1370564.026s][info][gc,task      ] GC(253128) Using 9 workers of 9 for evacuation
[1370564.031s][info][gc,heap      ] GC(253128) ParNew: 107166K->9349K(118016K)
[1370564.031s][info][gc,heap      ] GC(253128) CMS: 1710474K->1710474K(1966080K)
[1370564.031s][info][gc,metaspace ] GC(253128) Metaspace: 95515K(98212K)->95515K(98212K) NonClass: 86277K(88004K)->86277K(88004K) Class: 9238K(10208K)->9238K(10208K)
[1370564.031s][info][gc           ] GC(253128) Pause Young (Allocation Failure) 1775M->1679M(2035M) 5.150ms
[1370564.031s][info][gc,cpu       ] GC(253128) User=0.14s Sys=0.00s Real=0.02s
[1370570.134s][info][gc,start     ] GC(253129) Pause Young (Allocation Failure)
[1370570.135s][info][gc,task      ] GC(253129) Using 9 workers of 9 for evacuation
[1370570.140s][info][gc,heap      ] GC(253129) ParNew: 114308K->1777K(118016K)
[1370570.140s][info][gc,heap      ] GC(253129) CMS: 1710474K->1719245K(1966080K)
[1370570.140s][info][gc,metaspace ] GC(253129) Metaspace: 95515K(98212K)->95515K(98212K) NonClass: 86277K(88004K)->86277K(88004K) Class: 9238K(10208K)->9238K(10208K)
[1370570.140s][info][gc           ] GC(253129) Pause Young (Allocation Failure) 1782M->1680M(2035M) 5.397ms
[1370570.140s][info][gc,cpu       ] GC(253129) User=0.00s Sys=0.00s Real=0.00s
[1370575.697s][info][gc,start     ] GC(253130) Pause Young (Allocation Failure)
[1370575.697s][info][gc,task      ] GC(253130) Using 9 workers of 9 for evacuation
[1370575.701s][info][gc,heap      ] GC(253130) ParNew: 106737K->9349K(118016K)
[1370575.701s][info][gc,heap      ] GC(253130) CMS: 1719245K->1719245K(1966080K)
[1370575.701s][info][gc,metaspace ] GC(253130) Metaspace: 95515K(98212K)->95515K(98212K) NonClass: 86277K(88004K)->86277K(88004K) Class: 9238K(10208K)->9238K(10208K)
[1370575.702s][info][gc           ] GC(253130) Pause Young (Allocation Failure) 1783M->1688M(2035M) 4.745ms
[1370575.702s][info][gc,cpu       ] GC(253130) User=0.00s Sys=0.00s Real=0.00s
[1370581.477s][info][gc,start     ] GC(253131) Pause Young (Allocation Failure)
[1370581.477s][info][gc,task      ] GC(253131) Using 9 workers of 9 for evacuation
[1370581.482s][info][gc,heap      ] GC(253131) ParNew: 114309K->1667K(118016K)
[1370581.482s][info][gc,heap      ] GC(253131) CMS: 1719245K->1719382K(1966080K)
[1370581.482s][info][gc,metaspace ] GC(253131) Metaspace: 95515K(98212K)->95515K(98212K) NonClass: 86277K(88004K)->86277K(88004K) Class: 9238K(10208K)->9238K(10208K)
[1370581.482s][info][gc           ] GC(253131) Pause Young (Allocation Failure) 1790M->1680M(2035M) 4.903ms
[1370581.482s][info][gc,cpu       ] GC(253131) User=0.00s Sys=0.00s Real=0.00s
[1370586.693s][info][gc,start     ] GC(253132) Pause Young (Allocation Failure)
[1370586.693s][info][gc,task      ] GC(253132) Using 9 workers of 9 for evacuation
[1370586.698s][info][gc,heap      ] GC(253132) ParNew: 106627K->9382K(118016K)
[1370586.698s][info][gc,heap      ] GC(253132) CMS: 1719382K->1719382K(1966080K)
[1370586.698s][info][gc,metaspace ] GC(253132) Metaspace: 95515K(98212K)->95515K(98212K) NonClass: 86277K(88004K)->86277K(88004K) Class: 9238K(10208K)->9238K(10208K)
[1370586.698s][info][gc           ] GC(253132) Pause Young (Allocation Failure) 1783M->1688M(2035M) 4.957ms
[1370586.698s][info][gc,cpu       ] GC(253132) User=0.00s Sys=0.00s Real=0.00s
[1370592.068s][info][gc,start     ] GC(253133) Pause Young (Allocation Failure)
[1370592.068s][info][gc,task      ] GC(253133) Using 9 workers of 9 for evacuation
[1370592.073s][info][gc,heap      ] GC(253133) ParNew: 114342K->10168K(118016K)
[1370592.073s][info][gc,heap      ] GC(253133) CMS: 1719382K->1719548K(1966080K)
[1370592.073s][info][gc,metaspace ] GC(253133) Metaspace: 95515K(98212K)->95515K(98212K) NonClass: 86277K(88004K)->86277K(88004K) Class: 9238K(10208K)->9238K(10208K)
[1370592.073s][info][gc           ] GC(253133) Pause Young (Allocation Failure) 1790M->1689M(2035M) 5.074ms
[1370592.073s][info][gc,cpu       ] GC(253133) User=0.00s Sys=0.00s Real=0.00s
[1370597.765s][info][gc,start     ] GC(253134) Pause Young (Allocation Failure)
[1370597.765s][info][gc,task      ] GC(253134) Using 9 workers of 9 for evacuation
[1370597.770s][info][gc,heap      ] GC(253134) ParNew: 115128K->3240K(118016K)
[1370597.771s][info][gc,heap      ] GC(253134) CMS: 1719548K->1728285K(1966080K)
[1370597.771s][info][gc,metaspace ] GC(253134) Metaspace: 95515K(98212K)->95515K(98212K) NonClass: 86277K(88004K)->86277K(88004K) Class: 9238K(10208K)->9238K(10208K)
[1370597.771s][info][gc           ] GC(253134) Pause Young (Allocation Failure) 1791M->1690M(2035M) 5.290ms
[1370597.771s][info][gc,cpu       ] GC(253134) User=0.11s Sys=0.00s Real=0.02s
[1370603.089s][info][gc,start     ] GC(253135) Pause Young (Allocation Failure)
[1370603.089s][info][gc,task      ] GC(253135) Using 9 workers of 9 for evacuation
[1370603.093s][info][gc,heap      ] GC(253135) ParNew: 108200K->9524K(118016K)
[1370603.093s][info][gc,heap      ] GC(253135) CMS: 1728285K->1728285K(1966080K)
[1370603.093s][info][gc,metaspace ] GC(253135) Metaspace: 95515K(98212K)->95515K(98212K) NonClass: 86277K(88004K)->86277K(88004K) Class: 9238K(10208K)->9238K(10208K)
[1370603.093s][info][gc           ] GC(253135) Pause Young (Allocation Failure) 1793M->1697M(2035M) 4.495ms
[1370603.093s][info][gc,cpu       ] GC(253135) User=0.00s Sys=0.00s Real=0.00s
[1370609.020s][info][gc,start     ] GC(253136) Pause Young (Allocation Failure)
[1370609.021s][info][gc,task      ] GC(253136) Using 9 workers of 9 for evacuation
[1370609.026s][info][gc,heap      ] GC(253136) ParNew: 114484K->2482K(118016K)
[1370609.026s][info][gc,heap      ] GC(253136) CMS: 1728285K->1737066K(1966080K)
[1370609.026s][info][gc,metaspace ] GC(253136) Metaspace: 95515K(98212K)->95515K(98212K) NonClass: 86277K(88004K)->86277K(88004K) Class: 9238K(10208K)->9238K(10208K)
[1370609.026s][info][gc           ] GC(253136) Pause Young (Allocation Failure) 1799M->1698M(2035M) 5.569ms
[1370609.026s][info][gc,cpu       ] GC(253136) User=0.00s Sys=0.00s Real=0.00s
[1370615.430s][info][gc,start     ] GC(253137) Pause Young (Allocation Failure)
[1370615.430s][info][gc,task      ] GC(253137) Using 9 workers of 9 for evacuation
[1370615.435s][info][gc,heap      ] GC(253137) ParNew: 107442K->9589K(118016K)
[1370615.435s][info][gc,heap      ] GC(253137) CMS: 1737066K->1737066K(1966080K)
[1370615.435s][info][gc,metaspace ] GC(253137) Metaspace: 95515K(98212K)->95515K(98212K) NonClass: 86277K(88004K)->86277K(88004K) Class: 9238K(10208K)->9238K(10208K)
[1370615.435s][info][gc           ] GC(253137) Pause Young (Allocation Failure) 1801M->1705M(2035M) 4.959ms
[1370615.435s][info][gc,cpu       ] GC(253137) User=0.00s Sys=0.00s Real=0.00s
[1370620.121s][info][gc,start     ] GC(253138) Pause Young (Allocation Failure)
[1370620.121s][info][gc,task      ] GC(253138) Using 9 workers of 9 for evacuation
[1370620.127s][info][gc,heap      ] GC(253138) ParNew: 114549K->2046K(118016K)
[1370620.127s][info][gc,heap      ] GC(253138) CMS: 1737066K->1745931K(1966080K)
[1370620.127s][info][gc,metaspace ] GC(253138) Metaspace: 95515K(98212K)->95515K(98212K) NonClass: 86277K(88004K)->86277K(88004K) Class: 9238K(10208K)->9238K(10208K)
[1370620.127s][info][gc           ] GC(253138) Pause Young (Allocation Failure) 1808M->1707M(2035M) 5.467ms
[1370620.127s][info][gc,cpu       ] GC(253138) User=0.14s Sys=0.00s Real=0.01s
[1370623.906s][info][gc,start     ] GC(253139) Pause Young (Allocation Failure)
[1370623.906s][info][gc,task      ] GC(253139) Using 9 workers of 9 for evacuation
[1370623.910s][info][gc,heap      ] GC(253139) ParNew: 107006K->9406K(118016K)
[1370623.910s][info][gc,heap      ] GC(253139) CMS: 1745931K->1745931K(1966080K)
[1370623.910s][info][gc,metaspace ] GC(253139) Metaspace: 95515K(98212K)->95515K(98212K) NonClass: 86277K(88004K)->86277K(88004K) Class: 9238K(10208K)->9238K(10208K)
[1370623.911s][info][gc           ] GC(253139) Pause Young (Allocation Failure) 1809M->1714M(2035M) 4.912ms
[1370623.911s][info][gc,cpu       ] GC(253139) User=0.00s Sys=0.02s Real=0.01s
[1370628.669s][info][gc,start     ] GC(253140) Pause Young (Allocation Failure)
[1370628.669s][info][gc,task      ] GC(253140) Using 9 workers of 9 for evacuation
[1370628.674s][info][gc,heap      ] GC(253140) ParNew: 114366K->2070K(118016K)
[1370628.675s][info][gc,heap      ] GC(253140) CMS: 1745931K->1754768K(1966080K)
[1370628.675s][info][gc,metaspace ] GC(253140) Metaspace: 95515K(98212K)->95515K(98212K) NonClass: 86277K(88004K)->86277K(88004K) Class: 9238K(10208K)->9238K(10208K)
[1370628.675s][info][gc           ] GC(253140) Pause Young (Allocation Failure) 1816M->1715M(2035M) 5.582ms
[1370628.675s][info][gc,cpu       ] GC(253140) User=0.00s Sys=0.00s Real=0.00s
[1370632.878s][info][gc,start     ] GC(253141) Pause Young (Allocation Failure)
[1370632.878s][info][gc,task      ] GC(253141) Using 9 workers of 9 for evacuation
[1370632.883s][info][gc,heap      ] GC(253141) ParNew: 107030K->9487K(118016K)
[1370632.883s][info][gc,heap      ] GC(253141) CMS: 1754768K->1754768K(1966080K)
[1370632.883s][info][gc,metaspace ] GC(253141) Metaspace: 95515K(98212K)->95515K(98212K) NonClass: 86277K(88004K)->86277K(88004K) Class: 9238K(10208K)->9238K(10208K)
[1370632.883s][info][gc           ] GC(253141) Pause Young (Allocation Failure) 1818M->1722M(2035M) 4.881ms
[1370632.883s][info][gc,cpu       ] GC(253141) User=0.00s Sys=0.00s Real=0.00s
[1370637.858s][info][gc,start     ] GC(253142) Pause Young (Allocation Failure)
[1370637.858s][info][gc,task      ] GC(253142) Using 9 workers of 9 for evacuation
[1370637.863s][info][gc,heap      ] GC(253142) ParNew: 114441K->2037K(118016K)
[1370637.863s][info][gc,heap      ] GC(253142) CMS: 1754768K->1763664K(1966080K)
[1370637.863s][info][gc,metaspace ] GC(253142) Metaspace: 95515K(98212K)->95515K(98212K) NonClass: 86277K(88004K)->86277K(88004K) Class: 9238K(10208K)->9238K(10208K)
[1370637.863s][info][gc           ] GC(253142) Pause Young (Allocation Failure) 1825M->1724M(2035M) 5.159ms
[1370637.863s][info][gc,cpu       ] GC(253142) User=0.00s Sys=0.00s Real=0.00s
[1370642.471s][info][gc,start     ] GC(253143) Pause Young (Allocation Failure)
[1370642.471s][info][gc,task      ] GC(253143) Using 9 workers of 9 for evacuation
[1370642.476s][info][gc,heap      ] GC(253143) ParNew: 106997K->794K(118016K)
[1370642.476s][info][gc,heap      ] GC(253143) CMS: 1763664K->1763664K(1966080K)
[1370642.476s][info][gc,metaspace ] GC(253143) Metaspace: 95515K(98212K)->95515K(98212K) NonClass: 86277K(88004K)->86277K(88004K) Class: 9238K(10208K)->9238K(10208K)
[1370642.476s][info][gc           ] GC(253143) Pause Young (Allocation Failure) 1826M->1723M(2035M) 5.111ms
[1370642.476s][info][gc,cpu       ] GC(253143) User=0.00s Sys=0.00s Real=0.00s
[1370648.316s][info][gc,start     ] GC(253144) Pause Young (Allocation Failure)
[1370648.317s][info][gc,task      ] GC(253144) Using 9 workers of 9 for evacuation
[1370648.321s][info][gc,heap      ] GC(253144) ParNew: 105752K->9352K(118016K)
[1370648.321s][info][gc,heap      ] GC(253144) CMS: 1763664K->1763664K(1966080K)
[1370648.321s][info][gc,metaspace ] GC(253144) Metaspace: 95515K(98212K)->95515K(98212K) NonClass: 86277K(88004K)->86277K(88004K) Class: 9238K(10208K)->9238K(10208K)
[1370648.321s][info][gc           ] GC(253144) Pause Young (Allocation Failure) 1825M->1731M(2035M) 4.769ms
[1370648.321s][info][gc,cpu       ] GC(253144) User=0.00s Sys=0.00s Real=0.00s
[1370654.347s][info][gc,start     ] GC(253145) Pause Young (Allocation Failure)
[1370654.347s][info][gc,task      ] GC(253145) Using 9 workers of 9 for evacuation
[1370654.352s][info][gc,heap      ] GC(253145) ParNew: 114312K->9876K(118016K)
[1370654.352s][info][gc,heap      ] GC(253145) CMS: 1763664K->1763893K(1966080K)
[1370654.352s][info][gc,metaspace ] GC(253145) Metaspace: 95515K(98212K)->95515K(98212K) NonClass: 86277K(88004K)->86277K(88004K) Class: 9238K(10208K)->9238K(10208K)
[1370654.352s][info][gc           ] GC(253145) Pause Young (Allocation Failure) 1833M->1732M(2035M) 4.433ms
[1370654.352s][info][gc,cpu       ] GC(253145) User=0.00s Sys=0.00s Real=0.00s
[1370659.460s][info][gc,start     ] GC(253146) Pause Young (Allocation Failure)
[1370659.460s][info][gc,task      ] GC(253146) Using 9 workers of 9 for evacuation
[1370659.465s][info][gc,heap      ] GC(253146) ParNew: 114836K->2802K(118016K)
[1370659.465s][info][gc,heap      ] GC(253146) CMS: 1763893K->1772590K(1966080K)
[1370659.465s][info][gc,metaspace ] GC(253146) Metaspace: 95515K(98212K)->95515K(98212K) NonClass: 86277K(88004K)->86277K(88004K) Class: 9238K(10208K)->9238K(10208K)
[1370659.465s][info][gc           ] GC(253146) Pause Young (Allocation Failure) 1834M->1733M(2035M) 4.995ms
[1370659.465s][info][gc,cpu       ] GC(253146) User=0.00s Sys=0.00s Real=0.00s
[1370663.886s][info][gc,start     ] GC(253147) Pause Young (Allocation Failure)
[1370663.887s][info][gc,task      ] GC(253147) Using 9 workers of 9 for evacuation
[1370663.891s][info][gc,heap      ] GC(253147) ParNew: 107715K->6982K(118016K)
[1370663.891s][info][gc,heap      ] GC(253147) CMS: 1772590K->1772590K(1966080K)
[1370663.891s][info][gc,metaspace ] GC(253147) Metaspace: 95515K(98212K)->95515K(98212K) NonClass: 86277K(88004K)->86277K(88004K) Class: 9238K(10208K)->9238K(10208K)
[1370663.891s][info][gc           ] GC(253147) Pause Young (Allocation Failure) 1836M->1737M(2035M) 4.580ms
[1370663.891s][info][gc,cpu       ] GC(253147) User=0.14s Sys=0.00s Real=0.02s
[1370668.001s][info][gc,start     ] GC(253148) Pause Young (Allocation Failure)
[1370668.001s][info][gc,task      ] GC(253148) Using 9 workers of 9 for evacuation
[1370668.005s][info][gc,heap      ] GC(253148) ParNew: 111942K->10009K(118016K)
[1370668.005s][info][gc,heap      ] GC(253148) CMS: 1772590K->1772590K(1966080K)
[1370668.005s][info][gc,metaspace ] GC(253148) Metaspace: 95515K(98212K)->95515K(98212K) NonClass: 86277K(88004K)->86277K(88004K) Class: 9238K(10208K)->9238K(10208K)
[1370668.005s][info][gc           ] GC(253148) Pause Young (Allocation Failure) 1840M->1740M(2035M) 4.597ms
[1370668.005s][info][gc,cpu       ] GC(253148) User=0.00s Sys=0.00s Real=0.00s
[1370671.947s][info][gc,start     ] GC(253149) Pause Young (Allocation Failure)
[1370671.947s][info][gc,task      ] GC(253149) Using 9 workers of 9 for evacuation
[1370671.952s][info][gc,heap      ] GC(253149) ParNew: 114969K->3289K(118016K)
[1370671.952s][info][gc,heap      ] GC(253149) CMS: 1772590K->1772826K(1966080K)
[1370671.952s][info][gc,metaspace ] GC(253149) Metaspace: 95515K(98212K)->95515K(98212K) NonClass: 86277K(88004K)->86277K(88004K) Class: 9238K(10208K)->9238K(10208K)
[1370671.952s][info][gc           ] GC(253149) Pause Young (Allocation Failure) 1843M->1734M(2035M) 4.402ms
[1370671.952s][info][gc,cpu       ] GC(253149) User=0.00s Sys=0.00s Real=0.00s
[1370675.260s][info][gc,start     ] GC(253150) Pause Young (Allocation Failure)
[1370675.260s][info][gc,task      ] GC(253150) Using 9 workers of 9 for evacuation
[1370675.265s][info][gc,heap      ] GC(253150) ParNew: 108249K->9991K(118016K)
[1370675.265s][info][gc,heap      ] GC(253150) CMS: 1772826K->1772826K(1966080K)
[1370675.265s][info][gc,metaspace ] GC(253150) Metaspace: 95515K(98212K)->95515K(98212K) NonClass: 86277K(88004K)->86277K(88004K) Class: 9238K(10208K)->9238K(10208K)
[1370675.265s][info][gc           ] GC(253150) Pause Young (Allocation Failure) 1836M->1741M(2035M) 4.804ms
[1370675.265s][info][gc,cpu       ] GC(253150) User=0.00s Sys=0.00s Real=0.00s
[1370679.847s][info][gc,start     ] GC(253151) Pause Young (Allocation Failure)
[1370679.847s][info][gc,task      ] GC(253151) Using 9 workers of 9 for evacuation
[1370679.853s][info][gc,heap      ] GC(253151) ParNew: 114951K->2628K(118016K)
[1370679.853s][info][gc,heap      ] GC(253151) CMS: 1772826K->1781775K(1966080K)
[1370679.853s][info][gc,metaspace ] GC(253151) Metaspace: 95515K(98212K)->95515K(98212K) NonClass: 86277K(88004K)->86277K(88004K) Class: 9238K(10208K)->9238K(10208K)
[1370679.853s][info][gc           ] GC(253151) Pause Young (Allocation Failure) 1843M->1742M(2035M) 5.935ms
[1370679.853s][info][gc,cpu       ] GC(253151) User=0.00s Sys=0.00s Real=0.00s
[1370684.371s][info][gc,start     ] GC(253152) Pause Young (Allocation Failure)
[1370684.371s][info][gc,task      ] GC(253152) Using 9 workers of 9 for evacuation
[1370684.375s][info][gc,heap      ] GC(253152) ParNew: 107588K->9549K(118016K)
[1370684.375s][info][gc,heap      ] GC(253152) CMS: 1781775K->1781775K(1966080K)
[1370684.375s][info][gc,metaspace ] GC(253152) Metaspace: 95515K(98212K)->95515K(98212K) NonClass: 86277K(88004K)->86277K(88004K) Class: 9238K(10208K)->9238K(10208K)
[1370684.375s][info][gc           ] GC(253152) Pause Young (Allocation Failure) 1845M->1749M(2035M) 4.809ms
[1370684.376s][info][gc,cpu       ] GC(253152) User=0.00s Sys=0.00s Real=0.00s
[1370688.546s][info][gc,start     ] GC(253153) Pause Young (Allocation Failure)
[1370688.546s][info][gc,task      ] GC(253153) Using 9 workers of 9 for evacuation
[1370688.551s][info][gc,heap      ] GC(253153) ParNew: 114509K->2111K(118016K)
[1370688.551s][info][gc,heap      ] GC(253153) CMS: 1781775K->1790626K(1966080K)
[1370688.551s][info][gc,metaspace ] GC(253153) Metaspace: 95515K(98212K)->95515K(98212K) NonClass: 86277K(88004K)->86277K(88004K) Class: 9238K(10208K)->9238K(10208K)
[1370688.551s][info][gc           ] GC(253153) Pause Young (Allocation Failure) 1851M->1750M(2035M) 5.771ms
[1370688.552s][info][gc,cpu       ] GC(253153) User=0.05s Sys=0.00s Real=0.02s
[1370692.185s][info][gc,start     ] GC(253154) Pause Young (Allocation Failure)
[1370692.185s][info][gc,task      ] GC(253154) Using 9 workers of 9 for evacuation
[1370692.190s][info][gc,heap      ] GC(253154) ParNew: 107071K->1023K(118016K)
[1370692.190s][info][gc,heap      ] GC(253154) CMS: 1790626K->1790626K(1966080K)
[1370692.190s][info][gc,metaspace ] GC(253154) Metaspace: 95515K(98212K)->95515K(98212K) NonClass: 86277K(88004K)->86277K(88004K) Class: 9238K(10208K)->9238K(10208K)
[1370692.190s][info][gc           ] GC(253154) Pause Young (Allocation Failure) 1853M->1749M(2035M) 4.925ms
[1370692.190s][info][gc,cpu       ] GC(253154) User=0.13s Sys=0.00s Real=0.02s
[1370696.400s][info][gc,start     ] GC(253155) Pause Young (Allocation Failure)
[1370696.400s][info][gc,task      ] GC(253155) Using 9 workers of 9 for evacuation
[1370696.404s][info][gc,heap      ] GC(253155) ParNew: 105983K->9494K(118016K)
[1370696.404s][info][gc,heap      ] GC(253155) CMS: 1790626K->1790626K(1966080K)
[1370696.404s][info][gc,metaspace ] GC(253155) Metaspace: 95515K(98212K)->95515K(98212K) NonClass: 86277K(88004K)->86277K(88004K) Class: 9238K(10208K)->9238K(10208K)
[1370696.404s][info][gc           ] GC(253155) Pause Young (Allocation Failure) 1852M->1757M(2035M) 4.638ms
[1370696.404s][info][gc,cpu       ] GC(253155) User=0.00s Sys=0.00s Real=0.00s
[1370701.760s][info][gc,start     ] GC(253156) Pause Young (Allocation Failure)
[1370701.761s][info][gc,task      ] GC(253156) Using 9 workers of 9 for evacuation
[1370701.765s][info][gc,heap      ] GC(253156) ParNew: 114454K->1585K(118016K)
[1370701.766s][info][gc,heap      ] GC(253156) CMS: 1790626K->1791043K(1966080K)
[1370701.766s][info][gc,metaspace ] GC(253156) Metaspace: 95515K(98212K)->95515K(98212K) NonClass: 86277K(88004K)->86277K(88004K) Class: 9238K(10208K)->9238K(10208K)
[1370701.766s][info][gc           ] GC(253156) Pause Young (Allocation Failure) 1860M->1750M(2035M) 5.202ms
[1370701.766s][info][gc,cpu       ] GC(253156) User=0.02s Sys=0.00s Real=0.02s
[1370705.680s][info][gc,start     ] GC(253157) Pause Young (Allocation Failure)
[1370705.680s][info][gc,task      ] GC(253157) Using 9 workers of 9 for evacuation
[1370705.685s][info][gc,heap      ] GC(253157) ParNew: 106545K->9265K(118016K)
[1370705.685s][info][gc,heap      ] GC(253157) CMS: 1791043K->1791043K(1966080K)
[1370705.685s][info][gc,metaspace ] GC(253157) Metaspace: 95515K(98212K)->95515K(98212K) NonClass: 86277K(88004K)->86277K(88004K) Class: 9238K(10208K)->9238K(10208K)
[1370705.685s][info][gc           ] GC(253157) Pause Young (Allocation Failure) 1853M->1758M(2035M) 4.586ms
[1370705.685s][info][gc,cpu       ] GC(253157) User=0.00s Sys=0.00s Real=0.00s
[1370711.052s][info][gc,start     ] GC(253158) Pause Young (Allocation Failure)
[1370711.052s][info][gc,task      ] GC(253158) Using 9 workers of 9 for evacuation
[1370711.056s][info][gc,heap      ] GC(253158) ParNew: 114225K->1713K(118016K)
[1370711.056s][info][gc,heap      ] GC(253158) CMS: 1791043K->1791200K(1966080K)
[1370711.056s][info][gc,metaspace ] GC(253158) Metaspace: 95515K(98212K)->95515K(98212K) NonClass: 86277K(88004K)->86277K(88004K) Class: 9238K(10208K)->9238K(10208K)
[1370711.056s][info][gc           ] GC(253158) Pause Young (Allocation Failure) 1860M->1750M(2035M) 4.396ms
[1370711.056s][info][gc,cpu       ] GC(253158) User=0.00s Sys=0.00s Real=0.00s
[1370714.947s][info][gc,start     ] GC(253159) Pause Young (Allocation Failure)
[1370714.947s][info][gc,task      ] GC(253159) Using 9 workers of 9 for evacuation
[1370714.952s][info][gc,heap      ] GC(253159) ParNew: 106673K->9331K(118016K)
[1370714.952s][info][gc,heap      ] GC(253159) CMS: 1791200K->1791200K(1966080K)
[1370714.952s][info][gc,metaspace ] GC(253159) Metaspace: 95515K(98212K)->95515K(98212K) NonClass: 86277K(88004K)->86277K(88004K) Class: 9238K(10208K)->9238K(10208K)
[1370714.952s][info][gc           ] GC(253159) Pause Young (Allocation Failure) 1853M->1758M(2035M) 4.799ms
[1370714.952s][info][gc,cpu       ] GC(253159) User=0.00s Sys=0.00s Real=0.00s
[1370719.573s][info][gc,start     ] GC(253160) Pause Young (Allocation Failure)
[1370719.573s][info][gc,task      ] GC(253160) Using 9 workers of 9 for evacuation
[1370719.578s][info][gc,heap      ] GC(253160) ParNew: 114291K->1694K(118016K)
[1370719.578s][info][gc,heap      ] GC(253160) CMS: 1791200K->1799978K(1966080K)
[1370719.578s][info][gc,metaspace ] GC(253160) Metaspace: 95515K(98212K)->95515K(98212K) NonClass: 86277K(88004K)->86277K(88004K) Class: 9238K(10208K)->9238K(10208K)
[1370719.578s][info][gc           ] GC(253160) Pause Young (Allocation Failure) 1860M->1759M(2035M) 4.966ms
[1370719.578s][info][gc,cpu       ] GC(253160) User=0.00s Sys=0.00s Real=0.00s
[1370723.912s][info][gc,start     ] GC(253161) Pause Young (Allocation Failure)
[1370723.913s][info][gc,task      ] GC(253161) Using 9 workers of 9 for evacuation
[1370723.917s][info][gc,heap      ] GC(253161) ParNew: 106654K->699K(118016K)
[1370723.917s][info][gc,heap      ] GC(253161) CMS: 1799978K->1799978K(1966080K)
[1370723.917s][info][gc,metaspace ] GC(253161) Metaspace: 95515K(98212K)->95515K(98212K) NonClass: 86277K(88004K)->86277K(88004K) Class: 9238K(10208K)->9238K(10208K)
[1370723.917s][info][gc           ] GC(253161) Pause Young (Allocation Failure) 1861M->1758M(2035M) 4.740ms
[1370723.917s][info][gc,cpu       ] GC(253161) User=0.00s Sys=0.00s Real=0.00s
[1370725.870s][info][gc,start     ] GC(253162) Pause Young (Allocation Failure)
[1370725.870s][info][gc,task      ] GC(253162) Using 9 workers of 9 for evacuation
[1370725.875s][info][gc,heap      ] GC(253162) ParNew: 105659K->9375K(118016K)
[1370725.875s][info][gc,heap      ] GC(253162) CMS: 1799978K->1799978K(1966080K)
[1370725.875s][info][gc,metaspace ] GC(253162) Metaspace: 95515K(98212K)->95515K(98212K) NonClass: 86277K(88004K)->86277K(88004K) Class: 9238K(10208K)->9238K(10208K)
[1370725.875s][info][gc           ] GC(253162) Pause Young (Allocation Failure) 1860M->1766M(2035M) 4.847ms
[1370725.875s][info][gc,cpu       ] GC(253162) User=0.00s Sys=0.00s Real=0.00s
[1370729.996s][info][gc,start     ] GC(253163) Pause Young (Allocation Failure)
[1370729.996s][info][gc,task      ] GC(253163) Using 9 workers of 9 for evacuation
[1370730.002s][info][gc,heap      ] GC(253163) ParNew: 114335K->1270K(118016K)
[1370730.002s][info][gc,heap      ] GC(253163) CMS: 1799978K->1808952K(1966080K)
[1370730.002s][info][gc,metaspace ] GC(253163) Metaspace: 95515K(98212K)->95515K(98212K) NonClass: 86277K(88004K)->86277K(88004K) Class: 9238K(10208K)->9238K(10208K)
[1370730.002s][info][gc           ] GC(253163) Pause Young (Allocation Failure) 1869M->1767M(2035M) 5.966ms
[1370730.002s][info][gc,cpu       ] GC(253163) User=0.02s Sys=0.00s Real=0.02s
[1370730.003s][info][gc,start     ] GC(253164) Pause Initial Mark
[1370730.004s][info][gc           ] GC(253164) Pause Initial Mark 1767M->1767M(2035M) 0.579ms
[1370730.004s][info][gc,cpu       ] GC(253164) User=0.00s Sys=0.00s Real=0.00s
[1370730.004s][info][gc           ] GC(253164) Concurrent Mark
[1370730.004s][info][gc,task      ] GC(253164) Using 3 workers of 3 for marking
[1370730.093s][info][gc           ] GC(253164) Concurrent Mark 89.022ms
[1370730.093s][info][gc,cpu       ] GC(253164) User=0.28s Sys=0.02s Real=0.08s
[1370730.093s][info][gc           ] GC(253164) Concurrent Preclean
[1370730.098s][info][gc           ] GC(253164) Concurrent Preclean 5.158ms
[1370730.099s][info][gc,cpu       ] GC(253164) User=0.03s Sys=0.02s Real=0.02s
[1370730.099s][info][gc           ] GC(253164) Concurrent Abortable Preclean
[1370733.248s][info][gc,start     ] GC(253165) Pause Young (Allocation Failure)
[1370733.248s][info][gc,task      ] GC(253165) Using 9 workers of 9 for evacuation
[1370733.252s][info][gc           ] GC(253164) Concurrent Abortable Preclean 3153.222ms
[1370733.252s][info][gc,cpu       ] GC(253164) User=0.19s Sys=0.11s Real=3.16s
[1370733.252s][info][gc,heap      ] GC(253165) ParNew: 106230K->739K(118016K)
[1370733.252s][info][gc,heap      ] GC(253165) CMS: 1808952K->1808952K(1966080K)
[1370733.252s][info][gc,metaspace ] GC(253165) Metaspace: 95515K(98212K)->95515K(98212K) NonClass: 86277K(88004K)->86277K(88004K) Class: 9238K(10208K)->9238K(10208K)
[1370733.252s][info][gc           ] GC(253165) Pause Young (Allocation Failure) 1870M->1767M(2035M) 4.440ms
[1370733.252s][info][gc,cpu       ] GC(253165) User=0.02s Sys=0.00s Real=0.02s
[1370733.253s][info][gc,start     ] GC(253164) Pause Remark
[1370733.279s][info][gc           ] GC(253164) Pause Remark 1767M->1767M(2035M) 26.393ms
[1370733.279s][info][gc,cpu       ] GC(253164) User=0.02s Sys=0.00s Real=0.02s
[1370733.280s][info][gc           ] GC(253164) Concurrent Sweep
[1370733.547s][info][gc           ] GC(253164) Concurrent Sweep 267.254ms
[1370733.547s][info][gc,cpu       ] GC(253164) User=0.31s Sys=0.02s Real=0.26s
[1370733.547s][info][gc           ] GC(253164) Concurrent Reset
[1370733.553s][info][gc           ] GC(253164) Concurrent Reset 5.773ms
[1370733.553s][info][gc,cpu       ] GC(253164) User=0.02s Sys=0.00s Real=0.02s
[1370733.553s][info][gc,heap      ] GC(253164) Old: 1808952K->152505K(1966080K)
[1370737.604s][info][gc,start     ] GC(253166) Pause Young (Allocation Failure)
[1370737.604s][info][gc,task      ] GC(253166) Using 9 workers of 9 for evacuation
[1370737.609s][info][gc,heap      ] GC(253166) ParNew: 105699K->9380K(118016K)
[1370737.609s][info][gc,heap      ] GC(253166) CMS: 152505K->152505K(1966080K)
[1370737.609s][info][gc,metaspace ] GC(253166) Metaspace: 95515K(98212K)->95515K(98212K) NonClass: 86277K(88004K)->86277K(88004K) Class: 9238K(10208K)->9238K(10208K)
[1370737.610s][info][gc           ] GC(253166) Pause Young (Allocation Failure) 252M->158M(2035M) 5.150ms
[1370737.610s][info][gc,cpu       ] GC(253166) User=0.00s Sys=0.00s Real=0.00s
[1370740.905s][info][gc,start     ] GC(253167) Pause Young (Allocation Failure)
[1370740.905s][info][gc,task      ] GC(253167) Using 9 workers of 9 for evacuation
[1370740.909s][info][gc,heap      ] GC(253167) ParNew: 114340K->1679K(118016K)
[1370740.909s][info][gc,heap      ] GC(253167) CMS: 152505K->152830K(1966080K)
[1370740.909s][info][gc,metaspace ] GC(253167) Metaspace: 95515K(98212K)->95515K(98212K) NonClass: 86277K(88004K)->86277K(88004K) Class: 9238K(10208K)->9238K(10208K)
[1370740.909s][info][gc           ] GC(253167) Pause Young (Allocation Failure) 260M->150M(2035M) 4.481ms
[1370740.909s][info][gc,cpu       ] GC(253167) User=0.00s Sys=0.02s Real=0.02s
[1370745.235s][info][gc,start     ] GC(253168) Pause Young (Allocation Failure)
[1370745.235s][info][gc,task      ] GC(253168) Using 9 workers of 9 for evacuation
[1370745.240s][info][gc,heap      ] GC(253168) ParNew: 106639K->646K(118016K)
[1370745.240s][info][gc,heap      ] GC(253168) CMS: 152830K->152830K(1966080K)
[1370745.240s][info][gc,metaspace ] GC(253168) Metaspace: 95515K(98212K)->95515K(98212K) NonClass: 86277K(88004K)->86277K(88004K) Class: 9238K(10208K)->9238K(10208K)
[1370745.240s][info][gc           ] GC(253168) Pause Young (Allocation Failure) 253M->149M(2035M) 4.708ms
[1370745.240s][info][gc,cpu       ] GC(253168) User=0.00s Sys=0.00s Real=0.00s
[1370749.621s][info][gc,start     ] GC(253169) Pause Young (Allocation Failure)
[1370749.621s][info][gc,task      ] GC(253169) Using 9 workers of 9 for evacuation
[1370749.625s][info][gc,heap      ] GC(253169) ParNew: 105606K->9400K(118016K)
[1370749.625s][info][gc,heap      ] GC(253169) CMS: 152830K->152830K(1966080K)
[1370749.625s][info][gc,metaspace ] GC(253169) Metaspace: 95515K(98212K)->95515K(98212K) NonClass: 86277K(88004K)->86277K(88004K) Class: 9238K(10208K)->9238K(10208K)
[1370749.625s][info][gc           ] GC(253169) Pause Young (Allocation Failure) 252M->158M(2035M) 4.615ms
[1370749.625s][info][gc,cpu       ] GC(253169) User=0.02s Sys=0.03s Real=0.02s
[1370755.538s][info][gc,start     ] GC(253170) Pause Young (Allocation Failure)
[1370755.538s][info][gc,task      ] GC(253170) Using 9 workers of 9 for evacuation
[1370755.542s][info][gc,heap      ] GC(253170) ParNew: 114360K->10177K(118016K)
[1370755.542s][info][gc,heap      ] GC(253170) CMS: 152830K->153115K(1966080K)
[1370755.542s][info][gc,metaspace ] GC(253170) Metaspace: 95515K(98212K)->95515K(98212K) NonClass: 86277K(88004K)->86277K(88004K) Class: 9238K(10208K)->9238K(10208K)
[1370755.543s][info][gc           ] GC(253170) Pause Young (Allocation Failure) 260M->159M(2035M) 4.359ms
[1370755.543s][info][gc,cpu       ] GC(253170) User=0.00s Sys=0.00s Real=0.00s
[1370760.043s][info][gc,start     ] GC(253171) Pause Young (Allocation Failure)
[1370760.043s][info][gc,task      ] GC(253171) Using 9 workers of 9 for evacuation
[1370760.048s][info][gc,heap      ] GC(253171) ParNew: 115137K->2858K(118016K)
[1370760.049s][info][gc,heap      ] GC(253171) CMS: 153115K->161854K(1966080K)
[1370760.049s][info][gc,metaspace ] GC(253171) Metaspace: 95515K(98212K)->95515K(98212K) NonClass: 86277K(88004K)->86277K(88004K) Class: 9238K(10208K)->9238K(10208K)
[1370760.049s][info][gc           ] GC(253171) Pause Young (Allocation Failure) 261M->160M(2035M) 5.388ms
[1370760.049s][info][gc,cpu       ] GC(253171) User=0.00s Sys=0.02s Real=0.00s
[1370763.775s][info][gc,start     ] GC(253172) Pause Young (Allocation Failure)
[1370763.776s][info][gc,task      ] GC(253172) Using 9 workers of 9 for evacuation
[1370763.780s][info][gc,heap      ] GC(253172) ParNew: 107818K->9566K(118016K)
[1370763.780s][info][gc,heap      ] GC(253172) CMS: 161854K->161854K(1966080K)
[1370763.780s][info][gc,metaspace ] GC(253172) Metaspace: 95515K(98212K)->95515K(98212K) NonClass: 86277K(88004K)->86277K(88004K) Class: 9238K(10208K)->9238K(10208K)
[1370763.780s][info][gc           ] GC(253172) Pause Young (Allocation Failure) 263M->167M(2035M) 4.775ms
[1370763.780s][info][gc,cpu       ] GC(253172) User=0.14s Sys=0.00s Real=0.02s
[1370767.058s][info][gc,start     ] GC(253173) Pause Young (Allocation Failure)
[1370767.058s][info][gc,task      ] GC(253173) Using 9 workers of 9 for evacuation
[1370767.066s][info][gc,heap      ] GC(253173) ParNew: 114526K->2316K(118016K)
[1370767.066s][info][gc,heap      ] GC(253173) CMS: 161854K->170707K(1966080K)
[1370767.066s][info][gc,metaspace ] GC(253173) Metaspace: 95515K(98212K)->95515K(98212K) NonClass: 86277K(88004K)->86277K(88004K) Class: 9238K(10208K)->9238K(10208K)
[1370767.066s][info][gc           ] GC(253173) Pause Young (Allocation Failure) 269M->168M(2035M) 7.684ms
[1370767.066s][info][gc,cpu       ] GC(253173) User=0.02s Sys=0.02s Real=0.02s
[1370771.623s][info][gc,start     ] GC(253174) Pause Young (Allocation Failure)
[1370771.623s][info][gc,task      ] GC(253174) Using 9 workers of 9 for evacuation
[1370771.628s][info][gc,heap      ] GC(253174) ParNew: 107276K->9531K(118016K)
[1370771.628s][info][gc,heap      ] GC(253174) CMS: 170707K->170707K(1966080K)
[1370771.628s][info][gc,metaspace ] GC(253174) Metaspace: 95515K(98212K)->95515K(98212K) NonClass: 86277K(88004K)->86277K(88004K) Class: 9238K(10208K)->9238K(10208K)
[1370771.628s][info][gc           ] GC(253174) Pause Young (Allocation Failure) 271M->176M(2035M) 4.942ms
[1370771.628s][info][gc,cpu       ] GC(253174) User=0.00s Sys=0.00s Real=0.00s
[1370776.646s][info][gc,start     ] GC(253175) Pause Young (Allocation Failure)
[1370776.646s][info][gc,task      ] GC(253175) Using 9 workers of 9 for evacuation
[1370776.651s][info][gc,heap      ] GC(253175) ParNew: 114491K->2085K(118016K)
[1370776.651s][info][gc,heap      ] GC(253175) CMS: 170707K->179570K(1966080K)
[1370776.651s][info][gc,metaspace ] GC(253175) Metaspace: 95515K(98212K)->95515K(98212K) NonClass: 86277K(88004K)->86277K(88004K) Class: 9238K(10208K)->9238K(10208K)
[1370776.651s][info][gc           ] GC(253175) Pause Young (Allocation Failure) 278M->177M(2035M) 5.921ms
[1370776.651s][info][gc,cpu       ] GC(253175) User=0.00s Sys=0.00s Real=0.00s
[1370781.850s][info][gc,start     ] GC(253176) Pause Young (Allocation Failure)
[1370781.850s][info][gc,task      ] GC(253176) Using 9 workers of 9 for evacuation
[1370781.854s][info][gc,heap      ] GC(253176) ParNew: 107045K->9411K(118016K)
[1370781.854s][info][gc,heap      ] GC(253176) CMS: 179570K->179570K(1966080K)
[1370781.854s][info][gc,metaspace ] GC(253176) Metaspace: 95515K(98212K)->95515K(98212K) NonClass: 86277K(88004K)->86277K(88004K) Class: 9238K(10208K)->9238K(10208K)
[1370781.854s][info][gc           ] GC(253176) Pause Young (Allocation Failure) 279M->184M(2035M) 4.803ms
[1370781.854s][info][gc,cpu       ] GC(253176) User=0.00s Sys=0.00s Real=0.00s
[1370787.821s][info][gc,start     ] GC(253177) Pause Young (Allocation Failure)
[1370787.821s][info][gc,task      ] GC(253177) Using 9 workers of 9 for evacuation
[1370787.826s][info][gc,heap      ] GC(253177) ParNew: 114371K->1955K(118016K)
[1370787.826s][info][gc,heap      ] GC(253177) CMS: 179570K->188414K(1966080K)
[1370787.826s][info][gc,metaspace ] GC(253177) Metaspace: 95515K(98212K)->95515K(98212K) NonClass: 86277K(88004K)->86277K(88004K) Class: 9238K(10208K)->9238K(10208K)
[1370787.826s][info][gc           ] GC(253177) Pause Young (Allocation Failure) 287M->185M(2035M) 5.595ms
[1370787.826s][info][gc,cpu       ] GC(253177) User=0.00s Sys=0.00s Real=0.00s
[1370793.741s][info][gc,start     ] GC(253178) Pause Young (Allocation Failure)
[1370793.741s][info][gc,task      ] GC(253178) Using 9 workers of 9 for evacuation
[1370793.745s][info][gc,heap      ] GC(253178) ParNew: 106915K->9271K(118016K)
[1370793.745s][info][gc,heap      ] GC(253178) CMS: 188414K->188414K(1966080K)
[1370793.745s][info][gc,metaspace ] GC(253178) Metaspace: 95515K(98212K)->95515K(98212K) NonClass: 86277K(88004K)->86277K(88004K) Class: 9238K(10208K)->9238K(10208K)
[1370793.745s][info][gc           ] GC(253178) Pause Young (Allocation Failure) 288M->193M(2035M) 4.539ms
[1370793.746s][info][gc,cpu       ] GC(253178) User=0.00s Sys=0.00s Real=0.00s
[1370800.327s][info][gc,start     ] GC(253179) Pause Young (Allocation Failure)
[1370800.327s][info][gc,task      ] GC(253179) Using 9 workers of 9 for evacuation
[1370800.332s][info][gc,heap      ] GC(253179) ParNew: 114231K->1795K(118016K)
[1370800.332s][info][gc,heap      ] GC(253179) CMS: 188414K->197210K(1966080K)
[1370800.332s][info][gc,metaspace ] GC(253179) Metaspace: 95515K(98212K)->95515K(98212K) NonClass: 86277K(88004K)->86277K(88004K) Class: 9238K(10208K)->9238K(10208K)
[1370800.332s][info][gc           ] GC(253179) Pause Young (Allocation Failure) 295M->194M(2035M) 5.550ms
[1370800.332s][info][gc,cpu       ] GC(253179) User=0.00s Sys=0.00s Real=0.02s
[1370804.948s][info][gc,start     ] GC(253180) Pause Young (Allocation Failure)
[1370804.948s][info][gc,task      ] GC(253180) Using 9 workers of 9 for evacuation
[1370804.953s][info][gc,heap      ] GC(253180) ParNew: 106755K->9413K(118016K)
[1370804.953s][info][gc,heap      ] GC(253180) CMS: 197210K->197210K(1966080K)
[1370804.953s][info][gc,metaspace ] GC(253180) Metaspace: 95515K(98212K)->95515K(98212K) NonClass: 86277K(88004K)->86277K(88004K) Class: 9238K(10208K)->9238K(10208K)
[1370804.953s][info][gc           ] GC(253180) Pause Young (Allocation Failure) 296M->201M(2035M) 4.703ms
[1370804.953s][info][gc,cpu       ] GC(253180) User=0.14s Sys=0.00s Real=0.02s
[1370809.701s][info][gc,start     ] GC(253181) Pause Young (Allocation Failure)
[1370809.701s][info][gc,task      ] GC(253181) Using 9 workers of 9 for evacuation
[1370809.707s][info][gc,heap      ] GC(253181) ParNew: 114373K->1878K(118016K)
[1370809.707s][info][gc,heap      ] GC(253181) CMS: 197210K->206070K(1966080K)
[1370809.707s][info][gc,metaspace ] GC(253181) Metaspace: 95515K(98212K)->95515K(98212K) NonClass: 86277K(88004K)->86277K(88004K) Class: 9238K(10208K)->9238K(10208K)
[1370809.707s][info][gc           ] GC(253181) Pause Young (Allocation Failure) 304M->203M(2035M) 6.089ms
[1370809.707s][info][gc,cpu       ] GC(253181) User=0.00s Sys=0.00s Real=0.00s
[1370815.057s][info][gc,start     ] GC(253182) Pause Young (Allocation Failure)
[1370815.057s][info][gc,task      ] GC(253182) Using 9 workers of 9 for evacuation
[1370815.061s][info][gc,heap      ] GC(253182) ParNew: 106838K->9416K(118016K)
[1370815.061s][info][gc,heap      ] GC(253182) CMS: 206070K->206070K(1966080K)
[1370815.061s][info][gc,metaspace ] GC(253182) Metaspace: 95515K(98212K)->95515K(98212K) NonClass: 86277K(88004K)->86277K(88004K) Class: 9238K(10208K)->9238K(10208K)
[1370815.061s][info][gc           ] GC(253182) Pause Young (Allocation Failure) 305M->210M(2035M) 4.862ms
[1370815.061s][info][gc,cpu       ] GC(253182) User=0.00s Sys=0.00s Real=0.00s
[1370819.120s][info][gc,start     ] GC(253183) Pause Young (Allocation Failure)
[1370819.120s][info][gc,task      ] GC(253183) Using 9 workers of 9 for evacuation
[1370819.126s][info][gc,heap      ] GC(253183) ParNew: 114376K->1735K(118016K)
[1370819.126s][info][gc,heap      ] GC(253183) CMS: 206070K->214895K(1966080K)
[1370819.126s][info][gc,metaspace ] GC(253183) Metaspace: 95515K(98212K)->95515K(98212K) NonClass: 86277K(88004K)->86277K(88004K) Class: 9238K(10208K)->9238K(10208K)
[1370819.126s][info][gc           ] GC(253183) Pause Young (Allocation Failure) 312M->211M(2035M) 5.722ms
[1370819.126s][info][gc,cpu       ] GC(253183) User=0.00s Sys=0.00s Real=0.00s
[1370824.269s][info][gc,start     ] GC(253184) Pause Young (Allocation Failure)
[1370824.269s][info][gc,task      ] GC(253184) Using 9 workers of 9 for evacuation
[1370824.273s][info][gc,heap      ] GC(253184) ParNew: 106695K->9282K(118016K)
[1370824.273s][info][gc,heap      ] GC(253184) CMS: 214895K->214895K(1966080K)
[1370824.273s][info][gc,metaspace ] GC(253184) Metaspace: 95515K(98212K)->95515K(98212K) NonClass: 86277K(88004K)->86277K(88004K) Class: 9238K(10208K)->9238K(10208K)
[1370824.273s][info][gc           ] GC(253184) Pause Young (Allocation Failure) 314M->218M(2035M) 4.628ms
[1370824.273s][info][gc,cpu       ] GC(253184) User=0.03s Sys=0.00s Real=0.02s
[1370829.224s][info][gc,start     ] GC(253185) Pause Young (Allocation Failure)
[1370829.224s][info][gc,task      ] GC(253185) Using 9 workers of 9 for evacuation
[1370829.230s][info][gc,heap      ] GC(253185) ParNew: 114242K->1767K(118016K)
[1370829.230s][info][gc,heap      ] GC(253185) CMS: 214895K->223703K(1966080K)
[1370829.230s][info][gc,metaspace ] GC(253185) Metaspace: 95515K(98212K)->95515K(98212K) NonClass: 86277K(88004K)->86277K(88004K) Class: 9238K(10208K)->9238K(10208K)
[1370829.230s][info][gc           ] GC(253185) Pause Young (Allocation Failure) 321M->220M(2035M) 6.233ms
[1370829.230s][info][gc,cpu       ] GC(253185) User=0.00s Sys=0.00s Real=0.00s
[1370833.707s][info][gc,start     ] GC(253186) Pause Young (Allocation Failure)
[1370833.707s][info][gc,task      ] GC(253186) Using 9 workers of 9 for evacuation
[1370833.712s][info][gc,heap      ] GC(253186) ParNew: 106727K->9396K(118016K)
[1370833.712s][info][gc,heap      ] GC(253186) CMS: 223703K->223703K(1966080K)
[1370833.712s][info][gc,metaspace ] GC(253186) Metaspace: 95515K(98212K)->95515K(98212K) NonClass: 86277K(88004K)->86277K(88004K) Class: 9238K(10208K)->9238K(10208K)
[1370833.712s][info][gc           ] GC(253186) Pause Young (Allocation Failure) 322M->227M(2035M) 4.422ms
[1370833.712s][info][gc,cpu       ] GC(253186) User=0.00s Sys=0.00s Real=0.00s
[1370837.766s][info][gc,start     ] GC(253187) Pause Young (Allocation Failure)
[1370837.766s][info][gc,task      ] GC(253187) Using 9 workers of 9 for evacuation
[1370837.771s][info][gc,heap      ] GC(253187) ParNew: 114356K->1735K(118016K)
[1370837.771s][info][gc,heap      ] GC(253187) CMS: 223703K->232539K(1966080K)
[1370837.771s][info][gc,metaspace ] GC(253187) Metaspace: 95515K(98212K)->95515K(98212K) NonClass: 86277K(88004K)->86277K(88004K) Class: 9238K(10208K)->9238K(10208K)
[1370837.771s][info][gc           ] GC(253187) Pause Young (Allocation Failure) 330M->228M(2035M) 5.816ms
[1370837.771s][info][gc,cpu       ] GC(253187) User=0.08s Sys=0.00s Real=0.01s
[1370841.213s][info][gc,start     ] GC(253188) Pause Young (Allocation Failure)
[1370841.213s][info][gc,task      ] GC(253188) Using 9 workers of 9 for evacuation
[1370841.217s][info][gc,heap      ] GC(253188) ParNew: 106695K->764K(118016K)
[1370841.217s][info][gc,heap      ] GC(253188) CMS: 232539K->232539K(1966080K)
[1370841.217s][info][gc,metaspace ] GC(253188) Metaspace: 95515K(98212K)->95515K(98212K) NonClass: 86277K(88004K)->86277K(88004K) Class: 9238K(10208K)->9238K(10208K)
[1370841.217s][info][gc           ] GC(253188) Pause Young (Allocation Failure) 331M->227M(2035M) 4.248ms
[1370841.217s][info][gc,cpu       ] GC(253188) User=0.00s Sys=0.00s Real=0.00s
[1370844.379s][info][gc,start     ] GC(253189) Pause Young (Allocation Failure)
[1370844.379s][info][gc,task      ] GC(253189) Using 9 workers of 9 for evacuation
[1370844.383s][info][gc,heap      ] GC(253189) ParNew: 105724K->9573K(118016K)
[1370844.383s][info][gc,heap      ] GC(253189) CMS: 232539K->232539K(1966080K)
[1370844.383s][info][gc,metaspace ] GC(253189) Metaspace: 95515K(98212K)->95515K(98212K) NonClass: 86277K(88004K)->86277K(88004K) Class: 9238K(10208K)->9238K(10208K)
[1370844.383s][info][gc           ] GC(253189) Pause Young (Allocation Failure) 330M->236M(2035M) 4.370ms
[1370844.383s][info][gc,cpu       ] GC(253189) User=0.00s Sys=0.00s Real=0.00s
[1370848.819s][info][gc,start     ] GC(253190) Pause Young (Allocation Failure)
[1370848.819s][info][gc,task      ] GC(253190) Using 9 workers of 9 for evacuation
[1370848.825s][info][gc,heap      ] GC(253190) ParNew: 114533K->1599K(118016K)
[1370848.825s][info][gc,heap      ] GC(253190) CMS: 232539K->241638K(1966080K)
[1370848.825s][info][gc,metaspace ] GC(253190) Metaspace: 95515K(98212K)->95515K(98212K) NonClass: 86277K(88004K)->86277K(88004K) Class: 9238K(10208K)->9238K(10208K)
[1370848.825s][info][gc           ] GC(253190) Pause Young (Allocation Failure) 338M->237M(2035M) 5.535ms
[1370848.825s][info][gc,cpu       ] GC(253190) User=0.00s Sys=0.00s Real=0.00s
[1370854.021s][info][gc,start     ] GC(253191) Pause Young (Allocation Failure)
[1370854.022s][info][gc,task      ] GC(253191) Using 9 workers of 9 for evacuation
[1370854.026s][info][gc,heap      ] GC(253191) ParNew: 106559K->9346K(118016K)
[1370854.026s][info][gc,heap      ] GC(253191) CMS: 241638K->241638K(1966080K)
[1370854.026s][info][gc,metaspace ] GC(253191) Metaspace: 95515K(98212K)->95515K(98212K) NonClass: 86277K(88004K)->86277K(88004K) Class: 9238K(10208K)->9238K(10208K)
[1370854.026s][info][gc           ] GC(253191) Pause Young (Allocation Failure) 340M->245M(2035M) 4.747ms
[1370854.026s][info][gc,cpu       ] GC(253191) User=0.06s Sys=0.00s Real=0.02s
[1370860.499s][info][gc,start     ] GC(253192) Pause Young (Allocation Failure)
[1370860.499s][info][gc,task      ] GC(253192) Using 9 workers of 9 for evacuation
[1370860.505s][info][gc,heap      ] GC(253192) ParNew: 114306K->1703K(118016K)
[1370860.505s][info][gc,heap      ] GC(253192) CMS: 241638K->250481K(1966080K)
[1370860.505s][info][gc,metaspace ] GC(253192) Metaspace: 95515K(98212K)->95515K(98212K) NonClass: 86277K(88004K)->86277K(88004K) Class: 9238K(10208K)->9238K(10208K)
[1370860.505s][info][gc           ] GC(253192) Pause Young (Allocation Failure) 347M->246M(2035M) 5.562ms
[1370860.505s][info][gc,cpu       ] GC(253192) User=0.00s Sys=0.00s Real=0.00s
[1370865.197s][info][gc,start     ] GC(253193) Pause Young (Allocation Failure)
[1370865.197s][info][gc,task      ] GC(253193) Using 9 workers of 9 for evacuation
[1370865.201s][info][gc,heap      ] GC(253193) ParNew: 106663K->9421K(118016K)
[1370865.201s][info][gc,heap      ] GC(253193) CMS: 250481K->250481K(1966080K)
[1370865.201s][info][gc,metaspace ] GC(253193) Metaspace: 95515K(98212K)->95515K(98212K) NonClass: 86277K(88004K)->86277K(88004K) Class: 9238K(10208K)->9238K(10208K)
[1370865.201s][info][gc           ] GC(253193) Pause Young (Allocation Failure) 348M->253M(2035M) 4.383ms
[1370865.201s][info][gc,cpu       ] GC(253193) User=0.00s Sys=0.00s Real=0.00s
[1370872.887s][info][gc,start     ] GC(253194) Pause Young (Allocation Failure)
[1370872.887s][info][gc,task      ] GC(253194) Using 9 workers of 9 for evacuation
[1370872.890s][info][gc,heap      ] GC(253194) ParNew: 114381K->1721K(118016K)
[1370872.890s][info][gc,heap      ] GC(253194) CMS: 250481K->250696K(1966080K)
[1370872.890s][info][gc,metaspace ] GC(253194) Metaspace: 95515K(98212K)->95515K(98212K) NonClass: 86277K(88004K)->86277K(88004K) Class: 9238K(10208K)->9238K(10208K)
[1370872.890s][info][gc           ] GC(253194) Pause Young (Allocation Failure) 356M->246M(2035M) 3.893ms
[1370872.890s][info][gc,cpu       ] GC(253194) User=0.00s Sys=0.00s Real=0.00s
[1370877.551s][info][gc,start     ] GC(253195) Pause Young (Allocation Failure)
[1370877.551s][info][gc,task      ] GC(253195) Using 9 workers of 9 for evacuation
[1370877.556s][info][gc,heap      ] GC(253195) ParNew: 106677K->9293K(118016K)
[1370877.556s][info][gc,heap      ] GC(253195) CMS: 250696K->250696K(1966080K)
[1370877.556s][info][gc,metaspace ] GC(253195) Metaspace: 95515K(98212K)->95515K(98212K) NonClass: 86277K(88004K)->86277K(88004K) Class: 9238K(10208K)->9238K(10208K)
[1370877.556s][info][gc           ] GC(253195) Pause Young (Allocation Failure) 348M->253M(2035M) 4.467ms
[1370877.556s][info][gc,cpu       ] GC(253195) User=0.00s Sys=0.00s Real=0.00s
[1370882.203s][info][gc,start     ] GC(253196) Pause Young (Allocation Failure)
[1370882.203s][info][gc,task      ] GC(253196) Using 9 workers of 9 for evacuation
[1370882.207s][info][gc,heap      ] GC(253196) ParNew: 114253K->1625K(118016K)
[1370882.208s][info][gc,heap      ] GC(253196) CMS: 250696K->250810K(1966080K)
[1370882.208s][info][gc,metaspace ] GC(253196) Metaspace: 95515K(98212K)->95515K(98212K) NonClass: 86277K(88004K)->86277K(88004K) Class: 9238K(10208K)->9238K(10208K)
[1370882.208s][info][gc           ] GC(253196) Pause Young (Allocation Failure) 356M->246M(2035M) 4.771ms
[1370882.208s][info][gc,cpu       ] GC(253196) User=0.00s Sys=0.00s Real=0.00s
[1370885.912s][info][gc,start     ] GC(253197) Pause Young (Allocation Failure)
[1370885.912s][info][gc,task      ] GC(253197) Using 9 workers of 9 for evacuation
[1370885.916s][info][gc,heap      ] GC(253197) ParNew: 106585K->9399K(118016K)
[1370885.916s][info][gc,heap      ] GC(253197) CMS: 250810K->250810K(1966080K)
[1370885.916s][info][gc,metaspace ] GC(253197) Metaspace: 95515K(98212K)->95515K(98212K) NonClass: 86277K(88004K)->86277K(88004K) Class: 9238K(10208K)->9238K(10208K)
[1370885.916s][info][gc           ] GC(253197) Pause Young (Allocation Failure) 349M->254M(2035M) 4.621ms
[1370885.916s][info][gc,cpu       ] GC(253197) User=0.00s Sys=0.00s Real=0.00s
[1370890.034s][info][gc,start     ] GC(253198) Pause Young (Allocation Failure)
[1370890.034s][info][gc,task      ] GC(253198) Using 9 workers of 9 for evacuation
[1370890.040s][info][gc,heap      ] GC(253198) ParNew: 114359K->1753K(118016K)
[1370890.040s][info][gc,heap      ] GC(253198) CMS: 250810K->259637K(1966080K)
[1370890.040s][info][gc,metaspace ] GC(253198) Metaspace: 95515K(98212K)->95515K(98212K) NonClass: 86277K(88004K)->86277K(88004K) Class: 9238K(10208K)->9238K(10208K)
[1370890.040s][info][gc           ] GC(253198) Pause Young (Allocation Failure) 356M->255M(2035M) 6.762ms
[1370890.040s][info][gc,cpu       ] GC(253198) User=0.00s Sys=0.00s Real=0.00s
[1370894.049s][info][gc,start     ] GC(253199) Pause Young (Allocation Failure)
[1370894.049s][info][gc,task      ] GC(253199) Using 9 workers of 9 for evacuation
[1370894.053s][info][gc,heap      ] GC(253199) ParNew: 106713K->754K(118016K)
[1370894.053s][info][gc,heap      ] GC(253199) CMS: 259637K->259637K(1966080K)
[1370894.053s][info][gc,metaspace ] GC(253199) Metaspace: 95515K(98212K)->95515K(98212K) NonClass: 86277K(88004K)->86277K(88004K) Class: 9238K(10208K)->9238K(10208K)
[1370894.053s][info][gc           ] GC(253199) Pause Young (Allocation Failure) 357M->254M(2035M) 4.633ms
[1370894.054s][info][gc,cpu       ] GC(253199) User=0.00s Sys=0.00s Real=0.00s
[1370897.102s][info][gc,start     ] GC(253200) Pause Young (Allocation Failure)
[1370897.102s][info][gc,task      ] GC(253200) Using 9 workers of 9 for evacuation
[1370897.106s][info][gc,heap      ] GC(253200) ParNew: 105714K->9394K(118016K)
[1370897.107s][info][gc,heap      ] GC(253200) CMS: 259637K->259637K(1966080K)
[1370897.107s][info][gc,metaspace ] GC(253200) Metaspace: 95515K(98212K)->95515K(98212K) NonClass: 86277K(88004K)->86277K(88004K) Class: 9238K(10208K)->9238K(10208K)
[1370897.107s][info][gc           ] GC(253200) Pause Young (Allocation Failure) 356M->262M(2035M) 4.462ms
[1370897.107s][info][gc,cpu       ] GC(253200) User=0.14s Sys=0.00s Real=0.01s
[1370902.554s][info][gc,start     ] GC(253201) Pause Young (Allocation Failure)
[1370902.554s][info][gc,task      ] GC(253201) Using 9 workers of 9 for evacuation
[1370902.558s][info][gc,heap      ] GC(253201) ParNew: 114354K->1787K(118016K)
[1370902.558s][info][gc,heap      ] GC(253201) CMS: 259637K->259904K(1966080K)
[1370902.558s][info][gc,metaspace ] GC(253201) Metaspace: 95515K(98212K)->95515K(98212K) NonClass: 86277K(88004K)->86277K(88004K) Class: 9238K(10208K)->9238K(10208K)
[1370902.558s][info][gc           ] GC(253201) Pause Young (Allocation Failure) 365M->255M(2035M) 4.060ms
[1370902.558s][info][gc,cpu       ] GC(253201) User=0.02s Sys=0.00s Real=0.02s
[1370906.712s][info][gc,start     ] GC(253202) Pause Young (Allocation Failure)
[1370906.713s][info][gc,task      ] GC(253202) Using 9 workers of 9 for evacuation
[1370906.717s][info][gc,heap      ] GC(253202) ParNew: 106747K->9321K(118016K)
[1370906.717s][info][gc,heap      ] GC(253202) CMS: 259904K->259904K(1966080K)
[1370906.717s][info][gc,metaspace ] GC(253202) Metaspace: 95515K(98212K)->95515K(98212K) NonClass: 86277K(88004K)->86277K(88004K) Class: 9238K(10208K)->9238K(10208K)
[1370906.717s][info][gc           ] GC(253202) Pause Young (Allocation Failure) 358M->262M(2035M) 4.461ms
[1370906.717s][info][gc,cpu       ] GC(253202) User=0.14s Sys=0.00s Real=0.02s
[1370910.708s][info][gc,start     ] GC(253203) Pause Young (Allocation Failure)
[1370910.708s][info][gc,task      ] GC(253203) Using 9 workers of 9 for evacuation
[1370910.713s][info][gc,heap      ] GC(253203) ParNew: 114281K->1832K(118016K)
[1370910.713s][info][gc,heap      ] GC(253203) CMS: 259904K->268773K(1966080K)
[1370910.713s][info][gc,metaspace ] GC(253203) Metaspace: 95515K(98212K)->95515K(98212K) NonClass: 86277K(88004K)->86277K(88004K) Class: 9238K(10208K)->9238K(10208K)
[1370910.713s][info][gc           ] GC(253203) Pause Young (Allocation Failure) 365M->264M(2035M) 5.789ms
[1370910.713s][info][gc,cpu       ] GC(253203) User=0.00s Sys=0.00s Real=0.00s
[1370915.210s][info][gc,start     ] GC(253204) Pause Young (Allocation Failure)
[1370915.210s][info][gc,task      ] GC(253204) Using 9 workers of 9 for evacuation
[1370915.214s][info][gc,heap      ] GC(253204) ParNew: 106769K->4901K(118016K)
[1370915.214s][info][gc,heap      ] GC(253204) CMS: 268773K->268773K(1966080K)
[1370915.214s][info][gc,metaspace ] GC(253204) Metaspace: 95515K(98212K)->95515K(98212K) NonClass: 86277K(88004K)->86277K(88004K) Class: 9238K(10208K)->9238K(10208K)
[1370915.214s][info][gc           ] GC(253204) Pause Young (Allocation Failure) 366M->267M(2035M) 4.401ms
[1370915.214s][info][gc,cpu       ] GC(253204) User=0.00s Sys=0.00s Real=0.00s
[1370920.914s][info][gc,start     ] GC(253205) Pause Young (Allocation Failure)
[1370920.914s][info][gc,task      ] GC(253205) Using 9 workers of 9 for evacuation
[1370920.918s][info][gc,heap      ] GC(253205) ParNew: 109861K->969K(118016K)
[1370920.918s][info][gc,heap      ] GC(253205) CMS: 268773K->268773K(1966080K)
[1370920.918s][info][gc,metaspace ] GC(253205) Metaspace: 95515K(98212K)->95515K(98212K) NonClass: 86277K(88004K)->86277K(88004K) Class: 9238K(10208K)->9238K(10208K)
[1370920.919s][info][gc           ] GC(253205) Pause Young (Allocation Failure) 369M->263M(2035M) 4.253ms
[1370920.919s][info][gc,cpu       ] GC(253205) User=0.02s Sys=0.00s Real=0.01s
[1370926.863s][info][gc,start     ] GC(253206) Pause Young (Allocation Failure)
[1370926.863s][info][gc,task      ] GC(253206) Using 9 workers of 9 for evacuation
[1370926.867s][info][gc,heap      ] GC(253206) ParNew: 105929K->9519K(118016K)
[1370926.867s][info][gc,heap      ] GC(253206) CMS: 268773K->268773K(1966080K)
[1370926.867s][info][gc,metaspace ] GC(253206) Metaspace: 95515K(98212K)->95515K(98212K) NonClass: 86277K(88004K)->86277K(88004K) Class: 9238K(10208K)->9238K(10208K)
[1370926.867s][info][gc           ] GC(253206) Pause Young (Allocation Failure) 365M->271M(2035M) 4.643ms
[1370926.867s][info][gc,cpu       ] GC(253206) User=0.00s Sys=0.02s Real=0.02s
[1370931.373s][info][gc,start     ] GC(253207) Pause Young (Allocation Failure)
[1370931.373s][info][gc,task      ] GC(253207) Using 9 workers of 9 for evacuation
[1370931.377s][info][gc,heap      ] GC(253207) ParNew: 114479K->1749K(118016K)
[1370931.377s][info][gc,heap      ] GC(253207) CMS: 268773K->269113K(1966080K)
[1370931.377s][info][gc,metaspace ] GC(253207) Metaspace: 95515K(98212K)->95515K(98212K) NonClass: 86277K(88004K)->86277K(88004K) Class: 9238K(10208K)->9238K(10208K)
[1370931.377s][info][gc           ] GC(253207) Pause Young (Allocation Failure) 374M->264M(2035M) 3.958ms
[1370931.377s][info][gc,cpu       ] GC(253207) User=0.00s Sys=0.00s Real=0.00s
[1370935.773s][info][gc,start     ] GC(253208) Pause Young (Allocation Failure)
[1370935.773s][info][gc,task      ] GC(253208) Using 9 workers of 9 for evacuation
[1370935.777s][info][gc,heap      ] GC(253208) ParNew: 106709K->3052K(118016K)
[1370935.777s][info][gc,heap      ] GC(253208) CMS: 269113K->269113K(1966080K)
[1370935.777s][info][gc,metaspace ] GC(253208) Metaspace: 95515K(98212K)->95515K(98212K) NonClass: 86277K(88004K)->86277K(88004K) Class: 9238K(10208K)->9238K(10208K)
[1370935.777s][info][gc           ] GC(253208) Pause Young (Allocation Failure) 367M->265M(2035M) 3.923ms
[1370935.777s][info][gc,cpu       ] GC(253208) User=0.03s Sys=0.00s Real=0.02s
[1370940.214s][info][gc,start     ] GC(253209) Pause Young (Allocation Failure)
[1370940.214s][info][gc,task      ] GC(253209) Using 9 workers of 9 for evacuation
[1370940.218s][info][gc,heap      ] GC(253209) ParNew: 108012K->9593K(118016K)
[1370940.218s][info][gc,heap      ] GC(253209) CMS: 269113K->269113K(1966080K)
[1370940.218s][info][gc,metaspace ] GC(253209) Metaspace: 95515K(98212K)->95515K(98212K) NonClass: 86277K(88004K)->86277K(88004K) Class: 9238K(10208K)->9238K(10208K)
[1370940.218s][info][gc           ] GC(253209) Pause Young (Allocation Failure) 368M->272M(2035M) 4.469ms
[1370940.218s][info][gc,cpu       ] GC(253209) User=0.00s Sys=0.00s Real=0.00s
[1370944.490s][info][gc,start     ] GC(253210) Pause Young (Allocation Failure)
[1370944.490s][info][gc,task      ] GC(253210) Using 9 workers of 9 for evacuation
[1370944.494s][info][gc,heap      ] GC(253210) ParNew: 114553K->10457K(118016K)
[1370944.494s][info][gc,heap      ] GC(253210) CMS: 269113K->269468K(1966080K)
[1370944.494s][info][gc,metaspace ] GC(253210) Metaspace: 95515K(98212K)->95515K(98212K) NonClass: 86277K(88004K)->86277K(88004K) Class: 9238K(10208K)->9238K(10208K)
[1370944.494s][info][gc           ] GC(253210) Pause Young (Allocation Failure) 374M->273M(2035M) 4.366ms
[1370944.494s][info][gc,cpu       ] GC(253210) User=0.14s Sys=0.00s Real=0.02s
[1370948.283s][info][gc,start     ] GC(253211) Pause Young (Allocation Failure)
[1370948.283s][info][gc,task      ] GC(253211) Using 9 workers of 9 for evacuation
[1370948.288s][info][gc,heap      ] GC(253211) ParNew: 115417K->3926K(118016K)
[1370948.288s][info][gc,heap      ] GC(253211) CMS: 269468K->278197K(1966080K)
[1370948.288s][info][gc,metaspace ] GC(253211) Metaspace: 95515K(98212K)->95515K(98212K) NonClass: 86277K(88004K)->86277K(88004K) Class: 9238K(10208K)->9238K(10208K)
[1370948.288s][info][gc           ] GC(253211) Pause Young (Allocation Failure) 375M->275M(2035M) 5.292ms
[1370948.288s][info][gc,cpu       ] GC(253211) User=0.00s Sys=0.00s Real=0.00s
[1370951.804s][info][gc,start     ] GC(253212) Pause Young (Allocation Failure)
[1370951.804s][info][gc,task      ] GC(253212) Using 9 workers of 9 for evacuation
[1370951.808s][info][gc,heap      ] GC(253212) ParNew: 108886K->9859K(118016K)
[1370951.809s][info][gc,heap      ] GC(253212) CMS: 278197K->278197K(1966080K)
[1370951.809s][info][gc,metaspace ] GC(253212) Metaspace: 95515K(98212K)->95515K(98212K) NonClass: 86277K(88004K)->86277K(88004K) Class: 9238K(10208K)->9238K(10208K)
[1370951.809s][info][gc           ] GC(253212) Pause Young (Allocation Failure) 378M->281M(2035M) 4.434ms
[1370951.809s][info][gc,cpu       ] GC(253212) User=0.00s Sys=0.00s Real=0.00s
[1370956.647s][info][gc,start     ] GC(253213) Pause Young (Allocation Failure)
[1370956.647s][info][gc,task      ] GC(253213) Using 9 workers of 9 for evacuation
[1370956.652s][info][gc,heap      ] GC(253213) ParNew: 114819K->2579K(118016K)
[1370956.652s][info][gc,heap      ] GC(253213) CMS: 278197K->287070K(1966080K)
[1370956.652s][info][gc,metaspace ] GC(253213) Metaspace: 95515K(98212K)->95515K(98212K) NonClass: 86277K(88004K)->86277K(88004K) Class: 9238K(10208K)->9238K(10208K)
[1370956.652s][info][gc           ] GC(253213) Pause Young (Allocation Failure) 383M->282M(2035M) 5.540ms
[1370956.652s][info][gc,cpu       ] GC(253213) User=0.00s Sys=0.00s Real=0.00s
[1370961.865s][info][gc,start     ] GC(253214) Pause Young (Allocation Failure)
[1370961.865s][info][gc,task      ] GC(253214) Using 9 workers of 9 for evacuation
[1370961.869s][info][gc,heap      ] GC(253214) ParNew: 107539K->9644K(118016K)
[1370961.869s][info][gc,heap      ] GC(253214) CMS: 287070K->287070K(1966080K)
[1370961.870s][info][gc,metaspace ] GC(253214) Metaspace: 95515K(98212K)->95515K(98212K) NonClass: 86277K(88004K)->86277K(88004K) Class: 9238K(10208K)->9238K(10208K)
[1370961.870s][info][gc           ] GC(253214) Pause Young (Allocation Failure) 385M->289M(2035M) 4.490ms
[1370961.870s][info][gc,cpu       ] GC(253214) User=0.00s Sys=0.00s Real=0.00s
[1370967.839s][info][gc,start     ] GC(253215) Pause Young (Allocation Failure)
[1370967.839s][info][gc,task      ] GC(253215) Using 9 workers of 9 for evacuation
[1370967.845s][info][gc,heap      ] GC(253215) ParNew: 114604K->2179K(118016K)
[1370967.845s][info][gc,heap      ] GC(253215) CMS: 287070K->295951K(1966080K)
[1370967.845s][info][gc,metaspace ] GC(253215) Metaspace: 95515K(98212K)->95515K(98212K) NonClass: 86277K(88004K)->86277K(88004K) Class: 9238K(10208K)->9238K(10208K)
[1370967.845s][info][gc           ] GC(253215) Pause Young (Allocation Failure) 392M->291M(2035M) 5.504ms
[1370967.845s][info][gc,cpu       ] GC(253215) User=0.00s Sys=0.00s Real=0.00s
[1370973.570s][info][gc,start     ] GC(253216) Pause Young (Allocation Failure)
[1370973.570s][info][gc,task      ] GC(253216) Using 9 workers of 9 for evacuation
[1370973.575s][info][gc,heap      ] GC(253216) ParNew: 107139K->9262K(118016K)
[1370973.575s][info][gc,heap      ] GC(253216) CMS: 295951K->295951K(1966080K)
[1370973.575s][info][gc,metaspace ] GC(253216) Metaspace: 95515K(98212K)->95515K(98212K) NonClass: 86277K(88004K)->86277K(88004K) Class: 9238K(10208K)->9238K(10208K)
[1370973.575s][info][gc           ] GC(253216) Pause Young (Allocation Failure) 393M->298M(2035M) 4.661ms
[1370973.575s][info][gc,cpu       ] GC(253216) User=0.00s Sys=0.00s Real=0.00s
[1370977.929s][info][gc,start     ] GC(253217) Pause Young (Allocation Failure)
[1370977.930s][info][gc,task      ] GC(253217) Using 9 workers of 9 for evacuation
[1370977.935s][info][gc,heap      ] GC(253217) ParNew: 114220K->1927K(118016K)
[1370977.935s][info][gc,heap      ] GC(253217) CMS: 295951K->304753K(1966080K)
[1370977.935s][info][gc,metaspace ] GC(253217) Metaspace: 95515K(98212K)->95515K(98212K) NonClass: 86277K(88004K)->86277K(88004K) Class: 9238K(10208K)->9238K(10208K)
[1370977.935s][info][gc           ] GC(253217) Pause Young (Allocation Failure) 400M->299M(2035M) 5.733ms
[1370977.935s][info][gc,cpu       ] GC(253217) User=0.00s Sys=0.00s Real=0.00s
[1370982.399s][info][gc,start     ] GC(253218) Pause Young (Allocation Failure)
[1370982.399s][info][gc,task      ] GC(253218) Using 9 workers of 9 for evacuation
[1370982.404s][info][gc,heap      ] GC(253218) ParNew: 106887K->9412K(118016K)
[1370982.404s][info][gc,heap      ] GC(253218) CMS: 304753K->304753K(1966080K)
[1370982.404s][info][gc,metaspace ] GC(253218) Metaspace: 95515K(98212K)->95515K(98212K) NonClass: 86277K(88004K)->86277K(88004K) Class: 9238K(10208K)->9238K(10208K)
[1370982.404s][info][gc           ] GC(253218) Pause Young (Allocation Failure) 401M->306M(2035M) 5.346ms
[1370982.404s][info][gc,cpu       ] GC(253218) User=0.00s Sys=0.00s Real=0.00s
[1370986.736s][info][gc,start     ] GC(253219) Pause Young (Allocation Failure)
[1370986.736s][info][gc,task      ] GC(253219) Using 9 workers of 9 for evacuation
[1370986.741s][info][gc,heap      ] GC(253219) ParNew: 114372K->1954K(118016K)
[1370986.741s][info][gc,heap      ] GC(253219) CMS: 304753K->313644K(1966080K)
[1370986.741s][info][gc,metaspace ] GC(253219) Metaspace: 95515K(98212K)->95515K(98212K) NonClass: 86277K(88004K)->86277K(88004K) Class: 9238K(10208K)->9238K(10208K)
[1370986.741s][info][gc           ] GC(253219) Pause Young (Allocation Failure) 409M->308M(2035M) 5.327ms
[1370986.741s][info][gc,cpu       ] GC(253219) User=0.02s Sys=0.02s Real=0.02s
[1370990.164s][info][gc,start     ] GC(253220) Pause Young (Allocation Failure)
[1370990.164s][info][gc,task      ] GC(253220) Using 9 workers of 9 for evacuation
[1370990.168s][info][gc,heap      ] GC(253220) ParNew: 106913K->713K(118016K)
[1370990.168s][info][gc,heap      ] GC(253220) CMS: 313644K->313644K(1966080K)
[1370990.168s][info][gc,metaspace ] GC(253220) Metaspace: 95515K(98212K)->95515K(98212K) NonClass: 86277K(88004K)->86277K(88004K) Class: 9238K(10208K)->9238K(10208K)
[1370990.168s][info][gc           ] GC(253220) Pause Young (Allocation Failure) 410M->306M(2035M) 4.270ms
[1370990.168s][info][gc,cpu       ] GC(253220) User=0.00s Sys=0.00s Real=0.00s
[1370992.668s][info][gc,start     ] GC(253221) Pause Young (Allocation Failure)
[1370992.668s][info][gc,task      ] GC(253221) Using 9 workers of 9 for evacuation
[1370992.672s][info][gc,heap      ] GC(253221) ParNew: 105673K->9547K(118016K)
[1370992.672s][info][gc,heap      ] GC(253221) CMS: 313644K->313644K(1966080K)
[1370992.672s][info][gc,metaspace ] GC(253221) Metaspace: 95515K(98212K)->95515K(98212K) NonClass: 86277K(88004K)->86277K(88004K) Class: 9238K(10208K)->9238K(10208K)
[1370992.672s][info][gc           ] GC(253221) Pause Young (Allocation Failure) 409M->315M(2035M) 4.494ms
[1370992.672s][info][gc,cpu       ] GC(253221) User=0.00s Sys=0.00s Real=0.00s
[1370997.843s][info][gc,start     ] GC(253222) Pause Young (Allocation Failure)
[1370997.843s][info][gc,task      ] GC(253222) Using 9 workers of 9 for evacuation
[1370997.848s][info][gc,heap      ] GC(253222) ParNew: 114507K->1773K(118016K)
[1370997.848s][info][gc,heap      ] GC(253222) CMS: 313644K->322622K(1966080K)
[1370997.848s][info][gc,metaspace ] GC(253222) Metaspace: 95515K(98212K)->95515K(98212K) NonClass: 86277K(88004K)->86277K(88004K) Class: 9238K(10208K)->9238K(10208K)
[1370997.848s][info][gc           ] GC(253222) Pause Young (Allocation Failure) 418M->316M(2035M) 5.209ms
[1370997.848s][info][gc,cpu       ] GC(253222) User=0.02s Sys=0.00s Real=0.01s
[1371002.220s][info][gc,start     ] GC(253223) Pause Young (Allocation Failure)
[1371002.220s][info][gc,task      ] GC(253223) Using 9 workers of 9 for evacuation
[1371002.224s][info][gc,heap      ] GC(253223) ParNew: 106733K->7860K(118016K)
[1371002.224s][info][gc,heap      ] GC(253223) CMS: 322622K->322622K(1966080K)
[1371002.224s][info][gc,metaspace ] GC(253223) Metaspace: 95515K(98212K)->95515K(98212K) NonClass: 86277K(88004K)->86277K(88004K) Class: 9238K(10208K)->9238K(10208K)
[1371002.224s][info][gc           ] GC(253223) Pause Young (Allocation Failure) 419M->322M(2035M) 4.834ms
[1371002.224s][info][gc,cpu       ] GC(253223) User=0.00s Sys=0.00s Real=0.02s
[1371007.675s][info][gc,start     ] GC(253224) Pause Young (Allocation Failure)
[1371007.675s][info][gc,task      ] GC(253224) Using 9 workers of 9 for evacuation
[1371007.680s][info][gc,heap      ] GC(253224) ParNew: 112820K->2878K(118016K)
[1371007.680s][info][gc,heap      ] GC(253224) CMS: 322622K->329947K(1966080K)
[1371007.680s][info][gc,metaspace ] GC(253224) Metaspace: 95515K(98212K)->95515K(98212K) NonClass: 86277K(88004K)->86277K(88004K) Class: 9238K(10208K)->9238K(10208K)
[1371007.680s][info][gc           ] GC(253224) Pause Young (Allocation Failure) 425M->325M(2035M) 5.155ms
[1371007.680s][info][gc,cpu       ] GC(253224) User=0.14s Sys=0.00s Real=0.02s
[1371011.429s][info][gc,start     ] GC(253225) Pause Young (Allocation Failure)
[1371011.429s][info][gc,task      ] GC(253225) Using 9 workers of 9 for evacuation
[1371011.433s][info][gc,heap      ] GC(253225) ParNew: 107838K->914K(118016K)
[1371011.434s][info][gc,heap      ] GC(253225) CMS: 329947K->329947K(1966080K)
[1371011.434s][info][gc,metaspace ] GC(253225) Metaspace: 95515K(98212K)->95515K(98212K) NonClass: 86277K(88004K)->86277K(88004K) Class: 9238K(10208K)->9238K(10208K)
[1371011.434s][info][gc           ] GC(253225) Pause Young (Allocation Failure) 427M->323M(2035M) 4.679ms
[1371011.434s][info][gc,cpu       ] GC(253225) User=0.00s Sys=0.00s Real=0.00s
[1371014.865s][info][gc,start     ] GC(253226) Pause Young (Allocation Failure)
[1371014.865s][info][gc,task      ] GC(253226) Using 9 workers of 9 for evacuation
[1371014.869s][info][gc,heap      ] GC(253226) ParNew: 105874K->9399K(118016K)
[1371014.869s][info][gc,heap      ] GC(253226) CMS: 329947K->329947K(1966080K)
[1371014.869s][info][gc,metaspace ] GC(253226) Metaspace: 95515K(98212K)->95515K(98212K) NonClass: 86277K(88004K)->86277K(88004K) Class: 9238K(10208K)->9238K(10208K)
[1371014.870s][info][gc           ] GC(253226) Pause Young (Allocation Failure) 425M->331M(2035M) 4.358ms
[1371014.870s][info][gc,cpu       ] GC(253226) User=0.00s Sys=0.00s Real=0.00s
[1371020.863s][info][gc,start     ] GC(253227) Pause Young (Allocation Failure)
[1371020.863s][info][gc,task      ] GC(253227) Using 9 workers of 9 for evacuation
[1371020.868s][info][gc,heap      ] GC(253227) ParNew: 114359K->1562K(118016K)
[1371020.869s][info][gc,heap      ] GC(253227) CMS: 329947K->338892K(1966080K)
[1371020.869s][info][gc,metaspace ] GC(253227) Metaspace: 95515K(98212K)->95515K(98212K) NonClass: 86277K(88004K)->86277K(88004K) Class: 9238K(10208K)->9238K(10208K)
[1371020.869s][info][gc           ] GC(253227) Pause Young (Allocation Failure) 433M->332M(2035M) 5.617ms
[1371020.869s][info][gc,cpu       ] GC(253227) User=0.00s Sys=0.00s Real=0.00s
[1371024.489s][info][gc,start     ] GC(253228) Pause Young (Allocation Failure)
[1371024.489s][info][gc,task      ] GC(253228) Using 9 workers of 9 for evacuation
[1371024.494s][info][gc,heap      ] GC(253228) ParNew: 106522K->9240K(118016K)
[1371024.494s][info][gc,heap      ] GC(253228) CMS: 338892K->338892K(1966080K)
[1371024.494s][info][gc,metaspace ] GC(253228) Metaspace: 95515K(98212K)->95515K(98212K) NonClass: 86277K(88004K)->86277K(88004K) Class: 9238K(10208K)->9238K(10208K)
[1371024.494s][info][gc           ] GC(253228) Pause Young (Allocation Failure) 434M->339M(2035M) 4.606ms
[1371024.494s][info][gc,cpu       ] GC(253228) User=0.00s Sys=0.00s Real=0.00s
[1371027.884s][info][gc,start     ] GC(253229) Pause Young (Allocation Failure)
[1371027.884s][info][gc,task      ] GC(253229) Using 9 workers of 9 for evacuation
[1371027.889s][info][gc,heap      ] GC(253229) ParNew: 114200K->1538K(118016K)
[1371027.890s][info][gc,heap      ] GC(253229) CMS: 338892K->347681K(1966080K)
[1371027.890s][info][gc,metaspace ] GC(253229) Metaspace: 95515K(98212K)->95515K(98212K) NonClass: 86277K(88004K)->86277K(88004K) Class: 9238K(10208K)->9238K(10208K)
[1371027.890s][info][gc           ] GC(253229) Pause Young (Allocation Failure) 442M->341M(2035M) 5.412ms
[1371027.890s][info][gc,cpu       ] GC(253229) User=0.13s Sys=0.02s Real=0.02s
[1371033.858s][info][gc,start     ] GC(253230) Pause Young (Allocation Failure)
[1371033.858s][info][gc,task      ] GC(253230) Using 9 workers of 9 for evacuation
[1371033.863s][info][gc,heap      ] GC(253230) ParNew: 106498K->4347K(118016K)
[1371033.863s][info][gc,heap      ] GC(253230) CMS: 347681K->347681K(1966080K)
[1371033.863s][info][gc,metaspace ] GC(253230) Metaspace: 95515K(98212K)->95515K(98212K) NonClass: 86277K(88004K)->86277K(88004K) Class: 9238K(10208K)->9238K(10208K)
[1371033.863s][info][gc           ] GC(253230) Pause Young (Allocation Failure) 443M->343M(2035M) 4.611ms
[1371033.863s][info][gc,cpu       ] GC(253230) User=0.00s Sys=0.00s Real=0.00s
[1371040.105s][info][gc,start     ] GC(253231) Pause Young (Allocation Failure)
[1371040.105s][info][gc,task      ] GC(253231) Using 9 workers of 9 for evacuation
[1371040.109s][info][gc,heap      ] GC(253231) ParNew: 109307K->9593K(118016K)
[1371040.109s][info][gc,heap      ] GC(253231) CMS: 347681K->347681K(1966080K)
[1371040.110s][info][gc,metaspace ] GC(253231) Metaspace: 95515K(98212K)->95515K(98212K) NonClass: 86277K(88004K)->86277K(88004K) Class: 9238K(10208K)->9238K(10208K)
[1371040.110s][info][gc           ] GC(253231) Pause Young (Allocation Failure) 446M->348M(2035M) 4.618ms
[1371040.110s][info][gc,cpu       ] GC(253231) User=0.02s Sys=0.00s Real=0.00s
[1371044.399s][info][gc,start     ] GC(253232) Pause Young (Allocation Failure)
[1371044.399s][info][gc,task      ] GC(253232) Using 9 workers of 9 for evacuation
[1371044.403s][info][gc,heap      ] GC(253232) ParNew: 114553K->8210K(118016K)
[1371044.403s][info][gc,heap      ] GC(253232) CMS: 347681K->347848K(1966080K)
[1371044.403s][info][gc,metaspace ] GC(253232) Metaspace: 95515K(98212K)->95515K(98212K) NonClass: 86277K(88004K)->86277K(88004K) Class: 9238K(10208K)->9238K(10208K)
[1371044.403s][info][gc           ] GC(253232) Pause Young (Allocation Failure) 451M->347M(2035M) 4.389ms
[1371044.403s][info][gc,cpu       ] GC(253232) User=0.02s Sys=0.00s Real=0.01s
[1371049.585s][info][gc,start     ] GC(253233) Pause Young (Allocation Failure)
[1371049.585s][info][gc,task      ] GC(253233) Using 9 workers of 9 for evacuation
[1371049.589s][info][gc,heap      ] GC(253233) ParNew: 113170K->11002K(118016K)
[1371049.590s][info][gc,heap      ] GC(253233) CMS: 347848K->347848K(1966080K)
[1371049.590s][info][gc,metaspace ] GC(253233) Metaspace: 95515K(98212K)->95515K(98212K) NonClass: 86277K(88004K)->86277K(88004K) Class: 9238K(10208K)->9238K(10208K)
[1371049.590s][info][gc           ] GC(253233) Pause Young (Allocation Failure) 450M->350M(2035M) 4.633ms
[1371049.590s][info][gc,cpu       ] GC(253233) User=0.00s Sys=0.00s Real=0.00s
[1371056.074s][info][gc,start     ] GC(253234) Pause Young (Allocation Failure)
[1371056.075s][info][gc,task      ] GC(253234) Using 9 workers of 9 for evacuation
[1371056.079s][info][gc,heap      ] GC(253234) ParNew: 115962K->11669K(118016K)
[1371056.079s][info][gc,heap      ] GC(253234) CMS: 347848K->347990K(1966080K)
[1371056.079s][info][gc,metaspace ] GC(253234) Metaspace: 95515K(98212K)->95515K(98212K) NonClass: 86277K(88004K)->86277K(88004K) Class: 9238K(10208K)->9238K(10208K)
[1371056.079s][info][gc           ] GC(253234) Pause Young (Allocation Failure) 452M->351M(2035M) 4.800ms
[1371056.079s][info][gc,cpu       ] GC(253234) User=0.02s Sys=0.00s Real=0.01s
[1371061.979s][info][gc,start     ] GC(253235) Pause Young (Allocation Failure)
[1371061.979s][info][gc,task      ] GC(253235) Using 9 workers of 9 for evacuation
[1371061.983s][info][gc,heap      ] GC(253235) ParNew: 116617K->6373K(118016K)
[1371061.983s][info][gc,heap      ] GC(253235) CMS: 347990K->348156K(1966080K)
[1371061.983s][info][gc,metaspace ] GC(253235) Metaspace: 95515K(98212K)->95515K(98212K) NonClass: 86277K(88004K)->86277K(88004K) Class: 9238K(10208K)->9238K(10208K)
[1371061.983s][info][gc           ] GC(253235) Pause Young (Allocation Failure) 453M->346M(2035M) 4.065ms
[1371061.983s][info][gc,cpu       ] GC(253235) User=0.00s Sys=0.00s Real=0.00s
[1371068.515s][info][gc,start     ] GC(253236) Pause Young (Allocation Failure)
[1371068.515s][info][gc,task      ] GC(253236) Using 9 workers of 9 for evacuation
[1371068.520s][info][gc,heap      ] GC(253236) ParNew: 111333K->10043K(118016K)
[1371068.520s][info][gc,heap      ] GC(253236) CMS: 348156K->348156K(1966080K)
[1371068.520s][info][gc,metaspace ] GC(253236) Metaspace: 95515K(98212K)->95515K(98212K) NonClass: 86277K(88004K)->86277K(88004K) Class: 9238K(10208K)->9238K(10208K)
[1371068.520s][info][gc           ] GC(253236) Pause Young (Allocation Failure) 448M->349M(2035M) 4.941ms
[1371068.520s][info][gc,cpu       ] GC(253236) User=0.14s Sys=0.00s Real=0.02s
[1371074.295s][info][gc,start     ] GC(253237) Pause Young (Allocation Failure)
[1371074.295s][info][gc,task      ] GC(253237) Using 9 workers of 9 for evacuation
[1371074.299s][info][gc,heap      ] GC(253237) ParNew: 115003K->3301K(118016K)
[1371074.299s][info][gc,heap      ] GC(253237) CMS: 348156K->348315K(1966080K)
[1371074.299s][info][gc,metaspace ] GC(253237) Metaspace: 95515K(98212K)->95515K(98212K) NonClass: 86277K(88004K)->86277K(88004K) Class: 9238K(10208K)->9238K(10208K)
[1371074.299s][info][gc           ] GC(253237) Pause Young (Allocation Failure) 452M->343M(2035M) 3.930ms
[1371074.299s][info][gc,cpu       ] GC(253237) User=0.00s Sys=0.00s Real=0.00s
[1371078.457s][info][gc,start     ] GC(253238) Pause Young (Allocation Failure)
[1371078.457s][info][gc,task      ] GC(253238) Using 9 workers of 9 for evacuation
[1371078.461s][info][gc,heap      ] GC(253238) ParNew: 108261K->9574K(118016K)
[1371078.461s][info][gc,heap      ] GC(253238) CMS: 348315K->348315K(1966080K)
[1371078.461s][info][gc,metaspace ] GC(253238) Metaspace: 95515K(98212K)->95515K(98212K) NonClass: 86277K(88004K)->86277K(88004K) Class: 9238K(10208K)->9238K(10208K)
[1371078.462s][info][gc           ] GC(253238) Pause Young (Allocation Failure) 445M->349M(2035M) 4.435ms
[1371078.462s][info][gc,cpu       ] GC(253238) User=0.00s Sys=0.00s Real=0.00s
[1371083.432s][info][gc,start     ] GC(253239) Pause Young (Allocation Failure)
[1371083.432s][info][gc,task      ] GC(253239) Using 9 workers of 9 for evacuation
[1371083.436s][info][gc,heap      ] GC(253239) ParNew: 114534K->2378K(118016K)
[1371083.436s][info][gc,heap      ] GC(253239) CMS: 348315K->348444K(1966080K)
[1371083.436s][info][gc,metaspace ] GC(253239) Metaspace: 95515K(98212K)->95515K(98212K) NonClass: 86277K(88004K)->86277K(88004K) Class: 9238K(10208K)->9238K(10208K)
[1371083.437s][info][gc           ] GC(253239) Pause Young (Allocation Failure) 452M->342M(2035M) 4.159ms
[1371083.437s][info][gc,cpu       ] GC(253239) User=0.00s Sys=0.02s Real=0.02s
[1371090.752s][info][gc,start     ] GC(253240) Pause Young (Allocation Failure)
[1371090.752s][info][gc,task      ] GC(253240) Using 9 workers of 9 for evacuation
[1371090.757s][info][gc,heap      ] GC(253240) ParNew: 107338K->9521K(118016K)
[1371090.757s][info][gc,heap      ] GC(253240) CMS: 348444K->348444K(1966080K)
[1371090.757s][info][gc,metaspace ] GC(253240) Metaspace: 95515K(98212K)->95515K(98212K) NonClass: 86277K(88004K)->86277K(88004K) Class: 9238K(10208K)->9238K(10208K)
[1371090.757s][info][gc           ] GC(253240) Pause Young (Allocation Failure) 445M->349M(2035M) 5.037ms
[1371090.757s][info][gc,cpu       ] GC(253240) User=0.00s Sys=0.00s Real=0.00s
[1371095.751s][info][gc,start     ] GC(253241) Pause Young (Allocation Failure)
[1371095.752s][info][gc,task      ] GC(253241) Using 9 workers of 9 for evacuation
[1371095.756s][info][gc,heap      ] GC(253241) ParNew: 114481K->10315K(118016K)
[1371095.756s][info][gc,heap      ] GC(253241) CMS: 348444K->348657K(1966080K)
[1371095.756s][info][gc,metaspace ] GC(253241) Metaspace: 95515K(98212K)->95515K(98212K) NonClass: 86277K(88004K)->86277K(88004K) Class: 9238K(10208K)->9238K(10208K)
[1371095.756s][info][gc           ] GC(253241) Pause Young (Allocation Failure) 452M->350M(2035M) 4.636ms
[1371095.756s][info][gc,cpu       ] GC(253241) User=0.00s Sys=0.00s Real=0.00s
[1371100.595s][info][gc,start     ] GC(253242) Pause Young (Allocation Failure)
[1371100.595s][info][gc,task      ] GC(253242) Using 9 workers of 9 for evacuation
[1371100.601s][info][gc,heap      ] GC(253242) ParNew: 115275K->3219K(118016K)
[1371100.601s][info][gc,heap      ] GC(253242) CMS: 348657K->357374K(1966080K)
[1371100.601s][info][gc,metaspace ] GC(253242) Metaspace: 95515K(98212K)->95515K(98212K) NonClass: 86277K(88004K)->86277K(88004K) Class: 9238K(10208K)->9238K(10208K)
[1371100.601s][info][gc           ] GC(253242) Pause Young (Allocation Failure) 453M->352M(2035M) 5.568ms
[1371100.601s][info][gc,cpu       ] GC(253242) User=0.00s Sys=0.00s Real=0.00s
[1371105.639s][info][gc,start     ] GC(253243) Pause Young (Allocation Failure)
[1371105.639s][info][gc,task      ] GC(253243) Using 9 workers of 9 for evacuation
[1371105.643s][info][gc,heap      ] GC(253243) ParNew: 108111K->2313K(118016K)
[1371105.643s][info][gc,heap      ] GC(253243) CMS: 357374K->357374K(1966080K)
[1371105.643s][info][gc,metaspace ] GC(253243) Metaspace: 95515K(98212K)->95515K(98212K) NonClass: 86277K(88004K)->86277K(88004K) Class: 9238K(10208K)->9238K(10208K)
[1371105.643s][info][gc           ] GC(253243) Pause Young (Allocation Failure) 454M->351M(2035M) 4.002ms
[1371105.643s][info][gc,cpu       ] GC(253243) User=0.00s Sys=0.00s Real=0.00s
[1371109.439s][info][gc,start     ] GC(253244) Pause Young (Allocation Failure)
[1371109.439s][info][gc,task      ] GC(253244) Using 9 workers of 9 for evacuation
[1371109.443s][info][gc,heap      ] GC(253244) ParNew: 107269K->9672K(118016K)
[1371109.443s][info][gc,heap      ] GC(253244) CMS: 357374K->357374K(1966080K)
[1371109.443s][info][gc,metaspace ] GC(253244) Metaspace: 95515K(98212K)->95515K(98212K) NonClass: 86277K(88004K)->86277K(88004K) Class: 9238K(10208K)->9238K(10208K)
[1371109.443s][info][gc           ] GC(253244) Pause Young (Allocation Failure) 453M->358M(2035M) 4.333ms
[1371109.443s][info][gc,cpu       ] GC(253244) User=0.00s Sys=0.00s Real=0.00s
[1371114.172s][info][gc,start     ] GC(253245) Pause Young (Allocation Failure)
[1371114.173s][info][gc,task      ] GC(253245) Using 9 workers of 9 for evacuation
[1371114.177s][info][gc,heap      ] GC(253245) ParNew: 114629K->2615K(118016K)
[1371114.177s][info][gc,heap      ] GC(253245) CMS: 357374K->357602K(1966080K)
[1371114.177s][info][gc,metaspace ] GC(253245) Metaspace: 95515K(98212K)->95515K(98212K) NonClass: 86277K(88004K)->86277K(88004K) Class: 9238K(10208K)->9238K(10208K)
[1371114.177s][info][gc           ] GC(253245) Pause Young (Allocation Failure) 460M->351M(2035M) 4.751ms
[1371114.177s][info][gc,cpu       ] GC(253245) User=0.00s Sys=0.00s Real=0.00s
[1371119.938s][info][gc,start     ] GC(253246) Pause Young (Allocation Failure)
[1371119.938s][info][gc,task      ] GC(253246) Using 9 workers of 9 for evacuation
[1371119.943s][info][gc,heap      ] GC(253246) ParNew: 107575K->9531K(118016K)
[1371119.943s][info][gc,heap      ] GC(253246) CMS: 357602K->357602K(1966080K)
[1371119.943s][info][gc,metaspace ] GC(253246) Metaspace: 95515K(98212K)->95515K(98212K) NonClass: 86277K(88004K)->86277K(88004K) Class: 9238K(10208K)->9238K(10208K)
[1371119.943s][info][gc           ] GC(253246) Pause Young (Allocation Failure) 454M->358M(2035M) 4.801ms
[1371119.943s][info][gc,cpu       ] GC(253246) User=0.00s Sys=0.00s Real=0.00s
[1371124.143s][info][gc,start     ] GC(253247) Pause Young (Allocation Failure)
[1371124.143s][info][gc,task      ] GC(253247) Using 9 workers of 9 for evacuation
[1371124.147s][info][gc,heap      ] GC(253247) ParNew: 114491K->2284K(118016K)
[1371124.147s][info][gc,heap      ] GC(253247) CMS: 357602K->357833K(1966080K)
[1371124.147s][info][gc,metaspace ] GC(253247) Metaspace: 95515K(98212K)->95515K(98212K) NonClass: 86277K(88004K)->86277K(88004K) Class: 9238K(10208K)->9238K(10208K)
[1371124.147s][info][gc           ] GC(253247) Pause Young (Allocation Failure) 461M->351M(2035M) 4.448ms
[1371124.147s][info][gc,cpu       ] GC(253247) User=0.00s Sys=0.00s Real=0.00s
[1371128.589s][info][gc,start     ] GC(253248) Pause Young (Allocation Failure)
[1371128.589s][info][gc,task      ] GC(253248) Using 9 workers of 9 for evacuation
[1371128.593s][info][gc,heap      ] GC(253248) ParNew: 107244K->9364K(118016K)
[1371128.594s][info][gc,heap      ] GC(253248) CMS: 357833K->357833K(1966080K)
[1371128.594s][info][gc,metaspace ] GC(253248) Metaspace: 95515K(98212K)->95515K(98212K) NonClass: 86277K(88004K)->86277K(88004K) Class: 9238K(10208K)->9238K(10208K)
[1371128.594s][info][gc           ] GC(253248) Pause Young (Allocation Failure) 454M->358M(2035M) 4.757ms
[1371128.594s][info][gc,cpu       ] GC(253248) User=0.00s Sys=0.00s Real=0.00s
[1371133.364s][info][gc,start     ] GC(253249) Pause Young (Allocation Failure)
[1371133.364s][info][gc,task      ] GC(253249) Using 9 workers of 9 for evacuation
[1371133.368s][info][gc,heap      ] GC(253249) ParNew: 114324K->10002K(118016K)
[1371133.368s][info][gc,heap      ] GC(253249) CMS: 357833K->358050K(1966080K)
[1371133.368s][info][gc,metaspace ] GC(253249) Metaspace: 95515K(98212K)->95515K(98212K) NonClass: 86277K(88004K)->86277K(88004K) Class: 9238K(10208K)->9238K(10208K)
[1371133.368s][info][gc           ] GC(253249) Pause Young (Allocation Failure) 461M->359M(2035M) 4.558ms
[1371133.368s][info][gc,cpu       ] GC(253249) User=0.00s Sys=0.00s Real=0.00s
[1371137.942s][info][gc,start     ] GC(253250) Pause Young (Allocation Failure)
[1371137.942s][info][gc,task      ] GC(253250) Using 9 workers of 9 for evacuation
[1371137.948s][info][gc,heap      ] GC(253250) ParNew: 114962K->3446K(118016K)
[1371137.948s][info][gc,heap      ] GC(253250) CMS: 358050K->366759K(1966080K)
[1371137.948s][info][gc,metaspace ] GC(253250) Metaspace: 95515K(98212K)->95515K(98212K) NonClass: 86277K(88004K)->86277K(88004K) Class: 9238K(10208K)->9238K(10208K)
[1371137.948s][info][gc           ] GC(253250) Pause Young (Allocation Failure) 461M->361M(2035M) 5.969ms
[1371137.948s][info][gc,cpu       ] GC(253250) User=0.00s Sys=0.00s Real=0.00s
[1371143.735s][info][gc,start     ] GC(253251) Pause Young (Allocation Failure)
[1371143.735s][info][gc,task      ] GC(253251) Using 9 workers of 9 for evacuation
[1371143.739s][info][gc,heap      ] GC(253251) ParNew: 108406K->9434K(118016K)
[1371143.739s][info][gc,heap      ] GC(253251) CMS: 366759K->366759K(1966080K)
[1371143.739s][info][gc,metaspace ] GC(253251) Metaspace: 95515K(98212K)->95515K(98212K) NonClass: 86277K(88004K)->86277K(88004K) Class: 9238K(10208K)->9238K(10208K)
[1371143.739s][info][gc           ] GC(253251) Pause Young (Allocation Failure) 464M->367M(2035M) 4.320ms
[1371143.739s][info][gc,cpu       ] GC(253251) User=0.00s Sys=0.00s Real=0.00s
[1371151.548s][info][gc,start     ] GC(253252) Pause Young (Allocation Failure)
[1371151.548s][info][gc,task      ] GC(253252) Using 9 workers of 9 for evacuation
[1371151.552s][info][gc,heap      ] GC(253252) ParNew: 114394K->2537K(118016K)
[1371151.552s][info][gc,heap      ] GC(253252) CMS: 366759K->366934K(1966080K)
[1371151.552s][info][gc,metaspace ] GC(253252) Metaspace: 95515K(98212K)->95515K(98212K) NonClass: 86277K(88004K)->86277K(88004K) Class: 9238K(10208K)->9238K(10208K)
[1371151.552s][info][gc           ] GC(253252) Pause Young (Allocation Failure) 469M->360M(2035M) 4.245ms
[1371151.552s][info][gc,cpu       ] GC(253252) User=0.00s Sys=0.00s Real=0.00s
[1371154.969s][info][gc,start     ] GC(253253) Pause Young (Allocation Failure)
[1371154.969s][info][gc,task      ] GC(253253) Using 9 workers of 9 for evacuation
[1371154.973s][info][gc,heap      ] GC(253253) ParNew: 107497K->9260K(118016K)
[1371154.974s][info][gc,heap      ] GC(253253) CMS: 366934K->366934K(1966080K)
[1371154.974s][info][gc,metaspace ] GC(253253) Metaspace: 95515K(98212K)->95515K(98212K) NonClass: 86277K(88004K)->86277K(88004K) Class: 9238K(10208K)->9238K(10208K)
[1371154.974s][info][gc           ] GC(253253) Pause Young (Allocation Failure) 463M->367M(2035M) 4.282ms
[1371154.974s][info][gc,cpu       ] GC(253253) User=0.00s Sys=0.00s Real=0.00s
[1371161.235s][info][gc,start     ] GC(253254) Pause Young (Allocation Failure)
[1371161.235s][info][gc,task      ] GC(253254) Using 9 workers of 9 for evacuation
[1371161.240s][info][gc,heap      ] GC(253254) ParNew: 114220K->2137K(118016K)
[1371161.240s][info][gc,heap      ] GC(253254) CMS: 366934K->372043K(1966080K)
[1371161.240s][info][gc,metaspace ] GC(253254) Metaspace: 95515K(98212K)->95515K(98212K) NonClass: 86277K(88004K)->86277K(88004K) Class: 9238K(10208K)->9238K(10208K)
[1371161.240s][info][gc           ] GC(253254) Pause Young (Allocation Failure) 469M->365M(2035M) 4.796ms
[1371161.240s][info][gc,cpu       ] GC(253254) User=0.00s Sys=0.00s Real=0.00s
[1371165.771s][info][gc,start     ] GC(253255) Pause Young (Allocation Failure)
[1371165.772s][info][gc,task      ] GC(253255) Using 9 workers of 9 for evacuation
[1371165.776s][info][gc,heap      ] GC(253255) ParNew: 107097K->9373K(118016K)
[1371165.776s][info][gc,heap      ] GC(253255) CMS: 372043K->372043K(1966080K)
[1371165.776s][info][gc,metaspace ] GC(253255) Metaspace: 95515K(98212K)->95515K(98212K) NonClass: 86277K(88004K)->86277K(88004K) Class: 9238K(10208K)->9238K(10208K)
[1371165.776s][info][gc           ] GC(253255) Pause Young (Allocation Failure) 467M->372M(2035M) 4.567ms
[1371165.776s][info][gc,cpu       ] GC(253255) User=0.00s Sys=0.02s Real=0.02s
[1371169.524s][info][gc,start     ] GC(253256) Pause Young (Allocation Failure)
[1371169.524s][info][gc,task      ] GC(253256) Using 9 workers of 9 for evacuation
[1371169.530s][info][gc,heap      ] GC(253256) ParNew: 114333K->1868K(118016K)
[1371169.530s][info][gc,heap      ] GC(253256) CMS: 372043K->380830K(1966080K)
[1371169.530s][info][gc,metaspace ] GC(253256) Metaspace: 95515K(98212K)->95515K(98212K) NonClass: 86277K(88004K)->86277K(88004K) Class: 9238K(10208K)->9238K(10208K)
[1371169.530s][info][gc           ] GC(253256) Pause Young (Allocation Failure) 474M->373M(2035M) 5.572ms
[1371169.530s][info][gc,cpu       ] GC(253256) User=0.02s Sys=0.03s Real=0.02s
[1371174.003s][info][gc,start     ] GC(253257) Pause Young (Allocation Failure)
[1371174.003s][info][gc,task      ] GC(253257) Using 9 workers of 9 for evacuation
[1371174.007s][info][gc,heap      ] GC(253257) ParNew: 106828K->9422K(118016K)
[1371174.007s][info][gc,heap      ] GC(253257) CMS: 380830K->380830K(1966080K)
[1371174.007s][info][gc,metaspace ] GC(253257) Metaspace: 95515K(98212K)->95515K(98212K) NonClass: 86277K(88004K)->86277K(88004K) Class: 9238K(10208K)->9238K(10208K)
[1371174.007s][info][gc           ] GC(253257) Pause Young (Allocation Failure) 476M->381M(2035M) 4.564ms
[1371174.007s][info][gc,cpu       ] GC(253257) User=0.00s Sys=0.00s Real=0.00s
[1371181.056s][info][gc,start     ] GC(253258) Pause Young (Allocation Failure)
[1371181.056s][info][gc,task      ] GC(253258) Using 9 workers of 9 for evacuation
[1371181.061s][info][gc,heap      ] GC(253258) ParNew: 114382K->1737K(118016K)
[1371181.061s][info][gc,heap      ] GC(253258) CMS: 380830K->389643K(1966080K)
[1371181.061s][info][gc,metaspace ] GC(253258) Metaspace: 95515K(98212K)->95515K(98212K) NonClass: 86277K(88004K)->86277K(88004K) Class: 9238K(10208K)->9238K(10208K)
[1371181.061s][info][gc           ] GC(253258) Pause Young (Allocation Failure) 483M->382M(2035M) 5.414ms
[1371181.061s][info][gc,cpu       ] GC(253258) User=0.00s Sys=0.00s Real=0.00s
[1371185.783s][info][gc,start     ] GC(253259) Pause Young (Allocation Failure)
[1371185.783s][info][gc,task      ] GC(253259) Using 9 workers of 9 for evacuation
[1371185.787s][info][gc,heap      ] GC(253259) ParNew: 106697K->9278K(118016K)
[1371185.787s][info][gc,heap      ] GC(253259) CMS: 389643K->389643K(1966080K)
[1371185.787s][info][gc,metaspace ] GC(253259) Metaspace: 95515K(98212K)->95515K(98212K) NonClass: 86277K(88004K)->86277K(88004K) Class: 9238K(10208K)->9238K(10208K)
[1371185.787s][info][gc           ] GC(253259) Pause Young (Allocation Failure) 484M->389M(2035M) 4.327ms
[1371185.787s][info][gc,cpu       ] GC(253259) User=0.00s Sys=0.00s Real=0.00s
[1371192.793s][info][gc,start     ] GC(253260) Pause Young (Allocation Failure)
[1371192.793s][info][gc,task      ] GC(253260) Using 9 workers of 9 for evacuation
[1371192.797s][info][gc,heap      ] GC(253260) ParNew: 114238K->1625K(118016K)
[1371192.797s][info][gc,heap      ] GC(253260) CMS: 389643K->389766K(1966080K)
[1371192.797s][info][gc,metaspace ] GC(253260) Metaspace: 95515K(98212K)->95515K(98212K) NonClass: 86277K(88004K)->86277K(88004K) Class: 9238K(10208K)->9238K(10208K)
[1371192.797s][info][gc           ] GC(253260) Pause Young (Allocation Failure) 492M->382M(2035M) 4.499ms
[1371192.797s][info][gc,cpu       ] GC(253260) User=0.00s Sys=0.00s Real=0.00s
[1371199.883s][info][gc,start     ] GC(253261) Pause Young (Allocation Failure)
[1371199.883s][info][gc,task      ] GC(253261) Using 9 workers of 9 for evacuation
[1371199.887s][info][gc,heap      ] GC(253261) ParNew: 106585K->9313K(118016K)
[1371199.887s][info][gc,heap      ] GC(253261) CMS: 389766K->389766K(1966080K)
[1371199.887s][info][gc,metaspace ] GC(253261) Metaspace: 95515K(98212K)->95515K(98212K) NonClass: 86277K(88004K)->86277K(88004K) Class: 9238K(10208K)->9238K(10208K)
[1371199.888s][info][gc           ] GC(253261) Pause Young (Allocation Failure) 484M->389M(2035M) 4.432ms
[1371199.888s][info][gc,cpu       ] GC(253261) User=0.13s Sys=0.02s Real=0.02s
[1371205.401s][info][gc,start     ] GC(253262) Pause Young (Allocation Failure)
[1371205.401s][info][gc,task      ] GC(253262) Using 9 workers of 9 for evacuation
[1371205.406s][info][gc,heap      ] GC(253262) ParNew: 114273K->10091K(118016K)
[1371205.406s][info][gc,heap      ] GC(253262) CMS: 389766K->389926K(1966080K)
[1371205.406s][info][gc,metaspace ] GC(253262) Metaspace: 95515K(98212K)->95515K(98212K) NonClass: 86277K(88004K)->86277K(88004K) Class: 9238K(10208K)->9238K(10208K)
[1371205.406s][info][gc           ] GC(253262) Pause Young (Allocation Failure) 492M->390M(2035M) 5.189ms
[1371205.406s][info][gc,cpu       ] GC(253262) User=0.02s Sys=0.00s Real=0.02s
[1371210.660s][info][gc,start     ] GC(253263) Pause Young (Allocation Failure)
[1371210.660s][info][gc,task      ] GC(253263) Using 9 workers of 9 for evacuation
[1371210.665s][info][gc,heap      ] GC(253263) ParNew: 115051K->3214K(118016K)
[1371210.665s][info][gc,heap      ] GC(253263) CMS: 389926K->398645K(1966080K)
[1371210.665s][info][gc,metaspace ] GC(253263) Metaspace: 95515K(98212K)->95515K(98212K) NonClass: 86277K(88004K)->86277K(88004K) Class: 9238K(10208K)->9238K(10208K)
[1371210.665s][info][gc           ] GC(253263) Pause Young (Allocation Failure) 493M->392M(2035M) 5.310ms
[1371210.665s][info][gc,cpu       ] GC(253263) User=0.00s Sys=0.00s Real=0.00s
[1371214.724s][info][gc,start     ] GC(253264) Pause Young (Allocation Failure)
[1371214.724s][info][gc,task      ] GC(253264) Using 9 workers of 9 for evacuation
[1371214.728s][info][gc,heap      ] GC(253264) ParNew: 108174K->9648K(118016K)
[1371214.728s][info][gc,heap      ] GC(253264) CMS: 398645K->398645K(1966080K)
[1371214.728s][info][gc,metaspace ] GC(253264) Metaspace: 95515K(98212K)->95515K(98212K) NonClass: 86277K(88004K)->86277K(88004K) Class: 9238K(10208K)->9238K(10208K)
[1371214.728s][info][gc           ] GC(253264) Pause Young (Allocation Failure) 494M->398M(2035M) 4.568ms
[1371214.728s][info][gc,cpu       ] GC(253264) User=0.00s Sys=0.00s Real=0.00s
[1371219.083s][info][gc,start     ] GC(253265) Pause Young (Allocation Failure)
[1371219.083s][info][gc,task      ] GC(253265) Using 9 workers of 9 for evacuation
[1371219.089s][info][gc,heap      ] GC(253265) ParNew: 114603K->2473K(118016K)
[1371219.089s][info][gc,heap      ] GC(253265) CMS: 398645K->407508K(1966080K)
[1371219.089s][info][gc,metaspace ] GC(253265) Metaspace: 95515K(98212K)->95515K(98212K) NonClass: 86277K(88004K)->86277K(88004K) Class: 9238K(10208K)->9238K(10208K)
[1371219.089s][info][gc           ] GC(253265) Pause Young (Allocation Failure) 501M->400M(2035M) 5.929ms
[1371219.089s][info][gc,cpu       ] GC(253265) User=0.02s Sys=0.00s Real=0.02s
[1371225.098s][info][gc,start     ] GC(253266) Pause Young (Allocation Failure)
[1371225.098s][info][gc,task      ] GC(253266) Using 9 workers of 9 for evacuation
[1371225.102s][info][gc,heap      ] GC(253266) ParNew: 107433K->9330K(118016K)
[1371225.102s][info][gc,heap      ] GC(253266) CMS: 407508K->407508K(1966080K)
[1371225.102s][info][gc,metaspace ] GC(253266) Metaspace: 95515K(98212K)->95515K(98212K) NonClass: 86277K(88004K)->86277K(88004K) Class: 9238K(10208K)->9238K(10208K)
[1371225.103s][info][gc           ] GC(253266) Pause Young (Allocation Failure) 502M->407M(2035M) 4.756ms
[1371225.103s][info][gc,cpu       ] GC(253266) User=0.00s Sys=0.00s Real=0.02s
[1371231.301s][info][gc,start     ] GC(253267) Pause Young (Allocation Failure)
[1371231.302s][info][gc,task      ] GC(253267) Using 9 workers of 9 for evacuation
[1371231.306s][info][gc,heap      ] GC(253267) ParNew: 114290K->1934K(118016K)
[1371231.307s][info][gc,heap      ] GC(253267) CMS: 407508K->416329K(1966080K)
[1371231.307s][info][gc,metaspace ] GC(253267) Metaspace: 95515K(98212K)->95515K(98212K) NonClass: 86277K(88004K)->86277K(88004K) Class: 9238K(10208K)->9238K(10208K)
[1371231.307s][info][gc           ] GC(253267) Pause Young (Allocation Failure) 509M->408M(2035M) 5.223ms
[1371231.307s][info][gc,cpu       ] GC(253267) User=0.14s Sys=0.00s Real=0.02s
[1371235.597s][info][gc,start     ] GC(253268) Pause Young (Allocation Failure)
[1371235.597s][info][gc,task      ] GC(253268) Using 9 workers of 9 for evacuation
[1371235.601s][info][gc,heap      ] GC(253268) ParNew: 106894K->9407K(118016K)
[1371235.601s][info][gc,heap      ] GC(253268) CMS: 416329K->416329K(1966080K)
[1371235.601s][info][gc,metaspace ] GC(253268) Metaspace: 95515K(98212K)->95515K(98212K) NonClass: 86277K(88004K)->86277K(88004K) Class: 9238K(10208K)->9238K(10208K)
[1371235.601s][info][gc           ] GC(253268) Pause Young (Allocation Failure) 510M->415M(2035M) 4.740ms
[1371235.601s][info][gc,cpu       ] GC(253268) User=0.00s Sys=0.00s Real=0.00s
[1371241.279s][info][gc,start     ] GC(253269) Pause Young (Allocation Failure)
[1371241.279s][info][gc,task      ] GC(253269) Using 9 workers of 9 for evacuation
[1371241.284s][info][gc,heap      ] GC(253269) ParNew: 114367K->1782K(118016K)
[1371241.284s][info][gc,heap      ] GC(253269) CMS: 416329K->425176K(1966080K)
[1371241.284s][info][gc,metaspace ] GC(253269) Metaspace: 95515K(98212K)->95515K(98212K) NonClass: 86277K(88004K)->86277K(88004K) Class: 9238K(10208K)->9238K(10208K)
[1371241.284s][info][gc           ] GC(253269) Pause Young (Allocation Failure) 518M->416M(2035M) 5.582ms
[1371241.284s][info][gc,cpu       ] GC(253269) User=0.00s Sys=0.00s Real=0.00s
[1371245.980s][info][gc,start     ] GC(253270) Pause Young (Allocation Failure)
[1371245.981s][info][gc,task      ] GC(253270) Using 9 workers of 9 for evacuation
[1371245.985s][info][gc,heap      ] GC(253270) ParNew: 106742K->9405K(118016K)
[1371245.985s][info][gc,heap      ] GC(253270) CMS: 425176K->425176K(1966080K)
[1371245.985s][info][gc,metaspace ] GC(253270) Metaspace: 95515K(98212K)->95515K(98212K) NonClass: 86277K(88004K)->86277K(88004K) Class: 9238K(10208K)->9238K(10208K)
[1371245.985s][info][gc           ] GC(253270) Pause Young (Allocation Failure) 519M->424M(2035M) 4.586ms
[1371245.985s][info][gc,cpu       ] GC(253270) User=0.14s Sys=0.00s Real=0.02s
[1371250.331s][info][gc,start     ] GC(253271) Pause Young (Allocation Failure)
[1371250.331s][info][gc,task      ] GC(253271) Using 9 workers of 9 for evacuation
[1371250.336s][info][gc,heap      ] GC(253271) ParNew: 114365K->1703K(118016K)
[1371250.336s][info][gc,heap      ] GC(253271) CMS: 425176K->433980K(1966080K)
[1371250.336s][info][gc,metaspace ] GC(253271) Metaspace: 95515K(98212K)->95515K(98212K) NonClass: 86277K(88004K)->86277K(88004K) Class: 9238K(10208K)->9238K(10208K)
[1371250.336s][info][gc           ] GC(253271) Pause Young (Allocation Failure) 526M->425M(2035M) 5.250ms
[1371250.336s][info][gc,cpu       ] GC(253271) User=0.00s Sys=0.00s Real=0.00s
[1371254.427s][info][gc,start     ] GC(253272) Pause Young (Allocation Failure)
[1371254.427s][info][gc,task      ] GC(253272) Using 9 workers of 9 for evacuation
[1371254.431s][info][gc,heap      ] GC(253272) ParNew: 106663K->710K(118016K)
[1371254.431s][info][gc,heap      ] GC(253272) CMS: 433980K->433980K(1966080K)
[1371254.431s][info][gc,metaspace ] GC(253272) Metaspace: 95515K(98212K)->95515K(98212K) NonClass: 86277K(88004K)->86277K(88004K) Class: 9238K(10208K)->9238K(10208K)
[1371254.431s][info][gc           ] GC(253272) Pause Young (Allocation Failure) 527M->424M(2035M) 4.324ms
[1371254.431s][info][gc,cpu       ] GC(253272) User=0.00s Sys=0.00s Real=0.00s
[1371258.696s][info][gc,start     ] GC(253273) Pause Young (Allocation Failure)
[1371258.696s][info][gc,task      ] GC(253273) Using 9 workers of 9 for evacuation
[1371258.700s][info][gc,heap      ] GC(253273) ParNew: 105669K->9306K(118016K)
[1371258.700s][info][gc,heap      ] GC(253273) CMS: 433980K->433980K(1966080K)
[1371258.700s][info][gc,metaspace ] GC(253273) Metaspace: 95515K(98212K)->95515K(98212K) NonClass: 86277K(88004K)->86277K(88004K) Class: 9238K(10208K)->9238K(10208K)
[1371258.701s][info][gc           ] GC(253273) Pause Young (Allocation Failure) 527M->432M(2035M) 4.858ms
[1371258.701s][info][gc,cpu       ] GC(253273) User=0.00s Sys=0.00s Real=0.00s
[1371262.968s][info][gc,start     ] GC(253274) Pause Young (Allocation Failure)
[1371262.968s][info][gc,task      ] GC(253274) Using 9 workers of 9 for evacuation
[1371262.972s][info][gc,heap      ] GC(253274) ParNew: 114266K->1264K(118016K)
[1371262.972s][info][gc,heap      ] GC(253274) CMS: 433980K->434245K(1966080K)
[1371262.972s][info][gc,metaspace ] GC(253274) Metaspace: 95515K(98212K)->95515K(98212K) NonClass: 86277K(88004K)->86277K(88004K) Class: 9238K(10208K)->9238K(10208K)
[1371262.972s][info][gc           ] GC(253274) Pause Young (Allocation Failure) 535M->425M(2035M) 4.321ms
[1371262.972s][info][gc,cpu       ] GC(253274) User=0.00s Sys=0.00s Real=0.00s
[1371268.881s][info][gc,start     ] GC(253275) Pause Young (Allocation Failure)
[1371268.881s][info][gc,task      ] GC(253275) Using 9 workers of 9 for evacuation
[1371268.886s][info][gc,heap      ] GC(253275) ParNew: 106224K->9295K(118016K)
[1371268.886s][info][gc,heap      ] GC(253275) CMS: 434245K->434245K(1966080K)
[1371268.886s][info][gc,metaspace ] GC(253275) Metaspace: 95515K(98212K)->95515K(98212K) NonClass: 86277K(88004K)->86277K(88004K) Class: 9238K(10208K)->9238K(10208K)
[1371268.886s][info][gc           ] GC(253275) Pause Young (Allocation Failure) 527M->433M(2035M) 4.501ms
[1371268.886s][info][gc,cpu       ] GC(253275) User=0.00s Sys=0.00s Real=0.00s
[1371276.057s][info][gc,start     ] GC(253276) Pause Young (Allocation Failure)
[1371276.057s][info][gc,task      ] GC(253276) Using 9 workers of 9 for evacuation
[1371276.061s][info][gc,heap      ] GC(253276) ParNew: 114255K->10065K(118016K)
[1371276.061s][info][gc,heap      ] GC(253276) CMS: 434245K->434429K(1966080K)
[1371276.061s][info][gc,metaspace ] GC(253276) Metaspace: 95515K(98212K)->95515K(98212K) NonClass: 86277K(88004K)->86277K(88004K) Class: 9238K(10208K)->9238K(10208K)
[1371276.061s][info][gc           ] GC(253276) Pause Young (Allocation Failure) 535M->434M(2035M) 4.716ms
[1371276.061s][info][gc,cpu       ] GC(253276) User=0.00s Sys=0.00s Real=0.00s
[1371284.127s][info][gc,start     ] GC(253277) Pause Young (Allocation Failure)
[1371284.127s][info][gc,task      ] GC(253277) Using 9 workers of 9 for evacuation
[1371284.131s][info][gc,heap      ] GC(253277) ParNew: 115025K->3246K(118016K)
[1371284.131s][info][gc,heap      ] GC(253277) CMS: 434429K->434539K(1966080K)
[1371284.131s][info][gc,metaspace ] GC(253277) Metaspace: 95515K(98212K)->95515K(98212K) NonClass: 86277K(88004K)->86277K(88004K) Class: 9238K(10208K)->9238K(10208K)
[1371284.131s][info][gc           ] GC(253277) Pause Young (Allocation Failure) 536M->427M(2035M) 4.268ms
[1371284.131s][info][gc,cpu       ] GC(253277) User=0.00s Sys=0.00s Real=0.00s
[1371289.357s][info][gc,start     ] GC(253278) Pause Young (Allocation Failure)
[1371289.357s][info][gc,task      ] GC(253278) Using 9 workers of 9 for evacuation
[1371289.362s][info][gc,heap      ] GC(253278) ParNew: 108206K->9631K(118016K)
[1371289.362s][info][gc,heap      ] GC(253278) CMS: 434539K->434539K(1966080K)
[1371289.362s][info][gc,metaspace ] GC(253278) Metaspace: 95515K(98212K)->95515K(98212K) NonClass: 86277K(88004K)->86277K(88004K) Class: 9238K(10208K)->9238K(10208K)
[1371289.362s][info][gc           ] GC(253278) Pause Young (Allocation Failure) 530M->433M(2035M) 4.884ms
[1371289.362s][info][gc,cpu       ] GC(253278) User=0.00s Sys=0.00s Real=0.00s
[1371294.950s][info][gc,start     ] GC(253279) Pause Young (Allocation Failure)
[1371294.950s][info][gc,task      ] GC(253279) Using 9 workers of 9 for evacuation
[1371294.954s][info][gc,heap      ] GC(253279) ParNew: 114591K->2441K(118016K)
[1371294.955s][info][gc,heap      ] GC(253279) CMS: 434539K->434660K(1966080K)
[1371294.955s][info][gc,metaspace ] GC(253279) Metaspace: 95515K(98212K)->95515K(98212K) NonClass: 86277K(88004K)->86277K(88004K) Class: 9238K(10208K)->9238K(10208K)
[1371294.955s][info][gc           ] GC(253279) Pause Young (Allocation Failure) 536M->426M(2035M) 4.334ms
[1371294.955s][info][gc,cpu       ] GC(253279) User=0.00s Sys=0.00s Real=0.00s
[1371299.209s][info][gc,start     ] GC(253280) Pause Young (Allocation Failure)
[1371299.209s][info][gc,task      ] GC(253280) Using 9 workers of 9 for evacuation
[1371299.214s][info][gc,heap      ] GC(253280) ParNew: 107401K->9524K(118016K)
[1371299.214s][info][gc,heap      ] GC(253280) CMS: 434660K->434660K(1966080K)
[1371299.214s][info][gc,metaspace ] GC(253280) Metaspace: 95515K(98212K)->95515K(98212K) NonClass: 86277K(88004K)->86277K(88004K) Class: 9238K(10208K)->9238K(10208K)
[1371299.214s][info][gc           ] GC(253280) Pause Young (Allocation Failure) 529M->433M(2035M) 4.462ms
[1371299.214s][info][gc,cpu       ] GC(253280) User=0.00s Sys=0.00s Real=0.00s
[1371302.773s][info][gc,start     ] GC(253281) Pause Young (Allocation Failure)
[1371302.773s][info][gc,task      ] GC(253281) Using 9 workers of 9 for evacuation
[1371302.777s][info][gc,heap      ] GC(253281) ParNew: 114484K->10020K(118016K)
[1371302.777s][info][gc,heap      ] GC(253281) CMS: 434660K->434827K(1966080K)
[1371302.777s][info][gc,metaspace ] GC(253281) Metaspace: 95515K(98212K)->95515K(98212K) NonClass: 86277K(88004K)->86277K(88004K) Class: 9238K(10208K)->9238K(10208K)
[1371302.777s][info][gc           ] GC(253281) Pause Young (Allocation Failure) 536M->434M(2035M) 4.335ms
[1371302.778s][info][gc,cpu       ] GC(253281) User=0.02s Sys=0.00s Real=0.02s
[1371306.724s][info][gc,start     ] GC(253282) Pause Young (Allocation Failure)
[1371306.724s][info][gc,task      ] GC(253282) Using 9 workers of 9 for evacuation
[1371306.729s][info][gc,heap      ] GC(253282) ParNew: 114980K->3820K(118016K)
[1371306.729s][info][gc,heap      ] GC(253282) CMS: 434827K->443592K(1966080K)
[1371306.729s][info][gc,metaspace ] GC(253282) Metaspace: 95515K(98212K)->95515K(98212K) NonClass: 86277K(88004K)->86277K(88004K) Class: 9238K(10208K)->9238K(10208K)
[1371306.729s][info][gc           ] GC(253282) Pause Young (Allocation Failure) 536M->436M(2035M) 5.697ms
[1371306.729s][info][gc,cpu       ] GC(253282) User=0.00s Sys=0.00s Real=0.00s
[1371310.294s][info][gc,start     ] GC(253283) Pause Young (Allocation Failure)
[1371310.295s][info][gc,task      ] GC(253283) Using 9 workers of 9 for evacuation
[1371310.299s][info][gc,heap      ] GC(253283) ParNew: 108780K->1133K(118016K)
[1371310.299s][info][gc,heap      ] GC(253283) CMS: 443592K->443592K(1966080K)
[1371310.299s][info][gc,metaspace ] GC(253283) Metaspace: 95515K(98212K)->95515K(98212K) NonClass: 86277K(88004K)->86277K(88004K) Class: 9238K(10208K)->9238K(10208K)
[1371310.299s][info][gc           ] GC(253283) Pause Young (Allocation Failure) 539M->434M(2035M) 4.317ms
[1371310.299s][info][gc,cpu       ] GC(253283) User=0.00s Sys=0.00s Real=0.00s
[1371313.034s][info][gc,start     ] GC(253284) Pause Young (Allocation Failure)
[1371313.034s][info][gc,task      ] GC(253284) Using 9 workers of 9 for evacuation
[1371313.039s][info][gc,heap      ] GC(253284) ParNew: 106093K->9458K(118016K)
[1371313.039s][info][gc,heap      ] GC(253284) CMS: 443592K->443592K(1966080K)
[1371313.039s][info][gc,metaspace ] GC(253284) Metaspace: 95515K(98212K)->95515K(98212K) NonClass: 86277K(88004K)->86277K(88004K) Class: 9238K(10208K)->9238K(10208K)
[1371313.039s][info][gc           ] GC(253284) Pause Young (Allocation Failure) 536M->442M(2035M) 4.982ms
[1371313.039s][info][gc,cpu       ] GC(253284) User=0.00s Sys=0.00s Real=0.00s
[1371316.788s][info][gc,start     ] GC(253285) Pause Young (Allocation Failure)
[1371316.788s][info][gc,task      ] GC(253285) Using 9 workers of 9 for evacuation
[1371316.794s][info][gc,heap      ] GC(253285) ParNew: 114418K->1523K(118016K)
[1371316.794s][info][gc,heap      ] GC(253285) CMS: 443592K->452541K(1966080K)
[1371316.794s][info][gc,metaspace ] GC(253285) Metaspace: 95515K(98212K)->95515K(98212K) NonClass: 86277K(88004K)->86277K(88004K) Class: 9238K(10208K)->9238K(10208K)
[1371316.794s][info][gc           ] GC(253285) Pause Young (Allocation Failure) 544M->443M(2035M) 5.843ms
[1371316.794s][info][gc,cpu       ] GC(253285) User=0.00s Sys=0.00s Real=0.00s
[1371320.979s][info][gc,start     ] GC(253286) Pause Young (Allocation Failure)
[1371320.979s][info][gc,task      ] GC(253286) Using 9 workers of 9 for evacuation
[1371320.983s][info][gc,heap      ] GC(253286) ParNew: 106483K->594K(118016K)
[1371320.983s][info][gc,heap      ] GC(253286) CMS: 452541K->452541K(1966080K)
[1371320.983s][info][gc,metaspace ] GC(253286) Metaspace: 95515K(98212K)->95515K(98212K) NonClass: 86277K(88004K)->86277K(88004K) Class: 9238K(10208K)->9238K(10208K)
[1371320.983s][info][gc           ] GC(253286) Pause Young (Allocation Failure) 545M->442M(2035M) 4.399ms
[1371320.983s][info][gc,cpu       ] GC(253286) User=0.14s Sys=0.00s Real=0.02s
[1371324.920s][info][gc,start     ] GC(253287) Pause Young (Allocation Failure)
[1371324.920s][info][gc,task      ] GC(253287) Using 9 workers of 9 for evacuation
[1371324.924s][info][gc,heap      ] GC(253287) ParNew: 105554K->9366K(118016K)
[1371324.924s][info][gc,heap      ] GC(253287) CMS: 452541K->452541K(1966080K)
[1371324.924s][info][gc,metaspace ] GC(253287) Metaspace: 95515K(98212K)->95515K(98212K) NonClass: 86277K(88004K)->86277K(88004K) Class: 9238K(10208K)->9238K(10208K)
[1371324.924s][info][gc           ] GC(253287) Pause Young (Allocation Failure) 545M->451M(2035M) 4.723ms
[1371324.925s][info][gc,cpu       ] GC(253287) User=0.00s Sys=0.00s Real=0.00s
[1371327.967s][info][gc,start     ] GC(253288) Pause Young (Allocation Failure)
[1371327.967s][info][gc,task      ] GC(253288) Using 9 workers of 9 for evacuation
[1371327.973s][info][gc,heap      ] GC(253288) ParNew: 114326K->1571K(118016K)
[1371327.973s][info][gc,heap      ] GC(253288) CMS: 452541K->461412K(1966080K)
[1371327.973s][info][gc,metaspace ] GC(253288) Metaspace: 95515K(98212K)->95515K(98212K) NonClass: 86277K(88004K)->86277K(88004K) Class: 9238K(10208K)->9238K(10208K)
[1371327.973s][info][gc           ] GC(253288) Pause Young (Allocation Failure) 553M->452M(2035M) 5.792ms
[1371327.973s][info][gc,cpu       ] GC(253288) User=0.00s Sys=0.00s Real=0.00s
[1371333.040s][info][gc,start     ] GC(253289) Pause Young (Allocation Failure)
[1371333.040s][info][gc,task      ] GC(253289) Using 9 workers of 9 for evacuation
[1371333.044s][info][gc,heap      ] GC(253289) ParNew: 106531K->9423K(118016K)
[1371333.044s][info][gc,heap      ] GC(253289) CMS: 461412K->461412K(1966080K)
[1371333.044s][info][gc,metaspace ] GC(253289) Metaspace: 95515K(98212K)->95515K(98212K) NonClass: 86277K(88004K)->86277K(88004K) Class: 9238K(10208K)->9238K(10208K)
[1371333.044s][info][gc           ] GC(253289) Pause Young (Allocation Failure) 554M->459M(2035M) 4.467ms
[1371333.044s][info][gc,cpu       ] GC(253289) User=0.00s Sys=0.00s Real=0.02s
[1371339.295s][info][gc,start     ] GC(253290) Pause Young (Allocation Failure)
[1371339.295s][info][gc,task      ] GC(253290) Using 9 workers of 9 for evacuation
[1371339.301s][info][gc,heap      ] GC(253290) ParNew: 114383K->1647K(118016K)
[1371339.301s][info][gc,heap      ] GC(253290) CMS: 461412K->470314K(1966080K)
[1371339.301s][info][gc,metaspace ] GC(253290) Metaspace: 95515K(98212K)->95515K(98212K) NonClass: 86277K(88004K)->86277K(88004K) Class: 9238K(10208K)->9238K(10208K)
[1371339.301s][info][gc           ] GC(253290) Pause Young (Allocation Failure) 562M->460M(2035M) 6.494ms
[1371339.301s][info][gc,cpu       ] GC(253290) User=0.00s Sys=0.00s Real=0.00s
[1371344.691s][info][gc,start     ] GC(253291) Pause Young (Allocation Failure)
[1371344.691s][info][gc,task      ] GC(253291) Using 9 workers of 9 for evacuation
[1371344.695s][info][gc,heap      ] GC(253291) ParNew: 106607K->9276K(118016K)
[1371344.695s][info][gc,heap      ] GC(253291) CMS: 470314K->470314K(1966080K)
[1371344.695s][info][gc,metaspace ] GC(253291) Metaspace: 95515K(98212K)->95515K(98212K) NonClass: 86277K(88004K)->86277K(88004K) Class: 9238K(10208K)->9238K(10208K)
[1371344.695s][info][gc           ] GC(253291) Pause Young (Allocation Failure) 563M->468M(2035M) 4.429ms
[1371344.695s][info][gc,cpu       ] GC(253291) User=0.00s Sys=0.00s Real=0.00s
[1371350.141s][info][gc,start     ] GC(253292) Pause Young (Allocation Failure)
[1371350.141s][info][gc,task      ] GC(253292) Using 9 workers of 9 for evacuation
[1371350.146s][info][gc,heap      ] GC(253292) ParNew: 114236K->1673K(118016K)
[1371350.147s][info][gc,heap      ] GC(253292) CMS: 470314K->479089K(1966080K)
[1371350.147s][info][gc,metaspace ] GC(253292) Metaspace: 95515K(98212K)->95515K(98212K) NonClass: 86277K(88004K)->86277K(88004K) Class: 9238K(10208K)->9238K(10208K)
[1371350.147s][info][gc           ] GC(253292) Pause Young (Allocation Failure) 570M->469M(2035M) 5.848ms
[1371350.147s][info][gc,cpu       ] GC(253292) User=0.00s Sys=0.00s Real=0.00s
[1371354.932s][info][gc,start     ] GC(253293) Pause Young (Allocation Failure)
[1371354.932s][info][gc,task      ] GC(253293) Using 9 workers of 9 for evacuation
[1371354.936s][info][gc,heap      ] GC(253293) ParNew: 106633K->9371K(118016K)
[1371354.936s][info][gc,heap      ] GC(253293) CMS: 479089K->479089K(1966080K)
[1371354.936s][info][gc,metaspace ] GC(253293) Metaspace: 95515K(98212K)->95515K(98212K) NonClass: 86277K(88004K)->86277K(88004K) Class: 9238K(10208K)->9238K(10208K)
[1371354.936s][info][gc           ] GC(253293) Pause Young (Allocation Failure) 571M->477M(2035M) 4.417ms
[1371354.936s][info][gc,cpu       ] GC(253293) User=0.00s Sys=0.00s Real=0.00s
[1371362.447s][info][gc,start     ] GC(253294) Pause Young (Allocation Failure)
[1371362.447s][info][gc,task      ] GC(253294) Using 9 workers of 9 for evacuation
[1371362.452s][info][gc,heap      ] GC(253294) ParNew: 114331K->1717K(118016K)
[1371362.452s][info][gc,heap      ] GC(253294) CMS: 479089K->479269K(1966080K)
[1371362.452s][info][gc,metaspace ] GC(253294) Metaspace: 95515K(98212K)->95515K(98212K) NonClass: 86277K(88004K)->86277K(88004K) Class: 9238K(10208K)->9238K(10208K)
[1371362.452s][info][gc           ] GC(253294) Pause Young (Allocation Failure) 579M->469M(2035M) 4.998ms
[1371362.452s][info][gc,cpu       ] GC(253294) User=0.00s Sys=0.00s Real=0.00s
[1371367.710s][info][gc,start     ] GC(253295) Pause Young (Allocation Failure)
[1371367.710s][info][gc,task      ] GC(253295) Using 9 workers of 9 for evacuation
[1371367.715s][info][gc,heap      ] GC(253295) ParNew: 106677K->9310K(118016K)
[1371367.715s][info][gc,heap      ] GC(253295) CMS: 479269K->479269K(1966080K)
[1371367.715s][info][gc,metaspace ] GC(253295) Metaspace: 95515K(98212K)->95515K(98212K) NonClass: 86277K(88004K)->86277K(88004K) Class: 9238K(10208K)->9238K(10208K)
[1371367.715s][info][gc           ] GC(253295) Pause Young (Allocation Failure) 572M->477M(2035M) 4.982ms
[1371367.715s][info][gc,cpu       ] GC(253295) User=0.05s Sys=0.02s Real=0.02s
[1371373.439s][info][gc,start     ] GC(253296) Pause Young (Allocation Failure)
[1371373.440s][info][gc,task      ] GC(253296) Using 9 workers of 9 for evacuation
[1371373.444s][info][gc,heap      ] GC(253296) ParNew: 114263K->3750K(118016K)
[1371373.444s][info][gc,heap      ] GC(253296) CMS: 479269K->479399K(1966080K)
[1371373.444s][info][gc,metaspace ] GC(253296) Metaspace: 95515K(98212K)->95515K(98212K) NonClass: 86277K(88004K)->86277K(88004K) Class: 9238K(10208K)->9238K(10208K)
[1371373.444s][info][gc           ] GC(253296) Pause Young (Allocation Failure) 579M->471M(2035M) 4.276ms
[1371373.444s][info][gc,cpu       ] GC(253296) User=0.00s Sys=0.00s Real=0.00s
[1371378.910s][info][gc,start     ] GC(253297) Pause Young (Allocation Failure)
[1371378.911s][info][gc,task      ] GC(253297) Using 9 workers of 9 for evacuation
[1371378.915s][info][gc,heap      ] GC(253297) ParNew: 108710K->9414K(118016K)
[1371378.915s][info][gc,heap      ] GC(253297) CMS: 479399K->479399K(1966080K)
[1371378.915s][info][gc,metaspace ] GC(253297) Metaspace: 95515K(98212K)->95515K(98212K) NonClass: 86277K(88004K)->86277K(88004K) Class: 9238K(10208K)->9238K(10208K)
[1371378.915s][info][gc           ] GC(253297) Pause Young (Allocation Failure) 574M->477M(2035M) 4.915ms
[1371378.915s][info][gc,cpu       ] GC(253297) User=0.00s Sys=0.00s Real=0.00s
[1371383.740s][info][gc,start     ] GC(253298) Pause Young (Allocation Failure)
[1371383.740s][info][gc,task      ] GC(253298) Using 9 workers of 9 for evacuation
[1371383.744s][info][gc,heap      ] GC(253298) ParNew: 114374K->10608K(118016K)
[1371383.744s][info][gc,heap      ] GC(253298) CMS: 479399K->479561K(1966080K)
[1371383.744s][info][gc,metaspace ] GC(253298) Metaspace: 95515K(98212K)->95515K(98212K) NonClass: 86277K(88004K)->86277K(88004K) Class: 9238K(10208K)->9238K(10208K)
[1371383.744s][info][gc           ] GC(253298) Pause Young (Allocation Failure) 579M->478M(2035M) 4.537ms
[1371383.744s][info][gc,cpu       ] GC(253298) User=0.00s Sys=0.00s Real=0.00s
[1371387.816s][info][gc,start     ] GC(253299) Pause Young (Allocation Failure)
[1371387.817s][info][gc,task      ] GC(253299) Using 9 workers of 9 for evacuation
[1371387.822s][info][gc,heap      ] GC(253299) ParNew: 115568K->3922K(118016K)
[1371387.822s][info][gc,heap      ] GC(253299) CMS: 479561K->488286K(1966080K)
[1371387.822s][info][gc,metaspace ] GC(253299) Metaspace: 95515K(98212K)->95515K(98212K) NonClass: 86277K(88004K)->86277K(88004K) Class: 9238K(10208K)->9238K(10208K)
[1371387.822s][info][gc           ] GC(253299) Pause Young (Allocation Failure) 581M->480M(2035M) 5.628ms
[1371387.822s][info][gc,cpu       ] GC(253299) User=0.00s Sys=0.00s Real=0.00s
[1371392.334s][info][gc,start     ] GC(253300) Pause Young (Allocation Failure)
[1371392.334s][info][gc,task      ] GC(253300) Using 9 workers of 9 for evacuation
[1371392.338s][info][gc,heap      ] GC(253300) ParNew: 108882K->1163K(118016K)
[1371392.338s][info][gc,heap      ] GC(253300) CMS: 488286K->488286K(1966080K)
[1371392.338s][info][gc,metaspace ] GC(253300) Metaspace: 95515K(98212K)->95515K(98212K) NonClass: 86277K(88004K)->86277K(88004K) Class: 9238K(10208K)->9238K(10208K)
[1371392.338s][info][gc           ] GC(253300) Pause Young (Allocation Failure) 583M->477M(2035M) 4.438ms
[1371392.338s][info][gc,cpu       ] GC(253300) User=0.00s Sys=0.00s Real=0.00s
[1371396.332s][info][gc,start     ] GC(253301) Pause Young (Allocation Failure)
[1371396.332s][info][gc,task      ] GC(253301) Using 9 workers of 9 for evacuation
[1371396.337s][info][gc,heap      ] GC(253301) ParNew: 106123K->9414K(118016K)
[1371396.337s][info][gc,heap      ] GC(253301) CMS: 488286K->488286K(1966080K)
[1371396.337s][info][gc,metaspace ] GC(253301) Metaspace: 95515K(98212K)->95515K(98212K) NonClass: 86277K(88004K)->86277K(88004K) Class: 9238K(10208K)->9238K(10208K)
[1371396.338s][info][gc           ] GC(253301) Pause Young (Allocation Failure) 580M->486M(2035M) 5.358ms
[1371396.338s][info][gc,cpu       ] GC(253301) User=0.00s Sys=0.00s Real=0.00s
[1371400.748s][info][gc,start     ] GC(253302) Pause Young (Allocation Failure)
[1371400.748s][info][gc,task      ] GC(253302) Using 9 workers of 9 for evacuation
[1371400.753s][info][gc,heap      ] GC(253302) ParNew: 114374K->1692K(118016K)
[1371400.753s][info][gc,heap      ] GC(253302) CMS: 488286K->497209K(1966080K)
[1371400.754s][info][gc,metaspace ] GC(253302) Metaspace: 95515K(98212K)->95515K(98212K) NonClass: 86277K(88004K)->86277K(88004K) Class: 9238K(10208K)->9238K(10208K)
[1371400.754s][info][gc           ] GC(253302) Pause Young (Allocation Failure) 588M->487M(2035M) 5.250ms
[1371400.754s][info][gc,cpu       ] GC(253302) User=0.08s Sys=0.00s Real=0.02s
[1371405.856s][info][gc,start     ] GC(253303) Pause Young (Allocation Failure)
[1371405.856s][info][gc,task      ] GC(253303) Using 9 workers of 9 for evacuation
[1371405.861s][info][gc,heap      ] GC(253303) ParNew: 106652K->9331K(118016K)
[1371405.861s][info][gc,heap      ] GC(253303) CMS: 497209K->497209K(1966080K)
[1371405.861s][info][gc,metaspace ] GC(253303) Metaspace: 95515K(98212K)->95515K(98212K) NonClass: 86277K(88004K)->86277K(88004K) Class: 9238K(10208K)->9238K(10208K)
[1371405.861s][info][gc           ] GC(253303) Pause Young (Allocation Failure) 589M->494M(2035M) 4.447ms
[1371405.861s][info][gc,cpu       ] GC(253303) User=0.00s Sys=0.00s Real=0.00s
[1371410.803s][info][gc,start     ] GC(253304) Pause Young (Allocation Failure)
[1371410.803s][info][gc,task      ] GC(253304) Using 9 workers of 9 for evacuation
[1371410.808s][info][gc,heap      ] GC(253304) ParNew: 114291K->1722K(118016K)
[1371410.808s][info][gc,heap      ] GC(253304) CMS: 497209K->506055K(1966080K)
[1371410.809s][info][gc,metaspace ] GC(253304) Metaspace: 95515K(98212K)->95515K(98212K) NonClass: 86277K(88004K)->86277K(88004K) Class: 9238K(10208K)->9238K(10208K)
[1371410.809s][info][gc           ] GC(253304) Pause Young (Allocation Failure) 597M->495M(2035M) 5.444ms
[1371410.809s][info][gc,cpu       ] GC(253304) User=0.02s Sys=0.00s Real=0.02s
[1371414.781s][info][gc,start     ] GC(253305) Pause Young (Allocation Failure)
[1371414.782s][info][gc,task      ] GC(253305) Using 9 workers of 9 for evacuation
[1371414.786s][info][gc,heap      ] GC(253305) ParNew: 106682K->9411K(118016K)
[1371414.786s][info][gc,heap      ] GC(253305) CMS: 506055K->506055K(1966080K)
[1371414.786s][info][gc,metaspace ] GC(253305) Metaspace: 95515K(98212K)->95515K(98212K) NonClass: 86277K(88004K)->86277K(88004K) Class: 9238K(10208K)->9238K(10208K)
[1371414.786s][info][gc           ] GC(253305) Pause Young (Allocation Failure) 598M->503M(2035M) 4.918ms
[1371414.786s][info][gc,cpu       ] GC(253305) User=0.00s Sys=0.00s Real=0.00s
[1371419.579s][info][gc,start     ] GC(253306) Pause Young (Allocation Failure)
[1371419.579s][info][gc,task      ] GC(253306) Using 9 workers of 9 for evacuation
[1371419.585s][info][gc,heap      ] GC(253306) ParNew: 114371K->1925K(118016K)
[1371419.585s][info][gc,heap      ] GC(253306) CMS: 506055K->514919K(1966080K)
[1371419.585s][info][gc,metaspace ] GC(253306) Metaspace: 95515K(98212K)->95515K(98212K) NonClass: 86277K(88004K)->86277K(88004K) Class: 9238K(10208K)->9238K(10208K)
[1371419.585s][info][gc           ] GC(253306) Pause Young (Allocation Failure) 605M->504M(2035M) 5.686ms
[1371419.585s][info][gc,cpu       ] GC(253306) User=0.00s Sys=0.00s Real=0.00s
[1371424.464s][info][gc,start     ] GC(253307) Pause Young (Allocation Failure)
[1371424.464s][info][gc,task      ] GC(253307) Using 9 workers of 9 for evacuation
[1371424.469s][info][gc,heap      ] GC(253307) ParNew: 106885K->703K(118016K)
[1371424.469s][info][gc,heap      ] GC(253307) CMS: 514919K->514919K(1966080K)
[1371424.469s][info][gc,metaspace ] GC(253307) Metaspace: 95515K(98212K)->95515K(98212K) NonClass: 86277K(88004K)->86277K(88004K) Class: 9238K(10208K)->9238K(10208K)
[1371424.469s][info][gc           ] GC(253307) Pause Young (Allocation Failure) 607M->503M(2035M) 4.995ms
[1371424.469s][info][gc,cpu       ] GC(253307) User=0.14s Sys=0.00s Real=0.02s
[1371428.276s][info][gc,start     ] GC(253308) Pause Young (Allocation Failure)
[1371428.277s][info][gc,task      ] GC(253308) Using 9 workers of 9 for evacuation
[1371428.281s][info][gc,heap      ] GC(253308) ParNew: 105663K->9315K(118016K)
[1371428.281s][info][gc,heap      ] GC(253308) CMS: 514919K->514919K(1966080K)
[1371428.281s][info][gc,metaspace ] GC(253308) Metaspace: 95515K(98212K)->95515K(98212K) NonClass: 86277K(88004K)->86277K(88004K) Class: 9238K(10208K)->9238K(10208K)
[1371428.281s][info][gc           ] GC(253308) Pause Young (Allocation Failure) 606M->511M(2035M) 4.707ms
[1371428.281s][info][gc,cpu       ] GC(253308) User=0.11s Sys=0.00s Real=0.02s
[1371434.165s][info][gc,start     ] GC(253309) Pause Young (Allocation Failure)
[1371434.165s][info][gc,task      ] GC(253309) Using 9 workers of 9 for evacuation
[1371434.170s][info][gc,heap      ] GC(253309) ParNew: 114275K->1331K(118016K)
[1371434.170s][info][gc,heap      ] GC(253309) CMS: 514919K->515116K(1966080K)
[1371434.170s][info][gc,metaspace ] GC(253309) Metaspace: 95515K(98212K)->95515K(98212K) NonClass: 86277K(88004K)->86277K(88004K) Class: 9238K(10208K)->9238K(10208K)
[1371434.170s][info][gc           ] GC(253309) Pause Young (Allocation Failure) 614M->504M(2035M) 4.407ms
[1371434.170s][info][gc,cpu       ] GC(253309) User=0.00s Sys=0.02s Real=0.02s
[1371437.567s][info][gc,start     ] GC(253310) Pause Young (Allocation Failure)
[1371437.567s][info][gc,task      ] GC(253310) Using 9 workers of 9 for evacuation
[1371437.572s][info][gc,heap      ] GC(253310) ParNew: 106291K->9283K(118016K)
[1371437.572s][info][gc,heap      ] GC(253310) CMS: 515116K->515116K(1966080K)
[1371437.572s][info][gc,metaspace ] GC(253310) Metaspace: 95515K(98212K)->95515K(98212K) NonClass: 86277K(88004K)->86277K(88004K) Class: 9238K(10208K)->9238K(10208K)
[1371437.572s][info][gc           ] GC(253310) Pause Young (Allocation Failure) 606M->512M(2035M) 4.959ms
[1371437.572s][info][gc,cpu       ] GC(253310) User=0.00s Sys=0.00s Real=0.00s
[1371442.435s][info][gc,start     ] GC(253311) Pause Young (Allocation Failure)
[1371442.435s][info][gc,task      ] GC(253311) Using 9 workers of 9 for evacuation
[1371442.438s][info][gc,heap      ] GC(253311) ParNew: 114243K->1471K(118016K)
[1371442.438s][info][gc,heap      ] GC(253311) CMS: 515116K->515243K(1966080K)
[1371442.438s][info][gc,metaspace ] GC(253311) Metaspace: 95515K(98212K)->95515K(98212K) NonClass: 86277K(88004K)->86277K(88004K) Class: 9238K(10208K)->9238K(10208K)
[1371442.438s][info][gc           ] GC(253311) Pause Young (Allocation Failure) 614M->504M(2035M) 3.946ms
[1371442.439s][info][gc,cpu       ] GC(253311) User=0.00s Sys=0.00s Real=0.00s
[1371448.834s][info][gc,start     ] GC(253312) Pause Young (Allocation Failure)
[1371448.834s][info][gc,task      ] GC(253312) Using 9 workers of 9 for evacuation
[1371448.838s][info][gc,heap      ] GC(253312) ParNew: 106431K->9236K(118016K)
[1371448.838s][info][gc,heap      ] GC(253312) CMS: 515243K->515243K(1966080K)
[1371448.838s][info][gc,metaspace ] GC(253312) Metaspace: 95515K(98212K)->95515K(98212K) NonClass: 86277K(88004K)->86277K(88004K) Class: 9238K(10208K)->9238K(10208K)
[1371448.838s][info][gc           ] GC(253312) Pause Young (Allocation Failure) 607M->512M(2035M) 4.688ms
[1371448.838s][info][gc,cpu       ] GC(253312) User=0.00s Sys=0.00s Real=0.00s
[1371454.479s][info][gc,start     ] GC(253313) Pause Young (Allocation Failure)
[1371454.479s][info][gc,task      ] GC(253313) Using 9 workers of 9 for evacuation
[1371454.483s][info][gc,heap      ] GC(253313) ParNew: 114196K->1596K(118016K)
[1371454.483s][info][gc,heap      ] GC(253313) CMS: 515243K->515389K(1966080K)
[1371454.483s][info][gc,metaspace ] GC(253313) Metaspace: 95515K(98212K)->95515K(98212K) NonClass: 86277K(88004K)->86277K(88004K) Class: 9238K(10208K)->9238K(10208K)
[1371454.483s][info][gc           ] GC(253313) Pause Young (Allocation Failure) 614M->504M(2035M) 4.486ms
[1371454.483s][info][gc,cpu       ] GC(253313) User=0.14s Sys=0.00s Real=0.02s
[1371460.927s][info][gc,start     ] GC(253314) Pause Young (Allocation Failure)
[1371460.928s][info][gc,task      ] GC(253314) Using 9 workers of 9 for evacuation
[1371460.932s][info][gc,heap      ] GC(253314) ParNew: 106556K->9376K(118016K)
[1371460.932s][info][gc,heap      ] GC(253314) CMS: 515389K->515389K(1966080K)
[1371460.932s][info][gc,metaspace ] GC(253314) Metaspace: 95515K(98212K)->95515K(98212K) NonClass: 86277K(88004K)->86277K(88004K) Class: 9238K(10208K)->9238K(10208K)
[1371460.932s][info][gc           ] GC(253314) Pause Young (Allocation Failure) 607M->512M(2035M) 5.111ms
[1371460.933s][info][gc,cpu       ] GC(253314) User=0.00s Sys=0.00s Real=0.00s
[1371466.424s][info][gc,start     ] GC(253315) Pause Young (Allocation Failure)
[1371466.424s][info][gc,task      ] GC(253315) Using 9 workers of 9 for evacuation
[1371466.429s][info][gc,heap      ] GC(253315) ParNew: 114336K->10065K(118016K)
[1371466.429s][info][gc,heap      ] GC(253315) CMS: 515389K->515528K(1966080K)
[1371466.429s][info][gc,metaspace ] GC(253315) Metaspace: 95515K(98212K)->95515K(98212K) NonClass: 86277K(88004K)->86277K(88004K) Class: 9238K(10208K)->9238K(10208K)
[1371466.429s][info][gc           ] GC(253315) Pause Young (Allocation Failure) 614M->513M(2035M) 4.809ms
[1371466.429s][info][gc,cpu       ] GC(253315) User=0.00s Sys=0.00s Real=0.00s
[1371472.410s][info][gc,start     ] GC(253316) Pause Young (Allocation Failure)
[1371472.410s][info][gc,task      ] GC(253316) Using 9 workers of 9 for evacuation
[1371472.414s][info][gc,heap      ] GC(253316) ParNew: 115025K->3422K(118016K)
[1371472.414s][info][gc,heap      ] GC(253316) CMS: 515528K->515607K(1966080K)
[1371472.414s][info][gc,metaspace ] GC(253316) Metaspace: 95515K(98212K)->95515K(98212K) NonClass: 86277K(88004K)->86277K(88004K) Class: 9238K(10208K)->9238K(10208K)
[1371472.414s][info][gc           ] GC(253316) Pause Young (Allocation Failure) 615M->506M(2035M) 3.991ms
[1371472.414s][info][gc,cpu       ] GC(253316) User=0.00s Sys=0.00s Real=0.00s
[1371477.607s][info][gc,start     ] GC(253317) Pause Young (Allocation Failure)
[1371477.608s][info][gc,task      ] GC(253317) Using 9 workers of 9 for evacuation
[1371477.612s][info][gc,heap      ] GC(253317) ParNew: 108382K->9465K(118016K)
[1371477.612s][info][gc,heap      ] GC(253317) CMS: 515607K->515607K(1966080K)
[1371477.612s][info][gc,metaspace ] GC(253317) Metaspace: 95515K(98212K)->95515K(98212K) NonClass: 86277K(88004K)->86277K(88004K) Class: 9238K(10208K)->9238K(10208K)
[1371477.612s][info][gc           ] GC(253317) Pause Young (Allocation Failure) 609M->512M(2035M) 4.828ms
[1371477.612s][info][gc,cpu       ] GC(253317) User=0.00s Sys=0.00s Real=0.00s
[1371484.221s][info][gc,start     ] GC(253318) Pause Young (Allocation Failure)
[1371484.221s][info][gc,task      ] GC(253318) Using 9 workers of 9 for evacuation
[1371484.225s][info][gc,heap      ] GC(253318) ParNew: 114420K->2671K(118016K)
[1371484.225s][info][gc,heap      ] GC(253318) CMS: 515607K->515739K(1966080K)
[1371484.225s][info][gc,metaspace ] GC(253318) Metaspace: 95515K(98212K)->95515K(98212K) NonClass: 86277K(88004K)->86277K(88004K) Class: 9238K(10208K)->9238K(10208K)
[1371484.225s][info][gc           ] GC(253318) Pause Young (Allocation Failure) 615M->506M(2035M) 4.529ms
[1371484.225s][info][gc,cpu       ] GC(253318) User=0.00s Sys=0.00s Real=0.00s
[1371488.839s][info][gc,start     ] GC(253319) Pause Young (Allocation Failure)
[1371488.839s][info][gc,task      ] GC(253319) Using 9 workers of 9 for evacuation
[1371488.844s][info][gc,heap      ] GC(253319) ParNew: 107631K->9433K(118016K)
[1371488.844s][info][gc,heap      ] GC(253319) CMS: 515739K->515739K(1966080K)
[1371488.844s][info][gc,metaspace ] GC(253319) Metaspace: 95515K(98212K)->95515K(98212K) NonClass: 86277K(88004K)->86277K(88004K) Class: 9238K(10208K)->9238K(10208K)
[1371488.844s][info][gc           ] GC(253319) Pause Young (Allocation Failure) 608M->512M(2035M) 5.493ms
[1371488.844s][info][gc,cpu       ] GC(253319) User=0.13s Sys=0.00s Real=0.02s
[1371494.455s][info][gc,start     ] GC(253320) Pause Young (Allocation Failure)
[1371494.455s][info][gc,task      ] GC(253320) Using 9 workers of 9 for evacuation
[1371494.460s][info][gc,heap      ] GC(253320) ParNew: 114393K->10249K(118016K)
[1371494.460s][info][gc,heap      ] GC(253320) CMS: 515739K->515869K(1966080K)
[1371494.460s][info][gc,metaspace ] GC(253320) Metaspace: 95515K(98212K)->95515K(98212K) NonClass: 86277K(88004K)->86277K(88004K) Class: 9238K(10208K)->9238K(10208K)
[1371494.460s][info][gc           ] GC(253320) Pause Young (Allocation Failure) 615M->513M(2035M) 4.948ms
[1371494.460s][info][gc,cpu       ] GC(253320) User=0.00s Sys=0.00s Real=0.00s
[1371500.642s][info][gc,start     ] GC(253321) Pause Young (Allocation Failure)
[1371500.642s][info][gc,task      ] GC(253321) Using 9 workers of 9 for evacuation
[1371500.647s][info][gc,heap      ] GC(253321) ParNew: 115209K->3722K(118016K)
[1371500.647s][info][gc,heap      ] GC(253321) CMS: 515869K->524626K(1966080K)
[1371500.647s][info][gc,metaspace ] GC(253321) Metaspace: 95515K(98212K)->95515K(98212K) NonClass: 86277K(88004K)->86277K(88004K) Class: 9238K(10208K)->9238K(10208K)
[1371500.647s][info][gc           ] GC(253321) Pause Young (Allocation Failure) 616M->515M(2035M) 5.282ms
[1371500.648s][info][gc,cpu       ] GC(253321) User=0.00s Sys=0.00s Real=0.00s
[1371505.956s][info][gc,start     ] GC(253322) Pause Young (Allocation Failure)
[1371505.956s][info][gc,task      ] GC(253322) Using 9 workers of 9 for evacuation
[1371505.961s][info][gc,heap      ] GC(253322) ParNew: 108682K->9712K(118016K)
[1371505.961s][info][gc,heap      ] GC(253322) CMS: 524626K->524626K(1966080K)
[1371505.961s][info][gc,metaspace ] GC(253322) Metaspace: 95515K(98212K)->95515K(98212K) NonClass: 86277K(88004K)->86277K(88004K) Class: 9238K(10208K)->9238K(10208K)
[1371505.961s][info][gc           ] GC(253322) Pause Young (Allocation Failure) 618M->521M(2035M) 5.261ms
[1371505.961s][info][gc,cpu       ] GC(253322) User=0.00s Sys=0.00s Real=0.00s
[1371511.635s][info][gc,start     ] GC(253323) Pause Young (Allocation Failure)
[1371511.635s][info][gc,task      ] GC(253323) Using 9 workers of 9 for evacuation
[1371511.640s][info][gc,heap      ] GC(253323) ParNew: 114671K->2525K(118016K)
[1371511.640s][info][gc,heap      ] GC(253323) CMS: 524626K->533387K(1966080K)
[1371511.640s][info][gc,metaspace ] GC(253323) Metaspace: 95515K(98212K)->95515K(98212K) NonClass: 86277K(88004K)->86277K(88004K) Class: 9238K(10208K)->9238K(10208K)
[1371511.640s][info][gc           ] GC(253323) Pause Young (Allocation Failure) 624M->523M(2035M) 5.266ms
[1371511.640s][info][gc,cpu       ] GC(253323) User=0.00s Sys=0.00s Real=0.00s
[1371515.031s][info][gc,start     ] GC(253324) Pause Young (Allocation Failure)
[1371515.031s][info][gc,task      ] GC(253324) Using 9 workers of 9 for evacuation
[1371515.036s][info][gc,heap      ] GC(253324) ParNew: 107485K->9494K(118016K)
[1371515.037s][info][gc,heap      ] GC(253324) CMS: 533387K->533387K(1966080K)
[1371515.037s][info][gc,metaspace ] GC(253324) Metaspace: 95515K(98212K)->95515K(98212K) NonClass: 86277K(88004K)->86277K(88004K) Class: 9238K(10208K)->9238K(10208K)
[1371515.037s][info][gc           ] GC(253324) Pause Young (Allocation Failure) 625M->530M(2035M) 5.527ms
[1371515.037s][info][gc,cpu       ] GC(253324) User=0.03s Sys=0.00s Real=0.02s
[1371519.923s][info][gc,start     ] GC(253325) Pause Young (Allocation Failure)
[1371519.923s][info][gc,task      ] GC(253325) Using 9 workers of 9 for evacuation
[1371519.929s][info][gc,heap      ] GC(253325) ParNew: 114454K->1944K(118016K)
[1371519.929s][info][gc,heap      ] GC(253325) CMS: 533387K->542218K(1966080K)
[1371519.929s][info][gc,metaspace ] GC(253325) Metaspace: 95515K(98212K)->95515K(98212K) NonClass: 86277K(88004K)->86277K(88004K) Class: 9238K(10208K)->9238K(10208K)
[1371519.929s][info][gc           ] GC(253325) Pause Young (Allocation Failure) 632M->531M(2035M) 6.147ms
[1371519.929s][info][gc,cpu       ] GC(253325) User=0.00s Sys=0.00s Real=0.00s
[1371525.857s][info][gc,start     ] GC(253326) Pause Young (Allocation Failure)
[1371525.857s][info][gc,task      ] GC(253326) Using 9 workers of 9 for evacuation
[1371525.861s][info][gc,heap      ] GC(253326) ParNew: 106904K->9331K(118016K)
[1371525.861s][info][gc,heap      ] GC(253326) CMS: 542218K->542218K(1966080K)
[1371525.861s][info][gc,metaspace ] GC(253326) Metaspace: 95515K(98212K)->95515K(98212K) NonClass: 86277K(88004K)->86277K(88004K) Class: 9238K(10208K)->9238K(10208K)
[1371525.861s][info][gc           ] GC(253326) Pause Young (Allocation Failure) 633M->538M(2035M) 4.642ms
[1371525.862s][info][gc,cpu       ] GC(253326) User=0.00s Sys=0.00s Real=0.00s
[1371533.269s][info][gc,start     ] GC(253327) Pause Young (Allocation Failure)
[1371533.269s][info][gc,task      ] GC(253327) Using 9 workers of 9 for evacuation
[1371533.273s][info][gc,heap      ] GC(253327) ParNew: 114291K->1833K(118016K)
[1371533.273s][info][gc,heap      ] GC(253327) CMS: 542218K->542373K(1966080K)
[1371533.273s][info][gc,metaspace ] GC(253327) Metaspace: 95515K(98212K)->95515K(98212K) NonClass: 86277K(88004K)->86277K(88004K) Class: 9238K(10208K)->9238K(10208K)
[1371533.273s][info][gc           ] GC(253327) Pause Young (Allocation Failure) 641M->531M(2035M) 3.918ms
[1371533.273s][info][gc,cpu       ] GC(253327) User=0.00s Sys=0.00s Real=0.00s
[1371537.549s][info][gc,start     ] GC(253328) Pause Young (Allocation Failure)
[1371537.549s][info][gc,task      ] GC(253328) Using 9 workers of 9 for evacuation
[1371537.554s][info][gc,heap      ] GC(253328) ParNew: 106793K->9236K(118016K)
[1371537.554s][info][gc,heap      ] GC(253328) CMS: 542373K->542373K(1966080K)
[1371537.554s][info][gc,metaspace ] GC(253328) Metaspace: 95515K(98212K)->95515K(98212K) NonClass: 86277K(88004K)->86277K(88004K) Class: 9238K(10208K)->9238K(10208K)
[1371537.554s][info][gc           ] GC(253328) Pause Young (Allocation Failure) 633M->538M(2035M) 4.662ms
[1371537.554s][info][gc,cpu       ] GC(253328) User=0.00s Sys=0.00s Real=0.00s
[1371541.687s][info][gc,start     ] GC(253329) Pause Young (Allocation Failure)
[1371541.687s][info][gc,task      ] GC(253329) Using 9 workers of 9 for evacuation
[1371541.693s][info][gc,heap      ] GC(253329) ParNew: 114196K->1625K(118016K)
[1371541.693s][info][gc,heap      ] GC(253329) CMS: 542373K->551156K(1966080K)
[1371541.693s][info][gc,metaspace ] GC(253329) Metaspace: 95515K(98212K)->95515K(98212K) NonClass: 86277K(88004K)->86277K(88004K) Class: 9238K(10208K)->9238K(10208K)
[1371541.693s][info][gc           ] GC(253329) Pause Young (Allocation Failure) 641M->539M(2035M) 6.027ms
[1371541.693s][info][gc,cpu       ] GC(253329) User=0.00s Sys=0.00s Real=0.00s
[1371545.047s][info][gc,start     ] GC(253330) Pause Young (Allocation Failure)
[1371545.048s][info][gc,task      ] GC(253330) Using 9 workers of 9 for evacuation
[1371545.052s][info][gc,heap      ] GC(253330) ParNew: 106585K->9397K(118016K)
[1371545.052s][info][gc,heap      ] GC(253330) CMS: 551156K->551156K(1966080K)
[1371545.052s][info][gc,metaspace ] GC(253330) Metaspace: 95515K(98212K)->95515K(98212K) NonClass: 86277K(88004K)->86277K(88004K) Class: 9238K(10208K)->9238K(10208K)
[1371545.052s][info][gc           ] GC(253330) Pause Young (Allocation Failure) 642M->547M(2035M) 5.127ms
[1371545.053s][info][gc,cpu       ] GC(253330) User=0.00s Sys=0.00s Real=0.00s
[1371550.931s][info][gc,start     ] GC(253331) Pause Young (Allocation Failure)
[1371550.931s][info][gc,task      ] GC(253331) Using 9 workers of 9 for evacuation
[1371550.937s][info][gc,heap      ] GC(253331) ParNew: 114357K->1649K(118016K)
[1371550.937s][info][gc,heap      ] GC(253331) CMS: 551156K->559998K(1966080K)
[1371550.937s][info][gc,metaspace ] GC(253331) Metaspace: 95515K(98212K)->95515K(98212K) NonClass: 86277K(88004K)->86277K(88004K) Class: 9238K(10208K)->9238K(10208K)
[1371550.937s][info][gc           ] GC(253331) Pause Young (Allocation Failure) 649M->548M(2035M) 5.813ms
[1371550.937s][info][gc,cpu       ] GC(253331) User=0.14s Sys=0.00s Real=0.02s
[1371556.016s][info][gc,start     ] GC(253332) Pause Young (Allocation Failure)
[1371556.016s][info][gc,task      ] GC(253332) Using 9 workers of 9 for evacuation
[1371556.020s][info][gc,heap      ] GC(253332) ParNew: 106609K->9339K(118016K)
[1371556.020s][info][gc,heap      ] GC(253332) CMS: 559998K->559998K(1966080K)
[1371556.020s][info][gc,metaspace ] GC(253332) Metaspace: 95515K(98212K)->95515K(98212K) NonClass: 86277K(88004K)->86277K(88004K) Class: 9238K(10208K)->9238K(10208K)
[1371556.020s][info][gc           ] GC(253332) Pause Young (Allocation Failure) 650M->555M(2035M) 4.396ms
[1371556.020s][info][gc,cpu       ] GC(253332) User=0.00s Sys=0.00s Real=0.00s
[1371560.378s][info][gc,start     ] GC(253333) Pause Young (Allocation Failure)
[1371560.378s][info][gc,task      ] GC(253333) Using 9 workers of 9 for evacuation
[1371560.384s][info][gc,heap      ] GC(253333) ParNew: 114299K->1628K(118016K)
[1371560.384s][info][gc,heap      ] GC(253333) CMS: 559998K->568883K(1966080K)
[1371560.384s][info][gc,metaspace ] GC(253333) Metaspace: 95515K(98212K)->95515K(98212K) NonClass: 86277K(88004K)->86277K(88004K) Class: 9238K(10208K)->9238K(10208K)
[1371560.384s][info][gc           ] GC(253333) Pause Young (Allocation Failure) 658M->557M(2035M) 5.632ms
[1371560.384s][info][gc,cpu       ] GC(253333) User=0.00s Sys=0.00s Real=0.00s
[1371564.627s][info][gc,start     ] GC(253334) Pause Young (Allocation Failure)
[1371564.627s][info][gc,task      ] GC(253334) Using 9 workers of 9 for evacuation
[1371564.632s][info][gc,heap      ] GC(253334) ParNew: 106354K->2043K(118016K)
[1371564.632s][info][gc,heap      ] GC(253334) CMS: 568883K->568883K(1966080K)
[1371564.632s][info][gc,metaspace ] GC(253334) Metaspace: 95515K(98212K)->95515K(98212K) NonClass: 86277K(88004K)->86277K(88004K) Class: 9238K(10208K)->9238K(10208K)
[1371564.632s][info][gc           ] GC(253334) Pause Young (Allocation Failure) 659M->557M(2035M) 4.366ms
[1371564.632s][info][gc,cpu       ] GC(253334) User=0.05s Sys=0.02s Real=0.02s
[1371570.188s][info][gc,start     ] GC(253335) Pause Young (Allocation Failure)
[1371570.189s][info][gc,task      ] GC(253335) Using 9 workers of 9 for evacuation
[1371570.193s][info][gc,heap      ] GC(253335) ParNew: 107003K->9443K(118016K)
[1371570.193s][info][gc,heap      ] GC(253335) CMS: 568883K->568883K(1966080K)
[1371570.193s][info][gc,metaspace ] GC(253335) Metaspace: 95515K(98212K)->95515K(98212K) NonClass: 86277K(88004K)->86277K(88004K) Class: 9238K(10208K)->9238K(10208K)
[1371570.193s][info][gc           ] GC(253335) Pause Young (Allocation Failure) 660M->564M(2035M) 4.822ms
[1371570.193s][info][gc,cpu       ] GC(253335) User=0.14s Sys=0.00s Real=0.02s
[1371574.979s][info][gc,start     ] GC(253336) Pause Young (Allocation Failure)
[1371574.979s][info][gc,task      ] GC(253336) Using 9 workers of 9 for evacuation
[1371574.984s][info][gc,heap      ] GC(253336) ParNew: 114259K->5617K(118016K)
[1371574.984s][info][gc,heap      ] GC(253336) CMS: 568883K->569099K(1966080K)
[1371574.984s][info][gc,metaspace ] GC(253336) Metaspace: 95515K(98212K)->95515K(98212K) NonClass: 86277K(88004K)->86277K(88004K) Class: 9238K(10208K)->9238K(10208K)
[1371574.984s][info][gc           ] GC(253336) Pause Young (Allocation Failure) 667M->561M(2035M) 4.940ms
[1371574.984s][info][gc,cpu       ] GC(253336) User=0.00s Sys=0.00s Real=0.00s
[1371580.109s][info][gc,start     ] GC(253337) Pause Young (Allocation Failure)
[1371580.109s][info][gc,task      ] GC(253337) Using 9 workers of 9 for evacuation
[1371580.114s][info][gc,heap      ] GC(253337) ParNew: 110577K->10244K(118016K)
[1371580.114s][info][gc,heap      ] GC(253337) CMS: 569099K->569099K(1966080K)
[1371580.114s][info][gc,metaspace ] GC(253337) Metaspace: 95515K(98212K)->95515K(98212K) NonClass: 86277K(88004K)->86277K(88004K) Class: 9238K(10208K)->9238K(10208K)
[1371580.114s][info][gc           ] GC(253337) Pause Young (Allocation Failure) 663M->565M(2035M) 5.030ms
[1371580.114s][info][gc,cpu       ] GC(253337) User=0.02s Sys=0.00s Real=0.02s
[1371585.373s][info][gc,start     ] GC(253338) Pause Young (Allocation Failure)
[1371585.373s][info][gc,task      ] GC(253338) Using 9 workers of 9 for evacuation
[1371585.377s][info][gc,heap      ] GC(253338) ParNew: 115204K->11189K(118016K)
[1371585.378s][info][gc,heap      ] GC(253338) CMS: 569099K->569209K(1966080K)
[1371585.378s][info][gc,metaspace ] GC(253338) Metaspace: 95515K(98212K)->95515K(98212K) NonClass: 86277K(88004K)->86277K(88004K) Class: 9238K(10208K)->9238K(10208K)
[1371585.378s][info][gc           ] GC(253338) Pause Young (Allocation Failure) 668M->566M(2035M) 4.876ms
[1371585.378s][info][gc,cpu       ] GC(253338) User=0.03s Sys=0.02s Real=0.02s
[1371590.113s][info][gc,start     ] GC(253339) Pause Young (Allocation Failure)
[1371590.113s][info][gc,task      ] GC(253339) Using 9 workers of 9 for evacuation
[1371590.119s][info][gc,heap      ] GC(253339) ParNew: 116149K->4647K(118016K)
[1371590.119s][info][gc,heap      ] GC(253339) CMS: 569209K->578000K(1966080K)
[1371590.119s][info][gc,metaspace ] GC(253339) Metaspace: 95515K(98212K)->95515K(98212K) NonClass: 86277K(88004K)->86277K(88004K) Class: 9238K(10208K)->9238K(10208K)
[1371590.119s][info][gc           ] GC(253339) Pause Young (Allocation Failure) 669M->568M(2035M) 5.799ms
[1371590.119s][info][gc,cpu       ] GC(253339) User=0.00s Sys=0.00s Real=0.00s
[1371595.593s][info][gc,start     ] GC(253340) Pause Young (Allocation Failure)
[1371595.593s][info][gc,task      ] GC(253340) Using 9 workers of 9 for evacuation
[1371595.598s][info][gc,heap      ] GC(253340) ParNew: 109607K->9865K(118016K)
[1371595.598s][info][gc,heap      ] GC(253340) CMS: 578000K->578000K(1966080K)
[1371595.598s][info][gc,metaspace ] GC(253340) Metaspace: 95515K(98212K)->95515K(98212K) NonClass: 86277K(88004K)->86277K(88004K) Class: 9238K(10208K)->9238K(10208K)
[1371595.598s][info][gc           ] GC(253340) Pause Young (Allocation Failure) 671M->574M(2035M) 4.578ms
[1371595.598s][info][gc,cpu       ] GC(253340) User=0.00s Sys=0.00s Real=0.00s
[1371600.222s][info][gc,start     ] GC(253341) Pause Young (Allocation Failure)
[1371600.222s][info][gc,task      ] GC(253341) Using 9 workers of 9 for evacuation
[1371600.228s][info][gc,heap      ] GC(253341) ParNew: 114825K->2917K(118016K)
[1371600.228s][info][gc,heap      ] GC(253341) CMS: 578000K->586824K(1966080K)
[1371600.228s][info][gc,metaspace ] GC(253341) Metaspace: 95515K(98212K)->95515K(98212K) NonClass: 86277K(88004K)->86277K(88004K) Class: 9238K(10208K)->9238K(10208K)
[1371600.228s][info][gc           ] GC(253341) Pause Young (Allocation Failure) 676M->575M(2035M) 5.769ms
[1371600.228s][info][gc,cpu       ] GC(253341) User=0.00s Sys=0.00s Real=0.00s
[1371605.223s][info][gc,start     ] GC(253342) Pause Young (Allocation Failure)
[1371605.223s][info][gc,task      ] GC(253342) Using 9 workers of 9 for evacuation
[1371605.227s][info][gc,heap      ] GC(253342) ParNew: 107877K->4886K(118016K)
[1371605.227s][info][gc,heap      ] GC(253342) CMS: 586824K->586824K(1966080K)
[1371605.227s][info][gc,metaspace ] GC(253342) Metaspace: 95515K(98212K)->95515K(98212K) NonClass: 86277K(88004K)->86277K(88004K) Class: 9238K(10208K)->9238K(10208K)
[1371605.227s][info][gc           ] GC(253342) Pause Young (Allocation Failure) 678M->577M(2035M) 4.548ms
[1371605.227s][info][gc,cpu       ] GC(253342) User=0.00s Sys=0.00s Real=0.00s
[1371609.241s][info][gc,start     ] GC(253343) Pause Young (Allocation Failure)
[1371609.241s][info][gc,task      ] GC(253343) Using 9 workers of 9 for evacuation
[1371609.245s][info][gc,heap      ] GC(253343) ParNew: 109846K->9885K(118016K)
[1371609.245s][info][gc,heap      ] GC(253343) CMS: 586824K->586824K(1966080K)
[1371609.245s][info][gc,metaspace ] GC(253343) Metaspace: 95515K(98212K)->95515K(98212K) NonClass: 86277K(88004K)->86277K(88004K) Class: 9238K(10208K)->9238K(10208K)
[1371609.245s][info][gc           ] GC(253343) Pause Young (Allocation Failure) 680M->582M(2035M) 4.546ms
[1371609.245s][info][gc,cpu       ] GC(253343) User=0.00s Sys=0.00s Real=0.00s
[1371615.293s][info][gc,start     ] GC(253344) Pause Young (Allocation Failure)
[1371615.293s][info][gc,task      ] GC(253344) Using 9 workers of 9 for evacuation
[1371615.297s][info][gc,heap      ] GC(253344) ParNew: 114845K->3026K(118016K)
[1371615.297s][info][gc,heap      ] GC(253344) CMS: 586824K->586951K(1966080K)
[1371615.297s][info][gc,metaspace ] GC(253344) Metaspace: 95515K(98212K)->95515K(98212K) NonClass: 86277K(88004K)->86277K(88004K) Class: 9238K(10208K)->9238K(10208K)
[1371615.297s][info][gc           ] GC(253344) Pause Young (Allocation Failure) 685M->576M(2035M) 4.047ms
[1371615.297s][info][gc,cpu       ] GC(253344) User=0.00s Sys=0.00s Real=0.00s
[1371620.459s][info][gc,start     ] GC(253345) Pause Young (Allocation Failure)
[1371620.459s][info][gc,task      ] GC(253345) Using 9 workers of 9 for evacuation
[1371620.463s][info][gc,heap      ] GC(253345) ParNew: 107986K->9561K(118016K)
[1371620.463s][info][gc,heap      ] GC(253345) CMS: 586951K->586951K(1966080K)
[1371620.463s][info][gc,metaspace ] GC(253345) Metaspace: 95515K(98212K)->95515K(98212K) NonClass: 86277K(88004K)->86277K(88004K) Class: 9238K(10208K)->9238K(10208K)
[1371620.463s][info][gc           ] GC(253345) Pause Young (Allocation Failure) 678M->582M(2035M) 4.381ms
[1371620.463s][info][gc,cpu       ] GC(253345) User=0.00s Sys=0.00s Real=0.00s
[1371626.558s][info][gc,start     ] GC(253346) Pause Young (Allocation Failure)
[1371626.558s][info][gc,task      ] GC(253346) Using 9 workers of 9 for evacuation
[1371626.562s][info][gc,heap      ] GC(253346) ParNew: 114501K->2689K(118016K)
[1371626.562s][info][gc,heap      ] GC(253346) CMS: 586951K->587210K(1966080K)
[1371626.562s][info][gc,metaspace ] GC(253346) Metaspace: 95515K(98212K)->95515K(98212K) NonClass: 86277K(88004K)->86277K(88004K) Class: 9238K(10208K)->9238K(10208K)
[1371626.562s][info][gc           ] GC(253346) Pause Young (Allocation Failure) 685M->576M(2035M) 4.619ms
[1371626.562s][info][gc,cpu       ] GC(253346) User=0.00s Sys=0.00s Real=0.00s
[1371630.893s][info][gc,start     ] GC(253347) Pause Young (Allocation Failure)
[1371630.893s][info][gc,task      ] GC(253347) Using 9 workers of 9 for evacuation
[1371630.898s][info][gc,heap      ] GC(253347) ParNew: 107649K->9453K(118016K)
[1371630.898s][info][gc,heap      ] GC(253347) CMS: 587210K->587210K(1966080K)
[1371630.898s][info][gc,metaspace ] GC(253347) Metaspace: 95515K(98212K)->95515K(98212K) NonClass: 86277K(88004K)->86277K(88004K) Class: 9238K(10208K)->9238K(10208K)
[1371630.898s][info][gc           ] GC(253347) Pause Young (Allocation Failure) 678M->582M(2035M) 4.784ms
[1371630.898s][info][gc,cpu       ] GC(253347) User=0.00s Sys=0.00s Real=0.00s
[1371636.902s][info][gc,start     ] GC(253348) Pause Young (Allocation Failure)
[1371636.902s][info][gc,task      ] GC(253348) Using 9 workers of 9 for evacuation
[1371636.907s][info][gc,heap      ] GC(253348) ParNew: 114413K->10396K(118016K)
[1371636.907s][info][gc,heap      ] GC(253348) CMS: 587210K->587394K(1966080K)
[1371636.907s][info][gc,metaspace ] GC(253348) Metaspace: 95515K(98212K)->95515K(98212K) NonClass: 86277K(88004K)->86277K(88004K) Class: 9238K(10208K)->9238K(10208K)
[1371636.907s][info][gc           ] GC(253348) Pause Young (Allocation Failure) 685M->583M(2035M) 4.746ms
[1371636.907s][info][gc,cpu       ] GC(253348) User=0.00s Sys=0.00s Real=0.00s
[1371641.907s][info][gc,start     ] GC(253349) Pause Young (Allocation Failure)
[1371641.907s][info][gc,task      ] GC(253349) Using 9 workers of 9 for evacuation
[1371641.912s][info][gc,heap      ] GC(253349) ParNew: 115356K->3737K(118016K)
[1371641.912s][info][gc,heap      ] GC(253349) CMS: 587394K->596155K(1966080K)
[1371641.912s][info][gc,metaspace ] GC(253349) Metaspace: 95515K(98212K)->95515K(98212K) NonClass: 86277K(88004K)->86277K(88004K) Class: 9238K(10208K)->9238K(10208K)
[1371641.912s][info][gc           ] GC(253349) Pause Young (Allocation Failure) 686M->585M(2035M) 5.007ms
[1371641.912s][info][gc,cpu       ] GC(253349) User=0.08s Sys=0.00s Real=0.02s
[1371645.791s][info][gc,start     ] GC(253350) Pause Young (Allocation Failure)
[1371645.791s][info][gc,task      ] GC(253350) Using 9 workers of 9 for evacuation
[1371645.795s][info][gc,heap      ] GC(253350) ParNew: 108697K->1106K(118016K)
[1371645.795s][info][gc,heap      ] GC(253350) CMS: 596155K->596155K(1966080K)
[1371645.795s][info][gc,metaspace ] GC(253350) Metaspace: 95515K(98212K)->95515K(98212K) NonClass: 86277K(88004K)->86277K(88004K) Class: 9238K(10208K)->9238K(10208K)
[1371645.795s][info][gc           ] GC(253350) Pause Young (Allocation Failure) 688M->583M(2035M) 4.035ms
[1371645.795s][info][gc,cpu       ] GC(253350) User=0.00s Sys=0.00s Real=0.00s
[1371649.177s][info][gc,start     ] GC(253351) Pause Young (Allocation Failure)
[1371649.177s][info][gc,task      ] GC(253351) Using 9 workers of 9 for evacuation
[1371649.182s][info][gc,heap      ] GC(253351) ParNew: 106066K->9404K(118016K)
[1371649.182s][info][gc,heap      ] GC(253351) CMS: 596155K->596155K(1966080K)
[1371649.182s][info][gc,metaspace ] GC(253351) Metaspace: 95515K(98212K)->95515K(98212K) NonClass: 86277K(88004K)->86277K(88004K) Class: 9238K(10208K)->9238K(10208K)
[1371649.182s][info][gc           ] GC(253351) Pause Young (Allocation Failure) 685M->591M(2035M) 5.032ms
[1371649.182s][info][gc,cpu       ] GC(253351) User=0.00s Sys=0.00s Real=0.00s
[1371654.385s][info][gc,start     ] GC(253352) Pause Young (Allocation Failure)
[1371654.385s][info][gc,task      ] GC(253352) Using 9 workers of 9 for evacuation
[1371654.390s][info][gc,heap      ] GC(253352) ParNew: 114364K->1561K(118016K)
[1371654.390s][info][gc,heap      ] GC(253352) CMS: 596155K->596439K(1966080K)
[1371654.390s][info][gc,metaspace ] GC(253352) Metaspace: 95515K(98212K)->95515K(98212K) NonClass: 86277K(88004K)->86277K(88004K) Class: 9238K(10208K)->9238K(10208K)
[1371654.390s][info][gc           ] GC(253352) Pause Young (Allocation Failure) 693M->583M(2035M) 4.612ms
[1371654.390s][info][gc,cpu       ] GC(253352) User=0.00s Sys=0.00s Real=0.00s
[1371658.434s][info][gc,start     ] GC(253353) Pause Young (Allocation Failure)
[1371658.434s][info][gc,task      ] GC(253353) Using 9 workers of 9 for evacuation
[1371658.439s][info][gc,heap      ] GC(253353) ParNew: 106521K->9406K(118016K)
[1371658.439s][info][gc,heap      ] GC(253353) CMS: 596439K->596439K(1966080K)
[1371658.439s][info][gc,metaspace ] GC(253353) Metaspace: 95515K(98212K)->95515K(98212K) NonClass: 86277K(88004K)->86277K(88004K) Class: 9238K(10208K)->9238K(10208K)
[1371658.439s][info][gc           ] GC(253353) Pause Young (Allocation Failure) 686M->591M(2035M) 4.822ms
[1371658.439s][info][gc,cpu       ] GC(253353) User=0.02s Sys=0.00s Real=0.02s
[1371662.078s][info][gc,start     ] GC(253354) Pause Young (Allocation Failure)
[1371662.079s][info][gc,task      ] GC(253354) Using 9 workers of 9 for evacuation
[1371662.083s][info][gc,heap      ] GC(253354) ParNew: 114187K->2376K(118016K)
[1371662.083s][info][gc,heap      ] GC(253354) CMS: 596439K->596635K(1966080K)
[1371662.083s][info][gc,metaspace ] GC(253354) Metaspace: 95515K(98212K)->95515K(98212K) NonClass: 86277K(88004K)->86277K(88004K) Class: 9238K(10208K)->9238K(10208K)
[1371662.083s][info][gc           ] GC(253354) Pause Young (Allocation Failure) 693M->584M(2035M) 4.261ms
[1371662.083s][info][gc,cpu       ] GC(253354) User=0.02s Sys=0.00s Real=0.02s
[1371665.404s][info][gc,start     ] GC(253355) Pause Young (Allocation Failure)
[1371665.404s][info][gc,task      ] GC(253355) Using 9 workers of 9 for evacuation
[1371665.410s][info][gc,heap      ] GC(253355) ParNew: 107323K->9410K(118016K)
[1371665.410s][info][gc,heap      ] GC(253355) CMS: 596635K->596635K(1966080K)
[1371665.410s][info][gc,metaspace ] GC(253355) Metaspace: 95515K(98212K)->95515K(98212K) NonClass: 86277K(88004K)->86277K(88004K) Class: 9238K(10208K)->9238K(10208K)
[1371665.410s][info][gc           ] GC(253355) Pause Young (Allocation Failure) 687M->591M(2035M) 6.017ms
[1371665.410s][info][gc,cpu       ] GC(253355) User=0.02s Sys=0.00s Real=0.01s
[1371671.316s][info][gc,start     ] GC(253356) Pause Young (Allocation Failure)
[1371671.316s][info][gc,task      ] GC(253356) Using 9 workers of 9 for evacuation
[1371671.321s][info][gc,heap      ] GC(253356) ParNew: 114370K->1868K(118016K)
[1371671.322s][info][gc,heap      ] GC(253356) CMS: 596635K->605479K(1966080K)
[1371671.322s][info][gc,metaspace ] GC(253356) Metaspace: 95515K(98212K)->95515K(98212K) NonClass: 86277K(88004K)->86277K(88004K) Class: 9238K(10208K)->9238K(10208K)
[1371671.322s][info][gc           ] GC(253356) Pause Young (Allocation Failure) 694M->593M(2035M) 5.260ms
[1371671.322s][info][gc,cpu       ] GC(253356) User=0.00s Sys=0.00s Real=0.00s
[1371676.184s][info][gc,start     ] GC(253357) Pause Young (Allocation Failure)
[1371676.184s][info][gc,task      ] GC(253357) Using 9 workers of 9 for evacuation
[1371676.189s][info][gc,heap      ] GC(253357) ParNew: 106828K->9420K(118016K)
[1371676.189s][info][gc,heap      ] GC(253357) CMS: 605479K->605479K(1966080K)
[1371676.189s][info][gc,metaspace ] GC(253357) Metaspace: 95515K(98212K)->95515K(98212K) NonClass: 86277K(88004K)->86277K(88004K) Class: 9238K(10208K)->9238K(10208K)
[1371676.189s][info][gc           ] GC(253357) Pause Young (Allocation Failure) 695M->600M(2035M) 4.714ms
[1371676.189s][info][gc,cpu       ] GC(253357) User=0.00s Sys=0.00s Real=0.00s
[1371680.592s][info][gc,start     ] GC(253358) Pause Young (Allocation Failure)
[1371680.592s][info][gc,task      ] GC(253358) Using 9 workers of 9 for evacuation
[1371680.597s][info][gc,heap      ] GC(253358) ParNew: 114380K->1882K(118016K)
[1371680.597s][info][gc,heap      ] GC(253358) CMS: 605479K->614277K(1966080K)
[1371680.597s][info][gc,metaspace ] GC(253358) Metaspace: 95515K(98212K)->95515K(98212K) NonClass: 86277K(88004K)->86277K(88004K) Class: 9238K(10208K)->9238K(10208K)
[1371680.598s][info][gc           ] GC(253358) Pause Young (Allocation Failure) 702M->601M(2035M) 6.025ms
[1371680.598s][info][gc,cpu       ] GC(253358) User=0.00s Sys=0.00s Real=0.02s
[1371684.380s][info][gc,start     ] GC(253359) Pause Young (Allocation Failure)
[1371684.380s][info][gc,task      ] GC(253359) Using 9 workers of 9 for evacuation
[1371684.384s][info][gc,heap      ] GC(253359) ParNew: 106842K->9429K(118016K)
[1371684.384s][info][gc,heap      ] GC(253359) CMS: 614277K->614277K(1966080K)
[1371684.384s][info][gc,metaspace ] GC(253359) Metaspace: 95515K(98212K)->95515K(98212K) NonClass: 86277K(88004K)->86277K(88004K) Class: 9238K(10208K)->9238K(10208K)
[1371684.384s][info][gc           ] GC(253359) Pause Young (Allocation Failure) 704M->609M(2035M) 4.564ms
[1371684.384s][info][gc,cpu       ] GC(253359) User=0.00s Sys=0.00s Real=0.00s
[1371688.189s][info][gc,start     ] GC(253360) Pause Young (Allocation Failure)
[1371688.189s][info][gc,task      ] GC(253360) Using 9 workers of 9 for evacuation
[1371688.195s][info][gc,heap      ] GC(253360) ParNew: 114389K->1789K(118016K)
[1371688.195s][info][gc,heap      ] GC(253360) CMS: 614277K->623087K(1966080K)
[1371688.195s][info][gc,metaspace ] GC(253360) Metaspace: 95515K(98212K)->95515K(98212K) NonClass: 86277K(88004K)->86277K(88004K) Class: 9238K(10208K)->9238K(10208K)
[1371688.195s][info][gc           ] GC(253360) Pause Young (Allocation Failure) 711M->610M(2035M) 6.154ms
[1371688.195s][info][gc,cpu       ] GC(253360) User=0.00s Sys=0.00s Real=0.00s
[1371692.506s][info][gc,start     ] GC(253361) Pause Young (Allocation Failure)
[1371692.506s][info][gc,task      ] GC(253361) Using 9 workers of 9 for evacuation
[1371692.510s][info][gc,heap      ] GC(253361) ParNew: 106749K->1601K(118016K)
[1371692.510s][info][gc,heap      ] GC(253361) CMS: 623087K->623087K(1966080K)
[1371692.510s][info][gc,metaspace ] GC(253361) Metaspace: 95515K(98212K)->95515K(98212K) NonClass: 86277K(88004K)->86277K(88004K) Class: 9238K(10208K)->9238K(10208K)
[1371692.510s][info][gc           ] GC(253361) Pause Young (Allocation Failure) 712M->610M(2035M) 4.213ms
[1371692.510s][info][gc,cpu       ] GC(253361) User=0.00s Sys=0.00s Real=0.02s
[1371697.439s][info][gc,start     ] GC(253362) Pause Young (Allocation Failure)
[1371697.439s][info][gc,task      ] GC(253362) Using 9 workers of 9 for evacuation
[1371697.444s][info][gc,heap      ] GC(253362) ParNew: 106561K->9424K(118016K)
[1371697.444s][info][gc,heap      ] GC(253362) CMS: 623087K->623087K(1966080K)
[1371697.444s][info][gc,metaspace ] GC(253362) Metaspace: 95515K(98212K)->95515K(98212K) NonClass: 86277K(88004K)->86277K(88004K) Class: 9238K(10208K)->9238K(10208K)
[1371697.444s][info][gc           ] GC(253362) Pause Young (Allocation Failure) 712M->617M(2035M) 5.252ms
[1371697.444s][info][gc,cpu       ] GC(253362) User=0.00s Sys=0.00s Real=0.00s
[1371702.275s][info][gc,start     ] GC(253363) Pause Young (Allocation Failure)
[1371702.275s][info][gc,task      ] GC(253363) Using 9 workers of 9 for evacuation
[1371702.279s][info][gc,heap      ] GC(253363) ParNew: 114384K->1895K(118016K)
[1371702.279s][info][gc,heap      ] GC(253363) CMS: 623087K->623392K(1966080K)
[1371702.279s][info][gc,metaspace ] GC(253363) Metaspace: 95515K(98212K)->95515K(98212K) NonClass: 86277K(88004K)->86277K(88004K) Class: 9238K(10208K)->9238K(10208K)
[1371702.279s][info][gc           ] GC(253363) Pause Young (Allocation Failure) 720M->610M(2035M) 4.234ms
[1371702.279s][info][gc,cpu       ] GC(253363) User=0.00s Sys=0.00s Real=0.02s
[1371706.354s][info][gc,start     ] GC(253364) Pause Young (Allocation Failure)
[1371706.355s][info][gc,task      ] GC(253364) Using 9 workers of 9 for evacuation
[1371706.359s][info][gc,heap      ] GC(253364) ParNew: 106855K->9418K(118016K)
[1371706.359s][info][gc,heap      ] GC(253364) CMS: 623392K->623392K(1966080K)
[1371706.359s][info][gc,metaspace ] GC(253364) Metaspace: 95515K(98212K)->95515K(98212K) NonClass: 86277K(88004K)->86277K(88004K) Class: 9238K(10208K)->9238K(10208K)
[1371706.359s][info][gc           ] GC(253364) Pause Young (Allocation Failure) 713M->617M(2035M) 4.649ms
[1371706.359s][info][gc,cpu       ] GC(253364) User=0.00s Sys=0.00s Real=0.00s
[1371713.250s][info][gc,start     ] GC(253365) Pause Young (Allocation Failure)
[1371713.250s][info][gc,task      ] GC(253365) Using 9 workers of 9 for evacuation
[1371713.254s][info][gc,heap      ] GC(253365) ParNew: 114360K->2266K(118016K)
[1371713.254s][info][gc,heap      ] GC(253365) CMS: 623392K->623530K(1966080K)
[1371713.254s][info][gc,metaspace ] GC(253365) Metaspace: 95515K(98212K)->95515K(98212K) NonClass: 86277K(88004K)->86277K(88004K) Class: 9238K(10208K)->9238K(10208K)
[1371713.254s][info][gc           ] GC(253365) Pause Young (Allocation Failure) 720M->611M(2035M) 3.907ms
[1371713.254s][info][gc,cpu       ] GC(253365) User=0.00s Sys=0.00s Real=0.00s
[1371716.798s][info][gc,start     ] GC(253366) Pause Young (Allocation Failure)
[1371716.798s][info][gc,task      ] GC(253366) Using 9 workers of 9 for evacuation
[1371716.803s][info][gc,heap      ] GC(253366) ParNew: 107226K->9457K(118016K)
[1371716.803s][info][gc,heap      ] GC(253366) CMS: 623530K->623530K(1966080K)
[1371716.803s][info][gc,metaspace ] GC(253366) Metaspace: 95515K(98212K)->95515K(98212K) NonClass: 86277K(88004K)->86277K(88004K) Class: 9238K(10208K)->9238K(10208K)
[1371716.803s][info][gc           ] GC(253366) Pause Young (Allocation Failure) 713M->618M(2035M) 4.610ms
[1371716.803s][info][gc,cpu       ] GC(253366) User=0.00s Sys=0.00s Real=0.00s
[1371721.554s][info][gc,start     ] GC(253367) Pause Young (Allocation Failure)
[1371721.554s][info][gc,task      ] GC(253367) Using 9 workers of 9 for evacuation
[1371721.559s][info][gc,heap      ] GC(253367) ParNew: 114417K->1983K(118016K)
[1371721.559s][info][gc,heap      ] GC(253367) CMS: 623530K->632359K(1966080K)
[1371721.559s][info][gc,metaspace ] GC(253367) Metaspace: 95515K(98212K)->95515K(98212K) NonClass: 86277K(88004K)->86277K(88004K) Class: 9238K(10208K)->9238K(10208K)
[1371721.559s][info][gc           ] GC(253367) Pause Young (Allocation Failure) 720M->619M(2035M) 5.598ms
[1371721.559s][info][gc,cpu       ] GC(253367) User=0.14s Sys=0.00s Real=0.02s
[1371726.928s][info][gc,start     ] GC(253368) Pause Young (Allocation Failure)
[1371726.928s][info][gc,task      ] GC(253368) Using 9 workers of 9 for evacuation
[1371726.933s][info][gc,heap      ] GC(253368) ParNew: 106943K->9425K(118016K)
[1371726.933s][info][gc,heap      ] GC(253368) CMS: 632359K->632359K(1966080K)
[1371726.933s][info][gc,metaspace ] GC(253368) Metaspace: 95515K(98212K)->95515K(98212K) NonClass: 86277K(88004K)->86277K(88004K) Class: 9238K(10208K)->9238K(10208K)
[1371726.933s][info][gc           ] GC(253368) Pause Young (Allocation Failure) 721M->626M(2035M) 4.885ms
[1371726.933s][info][gc,cpu       ] GC(253368) User=0.00s Sys=0.00s Real=0.02s
[1371731.758s][info][gc,start     ] GC(253369) Pause Young (Allocation Failure)
[1371731.758s][info][gc,task      ] GC(253369) Using 9 workers of 9 for evacuation
[1371731.763s][info][gc,heap      ] GC(253369) ParNew: 114385K->2005K(118016K)
[1371731.763s][info][gc,heap      ] GC(253369) CMS: 632359K->641228K(1966080K)
[1371731.763s][info][gc,metaspace ] GC(253369) Metaspace: 95515K(98212K)->95515K(98212K) NonClass: 86277K(88004K)->86277K(88004K) Class: 9238K(10208K)->9238K(10208K)
[1371731.763s][info][gc           ] GC(253369) Pause Young (Allocation Failure) 729M->628M(2035M) 5.917ms
[1371731.764s][info][gc,cpu       ] GC(253369) User=0.06s Sys=0.02s Real=0.02s
[1371737.736s][info][gc,start     ] GC(253370) Pause Young (Allocation Failure)
[1371737.736s][info][gc,task      ] GC(253370) Using 9 workers of 9 for evacuation
[1371737.740s][info][gc,heap      ] GC(253370) ParNew: 106965K->9380K(118016K)
[1371737.740s][info][gc,heap      ] GC(253370) CMS: 641228K->641228K(1966080K)
[1371737.740s][info][gc,metaspace ] GC(253370) Metaspace: 95515K(98212K)->95515K(98212K) NonClass: 86277K(88004K)->86277K(88004K) Class: 9238K(10208K)->9238K(10208K)
[1371737.740s][info][gc           ] GC(253370) Pause Young (Allocation Failure) 730M->635M(2035M) 4.569ms
[1371737.740s][info][gc,cpu       ] GC(253370) User=0.00s Sys=0.00s Real=0.00s
[1371741.258s][info][gc,start     ] GC(253371) Pause Young (Allocation Failure)
[1371741.258s][info][gc,task      ] GC(253371) Using 9 workers of 9 for evacuation
[1371741.263s][info][gc,heap      ] GC(253371) ParNew: 114340K->1811K(118016K)
[1371741.264s][info][gc,heap      ] GC(253371) CMS: 641228K->650062K(1966080K)
[1371741.264s][info][gc,metaspace ] GC(253371) Metaspace: 95515K(98212K)->95515K(98212K) NonClass: 86277K(88004K)->86277K(88004K) Class: 9238K(10208K)->9238K(10208K)
[1371741.264s][info][gc           ] GC(253371) Pause Young (Allocation Failure) 737M->636M(2035M) 5.374ms
[1371741.264s][info][gc,cpu       ] GC(253371) User=0.14s Sys=0.00s Real=0.02s
[1371744.558s][info][gc,start     ] GC(253372) Pause Young (Allocation Failure)
[1371744.559s][info][gc,task      ] GC(253372) Using 9 workers of 9 for evacuation
[1371744.563s][info][gc,heap      ] GC(253372) ParNew: 106771K->9446K(118016K)
[1371744.563s][info][gc,heap      ] GC(253372) CMS: 650062K->650062K(1966080K)
[1371744.563s][info][gc,metaspace ] GC(253372) Metaspace: 95515K(98212K)->95515K(98212K) NonClass: 86277K(88004K)->86277K(88004K) Class: 9238K(10208K)->9238K(10208K)
[1371744.563s][info][gc           ] GC(253372) Pause Young (Allocation Failure) 739M->644M(2035M) 4.444ms
[1371744.563s][info][gc,cpu       ] GC(253372) User=0.00s Sys=0.00s Real=0.00s
[1371748.549s][info][gc,start     ] GC(253373) Pause Young (Allocation Failure)
[1371748.549s][info][gc,task      ] GC(253373) Using 9 workers of 9 for evacuation
[1371748.555s][info][gc,heap      ] GC(253373) ParNew: 114406K->1907K(118016K)
[1371748.555s][info][gc,heap      ] GC(253373) CMS: 650062K->658943K(1966080K)
[1371748.555s][info][gc,metaspace ] GC(253373) Metaspace: 95515K(98212K)->95515K(98212K) NonClass: 86277K(88004K)->86277K(88004K) Class: 9238K(10208K)->9238K(10208K)
[1371748.555s][info][gc           ] GC(253373) Pause Young (Allocation Failure) 746M->645M(2035M) 5.568ms
[1371748.555s][info][gc,cpu       ] GC(253373) User=0.00s Sys=0.00s Real=0.00s
[1371753.495s][info][gc,start     ] GC(253374) Pause Young (Allocation Failure)
[1371753.495s][info][gc,task      ] GC(253374) Using 9 workers of 9 for evacuation
[1371753.500s][info][gc,heap      ] GC(253374) ParNew: 106867K->700K(118016K)
[1371753.501s][info][gc,heap      ] GC(253374) CMS: 658943K->658943K(1966080K)
[1371753.501s][info][gc,metaspace ] GC(253374) Metaspace: 95515K(98212K)->95515K(98212K) NonClass: 86277K(88004K)->86277K(88004K) Class: 9238K(10208K)->9238K(10208K)
[1371753.501s][info][gc           ] GC(253374) Pause Young (Allocation Failure) 747M->644M(2035M) 5.803ms
[1371753.501s][info][gc,cpu       ] GC(253374) User=0.00s Sys=0.00s Real=0.00s
[1371757.902s][info][gc,start     ] GC(253375) Pause Young (Allocation Failure)
[1371757.902s][info][gc,task      ] GC(253375) Using 9 workers of 9 for evacuation
[1371757.906s][info][gc,heap      ] GC(253375) ParNew: 105660K->9301K(118016K)
[1371757.906s][info][gc,heap      ] GC(253375) CMS: 658943K->658943K(1966080K)
[1371757.906s][info][gc,metaspace ] GC(253375) Metaspace: 95515K(98212K)->95515K(98212K) NonClass: 86277K(88004K)->86277K(88004K) Class: 9238K(10208K)->9238K(10208K)
[1371757.906s][info][gc           ] GC(253375) Pause Young (Allocation Failure) 746M->652M(2035M) 4.440ms
[1371757.906s][info][gc,cpu       ] GC(253375) User=0.00s Sys=0.00s Real=0.00s
[1371764.044s][info][gc,start     ] GC(253376) Pause Young (Allocation Failure)
[1371764.044s][info][gc,task      ] GC(253376) Using 9 workers of 9 for evacuation
[1371764.048s][info][gc,heap      ] GC(253376) ParNew: 114012K->1927K(118016K)
[1371764.048s][info][gc,heap      ] GC(253376) CMS: 658943K->659207K(1966080K)
[1371764.048s][info][gc,metaspace ] GC(253376) Metaspace: 95515K(98212K)->95515K(98212K) NonClass: 86277K(88004K)->86277K(88004K) Class: 9238K(10208K)->9238K(10208K)
[1371764.048s][info][gc           ] GC(253376) Pause Young (Allocation Failure) 754M->645M(2035M) 4.134ms
[1371764.048s][info][gc,cpu       ] GC(253376) User=0.00s Sys=0.00s Real=0.00s
[1371769.237s][info][gc,start     ] GC(253377) Pause Young (Allocation Failure)
[1371769.237s][info][gc,task      ] GC(253377) Using 9 workers of 9 for evacuation
[1371769.242s][info][gc,heap      ] GC(253377) ParNew: 106887K->9343K(118016K)
[1371769.242s][info][gc,heap      ] GC(253377) CMS: 659207K->659207K(1966080K)
[1371769.242s][info][gc,metaspace ] GC(253377) Metaspace: 95515K(98212K)->95515K(98212K) NonClass: 86277K(88004K)->86277K(88004K) Class: 9238K(10208K)->9238K(10208K)
[1371769.242s][info][gc           ] GC(253377) Pause Young (Allocation Failure) 748M->652M(2035M) 4.699ms
[1371769.242s][info][gc,cpu       ] GC(253377) User=0.14s Sys=0.00s Real=0.02s
[1371774.520s][info][gc,start     ] GC(253378) Pause Young (Allocation Failure)
[1371774.520s][info][gc,task      ] GC(253378) Using 9 workers of 9 for evacuation
[1371774.524s][info][gc,heap      ] GC(253378) ParNew: 114303K->9691K(118016K)
[1371774.524s][info][gc,heap      ] GC(253378) CMS: 659207K->659357K(1966080K)
[1371774.524s][info][gc,metaspace ] GC(253378) Metaspace: 95515K(98212K)->95515K(98212K) NonClass: 86277K(88004K)->86277K(88004K) Class: 9238K(10208K)->9238K(10208K)
[1371774.524s][info][gc           ] GC(253378) Pause Young (Allocation Failure) 755M->653M(2035M) 4.714ms
[1371774.524s][info][gc,cpu       ] GC(253378) User=0.03s Sys=0.00s Real=0.02s
[1371781.318s][info][gc,start     ] GC(253379) Pause Young (Allocation Failure)
[1371781.318s][info][gc,task      ] GC(253379) Using 9 workers of 9 for evacuation
[1371781.323s][info][gc,heap      ] GC(253379) ParNew: 114651K->3249K(118016K)
[1371781.323s][info][gc,heap      ] GC(253379) CMS: 659357K->668085K(1966080K)
[1371781.323s][info][gc,metaspace ] GC(253379) Metaspace: 95515K(98212K)->95515K(98212K) NonClass: 86277K(88004K)->86277K(88004K) Class: 9238K(10208K)->9238K(10208K)
[1371781.323s][info][gc           ] GC(253379) Pause Young (Allocation Failure) 755M->655M(2035M) 5.346ms
[1371781.323s][info][gc,cpu       ] GC(253379) User=0.00s Sys=0.00s Real=0.00s
[1371787.962s][info][gc,start     ] GC(253380) Pause Young (Allocation Failure)
[1371787.962s][info][gc,task      ] GC(253380) Using 9 workers of 9 for evacuation
[1371787.967s][info][gc,heap      ] GC(253380) ParNew: 108209K->9591K(118016K)
[1371787.967s][info][gc,heap      ] GC(253380) CMS: 668085K->668085K(1966080K)
[1371787.967s][info][gc,metaspace ] GC(253380) Metaspace: 95515K(98212K)->95515K(98212K) NonClass: 86277K(88004K)->86277K(88004K) Class: 9238K(10208K)->9238K(10208K)
[1371787.968s][info][gc           ] GC(253380) Pause Young (Allocation Failure) 758M->661M(2035M) 5.457ms
[1371787.968s][info][gc,cpu       ] GC(253380) User=0.00s Sys=0.00s Real=0.00s
[1371794.662s][info][gc,start     ] GC(253381) Pause Young (Allocation Failure)
[1371794.662s][info][gc,task      ] GC(253381) Using 9 workers of 9 for evacuation
[1371794.666s][info][gc,heap      ] GC(253381) ParNew: 114551K->2447K(118016K)
[1371794.666s][info][gc,heap      ] GC(253381) CMS: 668085K->668271K(1966080K)
[1371794.667s][info][gc,metaspace ] GC(253381) Metaspace: 95515K(98212K)->95515K(98212K) NonClass: 86277K(88004K)->86277K(88004K) Class: 9238K(10208K)->9238K(10208K)
[1371794.667s][info][gc           ] GC(253381) Pause Young (Allocation Failure) 764M->654M(2035M) 4.698ms
[1371794.667s][info][gc,cpu       ] GC(253381) User=0.02s Sys=0.00s Real=0.02s
[1371800.200s][info][gc,start     ] GC(253382) Pause Young (Allocation Failure)
[1371800.200s][info][gc,task      ] GC(253382) Using 9 workers of 9 for evacuation
[1371800.204s][info][gc,heap      ] GC(253382) ParNew: 107407K->9452K(118016K)
[1371800.204s][info][gc,heap      ] GC(253382) CMS: 668271K->668271K(1966080K)
[1371800.204s][info][gc,metaspace ] GC(253382) Metaspace: 95515K(98212K)->95515K(98212K) NonClass: 86277K(88004K)->86277K(88004K) Class: 9238K(10208K)->9238K(10208K)
[1371800.204s][info][gc           ] GC(253382) Pause Young (Allocation Failure) 757M->661M(2035M) 4.436ms
[1371800.204s][info][gc,cpu       ] GC(253382) User=0.00s Sys=0.00s Real=0.00s
[1371805.546s][info][gc,start     ] GC(253383) Pause Young (Allocation Failure)
[1371805.546s][info][gc,task      ] GC(253383) Using 9 workers of 9 for evacuation
[1371805.550s][info][gc,heap      ] GC(253383) ParNew: 114329K->8726K(118016K)
[1371805.550s][info][gc,heap      ] GC(253383) CMS: 668271K->668415K(1966080K)
[1371805.550s][info][gc,metaspace ] GC(253383) Metaspace: 95515K(98212K)->95515K(98212K) NonClass: 86277K(88004K)->86277K(88004K) Class: 9238K(10208K)->9238K(10208K)
[1371805.551s][info][gc           ] GC(253383) Pause Young (Allocation Failure) 764M->661M(2035M) 4.469ms
[1371805.551s][info][gc,cpu       ] GC(253383) User=0.00s Sys=0.00s Real=0.00s
[1371813.248s][info][gc,start     ] GC(253384) Pause Young (Allocation Failure)
[1371813.248s][info][gc,task      ] GC(253384) Using 9 workers of 9 for evacuation
[1371813.252s][info][gc,heap      ] GC(253384) ParNew: 113686K->3000K(118016K)
[1371813.252s][info][gc,heap      ] GC(253384) CMS: 668415K->668549K(1966080K)
[1371813.252s][info][gc,metaspace ] GC(253384) Metaspace: 95515K(98212K)->95515K(98212K) NonClass: 86277K(88004K)->86277K(88004K) Class: 9238K(10208K)->9238K(10208K)
[1371813.252s][info][gc           ] GC(253384) Pause Young (Allocation Failure) 763M->655M(2035M) 4.191ms
[1371813.252s][info][gc,cpu       ] GC(253384) User=0.00s Sys=0.00s Real=0.00s
[1371821.160s][info][gc,start     ] GC(253385) Pause Young (Allocation Failure)
[1371821.160s][info][gc,task      ] GC(253385) Using 9 workers of 9 for evacuation
[1371821.165s][info][gc,heap      ] GC(253385) ParNew: 107960K->9580K(118016K)
[1371821.165s][info][gc,heap      ] GC(253385) CMS: 668549K->668549K(1966080K)
[1371821.165s][info][gc,metaspace ] GC(253385) Metaspace: 95515K(98212K)->95515K(98212K) NonClass: 86277K(88004K)->86277K(88004K) Class: 9238K(10208K)->9238K(10208K)
[1371821.165s][info][gc           ] GC(253385) Pause Young (Allocation Failure) 758M->662M(2035M) 4.794ms
[1371821.165s][info][gc,cpu       ] GC(253385) User=0.00s Sys=0.00s Real=0.00s
[1371827.392s][info][gc,start     ] GC(253386) Pause Young (Allocation Failure)
[1371827.392s][info][gc,task      ] GC(253386) Using 9 workers of 9 for evacuation
[1371827.396s][info][gc,heap      ] GC(253386) ParNew: 114540K->9952K(118016K)
[1371827.396s][info][gc,heap      ] GC(253386) CMS: 668549K->668700K(1966080K)
[1371827.396s][info][gc,metaspace ] GC(253386) Metaspace: 95515K(98212K)->95515K(98212K) NonClass: 86277K(88004K)->86277K(88004K) Class: 9238K(10208K)->9238K(10208K)
[1371827.396s][info][gc           ] GC(253386) Pause Young (Allocation Failure) 764M->662M(2035M) 4.220ms
[1371827.396s][info][gc,cpu       ] GC(253386) User=0.00s Sys=0.00s Real=0.00s
[1371835.383s][info][gc,start     ] GC(253387) Pause Young (Allocation Failure)
[1371835.383s][info][gc,task      ] GC(253387) Using 9 workers of 9 for evacuation
[1371835.387s][info][gc,heap      ] GC(253387) ParNew: 114912K->3961K(118016K)
[1371835.387s][info][gc,heap      ] GC(253387) CMS: 668700K->668746K(1966080K)
[1371835.387s][info][gc,metaspace ] GC(253387) Metaspace: 95515K(98212K)->95515K(98212K) NonClass: 86277K(88004K)->86277K(88004K) Class: 9238K(10208K)->9238K(10208K)
[1371835.388s][info][gc           ] GC(253387) Pause Young (Allocation Failure) 765M->656M(2035M) 4.370ms
[1371835.388s][info][gc,cpu       ] GC(253387) User=0.00s Sys=0.00s Real=0.00s
[1371840.460s][info][gc,start     ] GC(253388) Pause Young (Allocation Failure)
[1371840.460s][info][gc,task      ] GC(253388) Using 9 workers of 9 for evacuation
[1371840.465s][info][gc,heap      ] GC(253388) ParNew: 108921K->9606K(118016K)
[1371840.465s][info][gc,heap      ] GC(253388) CMS: 668746K->668746K(1966080K)
[1371840.465s][info][gc,metaspace ] GC(253388) Metaspace: 95515K(98212K)->95515K(98212K) NonClass: 86277K(88004K)->86277K(88004K) Class: 9238K(10208K)->9238K(10208K)
[1371840.465s][info][gc           ] GC(253388) Pause Young (Allocation Failure) 759M->662M(2035M) 4.863ms
[1371840.465s][info][gc,cpu       ] GC(253388) User=0.00s Sys=0.00s Real=0.00s
[1371845.471s][info][gc,start     ] GC(253389) Pause Young (Allocation Failure)
[1371845.472s][info][gc,task      ] GC(253389) Using 9 workers of 9 for evacuation
[1371845.476s][info][gc,heap      ] GC(253389) ParNew: 114566K->10731K(118016K)
[1371845.476s][info][gc,heap      ] GC(253389) CMS: 668746K->668851K(1966080K)
[1371845.476s][info][gc,metaspace ] GC(253389) Metaspace: 95515K(98212K)->95515K(98212K) NonClass: 86277K(88004K)->86277K(88004K) Class: 9238K(10208K)->9238K(10208K)
[1371845.476s][info][gc           ] GC(253389) Pause Young (Allocation Failure) 764M->663M(2035M) 4.545ms
[1371845.476s][info][gc,cpu       ] GC(253389) User=0.13s Sys=0.02s Real=0.02s
[1371850.637s][info][gc,start     ] GC(253390) Pause Young (Allocation Failure)
[1371850.637s][info][gc,task      ] GC(253390) Using 9 workers of 9 for evacuation
[1371850.642s][info][gc,heap      ] GC(253390) ParNew: 115691K->4573K(118016K)
[1371850.642s][info][gc,heap      ] GC(253390) CMS: 668851K->677601K(1966080K)
[1371850.642s][info][gc,metaspace ] GC(253390) Metaspace: 95515K(98212K)->95515K(98212K) NonClass: 86277K(88004K)->86277K(88004K) Class: 9238K(10208K)->9238K(10208K)
[1371850.642s][info][gc           ] GC(253390) Pause Young (Allocation Failure) 766M->666M(2035M) 5.316ms
[1371850.642s][info][gc,cpu       ] GC(253390) User=0.00s Sys=0.00s Real=0.00s
[1371855.497s][info][gc,start     ] GC(253391) Pause Young (Allocation Failure)
[1371855.498s][info][gc,task      ] GC(253391) Using 9 workers of 9 for evacuation
[1371855.502s][info][gc,heap      ] GC(253391) ParNew: 109533K->9642K(118016K)
[1371855.502s][info][gc,heap      ] GC(253391) CMS: 677601K->677601K(1966080K)
[1371855.502s][info][gc,metaspace ] GC(253391) Metaspace: 95515K(98212K)->95515K(98212K) NonClass: 86277K(88004K)->86277K(88004K) Class: 9238K(10208K)->9238K(10208K)
[1371855.502s][info][gc           ] GC(253391) Pause Young (Allocation Failure) 768M->671M(2035M) 4.436ms
[1371855.502s][info][gc,cpu       ] GC(253391) User=0.00s Sys=0.00s Real=0.00s
[1371861.795s][info][gc,start     ] GC(253392) Pause Young (Allocation Failure)
[1371861.795s][info][gc,task      ] GC(253392) Using 9 workers of 9 for evacuation
[1371861.800s][info][gc,heap      ] GC(253392) ParNew: 114602K->2885K(118016K)
[1371861.801s][info][gc,heap      ] GC(253392) CMS: 677601K->686415K(1966080K)
[1371861.801s][info][gc,metaspace ] GC(253392) Metaspace: 95515K(98212K)->95515K(98212K) NonClass: 86277K(88004K)->86277K(88004K) Class: 9238K(10208K)->9238K(10208K)
[1371861.801s][info][gc           ] GC(253392) Pause Young (Allocation Failure) 773M->673M(2035M) 5.654ms
[1371861.801s][info][gc,cpu       ] GC(253392) User=0.00s Sys=0.00s Real=0.00s
[1371865.806s][info][gc,start     ] GC(253393) Pause Young (Allocation Failure)
[1371865.806s][info][gc,task      ] GC(253393) Using 9 workers of 9 for evacuation
[1371865.811s][info][gc,heap      ] GC(253393) ParNew: 107845K->9572K(118016K)
[1371865.811s][info][gc,heap      ] GC(253393) CMS: 686415K->686415K(1966080K)
[1371865.811s][info][gc,metaspace ] GC(253393) Metaspace: 95515K(98212K)->95515K(98212K) NonClass: 86277K(88004K)->86277K(88004K) Class: 9238K(10208K)->9238K(10208K)
[1371865.811s][info][gc           ] GC(253393) Pause Young (Allocation Failure) 775M->679M(2035M) 5.148ms
[1371865.811s][info][gc,cpu       ] GC(253393) User=0.03s Sys=0.02s Real=0.02s
[1371871.210s][info][gc,start     ] GC(253394) Pause Young (Allocation Failure)
[1371871.210s][info][gc,task      ] GC(253394) Using 9 workers of 9 for evacuation
[1371871.215s][info][gc,heap      ] GC(253394) ParNew: 114532K->2221K(118016K)
[1371871.215s][info][gc,heap      ] GC(253394) CMS: 686415K->695273K(1966080K)
[1371871.215s][info][gc,metaspace ] GC(253394) Metaspace: 95515K(98212K)->95515K(98212K) NonClass: 86277K(88004K)->86277K(88004K) Class: 9238K(10208K)->9238K(10208K)
[1371871.215s][info][gc           ] GC(253394) Pause Young (Allocation Failure) 782M->681M(2035M) 5.164ms
[1371871.215s][info][gc,cpu       ] GC(253394) User=0.00s Sys=0.00s Real=0.02s
[1371874.095s][info][gc,start     ] GC(253395) Pause Young (Allocation Failure)
[1371874.095s][info][gc,task      ] GC(253395) Using 9 workers of 9 for evacuation
[1371874.100s][info][gc,heap      ] GC(253395) ParNew: 107181K->9408K(118016K)
[1371874.100s][info][gc,heap      ] GC(253395) CMS: 695273K->695273K(1966080K)
[1371874.100s][info][gc,metaspace ] GC(253395) Metaspace: 95515K(98212K)->95515K(98212K) NonClass: 86277K(88004K)->86277K(88004K) Class: 9238K(10208K)->9238K(10208K)
[1371874.100s][info][gc           ] GC(253395) Pause Young (Allocation Failure) 783M->688M(2035M) 5.387ms
[1371874.100s][info][gc,cpu       ] GC(253395) User=0.00s Sys=0.00s Real=0.00s
[1371879.531s][info][gc,start     ] GC(253396) Pause Young (Allocation Failure)
[1371879.531s][info][gc,task      ] GC(253396) Using 9 workers of 9 for evacuation
[1371879.537s][info][gc,heap      ] GC(253396) ParNew: 114368K->1921K(118016K)
[1371879.537s][info][gc,heap      ] GC(253396) CMS: 695273K->704087K(1966080K)
[1371879.537s][info][gc,metaspace ] GC(253396) Metaspace: 95515K(98212K)->95515K(98212K) NonClass: 86277K(88004K)->86277K(88004K) Class: 9238K(10208K)->9238K(10208K)
[1371879.537s][info][gc           ] GC(253396) Pause Young (Allocation Failure) 790M->689M(2035M) 6.075ms
[1371879.537s][info][gc,cpu       ] GC(253396) User=0.00s Sys=0.00s Real=0.00s
[1371885.460s][info][gc,start     ] GC(253397) Pause Young (Allocation Failure)
[1371885.460s][info][gc,task      ] GC(253397) Using 9 workers of 9 for evacuation
[1371885.464s][info][gc,heap      ] GC(253397) ParNew: 106881K->9461K(118016K)
[1371885.464s][info][gc,heap      ] GC(253397) CMS: 704087K->704087K(1966080K)
[1371885.464s][info][gc,metaspace ] GC(253397) Metaspace: 95515K(98212K)->95515K(98212K) NonClass: 86277K(88004K)->86277K(88004K) Class: 9238K(10208K)->9238K(10208K)
[1371885.464s][info][gc           ] GC(253397) Pause Young (Allocation Failure) 791M->696M(2035M) 4.555ms
[1371885.464s][info][gc,cpu       ] GC(253397) User=0.02s Sys=0.00s Real=0.02s
[1371890.949s][info][gc,start     ] GC(253398) Pause Young (Allocation Failure)
[1371890.949s][info][gc,task      ] GC(253398) Using 9 workers of 9 for evacuation
[1371890.954s][info][gc,heap      ] GC(253398) ParNew: 114421K->1946K(118016K)
[1371890.954s][info][gc,heap      ] GC(253398) CMS: 704087K->712983K(1966080K)
[1371890.954s][info][gc,metaspace ] GC(253398) Metaspace: 95515K(98212K)->95515K(98212K) NonClass: 86277K(88004K)->86277K(88004K) Class: 9238K(10208K)->9238K(10208K)
[1371890.955s][info][gc           ] GC(253398) Pause Young (Allocation Failure) 799M->698M(2035M) 5.560ms
[1371890.955s][info][gc,cpu       ] GC(253398) User=0.02s Sys=0.00s Real=0.02s
[1371894.474s][info][gc,start     ] GC(253399) Pause Young (Allocation Failure)
[1371894.474s][info][gc,task      ] GC(253399) Using 9 workers of 9 for evacuation
[1371894.478s][info][gc,heap      ] GC(253399) ParNew: 106906K->9342K(118016K)
[1371894.478s][info][gc,heap      ] GC(253399) CMS: 712983K->712983K(1966080K)
[1371894.478s][info][gc,metaspace ] GC(253399) Metaspace: 95515K(98212K)->95515K(98212K) NonClass: 86277K(88004K)->86277K(88004K) Class: 9238K(10208K)->9238K(10208K)
[1371894.478s][info][gc           ] GC(253399) Pause Young (Allocation Failure) 800M->705M(2035M) 4.647ms
[1371894.479s][info][gc,cpu       ] GC(253399) User=0.00s Sys=0.00s Real=0.00s
[1371901.189s][info][gc,start     ] GC(253400) Pause Young (Allocation Failure)
[1371901.190s][info][gc,task      ] GC(253400) Using 9 workers of 9 for evacuation
[1371901.194s][info][gc,heap      ] GC(253400) ParNew: 114302K->1704K(118016K)
[1371901.194s][info][gc,heap      ] GC(253400) CMS: 712983K->721789K(1966080K)
[1371901.194s][info][gc,metaspace ] GC(253400) Metaspace: 95515K(98212K)->95515K(98212K) NonClass: 86277K(88004K)->86277K(88004K) Class: 9238K(10208K)->9238K(10208K)
[1371901.194s][info][gc           ] GC(253400) Pause Young (Allocation Failure) 807M->706M(2035M) 4.899ms
[1371901.194s][info][gc,cpu       ] GC(253400) User=0.00s Sys=0.00s Real=0.00s
[1371904.398s][info][gc,start     ] GC(253401) Pause Young (Allocation Failure)
[1371904.398s][info][gc,task      ] GC(253401) Using 9 workers of 9 for evacuation
[1371904.403s][info][gc,heap      ] GC(253401) ParNew: 106664K->9324K(118016K)
[1371904.403s][info][gc,heap      ] GC(253401) CMS: 721789K->721789K(1966080K)
[1371904.403s][info][gc,metaspace ] GC(253401) Metaspace: 95515K(98212K)->95515K(98212K) NonClass: 86277K(88004K)->86277K(88004K) Class: 9238K(10208K)->9238K(10208K)
[1371904.403s][info][gc           ] GC(253401) Pause Young (Allocation Failure) 809M->713M(2035M) 5.227ms
[1371904.403s][info][gc,cpu       ] GC(253401) User=0.00s Sys=0.00s Real=0.00s
[1371910.152s][info][gc,start     ] GC(253402) Pause Young (Allocation Failure)
[1371910.153s][info][gc,task      ] GC(253402) Using 9 workers of 9 for evacuation
[1371910.158s][info][gc,heap      ] GC(253402) ParNew: 114284K->1862K(118016K)
[1371910.158s][info][gc,heap      ] GC(253402) CMS: 721789K->730632K(1966080K)
[1371910.158s][info][gc,metaspace ] GC(253402) Metaspace: 95515K(98212K)->95515K(98212K) NonClass: 86277K(88004K)->86277K(88004K) Class: 9238K(10208K)->9238K(10208K)
[1371910.158s][info][gc           ] GC(253402) Pause Young (Allocation Failure) 816M->715M(2035M) 5.655ms
[1371910.158s][info][gc,cpu       ] GC(253402) User=0.00s Sys=0.00s Real=0.02s
[1371915.860s][info][gc,start     ] GC(253403) Pause Young (Allocation Failure)
[1371915.860s][info][gc,task      ] GC(253403) Using 9 workers of 9 for evacuation
[1371915.864s][info][gc,heap      ] GC(253403) ParNew: 106822K->9314K(118016K)
[1371915.864s][info][gc,heap      ] GC(253403) CMS: 730632K->730632K(1966080K)
[1371915.864s][info][gc,metaspace ] GC(253403) Metaspace: 95515K(98212K)->95515K(98212K) NonClass: 86277K(88004K)->86277K(88004K) Class: 9238K(10208K)->9238K(10208K)
[1371915.864s][info][gc           ] GC(253403) Pause Young (Allocation Failure) 817M->722M(2035M) 4.336ms
[1371915.864s][info][gc,cpu       ] GC(253403) User=0.09s Sys=0.00s Real=0.02s
[1371920.108s][info][gc,start     ] GC(253404) Pause Young (Allocation Failure)
[1371920.108s][info][gc,task      ] GC(253404) Using 9 workers of 9 for evacuation
[1371920.113s][info][gc,heap      ] GC(253404) ParNew: 114274K->1675K(118016K)
[1371920.113s][info][gc,heap      ] GC(253404) CMS: 730632K->739412K(1966080K)
[1371920.113s][info][gc,metaspace ] GC(253404) Metaspace: 95515K(98212K)->95515K(98212K) NonClass: 86277K(88004K)->86277K(88004K) Class: 9238K(10208K)->9238K(10208K)
[1371920.113s][info][gc           ] GC(253404) Pause Young (Allocation Failure) 825M->723M(2035M) 5.231ms
[1371920.113s][info][gc,cpu       ] GC(253404) User=0.14s Sys=0.00s Real=0.02s
[1371924.673s][info][gc,start     ] GC(253405) Pause Young (Allocation Failure)
[1371924.673s][info][gc,task      ] GC(253405) Using 9 workers of 9 for evacuation
[1371924.677s][info][gc,heap      ] GC(253405) ParNew: 106635K->682K(118016K)
[1371924.677s][info][gc,heap      ] GC(253405) CMS: 739412K->739412K(1966080K)
[1371924.677s][info][gc,metaspace ] GC(253405) Metaspace: 95515K(98212K)->95515K(98212K) NonClass: 86277K(88004K)->86277K(88004K) Class: 9238K(10208K)->9238K(10208K)
[1371924.677s][info][gc           ] GC(253405) Pause Young (Allocation Failure) 826M->722M(2035M) 4.353ms
[1371924.677s][info][gc,cpu       ] GC(253405) User=0.13s Sys=0.00s Real=0.02s
[1371929.158s][info][gc,start     ] GC(253406) Pause Young (Allocation Failure)
[1371929.158s][info][gc,task      ] GC(253406) Using 9 workers of 9 for evacuation
[1371929.163s][info][gc,heap      ] GC(253406) ParNew: 105642K->9480K(118016K)
[1371929.163s][info][gc,heap      ] GC(253406) CMS: 739412K->739412K(1966080K)
[1371929.163s][info][gc,metaspace ] GC(253406) Metaspace: 95515K(98212K)->95515K(98212K) NonClass: 86277K(88004K)->86277K(88004K) Class: 9238K(10208K)->9238K(10208K)
[1371929.163s][info][gc           ] GC(253406) Pause Young (Allocation Failure) 825M->731M(2035M) 5.241ms
[1371929.163s][info][gc,cpu       ] GC(253406) User=0.03s Sys=0.00s Real=0.02s
[1371934.417s][info][gc,start     ] GC(253407) Pause Young (Allocation Failure)
[1371934.418s][info][gc,task      ] GC(253407) Using 9 workers of 9 for evacuation
[1371934.422s][info][gc,heap      ] GC(253407) ParNew: 114440K->1616K(118016K)
[1371934.422s][info][gc,heap      ] GC(253407) CMS: 739412K->739627K(1966080K)
[1371934.422s][info][gc,metaspace ] GC(253407) Metaspace: 95515K(98212K)->95515K(98212K) NonClass: 86277K(88004K)->86277K(88004K) Class: 9238K(10208K)->9238K(10208K)
[1371934.422s][info][gc           ] GC(253407) Pause Young (Allocation Failure) 833M->723M(2035M) 4.856ms
[1371934.422s][info][gc,cpu       ] GC(253407) User=0.00s Sys=0.00s Real=0.00s
[1371938.241s][info][gc,start     ] GC(253408) Pause Young (Allocation Failure)
[1371938.241s][info][gc,task      ] GC(253408) Using 9 workers of 9 for evacuation
[1371938.246s][info][gc,heap      ] GC(253408) ParNew: 106576K->9263K(118016K)
[1371938.246s][info][gc,heap      ] GC(253408) CMS: 739627K->739627K(1966080K)
[1371938.246s][info][gc,metaspace ] GC(253408) Metaspace: 95515K(98212K)->95515K(98212K) NonClass: 86277K(88004K)->86277K(88004K) Class: 9238K(10208K)->9238K(10208K)
[1371938.246s][info][gc           ] GC(253408) Pause Young (Allocation Failure) 826M->731M(2035M) 4.873ms
[1371938.246s][info][gc,cpu       ] GC(253408) User=0.00s Sys=0.00s Real=0.00s
[1371942.835s][info][gc,start     ] GC(253409) Pause Young (Allocation Failure)
[1371942.835s][info][gc,task      ] GC(253409) Using 9 workers of 9 for evacuation
[1371942.839s][info][gc,heap      ] GC(253409) ParNew: 114223K->1748K(118016K)
[1371942.839s][info][gc,heap      ] GC(253409) CMS: 739627K->739807K(1966080K)
[1371942.839s][info][gc,metaspace ] GC(253409) Metaspace: 95515K(98212K)->95515K(98212K) NonClass: 86277K(88004K)->86277K(88004K) Class: 9238K(10208K)->9238K(10208K)
[1371942.839s][info][gc           ] GC(253409) Pause Young (Allocation Failure) 833M->724M(2035M) 4.146ms
[1371942.839s][info][gc,cpu       ] GC(253409) User=0.00s Sys=0.00s Real=0.00s
[1371946.184s][info][gc,start     ] GC(253410) Pause Young (Allocation Failure)
[1371946.185s][info][gc,task      ] GC(253410) Using 9 workers of 9 for evacuation
[1371946.189s][info][gc,heap      ] GC(253410) ParNew: 106708K->9376K(118016K)
[1371946.189s][info][gc,heap      ] GC(253410) CMS: 739807K->739807K(1966080K)
[1371946.189s][info][gc,metaspace ] GC(253410) Metaspace: 95515K(98212K)->95515K(98212K) NonClass: 86277K(88004K)->86277K(88004K) Class: 9238K(10208K)->9238K(10208K)
[1371946.189s][info][gc           ] GC(253410) Pause Young (Allocation Failure) 826M->731M(2035M) 4.420ms
[1371946.189s][info][gc,cpu       ] GC(253410) User=0.14s Sys=0.00s Real=0.02s
[1371950.275s][info][gc,start     ] GC(253411) Pause Young (Allocation Failure)
[1371950.275s][info][gc,task      ] GC(253411) Using 9 workers of 9 for evacuation
[1371950.280s][info][gc,heap      ] GC(253411) ParNew: 114336K->1791K(118016K)
[1371950.280s][info][gc,heap      ] GC(253411) CMS: 739807K->748626K(1966080K)
[1371950.280s][info][gc,metaspace ] GC(253411) Metaspace: 95515K(98212K)->95515K(98212K) NonClass: 86277K(88004K)->86277K(88004K) Class: 9238K(10208K)->9238K(10208K)
[1371950.280s][info][gc           ] GC(253411) Pause Young (Allocation Failure) 834M->732M(2035M) 5.451ms
[1371950.280s][info][gc,cpu       ] GC(253411) User=0.00s Sys=0.00s Real=0.00s
[1371955.973s][info][gc,start     ] GC(253412) Pause Young (Allocation Failure)
[1371955.974s][info][gc,task      ] GC(253412) Using 9 workers of 9 for evacuation
[1371955.978s][info][gc,heap      ] GC(253412) ParNew: 106751K->9355K(118016K)
[1371955.978s][info][gc,heap      ] GC(253412) CMS: 748626K->748626K(1966080K)
[1371955.978s][info][gc,metaspace ] GC(253412) Metaspace: 95515K(98212K)->95515K(98212K) NonClass: 86277K(88004K)->86277K(88004K) Class: 9238K(10208K)->9238K(10208K)
[1371955.978s][info][gc           ] GC(253412) Pause Young (Allocation Failure) 835M->740M(2035M) 4.467ms
[1371955.978s][info][gc,cpu       ] GC(253412) User=0.00s Sys=0.00s Real=0.00s
[1371961.829s][info][gc,start     ] GC(253413) Pause Young (Allocation Failure)
[1371961.829s][info][gc,task      ] GC(253413) Using 9 workers of 9 for evacuation
[1371961.835s][info][gc,heap      ] GC(253413) ParNew: 114315K->1901K(118016K)
[1371961.835s][info][gc,heap      ] GC(253413) CMS: 748626K->757508K(1966080K)
[1371961.835s][info][gc,metaspace ] GC(253413) Metaspace: 95515K(98212K)->95515K(98212K) NonClass: 86277K(88004K)->86277K(88004K) Class: 9238K(10208K)->9238K(10208K)
[1371961.835s][info][gc           ] GC(253413) Pause Young (Allocation Failure) 842M->741M(2035M) 5.822ms
[1371961.835s][info][gc,cpu       ] GC(253413) User=0.09s Sys=0.00s Real=0.02s
[1371966.058s][info][gc,start     ] GC(253414) Pause Young (Allocation Failure)
[1371966.058s][info][gc,task      ] GC(253414) Using 9 workers of 9 for evacuation
[1371966.062s][info][gc,heap      ] GC(253414) ParNew: 106855K->2875K(118016K)
[1371966.062s][info][gc,heap      ] GC(253414) CMS: 757508K->757508K(1966080K)
[1371966.062s][info][gc,metaspace ] GC(253414) Metaspace: 95515K(98212K)->95515K(98212K) NonClass: 86277K(88004K)->86277K(88004K) Class: 9238K(10208K)->9238K(10208K)
[1371966.062s][info][gc           ] GC(253414) Pause Young (Allocation Failure) 844M->742M(2035M) 4.063ms
[1371966.062s][info][gc,cpu       ] GC(253414) User=0.00s Sys=0.00s Real=0.00s
[1371970.436s][info][gc,start     ] GC(253415) Pause Young (Allocation Failure)
[1371970.436s][info][gc,task      ] GC(253415) Using 9 workers of 9 for evacuation
[1371970.441s][info][gc,heap      ] GC(253415) ParNew: 107835K->9484K(118016K)
[1371970.441s][info][gc,heap      ] GC(253415) CMS: 757508K->757508K(1966080K)
[1371970.441s][info][gc,metaspace ] GC(253415) Metaspace: 95515K(98212K)->95515K(98212K) NonClass: 86277K(88004K)->86277K(88004K) Class: 9238K(10208K)->9238K(10208K)
[1371970.441s][info][gc           ] GC(253415) Pause Young (Allocation Failure) 845M->749M(2035M) 4.949ms
[1371970.441s][info][gc,cpu       ] GC(253415) User=0.00s Sys=0.00s Real=0.00s
[1371974.469s][info][gc,start     ] GC(253416) Pause Young (Allocation Failure)
[1371974.469s][info][gc,task      ] GC(253416) Using 9 workers of 9 for evacuation
[1371974.473s][info][gc,heap      ] GC(253416) ParNew: 114444K->1792K(118016K)
[1371974.473s][info][gc,heap      ] GC(253416) CMS: 757508K->757730K(1966080K)
[1371974.473s][info][gc,metaspace ] GC(253416) Metaspace: 95515K(98212K)->95515K(98212K) NonClass: 86277K(88004K)->86277K(88004K) Class: 9238K(10208K)->9238K(10208K)
[1371974.473s][info][gc           ] GC(253416) Pause Young (Allocation Failure) 851M->741M(2035M) 4.016ms
[1371974.473s][info][gc,cpu       ] GC(253416) User=0.00s Sys=0.00s Real=0.00s
[1371979.439s][info][gc,start     ] GC(253417) Pause Young (Allocation Failure)
[1371979.440s][info][gc,task      ] GC(253417) Using 9 workers of 9 for evacuation
[1371979.444s][info][gc,heap      ] GC(253417) ParNew: 106752K->9338K(118016K)
[1371979.444s][info][gc,heap      ] GC(253417) CMS: 757730K->757730K(1966080K)
[1371979.444s][info][gc,metaspace ] GC(253417) Metaspace: 95515K(98212K)->95515K(98212K) NonClass: 86277K(88004K)->86277K(88004K) Class: 9238K(10208K)->9238K(10208K)
[1371979.444s][info][gc           ] GC(253417) Pause Young (Allocation Failure) 844M->749M(2035M) 5.060ms
[1371979.445s][info][gc,cpu       ] GC(253417) User=0.00s Sys=0.00s Real=0.00s
[1371984.325s][info][gc,start     ] GC(253418) Pause Young (Allocation Failure)
[1371984.325s][info][gc,task      ] GC(253418) Using 9 workers of 9 for evacuation
[1371984.329s][info][gc,heap      ] GC(253418) ParNew: 114298K->1799K(118016K)
[1371984.329s][info][gc,heap      ] GC(253418) CMS: 757730K->757909K(1966080K)
[1371984.329s][info][gc,metaspace ] GC(253418) Metaspace: 95515K(98212K)->95515K(98212K) NonClass: 86277K(88004K)->86277K(88004K) Class: 9238K(10208K)->9238K(10208K)
[1371984.329s][info][gc           ] GC(253418) Pause Young (Allocation Failure) 851M->741M(2035M) 4.363ms
[1371984.330s][info][gc,cpu       ] GC(253418) User=0.02s Sys=0.00s Real=0.02s
[1371988.784s][info][gc,start     ] GC(253419) Pause Young (Allocation Failure)
[1371988.784s][info][gc,task      ] GC(253419) Using 9 workers of 9 for evacuation
[1371988.789s][info][gc,heap      ] GC(253419) ParNew: 106759K->9409K(118016K)
[1371988.789s][info][gc,heap      ] GC(253419) CMS: 757909K->757909K(1966080K)
[1371988.789s][info][gc,metaspace ] GC(253419) Metaspace: 95515K(98212K)->95515K(98212K) NonClass: 86277K(88004K)->86277K(88004K) Class: 9238K(10208K)->9238K(10208K)
[1371988.789s][info][gc           ] GC(253419) Pause Young (Allocation Failure) 844M->749M(2035M) 4.989ms
[1371988.789s][info][gc,cpu       ] GC(253419) User=0.00s Sys=0.00s Real=0.00s
[1371994.907s][info][gc,start     ] GC(253420) Pause Young (Allocation Failure)
[1371994.907s][info][gc,task      ] GC(253420) Using 9 workers of 9 for evacuation
[1371994.911s][info][gc,heap      ] GC(253420) ParNew: 114369K->1934K(118016K)
[1371994.911s][info][gc,heap      ] GC(253420) CMS: 757909K->758121K(1966080K)
[1371994.911s][info][gc,metaspace ] GC(253420) Metaspace: 95515K(98212K)->95515K(98212K) NonClass: 86277K(88004K)->86277K(88004K) Class: 9238K(10208K)->9238K(10208K)
[1371994.911s][info][gc           ] GC(253420) Pause Young (Allocation Failure) 851M->742M(2035M) 4.042ms
[1371994.911s][info][gc,cpu       ] GC(253420) User=0.00s Sys=0.00s Real=0.00s
[1371998.841s][info][gc,start     ] GC(253421) Pause Young (Allocation Failure)
[1371998.841s][info][gc,task      ] GC(253421) Using 9 workers of 9 for evacuation
[1371998.846s][info][gc,heap      ] GC(253421) ParNew: 106894K->9350K(118016K)
[1371998.846s][info][gc,heap      ] GC(253421) CMS: 758121K->758121K(1966080K)
[1371998.846s][info][gc,metaspace ] GC(253421) Metaspace: 95515K(98212K)->95515K(98212K) NonClass: 86277K(88004K)->86277K(88004K) Class: 9238K(10208K)->9238K(10208K)
[1371998.846s][info][gc           ] GC(253421) Pause Young (Allocation Failure) 844M->749M(2035M) 5.231ms
[1371998.846s][info][gc,cpu       ] GC(253421) User=0.14s Sys=0.00s Real=0.02s
[1372005.141s][info][gc,start     ] GC(253422) Pause Young (Allocation Failure)
[1372005.141s][info][gc,task      ] GC(253422) Using 9 workers of 9 for evacuation
[1372005.145s][info][gc,heap      ] GC(253422) ParNew: 114310K->1896K(118016K)
[1372005.145s][info][gc,heap      ] GC(253422) CMS: 758121K->758268K(1966080K)
[1372005.145s][info][gc,metaspace ] GC(253422) Metaspace: 95515K(98212K)->95515K(98212K) NonClass: 86277K(88004K)->86277K(88004K) Class: 9238K(10208K)->9238K(10208K)
[1372005.145s][info][gc           ] GC(253422) Pause Young (Allocation Failure) 851M->742M(2035M) 4.192ms
[1372005.145s][info][gc,cpu       ] GC(253422) User=0.00s Sys=0.00s Real=0.00s
[1372010.555s][info][gc,start     ] GC(253423) Pause Young (Allocation Failure)
[1372010.555s][info][gc,task      ] GC(253423) Using 9 workers of 9 for evacuation
[1372010.560s][info][gc,heap      ] GC(253423) ParNew: 106856K->9298K(118016K)
[1372010.560s][info][gc,heap      ] GC(253423) CMS: 758268K->758268K(1966080K)
[1372010.560s][info][gc,metaspace ] GC(253423) Metaspace: 95515K(98212K)->95515K(98212K) NonClass: 86277K(88004K)->86277K(88004K) Class: 9238K(10208K)->9238K(10208K)
[1372010.560s][info][gc           ] GC(253423) Pause Young (Allocation Failure) 844M->749M(2035M) 4.663ms
[1372010.560s][info][gc,cpu       ] GC(253423) User=0.00s Sys=0.00s Real=0.00s
[1372017.497s][info][gc,start     ] GC(253424) Pause Young (Allocation Failure)
[1372017.497s][info][gc,task      ] GC(253424) Using 9 workers of 9 for evacuation
[1372017.501s][info][gc,heap      ] GC(253424) ParNew: 113892K->4569K(118016K)
[1372017.501s][info][gc,heap      ] GC(253424) CMS: 758268K->758408K(1966080K)
[1372017.501s][info][gc,metaspace ] GC(253424) Metaspace: 95515K(98212K)->95515K(98212K) NonClass: 86277K(88004K)->86277K(88004K) Class: 9238K(10208K)->9238K(10208K)
[1372017.501s][info][gc           ] GC(253424) Pause Young (Allocation Failure) 851M->745M(2035M) 4.300ms
[1372017.501s][info][gc,cpu       ] GC(253424) User=0.00s Sys=0.00s Real=0.00s
[1372022.589s][info][gc,start     ] GC(253425) Pause Young (Allocation Failure)
[1372022.590s][info][gc,task      ] GC(253425) Using 9 workers of 9 for evacuation
[1372022.594s][info][gc,heap      ] GC(253425) ParNew: 109527K->8933K(118016K)
[1372022.594s][info][gc,heap      ] GC(253425) CMS: 758408K->758408K(1966080K)
[1372022.594s][info][gc,metaspace ] GC(253425) Metaspace: 95515K(98212K)->95515K(98212K) NonClass: 86277K(88004K)->86277K(88004K) Class: 9238K(10208K)->9238K(10208K)
[1372022.594s][info][gc           ] GC(253425) Pause Young (Allocation Failure) 847M->749M(2035M) 4.455ms
[1372022.594s][info][gc,cpu       ] GC(253425) User=0.00s Sys=0.00s Real=0.00s
[1372032.514s][info][gc,start     ] GC(253426) Pause Young (Allocation Failure)
[1372032.514s][info][gc,task      ] GC(253426) Using 9 workers of 9 for evacuation
[1372032.519s][info][gc,heap      ] GC(253426) ParNew: 113893K->2626K(118016K)
[1372032.519s][info][gc,heap      ] GC(253426) CMS: 758408K->766673K(1966080K)
[1372032.519s][info][gc,metaspace ] GC(253426) Metaspace: 95515K(98212K)->95515K(98212K) NonClass: 86277K(88004K)->86277K(88004K) Class: 9238K(10208K)->9238K(10208K)
[1372032.519s][info][gc           ] GC(253426) Pause Young (Allocation Failure) 851M->751M(2035M) 5.469ms
[1372032.519s][info][gc,cpu       ] GC(253426) User=0.00s Sys=0.00s Real=0.00s
[1372036.665s][info][gc,start     ] GC(253427) Pause Young (Allocation Failure)
[1372036.665s][info][gc,task      ] GC(253427) Using 9 workers of 9 for evacuation
[1372036.670s][info][gc,heap      ] GC(253427) ParNew: 107586K->9475K(118016K)
[1372036.670s][info][gc,heap      ] GC(253427) CMS: 766673K->766673K(1966080K)
[1372036.670s][info][gc,metaspace ] GC(253427) Metaspace: 95515K(98212K)->95515K(98212K) NonClass: 86277K(88004K)->86277K(88004K) Class: 9238K(10208K)->9238K(10208K)
[1372036.670s][info][gc           ] GC(253427) Pause Young (Allocation Failure) 853M->757M(2035M) 4.837ms
[1372036.670s][info][gc,cpu       ] GC(253427) User=0.00s Sys=0.00s Real=0.00s
[1372043.462s][info][gc,start     ] GC(253428) Pause Young (Allocation Failure)
[1372043.463s][info][gc,task      ] GC(253428) Using 9 workers of 9 for evacuation
[1372043.467s][info][gc,heap      ] GC(253428) ParNew: 114435K->10302K(118016K)
[1372043.467s][info][gc,heap      ] GC(253428) CMS: 766673K->766750K(1966080K)
[1372043.467s][info][gc,metaspace ] GC(253428) Metaspace: 95515K(98212K)->95515K(98212K) NonClass: 86277K(88004K)->86277K(88004K) Class: 9238K(10208K)->9238K(10208K)
[1372043.467s][info][gc           ] GC(253428) Pause Young (Allocation Failure) 860M->758M(2035M) 4.729ms
[1372043.467s][info][gc,cpu       ] GC(253428) User=0.00s Sys=0.00s Real=0.00s
[1372048.174s][info][gc,start     ] GC(253429) Pause Young (Allocation Failure)
[1372048.175s][info][gc,task      ] GC(253429) Using 9 workers of 9 for evacuation
[1372048.180s][info][gc,heap      ] GC(253429) ParNew: 115262K->3652K(118016K)
[1372048.180s][info][gc,heap      ] GC(253429) CMS: 766750K->775443K(1966080K)
[1372048.180s][info][gc,metaspace ] GC(253429) Metaspace: 95515K(98212K)->95515K(98212K) NonClass: 86277K(88004K)->86277K(88004K) Class: 9238K(10208K)->9238K(10208K)
[1372048.180s][info][gc           ] GC(253429) Pause Young (Allocation Failure) 861M->760M(2035M) 5.398ms
[1372048.180s][info][gc,cpu       ] GC(253429) User=0.06s Sys=0.02s Real=0.02s
[1372052.897s][info][gc,start     ] GC(253430) Pause Young (Allocation Failure)
[1372052.897s][info][gc,task      ] GC(253430) Using 9 workers of 9 for evacuation
[1372052.902s][info][gc,heap      ] GC(253430) ParNew: 108576K->7640K(118016K)
[1372052.902s][info][gc,heap      ] GC(253430) CMS: 775443K->775443K(1966080K)
[1372052.902s][info][gc,metaspace ] GC(253430) Metaspace: 95515K(98212K)->95515K(98212K) NonClass: 86277K(88004K)->86277K(88004K) Class: 9238K(10208K)->9238K(10208K)
[1372052.902s][info][gc           ] GC(253430) Pause Young (Allocation Failure) 863M->764M(2035M) 5.189ms
[1372052.902s][info][gc,cpu       ] GC(253430) User=0.00s Sys=0.00s Real=0.00s
[1372056.982s][info][gc,start     ] GC(253431) Pause Young (Allocation Failure)
[1372056.982s][info][gc,task      ] GC(253431) Using 9 workers of 9 for evacuation
[1372056.987s][info][gc,heap      ] GC(253431) ParNew: 112600K->3501K(118016K)
[1372056.987s][info][gc,heap      ] GC(253431) CMS: 775443K->782278K(1966080K)
[1372056.987s][info][gc,metaspace ] GC(253431) Metaspace: 95515K(98212K)->95515K(98212K) NonClass: 86277K(88004K)->86277K(88004K) Class: 9238K(10208K)->9238K(10208K)
[1372056.988s][info][gc           ] GC(253431) Pause Young (Allocation Failure) 867M->767M(2035M) 5.545ms
[1372056.988s][info][gc,cpu       ] GC(253431) User=0.00s Sys=0.00s Real=0.00s
[1372060.901s][info][gc,start     ] GC(253432) Pause Young (Allocation Failure)
[1372060.901s][info][gc,task      ] GC(253432) Using 9 workers of 9 for evacuation
[1372060.905s][info][gc,heap      ] GC(253432) ParNew: 108461K->3048K(118016K)
[1372060.906s][info][gc,heap      ] GC(253432) CMS: 782278K->782278K(1966080K)
[1372060.906s][info][gc,metaspace ] GC(253432) Metaspace: 95515K(98212K)->95515K(98212K) NonClass: 86277K(88004K)->86277K(88004K) Class: 9238K(10208K)->9238K(10208K)
[1372060.906s][info][gc           ] GC(253432) Pause Young (Allocation Failure) 869M->766M(2035M) 5.122ms
[1372060.906s][info][gc,cpu       ] GC(253432) User=0.03s Sys=0.02s Real=0.02s
[1372064.739s][info][gc,start     ] GC(253433) Pause Young (Allocation Failure)
[1372064.739s][info][gc,task      ] GC(253433) Using 9 workers of 9 for evacuation
[1372064.744s][info][gc,heap      ] GC(253433) ParNew: 108008K->9721K(118016K)
[1372064.744s][info][gc,heap      ] GC(253433) CMS: 782278K->782278K(1966080K)
[1372064.744s][info][gc,metaspace ] GC(253433) Metaspace: 95515K(98212K)->95515K(98212K) NonClass: 86277K(88004K)->86277K(88004K) Class: 9238K(10208K)->9238K(10208K)
[1372064.744s][info][gc           ] GC(253433) Pause Young (Allocation Failure) 869M->773M(2035M) 4.472ms
[1372064.744s][info][gc,cpu       ] GC(253433) User=0.14s Sys=0.00s Real=0.01s
[1372069.653s][info][gc,start     ] GC(253434) Pause Young (Allocation Failure)
[1372069.653s][info][gc,task      ] GC(253434) Using 9 workers of 9 for evacuation
[1372069.658s][info][gc,heap      ] GC(253434) ParNew: 114681K->2840K(118016K)
[1372069.658s][info][gc,heap      ] GC(253434) CMS: 782278K->791207K(1966080K)
[1372069.658s][info][gc,metaspace ] GC(253434) Metaspace: 95515K(98212K)->95515K(98212K) NonClass: 86277K(88004K)->86277K(88004K) Class: 9238K(10208K)->9238K(10208K)
[1372069.658s][info][gc           ] GC(253434) Pause Young (Allocation Failure) 875M->775M(2035M) 5.549ms
[1372069.658s][info][gc,cpu       ] GC(253434) User=0.00s Sys=0.00s Real=0.00s
[1372075.217s][info][gc,start     ] GC(253435) Pause Young (Allocation Failure)
[1372075.217s][info][gc,task      ] GC(253435) Using 9 workers of 9 for evacuation
[1372075.222s][info][gc,heap      ] GC(253435) ParNew: 107800K->9501K(118016K)
[1372075.222s][info][gc,heap      ] GC(253435) CMS: 791207K->791207K(1966080K)
[1372075.222s][info][gc,metaspace ] GC(253435) Metaspace: 95515K(98212K)->95515K(98212K) NonClass: 86277K(88004K)->86277K(88004K) Class: 9238K(10208K)->9238K(10208K)
[1372075.222s][info][gc           ] GC(253435) Pause Young (Allocation Failure) 877M->781M(2035M) 5.148ms
[1372075.222s][info][gc,cpu       ] GC(253435) User=0.00s Sys=0.00s Real=0.00s
[1372078.730s][info][gc,start     ] GC(253436) Pause Young (Allocation Failure)
[1372078.730s][info][gc,task      ] GC(253436) Using 9 workers of 9 for evacuation
[1372078.736s][info][gc,heap      ] GC(253436) ParNew: 114461K->2225K(118016K)
[1372078.736s][info][gc,heap      ] GC(253436) CMS: 791207K->800026K(1966080K)
[1372078.736s][info][gc,metaspace ] GC(253436) Metaspace: 95515K(98212K)->95515K(98212K) NonClass: 86277K(88004K)->86277K(88004K) Class: 9238K(10208K)->9238K(10208K)
[1372078.736s][info][gc           ] GC(253436) Pause Young (Allocation Failure) 884M->783M(2035M) 5.836ms
[1372078.736s][info][gc,cpu       ] GC(253436) User=0.00s Sys=0.00s Real=0.00s
[1372083.335s][info][gc,start     ] GC(253437) Pause Young (Allocation Failure)
[1372083.335s][info][gc,task      ] GC(253437) Using 9 workers of 9 for evacuation
[1372083.339s][info][gc,heap      ] GC(253437) ParNew: 107185K->9549K(118016K)
[1372083.339s][info][gc,heap      ] GC(253437) CMS: 800026K->800026K(1966080K)
[1372083.339s][info][gc,metaspace ] GC(253437) Metaspace: 95515K(98212K)->95515K(98212K) NonClass: 86277K(88004K)->86277K(88004K) Class: 9238K(10208K)->9238K(10208K)
[1372083.339s][info][gc           ] GC(253437) Pause Young (Allocation Failure) 885M->790M(2035M) 4.709ms
[1372083.339s][info][gc,cpu       ] GC(253437) User=0.03s Sys=0.00s Real=0.02s
[1372088.293s][info][gc,start     ] GC(253438) Pause Young (Allocation Failure)
[1372088.294s][info][gc,task      ] GC(253438) Using 9 workers of 9 for evacuation
[1372088.298s][info][gc,heap      ] GC(253438) ParNew: 114509K->2089K(118016K)
[1372088.299s][info][gc,heap      ] GC(253438) CMS: 800026K->808895K(1966080K)
[1372088.299s][info][gc,metaspace ] GC(253438) Metaspace: 95515K(98212K)->95515K(98212K) NonClass: 86277K(88004K)->86277K(88004K) Class: 9238K(10208K)->9238K(10208K)
[1372088.299s][info][gc           ] GC(253438) Pause Young (Allocation Failure) 893M->791M(2035M) 5.293ms
[1372088.299s][info][gc,cpu       ] GC(253438) User=0.00s Sys=0.00s Real=0.00s
[1372093.679s][info][gc,start     ] GC(253439) Pause Young (Allocation Failure)
[1372093.679s][info][gc,task      ] GC(253439) Using 9 workers of 9 for evacuation
[1372093.683s][info][gc,heap      ] GC(253439) ParNew: 107049K->9345K(118016K)
[1372093.683s][info][gc,heap      ] GC(253439) CMS: 808895K->808895K(1966080K)
[1372093.683s][info][gc,metaspace ] GC(253439) Metaspace: 95515K(98212K)->95515K(98212K) NonClass: 86277K(88004K)->86277K(88004K) Class: 9238K(10208K)->9238K(10208K)
[1372093.683s][info][gc           ] GC(253439) Pause Young (Allocation Failure) 894M->799M(2035M) 4.528ms
[1372093.683s][info][gc,cpu       ] GC(253439) User=0.02s Sys=0.00s Real=0.02s
[1372100.172s][info][gc,start     ] GC(253440) Pause Young (Allocation Failure)
[1372100.172s][info][gc,task      ] GC(253440) Using 9 workers of 9 for evacuation
[1372100.177s][info][gc,heap      ] GC(253440) ParNew: 114305K->2139K(118016K)
[1372100.178s][info][gc,heap      ] GC(253440) CMS: 808895K->817726K(1966080K)
[1372100.178s][info][gc,metaspace ] GC(253440) Metaspace: 95515K(98212K)->95515K(98212K) NonClass: 86277K(88004K)->86277K(88004K) Class: 9238K(10208K)->9238K(10208K)
[1372100.178s][info][gc           ] GC(253440) Pause Young (Allocation Failure) 901M->800M(2035M) 5.796ms
[1372100.178s][info][gc,cpu       ] GC(253440) User=0.00s Sys=0.00s Real=0.00s
[1372108.120s][info][gc,start     ] GC(253441) Pause Young (Allocation Failure)
[1372108.120s][info][gc,task      ] GC(253441) Using 9 workers of 9 for evacuation
[1372108.125s][info][gc,heap      ] GC(253441) ParNew: 107099K->9422K(118016K)
[1372108.125s][info][gc,heap      ] GC(253441) CMS: 817726K->817726K(1966080K)
[1372108.125s][info][gc,metaspace ] GC(253441) Metaspace: 95515K(98212K)->95515K(98212K) NonClass: 86277K(88004K)->86277K(88004K) Class: 9238K(10208K)->9238K(10208K)
[1372108.125s][info][gc           ] GC(253441) Pause Young (Allocation Failure) 903M->807M(2035M) 4.604ms
[1372108.125s][info][gc,cpu       ] GC(253441) User=0.00s Sys=0.00s Real=0.00s
[1372113.672s][info][gc,start     ] GC(253442) Pause Young (Allocation Failure)
[1372113.672s][info][gc,task      ] GC(253442) Using 9 workers of 9 for evacuation
[1372113.676s][info][gc,heap      ] GC(253442) ParNew: 114337K->2993K(118016K)
[1372113.676s][info][gc,heap      ] GC(253442) CMS: 817726K->817915K(1966080K)
[1372113.676s][info][gc,metaspace ] GC(253442) Metaspace: 95515K(98212K)->95515K(98212K) NonClass: 86277K(88004K)->86277K(88004K) Class: 9238K(10208K)->9238K(10208K)
[1372113.676s][info][gc           ] GC(253442) Pause Young (Allocation Failure) 910M->801M(2035M) 4.230ms
[1372113.677s][info][gc,cpu       ] GC(253442) User=0.00s Sys=0.00s Real=0.00s
[1372118.324s][info][gc,start     ] GC(253443) Pause Young (Allocation Failure)
[1372118.324s][info][gc,task      ] GC(253443) Using 9 workers of 9 for evacuation
[1372118.329s][info][gc,heap      ] GC(253443) ParNew: 107953K->9540K(118016K)
[1372118.329s][info][gc,heap      ] GC(253443) CMS: 817915K->817915K(1966080K)
[1372118.329s][info][gc,metaspace ] GC(253443) Metaspace: 95515K(98212K)->95515K(98212K) NonClass: 86277K(88004K)->86277K(88004K) Class: 9238K(10208K)->9238K(10208K)
[1372118.329s][info][gc           ] GC(253443) Pause Young (Allocation Failure) 904M->808M(2035M) 4.515ms
[1372118.329s][info][gc,cpu       ] GC(253443) User=0.00s Sys=0.00s Real=0.00s
[1372124.031s][info][gc,start     ] GC(253444) Pause Young (Allocation Failure)
[1372124.032s][info][gc,task      ] GC(253444) Using 9 workers of 9 for evacuation
[1372124.035s][info][gc,heap      ] GC(253444) ParNew: 114446K->3559K(118016K)
[1372124.035s][info][gc,heap      ] GC(253444) CMS: 817915K->818061K(1966080K)
[1372124.035s][info][gc,metaspace ] GC(253444) Metaspace: 95515K(98212K)->95515K(98212K) NonClass: 86277K(88004K)->86277K(88004K) Class: 9238K(10208K)->9238K(10208K)
[1372124.036s][info][gc           ] GC(253444) Pause Young (Allocation Failure) 910M->802M(2035M) 4.071ms
[1372124.036s][info][gc,cpu       ] GC(253444) User=0.02s Sys=0.00s Real=0.02s
[1372128.724s][info][gc,start     ] GC(253445) Pause Young (Allocation Failure)
[1372128.724s][info][gc,task      ] GC(253445) Using 9 workers of 9 for evacuation
[1372128.728s][info][gc,heap      ] GC(253445) ParNew: 108519K->9382K(118016K)
[1372128.728s][info][gc,heap      ] GC(253445) CMS: 818061K->818061K(1966080K)
[1372128.728s][info][gc,metaspace ] GC(253445) Metaspace: 95515K(98212K)->95515K(98212K) NonClass: 86277K(88004K)->86277K(88004K) Class: 9238K(10208K)->9238K(10208K)
[1372128.728s][info][gc           ] GC(253445) Pause Young (Allocation Failure) 904M->808M(2035M) 4.524ms
[1372128.728s][info][gc,cpu       ] GC(253445) User=0.00s Sys=0.00s Real=0.00s
[1372134.540s][info][gc,start     ] GC(253446) Pause Young (Allocation Failure)
[1372134.540s][info][gc,task      ] GC(253446) Using 9 workers of 9 for evacuation
[1372134.545s][info][gc,heap      ] GC(253446) ParNew: 114342K->10466K(118016K)
[1372134.545s][info][gc,heap      ] GC(253446) CMS: 818061K->818261K(1966080K)
[1372134.545s][info][gc,metaspace ] GC(253446) Metaspace: 95515K(98212K)->95515K(98212K) NonClass: 86277K(88004K)->86277K(88004K) Class: 9238K(10208K)->9238K(10208K)
[1372134.545s][info][gc           ] GC(253446) Pause Young (Allocation Failure) 910M->809M(2035M) 4.780ms
[1372134.545s][info][gc,cpu       ] GC(253446) User=0.00s Sys=0.00s Real=0.00s
[1372140.456s][info][gc,start     ] GC(253447) Pause Young (Allocation Failure)
[1372140.456s][info][gc,task      ] GC(253447) Using 9 workers of 9 for evacuation
[1372140.461s][info][gc,heap      ] GC(253447) ParNew: 115426K->3712K(118016K)
[1372140.461s][info][gc,heap      ] GC(253447) CMS: 818261K->827021K(1966080K)
[1372140.461s][info][gc,metaspace ] GC(253447) Metaspace: 95515K(98212K)->95515K(98212K) NonClass: 86277K(88004K)->86277K(88004K) Class: 9238K(10208K)->9238K(10208K)
[1372140.462s][info][gc           ] GC(253447) Pause Young (Allocation Failure) 911M->811M(2035M) 5.649ms
[1372140.462s][info][gc,cpu       ] GC(253447) User=0.00s Sys=0.00s Real=0.02s
[1372145.363s][info][gc,start     ] GC(253448) Pause Young (Allocation Failure)
[1372145.363s][info][gc,task      ] GC(253448) Using 9 workers of 9 for evacuation
[1372145.367s][info][gc,heap      ] GC(253448) ParNew: 108672K->9697K(118016K)
[1372145.367s][info][gc,heap      ] GC(253448) CMS: 827021K->827021K(1966080K)
[1372145.367s][info][gc,metaspace ] GC(253448) Metaspace: 95515K(98212K)->95515K(98212K) NonClass: 86277K(88004K)->86277K(88004K) Class: 9238K(10208K)->9238K(10208K)
[1372145.367s][info][gc           ] GC(253448) Pause Young (Allocation Failure) 913M->817M(2035M) 4.417ms
[1372145.367s][info][gc,cpu       ] GC(253448) User=0.00s Sys=0.03s Real=0.02s
[1372150.970s][info][gc,start     ] GC(253449) Pause Young (Allocation Failure)
[1372150.970s][info][gc,task      ] GC(253449) Using 9 workers of 9 for evacuation
[1372150.975s][info][gc,heap      ] GC(253449) ParNew: 114657K->3013K(118016K)
[1372150.975s][info][gc,heap      ] GC(253449) CMS: 827021K->835997K(1966080K)
[1372150.975s][info][gc,metaspace ] GC(253449) Metaspace: 95515K(98212K)->95515K(98212K) NonClass: 86277K(88004K)->86277K(88004K) Class: 9238K(10208K)->9238K(10208K)
[1372150.975s][info][gc           ] GC(253449) Pause Young (Allocation Failure) 919M->819M(2035M) 5.111ms
[1372150.975s][info][gc,cpu       ] GC(253449) User=0.00s Sys=0.00s Real=0.00s
[1372154.199s][info][gc,start     ] GC(253450) Pause Young (Allocation Failure)
[1372154.200s][info][gc,task      ] GC(253450) Using 9 workers of 9 for evacuation
[1372154.204s][info][gc,heap      ] GC(253450) ParNew: 107969K->9411K(118016K)
[1372154.204s][info][gc,heap      ] GC(253450) CMS: 835997K->835997K(1966080K)
[1372154.204s][info][gc,metaspace ] GC(253450) Metaspace: 95515K(98212K)->95515K(98212K) NonClass: 86277K(88004K)->86277K(88004K) Class: 9238K(10208K)->9238K(10208K)
[1372154.204s][info][gc           ] GC(253450) Pause Young (Allocation Failure) 921M->825M(2035M) 4.694ms
[1372154.204s][info][gc,cpu       ] GC(253450) User=0.00s Sys=0.00s Real=0.00s
[1372157.844s][info][gc,start     ] GC(253451) Pause Young (Allocation Failure)
[1372157.844s][info][gc,task      ] GC(253451) Using 9 workers of 9 for evacuation
[1372157.849s][info][gc,heap      ] GC(253451) ParNew: 114371K->2366K(118016K)
[1372157.849s][info][gc,heap      ] GC(253451) CMS: 835997K->844826K(1966080K)
[1372157.849s][info][gc,metaspace ] GC(253451) Metaspace: 95515K(98212K)->95515K(98212K) NonClass: 86277K(88004K)->86277K(88004K) Class: 9238K(10208K)->9238K(10208K)
[1372157.849s][info][gc           ] GC(253451) Pause Young (Allocation Failure) 928M->827M(2035M) 5.534ms
[1372157.849s][info][gc,cpu       ] GC(253451) User=0.00s Sys=0.00s Real=0.00s
[1372164.702s][info][gc,start     ] GC(253452) Pause Young (Allocation Failure)
[1372164.702s][info][gc,task      ] GC(253452) Using 9 workers of 9 for evacuation
[1372164.706s][info][gc,heap      ] GC(253452) ParNew: 107320K->2052K(118016K)
[1372164.706s][info][gc,heap      ] GC(253452) CMS: 844826K->844826K(1966080K)
[1372164.706s][info][gc,metaspace ] GC(253452) Metaspace: 95515K(98212K)->95515K(98212K) NonClass: 86277K(88004K)->86277K(88004K) Class: 9238K(10208K)->9238K(10208K)
[1372164.706s][info][gc           ] GC(253452) Pause Young (Allocation Failure) 929M->827M(2035M) 4.203ms
[1372164.706s][info][gc,cpu       ] GC(253452) User=0.00s Sys=0.00s Real=0.00s
[1372172.393s][info][gc,start     ] GC(253453) Pause Young (Allocation Failure)
[1372172.393s][info][gc,task      ] GC(253453) Using 9 workers of 9 for evacuation
[1372172.397s][info][gc,heap      ] GC(253453) ParNew: 107012K->9478K(118016K)
[1372172.397s][info][gc,heap      ] GC(253453) CMS: 844826K->844826K(1966080K)
[1372172.397s][info][gc,metaspace ] GC(253453) Metaspace: 95515K(98212K)->95515K(98212K) NonClass: 86277K(88004K)->86277K(88004K) Class: 9238K(10208K)->9238K(10208K)
[1372172.398s][info][gc           ] GC(253453) Pause Young (Allocation Failure) 929M->834M(2035M) 4.869ms
[1372172.398s][info][gc,cpu       ] GC(253453) User=0.00s Sys=0.00s Real=0.00s
[1372176.330s][info][gc,start     ] GC(253454) Pause Young (Allocation Failure)
[1372176.331s][info][gc,task      ] GC(253454) Using 9 workers of 9 for evacuation
[1372176.336s][info][gc,heap      ] GC(253454) ParNew: 114438K->10018K(118016K)
[1372176.336s][info][gc,heap      ] GC(253454) CMS: 844826K->845073K(1966080K)
[1372176.336s][info][gc,metaspace ] GC(253454) Metaspace: 95515K(98212K)->95515K(98212K) NonClass: 86277K(88004K)->86277K(88004K) Class: 9238K(10208K)->9238K(10208K)
[1372176.336s][info][gc           ] GC(253454) Pause Young (Allocation Failure) 936M->835M(2035M) 5.263ms
[1372176.336s][info][gc,cpu       ] GC(253454) User=0.00s Sys=0.00s Real=0.00s
[1372181.217s][info][gc,start     ] GC(253455) Pause Young (Allocation Failure)
[1372181.217s][info][gc,task      ] GC(253455) Using 9 workers of 9 for evacuation
[1372181.222s][info][gc,heap      ] GC(253455) ParNew: 114978K->3616K(118016K)
[1372181.222s][info][gc,heap      ] GC(253455) CMS: 845073K->853828K(1966080K)
[1372181.222s][info][gc,metaspace ] GC(253455) Metaspace: 95515K(98212K)->95515K(98212K) NonClass: 86277K(88004K)->86277K(88004K) Class: 9238K(10208K)->9238K(10208K)
[1372181.222s][info][gc           ] GC(253455) Pause Young (Allocation Failure) 937M->837M(2035M) 5.102ms
[1372181.222s][info][gc,cpu       ] GC(253455) User=0.00s Sys=0.00s Real=0.00s
[1372185.737s][info][gc,start     ] GC(253456) Pause Young (Allocation Failure)
[1372185.738s][info][gc,task      ] GC(253456) Using 9 workers of 9 for evacuation
[1372185.742s][info][gc,heap      ] GC(253456) ParNew: 108319K->1815K(118016K)
[1372185.742s][info][gc,heap      ] GC(253456) CMS: 853828K->853828K(1966080K)
[1372185.742s][info][gc,metaspace ] GC(253456) Metaspace: 95515K(98212K)->95515K(98212K) NonClass: 86277K(88004K)->86277K(88004K) Class: 9238K(10208K)->9238K(10208K)
[1372185.742s][info][gc           ] GC(253456) Pause Young (Allocation Failure) 939M->835M(2035M) 4.878ms
[1372185.742s][info][gc,cpu       ] GC(253456) User=0.02s Sys=0.00s Real=0.02s
[1372191.483s][info][gc,start     ] GC(253457) Pause Young (Allocation Failure)
[1372191.483s][info][gc,task      ] GC(253457) Using 9 workers of 9 for evacuation
[1372191.488s][info][gc,heap      ] GC(253457) ParNew: 106775K->9391K(118016K)
[1372191.488s][info][gc,heap      ] GC(253457) CMS: 853828K->853828K(1966080K)
[1372191.488s][info][gc,metaspace ] GC(253457) Metaspace: 95515K(98212K)->95515K(98212K) NonClass: 86277K(88004K)->86277K(88004K) Class: 9238K(10208K)->9238K(10208K)
[1372191.488s][info][gc           ] GC(253457) Pause Young (Allocation Failure) 938M->842M(2035M) 4.839ms
[1372191.488s][info][gc,cpu       ] GC(253457) User=0.00s Sys=0.00s Real=0.00s
[1372196.419s][info][gc,start     ] GC(253458) Pause Young (Allocation Failure)
[1372196.419s][info][gc,task      ] GC(253458) Using 9 workers of 9 for evacuation
[1372196.423s][info][gc,heap      ] GC(253458) ParNew: 114351K->10052K(118016K)
[1372196.424s][info][gc,heap      ] GC(253458) CMS: 853828K->854090K(1966080K)
[1372196.424s][info][gc,metaspace ] GC(253458) Metaspace: 95515K(98212K)->95515K(98212K) NonClass: 86277K(88004K)->86277K(88004K) Class: 9238K(10208K)->9238K(10208K)
[1372196.424s][info][gc           ] GC(253458) Pause Young (Allocation Failure) 945M->843M(2035M) 4.949ms
[1372196.424s][info][gc,cpu       ] GC(253458) User=0.00s Sys=0.00s Real=0.00s
[1372200.921s][info][gc,start     ] GC(253459) Pause Young (Allocation Failure)
[1372200.921s][info][gc,task      ] GC(253459) Using 9 workers of 9 for evacuation
[1372200.926s][info][gc,heap      ] GC(253459) ParNew: 115012K->3532K(118016K)
[1372200.926s][info][gc,heap      ] GC(253459) CMS: 854090K->862836K(1966080K)
[1372200.926s][info][gc,metaspace ] GC(253459) Metaspace: 95515K(98212K)->95515K(98212K) NonClass: 86277K(88004K)->86277K(88004K) Class: 9238K(10208K)->9238K(10208K)
[1372200.926s][info][gc           ] GC(253459) Pause Young (Allocation Failure) 946M->846M(2035M) 5.165ms
[1372200.927s][info][gc,cpu       ] GC(253459) User=0.00s Sys=0.00s Real=0.00s
[1372206.070s][info][gc,start     ] GC(253460) Pause Young (Allocation Failure)
[1372206.070s][info][gc,task      ] GC(253460) Using 9 workers of 9 for evacuation
[1372206.075s][info][gc,heap      ] GC(253460) ParNew: 108453K->8306K(118016K)
[1372206.075s][info][gc,heap      ] GC(253460) CMS: 862836K->862836K(1966080K)
[1372206.075s][info][gc,metaspace ] GC(253460) Metaspace: 95515K(98212K)->95515K(98212K) NonClass: 86277K(88004K)->86277K(88004K) Class: 9238K(10208K)->9238K(10208K)
[1372206.075s][info][gc           ] GC(253460) Pause Young (Allocation Failure) 948M->850M(2035M) 4.734ms
[1372206.075s][info][gc,cpu       ] GC(253460) User=0.14s Sys=0.00s Real=0.02s
[1372211.612s][info][gc,start     ] GC(253461) Pause Young (Allocation Failure)
[1372211.612s][info][gc,task      ] GC(253461) Using 9 workers of 9 for evacuation
[1372211.618s][info][gc,heap      ] GC(253461) ParNew: 113266K->3110K(118016K)
[1372211.618s][info][gc,heap      ] GC(253461) CMS: 862836K->870371K(1966080K)
[1372211.618s][info][gc,metaspace ] GC(253461) Metaspace: 95515K(98212K)->95515K(98212K) NonClass: 86277K(88004K)->86277K(88004K) Class: 9238K(10208K)->9238K(10208K)
[1372211.618s][info][gc           ] GC(253461) Pause Young (Allocation Failure) 953M->853M(2035M) 5.483ms
[1372211.618s][info][gc,cpu       ] GC(253461) User=0.00s Sys=0.00s Real=0.00s
[1372218.143s][info][gc,start     ] GC(253462) Pause Young (Allocation Failure)
[1372218.143s][info][gc,task      ] GC(253462) Using 9 workers of 9 for evacuation
[1372218.148s][info][gc,heap      ] GC(253462) ParNew: 108070K->9485K(118016K)
[1372218.148s][info][gc,heap      ] GC(253462) CMS: 870371K->870371K(1966080K)
[1372218.148s][info][gc,metaspace ] GC(253462) Metaspace: 95515K(98212K)->95515K(98212K) NonClass: 86277K(88004K)->86277K(88004K) Class: 9238K(10208K)->9238K(10208K)
[1372218.148s][info][gc           ] GC(253462) Pause Young (Allocation Failure) 955M->859M(2035M) 5.180ms
[1372218.148s][info][gc,cpu       ] GC(253462) User=0.00s Sys=0.00s Real=0.00s
[1372223.727s][info][gc,start     ] GC(253463) Pause Young (Allocation Failure)
[1372223.727s][info][gc,task      ] GC(253463) Using 9 workers of 9 for evacuation
[1372223.731s][info][gc,heap      ] GC(253463) ParNew: 114439K->2352K(118016K)
[1372223.731s][info][gc,heap      ] GC(253463) CMS: 870371K->870529K(1966080K)
[1372223.731s][info][gc,metaspace ] GC(253463) Metaspace: 95515K(98212K)->95515K(98212K) NonClass: 86277K(88004K)->86277K(88004K) Class: 9238K(10208K)->9238K(10208K)
[1372223.731s][info][gc           ] GC(253463) Pause Young (Allocation Failure) 961M->852M(2035M) 4.405ms
[1372223.732s][info][gc,cpu       ] GC(253463) User=0.00s Sys=0.00s Real=0.00s
[1372230.213s][info][gc,start     ] GC(253464) Pause Young (Allocation Failure)
[1372230.213s][info][gc,task      ] GC(253464) Using 9 workers of 9 for evacuation
[1372230.217s][info][gc,heap      ] GC(253464) ParNew: 107312K->9409K(118016K)
[1372230.217s][info][gc,heap      ] GC(253464) CMS: 870529K->870529K(1966080K)
[1372230.217s][info][gc,metaspace ] GC(253464) Metaspace: 95515K(98212K)->95515K(98212K) NonClass: 86277K(88004K)->86277K(88004K) Class: 9238K(10208K)->9238K(10208K)
[1372230.217s][info][gc           ] GC(253464) Pause Young (Allocation Failure) 954M->859M(2035M) 4.808ms
[1372230.218s][info][gc,cpu       ] GC(253464) User=0.00s Sys=0.00s Real=0.00s
[1372235.870s][info][gc,start     ] GC(253465) Pause Young (Allocation Failure)
[1372235.870s][info][gc,task      ] GC(253465) Using 9 workers of 9 for evacuation
[1372235.875s][info][gc,heap      ] GC(253465) ParNew: 114369K->1955K(118016K)
[1372235.875s][info][gc,heap      ] GC(253465) CMS: 870529K->870702K(1966080K)
[1372235.875s][info][gc,metaspace ] GC(253465) Metaspace: 95515K(98212K)->95515K(98212K) NonClass: 86277K(88004K)->86277K(88004K) Class: 9238K(10208K)->9238K(10208K)
[1372235.875s][info][gc           ] GC(253465) Pause Young (Allocation Failure) 961M->852M(2035M) 5.300ms
[1372235.875s][info][gc,cpu       ] GC(253465) User=0.00s Sys=0.00s Real=0.00s
[1372242.072s][info][gc,start     ] GC(253466) Pause Young (Allocation Failure)
[1372242.073s][info][gc,task      ] GC(253466) Using 9 workers of 9 for evacuation
[1372242.077s][info][gc,heap      ] GC(253466) ParNew: 106915K->9505K(118016K)
[1372242.077s][info][gc,heap      ] GC(253466) CMS: 870702K->870702K(1966080K)
[1372242.077s][info][gc,metaspace ] GC(253466) Metaspace: 95515K(98212K)->95515K(98212K) NonClass: 86277K(88004K)->86277K(88004K) Class: 9238K(10208K)->9238K(10208K)
[1372242.077s][info][gc           ] GC(253466) Pause Young (Allocation Failure) 954M->859M(2035M) 4.378ms
[1372242.077s][info][gc,cpu       ] GC(253466) User=0.00s Sys=0.00s Real=0.00s
[1372249.982s][info][gc,start     ] GC(253467) Pause Young (Allocation Failure)
[1372249.983s][info][gc,task      ] GC(253467) Using 9 workers of 9 for evacuation
[1372249.988s][info][gc,heap      ] GC(253467) ParNew: 114465K->9800K(118016K)
[1372249.988s][info][gc,heap      ] GC(253467) CMS: 870702K->870901K(1966080K)
[1372249.988s][info][gc,metaspace ] GC(253467) Metaspace: 95515K(98212K)->95515K(98212K) NonClass: 86277K(88004K)->86277K(88004K) Class: 9238K(10208K)->9238K(10208K)
[1372249.988s][info][gc           ] GC(253467) Pause Young (Allocation Failure) 962M->860M(2035M) 5.483ms
[1372249.988s][info][gc,cpu       ] GC(253467) User=0.02s Sys=0.00s Real=0.02s
[1372254.795s][info][gc,start     ] GC(253468) Pause Young (Allocation Failure)
[1372254.795s][info][gc,task      ] GC(253468) Using 9 workers of 9 for evacuation
[1372254.799s][info][gc,heap      ] GC(253468) ParNew: 114760K->11601K(118016K)
[1372254.799s][info][gc,heap      ] GC(253468) CMS: 870901K->870991K(1966080K)
[1372254.799s][info][gc,metaspace ] GC(253468) Metaspace: 95515K(98212K)->95515K(98212K) NonClass: 86277K(88004K)->86277K(88004K) Class: 9238K(10208K)->9238K(10208K)
[1372254.799s][info][gc           ] GC(253468) Pause Young (Allocation Failure) 962M->861M(2035M) 4.901ms
[1372254.800s][info][gc,cpu       ] GC(253468) User=0.00s Sys=0.00s Real=0.00s
[1372259.506s][info][gc,start     ] GC(253469) Pause Young (Allocation Failure)
[1372259.506s][info][gc,task      ] GC(253469) Using 9 workers of 9 for evacuation
[1372259.511s][info][gc,heap      ] GC(253469) ParNew: 116545K->4790K(118016K)
[1372259.511s][info][gc,heap      ] GC(253469) CMS: 870991K->879761K(1966080K)
[1372259.511s][info][gc,metaspace ] GC(253469) Metaspace: 95515K(98212K)->95515K(98212K) NonClass: 86277K(88004K)->86277K(88004K) Class: 9238K(10208K)->9238K(10208K)
[1372259.511s][info][gc           ] GC(253469) Pause Young (Allocation Failure) 964M->863M(2035M) 5.540ms
[1372259.511s][info][gc,cpu       ] GC(253469) User=0.00s Sys=0.00s Real=0.00s
[1372263.515s][info][gc,start     ] GC(253470) Pause Young (Allocation Failure)
[1372263.515s][info][gc,task      ] GC(253470) Using 9 workers of 9 for evacuation
[1372263.519s][info][gc,heap      ] GC(253470) ParNew: 109746K->9928K(118016K)
[1372263.519s][info][gc,heap      ] GC(253470) CMS: 879761K->879761K(1966080K)
[1372263.519s][info][gc,metaspace ] GC(253470) Metaspace: 95515K(98212K)->95515K(98212K) NonClass: 86277K(88004K)->86277K(88004K) Class: 9238K(10208K)->9238K(10208K)
[1372263.519s][info][gc           ] GC(253470) Pause Young (Allocation Failure) 966M->868M(2035M) 4.635ms
[1372263.520s][info][gc,cpu       ] GC(253470) User=0.02s Sys=0.00s Real=0.02s
[1372271.735s][info][gc,start     ] GC(253471) Pause Young (Allocation Failure)
[1372271.735s][info][gc,task      ] GC(253471) Using 9 workers of 9 for evacuation
[1372271.741s][info][gc,heap      ] GC(253471) ParNew: 114888K->2944K(118016K)
[1372271.741s][info][gc,heap      ] GC(253471) CMS: 879761K->888588K(1966080K)
[1372271.741s][info][gc,metaspace ] GC(253471) Metaspace: 95515K(98212K)->95515K(98212K) NonClass: 86277K(88004K)->86277K(88004K) Class: 9238K(10208K)->9238K(10208K)
[1372271.741s][info][gc           ] GC(253471) Pause Young (Allocation Failure) 971M->870M(2035M) 6.124ms
[1372271.741s][info][gc,cpu       ] GC(253471) User=0.14s Sys=0.00s Real=0.01s
[1372276.987s][info][gc,start     ] GC(253472) Pause Young (Allocation Failure)
[1372276.987s][info][gc,task      ] GC(253472) Using 9 workers of 9 for evacuation
[1372276.992s][info][gc,heap      ] GC(253472) ParNew: 107904K->9556K(118016K)
[1372276.992s][info][gc,heap      ] GC(253472) CMS: 888588K->888588K(1966080K)
[1372276.992s][info][gc,metaspace ] GC(253472) Metaspace: 95515K(98212K)->95515K(98212K) NonClass: 86277K(88004K)->86277K(88004K) Class: 9238K(10208K)->9238K(10208K)
[1372276.992s][info][gc           ] GC(253472) Pause Young (Allocation Failure) 973M->877M(2035M) 4.979ms
[1372276.992s][info][gc,cpu       ] GC(253472) User=0.00s Sys=0.00s Real=0.00s
[1372284.313s][info][gc,start     ] GC(253473) Pause Young (Allocation Failure)
[1372284.313s][info][gc,task      ] GC(253473) Using 9 workers of 9 for evacuation
[1372284.318s][info][gc,heap      ] GC(253473) ParNew: 114421K->8485K(118016K)
[1372284.318s][info][gc,heap      ] GC(253473) CMS: 888588K->888796K(1966080K)
[1372284.318s][info][gc,metaspace ] GC(253473) Metaspace: 95515K(98212K)->95515K(98212K) NonClass: 86277K(88004K)->86277K(88004K) Class: 9238K(10208K)->9238K(10208K)
[1372284.318s][info][gc           ] GC(253473) Pause Young (Allocation Failure) 979M->876M(2035M) 5.157ms
[1372284.318s][info][gc,cpu       ] GC(253473) User=0.00s Sys=0.00s Real=0.00s
[1372291.099s][info][gc,start     ] GC(253474) Pause Young (Allocation Failure)
[1372291.099s][info][gc,task      ] GC(253474) Using 9 workers of 9 for evacuation
[1372291.104s][info][gc,heap      ] GC(253474) ParNew: 113445K->3822K(118016K)
[1372291.104s][info][gc,heap      ] GC(253474) CMS: 888796K->895091K(1966080K)
[1372291.104s][info][gc,metaspace ] GC(253474) Metaspace: 95515K(98212K)->95515K(98212K) NonClass: 86277K(88004K)->86277K(88004K) Class: 9238K(10208K)->9238K(10208K)
[1372291.104s][info][gc           ] GC(253474) Pause Young (Allocation Failure) 978M->877M(2035M) 5.253ms
[1372291.104s][info][gc,cpu       ] GC(253474) User=0.00s Sys=0.00s Real=0.00s
[1372298.421s][info][gc,start     ] GC(253475) Pause Young (Allocation Failure)
[1372298.421s][info][gc,task      ] GC(253475) Using 9 workers of 9 for evacuation
[1372298.426s][info][gc,heap      ] GC(253475) ParNew: 108782K->9621K(118016K)
[1372298.426s][info][gc,heap      ] GC(253475) CMS: 895091K->895091K(1966080K)
[1372298.426s][info][gc,metaspace ] GC(253475) Metaspace: 95515K(98212K)->95515K(98212K) NonClass: 86277K(88004K)->86277K(88004K) Class: 9238K(10208K)->9238K(10208K)
[1372298.426s][info][gc           ] GC(253475) Pause Young (Allocation Failure) 980M->883M(2035M) 4.322ms
[1372298.426s][info][gc,cpu       ] GC(253475) User=0.02s Sys=0.00s Real=0.02s
[1372306.592s][info][gc,start     ] GC(253476) Pause Young (Allocation Failure)
[1372306.592s][info][gc,task      ] GC(253476) Using 9 workers of 9 for evacuation
[1372306.596s][info][gc,heap      ] GC(253476) ParNew: 114581K->10541K(118016K)
[1372306.596s][info][gc,heap      ] GC(253476) CMS: 895091K->895226K(1966080K)
[1372306.596s][info][gc,metaspace ] GC(253476) Metaspace: 95515K(98212K)->95515K(98212K) NonClass: 86277K(88004K)->86277K(88004K) Class: 9238K(10208K)->9238K(10208K)
[1372306.596s][info][gc           ] GC(253476) Pause Young (Allocation Failure) 986M->884M(2035M) 4.727ms
[1372306.596s][info][gc,cpu       ] GC(253476) User=0.03s Sys=0.00s Real=0.02s
[1372311.786s][info][gc,start     ] GC(253477) Pause Young (Allocation Failure)
[1372311.786s][info][gc,task      ] GC(253477) Using 9 workers of 9 for evacuation
[1372311.792s][info][gc,heap      ] GC(253477) ParNew: 115501K->3975K(118016K)
[1372311.792s][info][gc,heap      ] GC(253477) CMS: 895226K->903952K(1966080K)
[1372311.792s][info][gc,metaspace ] GC(253477) Metaspace: 95515K(98212K)->95515K(98212K) NonClass: 86277K(88004K)->86277K(88004K) Class: 9238K(10208K)->9238K(10208K)
[1372311.792s][info][gc           ] GC(253477) Pause Young (Allocation Failure) 987M->886M(2035M) 6.043ms
[1372311.792s][info][gc,cpu       ] GC(253477) User=0.00s Sys=0.00s Real=0.00s
[1372316.254s][info][gc,start     ] GC(253478) Pause Young (Allocation Failure)
[1372316.254s][info][gc,task      ] GC(253478) Using 9 workers of 9 for evacuation
[1372316.259s][info][gc,heap      ] GC(253478) ParNew: 108935K->9666K(118016K)
[1372316.259s][info][gc,heap      ] GC(253478) CMS: 903952K->903952K(1966080K)
[1372316.259s][info][gc,metaspace ] GC(253478) Metaspace: 95515K(98212K)->95515K(98212K) NonClass: 86277K(88004K)->86277K(88004K) Class: 9238K(10208K)->9238K(10208K)
[1372316.259s][info][gc           ] GC(253478) Pause Young (Allocation Failure) 989M->892M(2035M) 5.276ms
[1372316.259s][info][gc,cpu       ] GC(253478) User=0.00s Sys=0.00s Real=0.00s
[1372321.953s][info][gc,start     ] GC(253479) Pause Young (Allocation Failure)
[1372321.954s][info][gc,task      ] GC(253479) Using 9 workers of 9 for evacuation
[1372321.959s][info][gc,heap      ] GC(253479) ParNew: 114626K->2744K(118016K)
[1372321.959s][info][gc,heap      ] GC(253479) CMS: 903952K->912717K(1966080K)
[1372321.959s][info][gc,metaspace ] GC(253479) Metaspace: 95515K(98212K)->95515K(98212K) NonClass: 86277K(88004K)->86277K(88004K) Class: 9238K(10208K)->9238K(10208K)
[1372321.959s][info][gc           ] GC(253479) Pause Young (Allocation Failure) 994M->894M(2035M) 5.549ms
[1372321.959s][info][gc,cpu       ] GC(253479) User=0.00s Sys=0.00s Real=0.00s
[1372327.587s][info][gc,start     ] GC(253480) Pause Young (Allocation Failure)
[1372327.588s][info][gc,task      ] GC(253480) Using 9 workers of 9 for evacuation
[1372327.592s][info][gc,heap      ] GC(253480) ParNew: 107704K->9410K(118016K)
[1372327.592s][info][gc,heap      ] GC(253480) CMS: 912717K->912717K(1966080K)
[1372327.593s][info][gc,metaspace ] GC(253480) Metaspace: 95515K(98212K)->95515K(98212K) NonClass: 86277K(88004K)->86277K(88004K) Class: 9238K(10208K)->9238K(10208K)
[1372327.593s][info][gc           ] GC(253480) Pause Young (Allocation Failure) 996M->900M(2035M) 5.122ms
[1372327.593s][info][gc,cpu       ] GC(253480) User=0.00s Sys=0.00s Real=0.00s
[1372332.332s][info][gc,start     ] GC(253481) Pause Young (Allocation Failure)
[1372332.332s][info][gc,task      ] GC(253481) Using 9 workers of 9 for evacuation
[1372332.337s][info][gc,heap      ] GC(253481) ParNew: 114370K->2152K(118016K)
[1372332.337s][info][gc,heap      ] GC(253481) CMS: 912717K->921510K(1966080K)
[1372332.337s][info][gc,metaspace ] GC(253481) Metaspace: 95515K(98212K)->95515K(98212K) NonClass: 86277K(88004K)->86277K(88004K) Class: 9238K(10208K)->9238K(10208K)
[1372332.337s][info][gc           ] GC(253481) Pause Young (Allocation Failure) 1003M->902M(2035M) 5.109ms
[1372332.337s][info][gc,cpu       ] GC(253481) User=0.00s Sys=0.00s Real=0.00s
[1372338.084s][info][gc,start     ] GC(253482) Pause Young (Allocation Failure)
[1372338.084s][info][gc,task      ] GC(253482) Using 9 workers of 9 for evacuation
[1372338.089s][info][gc,heap      ] GC(253482) ParNew: 107112K->9325K(118016K)
[1372338.089s][info][gc,heap      ] GC(253482) CMS: 921510K->921510K(1966080K)
[1372338.089s][info][gc,metaspace ] GC(253482) Metaspace: 95515K(98212K)->95515K(98212K) NonClass: 86277K(88004K)->86277K(88004K) Class: 9238K(10208K)->9238K(10208K)
[1372338.089s][info][gc           ] GC(253482) Pause Young (Allocation Failure) 1004M->909M(2035M) 5.275ms
[1372338.089s][info][gc,cpu       ] GC(253482) User=0.03s Sys=0.00s Real=0.01s
[1372343.116s][info][gc,start     ] GC(253483) Pause Young (Allocation Failure)
[1372343.117s][info][gc,task      ] GC(253483) Using 9 workers of 9 for evacuation
[1372343.120s][info][gc,heap      ] GC(253483) ParNew: 114285K->1818K(118016K)
[1372343.120s][info][gc,heap      ] GC(253483) CMS: 921510K->921689K(1966080K)
[1372343.120s][info][gc,metaspace ] GC(253483) Metaspace: 95515K(98212K)->95515K(98212K) NonClass: 86277K(88004K)->86277K(88004K) Class: 9238K(10208K)->9238K(10208K)
[1372343.121s][info][gc           ] GC(253483) Pause Young (Allocation Failure) 1011M->901M(2035M) 4.120ms
[1372343.121s][info][gc,cpu       ] GC(253483) User=0.00s Sys=0.00s Real=0.00s
[1372347.815s][info][gc,start     ] GC(253484) Pause Young (Allocation Failure)
[1372347.815s][info][gc,task      ] GC(253484) Using 9 workers of 9 for evacuation
[1372347.820s][info][gc,heap      ] GC(253484) ParNew: 106778K->9334K(118016K)
[1372347.820s][info][gc,heap      ] GC(253484) CMS: 921689K->921689K(1966080K)
[1372347.820s][info][gc,metaspace ] GC(253484) Metaspace: 95515K(98212K)->95515K(98212K) NonClass: 86277K(88004K)->86277K(88004K) Class: 9238K(10208K)->9238K(10208K)
[1372347.821s][info][gc           ] GC(253484) Pause Young (Allocation Failure) 1004M->909M(2035M) 5.452ms
[1372347.821s][info][gc,cpu       ] GC(253484) User=0.14s Sys=0.00s Real=0.02s
[1372355.093s][info][gc,start     ] GC(253485) Pause Young (Allocation Failure)
[1372355.093s][info][gc,task      ] GC(253485) Using 9 workers of 9 for evacuation
[1372355.097s][info][gc,heap      ] GC(253485) ParNew: 114294K->1726K(118016K)
[1372355.097s][info][gc,heap      ] GC(253485) CMS: 921689K->921846K(1966080K)
[1372355.097s][info][gc,metaspace ] GC(253485) Metaspace: 95515K(98212K)->95515K(98212K) NonClass: 86277K(88004K)->86277K(88004K) Class: 9238K(10208K)->9238K(10208K)
[1372355.097s][info][gc           ] GC(253485) Pause Young (Allocation Failure) 1011M->901M(2035M) 3.969ms
[1372355.097s][info][gc,cpu       ] GC(253485) User=0.00s Sys=0.00s Real=0.00s
[1372361.185s][info][gc,start     ] GC(253486) Pause Young (Allocation Failure)
[1372361.185s][info][gc,task      ] GC(253486) Using 9 workers of 9 for evacuation
[1372361.189s][info][gc,heap      ] GC(253486) ParNew: 106686K->9369K(118016K)
[1372361.189s][info][gc,heap      ] GC(253486) CMS: 921846K->921846K(1966080K)
[1372361.189s][info][gc,metaspace ] GC(253486) Metaspace: 95515K(98212K)->95515K(98212K) NonClass: 86277K(88004K)->86277K(88004K) Class: 9238K(10208K)->9238K(10208K)
[1372361.190s][info][gc           ] GC(253486) Pause Young (Allocation Failure) 1004M->909M(2035M) 4.964ms
[1372361.190s][info][gc,cpu       ] GC(253486) User=0.00s Sys=0.00s Real=0.00s
[1372366.022s][info][gc,start     ] GC(253487) Pause Young (Allocation Failure)
[1372366.022s][info][gc,task      ] GC(253487) Using 9 workers of 9 for evacuation
[1372366.026s][info][gc,heap      ] GC(253487) ParNew: 114329K->1749K(118016K)
[1372366.026s][info][gc,heap      ] GC(253487) CMS: 921846K->922026K(1966080K)
[1372366.026s][info][gc,metaspace ] GC(253487) Metaspace: 95515K(98212K)->95515K(98212K) NonClass: 86277K(88004K)->86277K(88004K) Class: 9238K(10208K)->9238K(10208K)
[1372366.026s][info][gc           ] GC(253487) Pause Young (Allocation Failure) 1011M->902M(2035M) 4.140ms
[1372366.026s][info][gc,cpu       ] GC(253487) User=0.00s Sys=0.00s Real=0.00s
[1372373.397s][info][gc,start     ] GC(253488) Pause Young (Allocation Failure)
[1372373.397s][info][gc,task      ] GC(253488) Using 9 workers of 9 for evacuation
[1372373.401s][info][gc,heap      ] GC(253488) ParNew: 106709K->583K(118016K)
[1372373.401s][info][gc,heap      ] GC(253488) CMS: 922026K->922026K(1966080K)
[1372373.401s][info][gc,metaspace ] GC(253488) Metaspace: 95515K(98212K)->95515K(98212K) NonClass: 86277K(88004K)->86277K(88004K) Class: 9238K(10208K)->9238K(10208K)
[1372373.401s][info][gc           ] GC(253488) Pause Young (Allocation Failure) 1004M->900M(2035M) 3.970ms
[1372373.401s][info][gc,cpu       ] GC(253488) User=0.02s Sys=0.03s Real=0.02s
[1372379.980s][info][gc,start     ] GC(253489) Pause Young (Allocation Failure)
[1372379.980s][info][gc,task      ] GC(253489) Using 9 workers of 9 for evacuation
[1372379.985s][info][gc,heap      ] GC(253489) ParNew: 105543K->9363K(118016K)
[1372379.985s][info][gc,heap      ] GC(253489) CMS: 922026K->922026K(1966080K)
[1372379.985s][info][gc,metaspace ] GC(253489) Metaspace: 95515K(98212K)->95515K(98212K) NonClass: 86277K(88004K)->86277K(88004K) Class: 9238K(10208K)->9238K(10208K)
[1372379.986s][info][gc           ] GC(253489) Pause Young (Allocation Failure) 1003M->909M(2035M) 5.263ms
[1372379.986s][info][gc,cpu       ] GC(253489) User=0.00s Sys=0.00s Real=0.00s
[1372386.510s][info][gc,start     ] GC(253490) Pause Young (Allocation Failure)
[1372386.510s][info][gc,task      ] GC(253490) Using 9 workers of 9 for evacuation
[1372386.515s][info][gc,heap      ] GC(253490) ParNew: 114323K->10110K(118016K)
[1372386.515s][info][gc,heap      ] GC(253490) CMS: 922026K->922245K(1966080K)
[1372386.515s][info][gc,metaspace ] GC(253490) Metaspace: 95515K(98212K)->95515K(98212K) NonClass: 86277K(88004K)->86277K(88004K) Class: 9238K(10208K)->9238K(10208K)
[1372386.515s][info][gc           ] GC(253490) Pause Young (Allocation Failure) 1012M->910M(2035M) 4.902ms
[1372386.515s][info][gc,cpu       ] GC(253490) User=0.00s Sys=0.00s Real=0.00s
[1372393.775s][info][gc,start     ] GC(253491) Pause Young (Allocation Failure)
[1372393.776s][info][gc,task      ] GC(253491) Using 9 workers of 9 for evacuation
[1372393.780s][info][gc,heap      ] GC(253491) ParNew: 115070K->3159K(118016K)
[1372393.780s][info][gc,heap      ] GC(253491) CMS: 922245K->922317K(1966080K)
[1372393.780s][info][gc,metaspace ] GC(253491) Metaspace: 95515K(98212K)->95515K(98212K) NonClass: 86277K(88004K)->86277K(88004K) Class: 9238K(10208K)->9238K(10208K)
[1372393.780s][info][gc           ] GC(253491) Pause Young (Allocation Failure) 1013M->903M(2035M) 4.301ms
[1372393.780s][info][gc,cpu       ] GC(253491) User=0.00s Sys=0.00s Real=0.00s
[1372399.916s][info][gc,start     ] GC(253492) Pause Young (Allocation Failure)
[1372399.916s][info][gc,task      ] GC(253492) Using 9 workers of 9 for evacuation
[1372399.920s][info][gc,heap      ] GC(253492) ParNew: 108119K->9357K(118016K)
[1372399.920s][info][gc,heap      ] GC(253492) CMS: 922317K->922317K(1966080K)
[1372399.920s][info][gc,metaspace ] GC(253492) Metaspace: 95515K(98212K)->95515K(98212K) NonClass: 86277K(88004K)->86277K(88004K) Class: 9238K(10208K)->9238K(10208K)
[1372399.920s][info][gc           ] GC(253492) Pause Young (Allocation Failure) 1006M->909M(2035M) 4.425ms
[1372399.920s][info][gc,cpu       ] GC(253492) User=0.00s Sys=0.00s Real=0.00s
[1372406.173s][info][gc,start     ] GC(253493) Pause Young (Allocation Failure)
[1372406.173s][info][gc,task      ] GC(253493) Using 9 workers of 9 for evacuation
[1372406.177s][info][gc,heap      ] GC(253493) ParNew: 114317K->10431K(118016K)
[1372406.177s][info][gc,heap      ] GC(253493) CMS: 922317K->922443K(1966080K)
[1372406.177s][info][gc,metaspace ] GC(253493) Metaspace: 95515K(98212K)->95515K(98212K) NonClass: 86277K(88004K)->86277K(88004K) Class: 9238K(10208K)->9238K(10208K)
[1372406.177s][info][gc           ] GC(253493) Pause Young (Allocation Failure) 1012M->911M(2035M) 4.422ms
[1372406.177s][info][gc,cpu       ] GC(253493) User=0.02s Sys=0.00s Real=0.02s
[1372413.266s][info][gc,start     ] GC(253494) Pause Young (Allocation Failure)
[1372413.267s][info][gc,task      ] GC(253494) Using 9 workers of 9 for evacuation
[1372413.271s][info][gc,heap      ] GC(253494) ParNew: 115391K->3875K(118016K)
[1372413.271s][info][gc,heap      ] GC(253494) CMS: 922443K->922521K(1966080K)
[1372413.271s][info][gc,metaspace ] GC(253494) Metaspace: 95515K(98212K)->95515K(98212K) NonClass: 86277K(88004K)->86277K(88004K) Class: 9238K(10208K)->9238K(10208K)
[1372413.271s][info][gc           ] GC(253494) Pause Young (Allocation Failure) 1013M->904M(2035M) 4.236ms
[1372413.271s][info][gc,cpu       ] GC(253494) User=0.00s Sys=0.00s Real=0.00s
[1372419.018s][info][gc,start     ] GC(253495) Pause Young (Allocation Failure)
[1372419.018s][info][gc,task      ] GC(253495) Using 9 workers of 9 for evacuation
[1372419.023s][info][gc,heap      ] GC(253495) ParNew: 108835K->9599K(118016K)
[1372419.023s][info][gc,heap      ] GC(253495) CMS: 922521K->922521K(1966080K)
[1372419.023s][info][gc,metaspace ] GC(253495) Metaspace: 95515K(98212K)->95515K(98212K) NonClass: 86277K(88004K)->86277K(88004K) Class: 9238K(10208K)->9238K(10208K)
[1372419.023s][info][gc           ] GC(253495) Pause Young (Allocation Failure) 1007M->910M(2035M) 5.099ms
[1372419.023s][info][gc,cpu       ] GC(253495) User=0.00s Sys=0.00s Real=0.01s
[1372424.167s][info][gc,start     ] GC(253496) Pause Young (Allocation Failure)
[1372424.167s][info][gc,task      ] GC(253496) Using 9 workers of 9 for evacuation
[1372424.172s][info][gc,heap      ] GC(253496) ParNew: 114559K->2647K(118016K)
[1372424.172s][info][gc,heap      ] GC(253496) CMS: 922521K->922654K(1966080K)
[1372424.172s][info][gc,metaspace ] GC(253496) Metaspace: 95515K(98212K)->95515K(98212K) NonClass: 86277K(88004K)->86277K(88004K) Class: 9238K(10208K)->9238K(10208K)
[1372424.172s][info][gc           ] GC(253496) Pause Young (Allocation Failure) 1012M->903M(2035M) 4.844ms
[1372424.172s][info][gc,cpu       ] GC(253496) User=0.00s Sys=0.00s Real=0.00s
[1372427.955s][info][gc,start     ] GC(253497) Pause Young (Allocation Failure)
[1372427.955s][info][gc,task      ] GC(253497) Using 9 workers of 9 for evacuation
[1372427.960s][info][gc,heap      ] GC(253497) ParNew: 107607K->9506K(118016K)
[1372427.960s][info][gc,heap      ] GC(253497) CMS: 922654K->922654K(1966080K)
[1372427.960s][info][gc,metaspace ] GC(253497) Metaspace: 95515K(98212K)->95515K(98212K) NonClass: 86277K(88004K)->86277K(88004K) Class: 9238K(10208K)->9238K(10208K)
[1372427.960s][info][gc           ] GC(253497) Pause Young (Allocation Failure) 1006M->910M(2035M) 4.670ms
[1372427.960s][info][gc,cpu       ] GC(253497) User=0.00s Sys=0.00s Real=0.00s
[1372432.807s][info][gc,start     ] GC(253498) Pause Young (Allocation Failure)
[1372432.807s][info][gc,task      ] GC(253498) Using 9 workers of 9 for evacuation
[1372432.812s][info][gc,heap      ] GC(253498) ParNew: 114466K->1972K(118016K)
[1372432.812s][info][gc,heap      ] GC(253498) CMS: 922654K->931493K(1966080K)
[1372432.812s][info][gc,metaspace ] GC(253498) Metaspace: 95515K(98212K)->95515K(98212K) NonClass: 86277K(88004K)->86277K(88004K) Class: 9238K(10208K)->9238K(10208K)
[1372432.812s][info][gc           ] GC(253498) Pause Young (Allocation Failure) 1012M->911M(2035M) 5.390ms
[1372432.812s][info][gc,cpu       ] GC(253498) User=0.00s Sys=0.00s Real=0.00s
[1372437.634s][info][gc,start     ] GC(253499) Pause Young (Allocation Failure)
[1372437.634s][info][gc,task      ] GC(253499) Using 9 workers of 9 for evacuation
[1372437.639s][info][gc,heap      ] GC(253499) ParNew: 106932K->9271K(118016K)
[1372437.639s][info][gc,heap      ] GC(253499) CMS: 931493K->931493K(1966080K)
[1372437.639s][info][gc,metaspace ] GC(253499) Metaspace: 95515K(98212K)->95515K(98212K) NonClass: 86277K(88004K)->86277K(88004K) Class: 9238K(10208K)->9238K(10208K)
[1372437.639s][info][gc           ] GC(253499) Pause Young (Allocation Failure) 1014M->918M(2035M) 4.860ms
[1372437.639s][info][gc,cpu       ] GC(253499) User=0.00s Sys=0.00s Real=0.00s
[1372444.098s][info][gc,start     ] GC(253500) Pause Young (Allocation Failure)
[1372444.098s][info][gc,task      ] GC(253500) Using 9 workers of 9 for evacuation
[1372444.102s][info][gc,heap      ] GC(253500) ParNew: 114231K->1816K(118016K)
[1372444.102s][info][gc,heap      ] GC(253500) CMS: 931493K->931637K(1966080K)
[1372444.102s][info][gc,metaspace ] GC(253500) Metaspace: 95515K(98212K)->95515K(98212K) NonClass: 86277K(88004K)->86277K(88004K) Class: 9238K(10208K)->9238K(10208K)
[1372444.102s][info][gc           ] GC(253500) Pause Young (Allocation Failure) 1021M->911M(2035M) 4.205ms
[1372444.102s][info][gc,cpu       ] GC(253500) User=0.14s Sys=0.00s Real=0.02s
[1372448.557s][info][gc,start     ] GC(253501) Pause Young (Allocation Failure)
[1372448.557s][info][gc,task      ] GC(253501) Using 9 workers of 9 for evacuation
[1372448.562s][info][gc,heap      ] GC(253501) ParNew: 106776K->9425K(118016K)
[1372448.562s][info][gc,heap      ] GC(253501) CMS: 931637K->931637K(1966080K)
[1372448.562s][info][gc,metaspace ] GC(253501) Metaspace: 95515K(98212K)->95515K(98212K) NonClass: 86277K(88004K)->86277K(88004K) Class: 9238K(10208K)->9238K(10208K)
[1372448.562s][info][gc           ] GC(253501) Pause Young (Allocation Failure) 1014M->919M(2035M) 4.517ms
[1372448.562s][info][gc,cpu       ] GC(253501) User=0.00s Sys=0.00s Real=0.00s
[1372455.197s][info][gc,start     ] GC(253502) Pause Young (Allocation Failure)
[1372455.197s][info][gc,task      ] GC(253502) Using 9 workers of 9 for evacuation
[1372455.201s][info][gc,heap      ] GC(253502) ParNew: 114385K->3926K(118016K)
[1372455.201s][info][gc,heap      ] GC(253502) CMS: 931637K->931806K(1966080K)
[1372455.201s][info][gc,metaspace ] GC(253502) Metaspace: 95515K(98212K)->95515K(98212K) NonClass: 86277K(88004K)->86277K(88004K) Class: 9238K(10208K)->9238K(10208K)
[1372455.202s][info][gc           ] GC(253502) Pause Young (Allocation Failure) 1021M->913M(2035M) 4.252ms
[1372455.202s][info][gc,cpu       ] GC(253502) User=0.00s Sys=0.00s Real=0.00s
[1372461.183s][info][gc,start     ] GC(253503) Pause Young (Allocation Failure)
[1372461.184s][info][gc,task      ] GC(253503) Using 9 workers of 9 for evacuation
[1372461.188s][info][gc,heap      ] GC(253503) ParNew: 108886K->9480K(118016K)
[1372461.188s][info][gc,heap      ] GC(253503) CMS: 931806K->931806K(1966080K)
[1372461.188s][info][gc,metaspace ] GC(253503) Metaspace: 95515K(98212K)->95515K(98212K) NonClass: 86277K(88004K)->86277K(88004K) Class: 9238K(10208K)->9238K(10208K)
[1372461.188s][info][gc           ] GC(253503) Pause Young (Allocation Failure) 1016M->919M(2035M) 4.738ms
[1372461.188s][info][gc,cpu       ] GC(253503) User=0.00s Sys=0.00s Real=0.00s
[1372466.187s][info][gc,start     ] GC(253504) Pause Young (Allocation Failure)
[1372466.188s][info][gc,task      ] GC(253504) Using 9 workers of 9 for evacuation
[1372466.192s][info][gc,heap      ] GC(253504) ParNew: 114440K->10132K(118016K)
[1372466.192s][info][gc,heap      ] GC(253504) CMS: 931806K->931988K(1966080K)
[1372466.192s][info][gc,metaspace ] GC(253504) Metaspace: 95515K(98212K)->95515K(98212K) NonClass: 86277K(88004K)->86277K(88004K) Class: 9238K(10208K)->9238K(10208K)
[1372466.192s][info][gc           ] GC(253504) Pause Young (Allocation Failure) 1021M->920M(2035M) 4.479ms
[1372466.192s][info][gc,cpu       ] GC(253504) User=0.00s Sys=0.00s Real=0.00s
[1372475.591s][info][gc,start     ] GC(253505) Pause Young (Allocation Failure)
[1372475.591s][info][gc,task      ] GC(253505) Using 9 workers of 9 for evacuation
[1372475.594s][info][gc,heap      ] GC(253505) ParNew: 115092K->3271K(118016K)
[1372475.595s][info][gc,heap      ] GC(253505) CMS: 931988K->932047K(1966080K)
[1372475.595s][info][gc,metaspace ] GC(253505) Metaspace: 95515K(98212K)->95515K(98212K) NonClass: 86277K(88004K)->86277K(88004K) Class: 9238K(10208K)->9238K(10208K)
[1372475.595s][info][gc           ] GC(253505) Pause Young (Allocation Failure) 1022M->913M(2035M) 4.078ms
[1372475.595s][info][gc,cpu       ] GC(253505) User=0.00s Sys=0.00s Real=0.00s
[1372479.016s][info][gc,start     ] GC(253506) Pause Young (Allocation Failure)
[1372479.016s][info][gc,task      ] GC(253506) Using 9 workers of 9 for evacuation
[1372479.021s][info][gc,heap      ] GC(253506) ParNew: 108231K->9512K(118016K)
[1372479.021s][info][gc,heap      ] GC(253506) CMS: 932047K->932047K(1966080K)
[1372479.021s][info][gc,metaspace ] GC(253506) Metaspace: 95515K(98212K)->95515K(98212K) NonClass: 86277K(88004K)->86277K(88004K) Class: 9238K(10208K)->9238K(10208K)
[1372479.021s][info][gc           ] GC(253506) Pause Young (Allocation Failure) 1015M->919M(2035M) 4.438ms
[1372479.021s][info][gc,cpu       ] GC(253506) User=0.00s Sys=0.00s Real=0.00s
[1372486.821s][info][gc,start     ] GC(253507) Pause Young (Allocation Failure)
[1372486.821s][info][gc,task      ] GC(253507) Using 9 workers of 9 for evacuation
[1372486.825s][info][gc,heap      ] GC(253507) ParNew: 114472K->10352K(118016K)
[1372486.825s][info][gc,heap      ] GC(253507) CMS: 932047K->932140K(1966080K)
[1372486.825s][info][gc,metaspace ] GC(253507) Metaspace: 95515K(98212K)->95515K(98212K) NonClass: 86277K(88004K)->86277K(88004K) Class: 9238K(10208K)->9238K(10208K)
[1372486.825s][info][gc           ] GC(253507) Pause Young (Allocation Failure) 1021M->920M(2035M) 4.936ms
[1372486.826s][info][gc,cpu       ] GC(253507) User=0.14s Sys=0.00s Real=0.02s
[1372492.837s][info][gc,start     ] GC(253508) Pause Young (Allocation Failure)
[1372492.837s][info][gc,task      ] GC(253508) Using 9 workers of 9 for evacuation
[1372492.842s][info][gc,heap      ] GC(253508) ParNew: 115312K->3761K(118016K)
[1372492.842s][info][gc,heap      ] GC(253508) CMS: 932140K->940908K(1966080K)
[1372492.842s][info][gc,metaspace ] GC(253508) Metaspace: 95515K(98212K)->95515K(98212K) NonClass: 86277K(88004K)->86277K(88004K) Class: 9238K(10208K)->9238K(10208K)
[1372492.842s][info][gc           ] GC(253508) Pause Young (Allocation Failure) 1022M->922M(2035M) 5.024ms
[1372492.842s][info][gc,cpu       ] GC(253508) User=0.14s Sys=0.00s Real=0.02s
[1372499.323s][info][gc,start     ] GC(253509) Pause Young (Allocation Failure)
[1372499.323s][info][gc,task      ] GC(253509) Using 9 workers of 9 for evacuation
[1372499.328s][info][gc,heap      ] GC(253509) ParNew: 108721K->9629K(118016K)
[1372499.328s][info][gc,heap      ] GC(253509) CMS: 940908K->940908K(1966080K)
[1372499.328s][info][gc,metaspace ] GC(253509) Metaspace: 95515K(98212K)->95515K(98212K) NonClass: 86277K(88004K)->86277K(88004K) Class: 9238K(10208K)->9238K(10208K)
[1372499.328s][info][gc           ] GC(253509) Pause Young (Allocation Failure) 1025M->928M(2035M) 4.649ms
[1372499.328s][info][gc,cpu       ] GC(253509) User=0.14s Sys=0.00s Real=0.02s
[1372506.807s][info][gc,start     ] GC(253510) Pause Young (Allocation Failure)
[1372506.807s][info][gc,task      ] GC(253510) Using 9 workers of 9 for evacuation
[1372506.811s][info][gc,heap      ] GC(253510) ParNew: 114586K->2629K(118016K)
[1372506.811s][info][gc,heap      ] GC(253510) CMS: 940908K->941076K(1966080K)
[1372506.811s][info][gc,metaspace ] GC(253510) Metaspace: 95515K(98212K)->95515K(98212K) NonClass: 86277K(88004K)->86277K(88004K) Class: 9238K(10208K)->9238K(10208K)
[1372506.811s][info][gc           ] GC(253510) Pause Young (Allocation Failure) 1030M->921M(2035M) 4.317ms
[1372506.811s][info][gc,cpu       ] GC(253510) User=0.02s Sys=0.00s Real=0.02s
[1372511.782s][info][gc,start     ] GC(253511) Pause Young (Allocation Failure)
[1372511.782s][info][gc,task      ] GC(253511) Using 9 workers of 9 for evacuation
[1372511.787s][info][gc,heap      ] GC(253511) ParNew: 107589K->9472K(118016K)
[1372511.787s][info][gc,heap      ] GC(253511) CMS: 941076K->941076K(1966080K)
[1372511.787s][info][gc,metaspace ] GC(253511) Metaspace: 95515K(98212K)->95515K(98212K) NonClass: 86277K(88004K)->86277K(88004K) Class: 9238K(10208K)->9238K(10208K)
[1372511.787s][info][gc           ] GC(253511) Pause Young (Allocation Failure) 1024M->928M(2035M) 4.823ms
[1372511.787s][info][gc,cpu       ] GC(253511) User=0.00s Sys=0.00s Real=0.00s
[1372517.112s][info][gc,start     ] GC(253512) Pause Young (Allocation Failure)
[1372517.112s][info][gc,task      ] GC(253512) Using 9 workers of 9 for evacuation
[1372517.116s][info][gc,heap      ] GC(253512) ParNew: 114432K->2176K(118016K)
[1372517.116s][info][gc,heap      ] GC(253512) CMS: 941076K->941218K(1966080K)
[1372517.116s][info][gc,metaspace ] GC(253512) Metaspace: 95515K(98212K)->95515K(98212K) NonClass: 86277K(88004K)->86277K(88004K) Class: 9238K(10208K)->9238K(10208K)
[1372517.116s][info][gc           ] GC(253512) Pause Young (Allocation Failure) 1030M->921M(2035M) 4.220ms
[1372517.116s][info][gc,cpu       ] GC(253512) User=0.00s Sys=0.00s Real=0.00s
[1372523.941s][info][gc,start     ] GC(253513) Pause Young (Allocation Failure)
[1372523.941s][info][gc,task      ] GC(253513) Using 9 workers of 9 for evacuation
[1372523.945s][info][gc,heap      ] GC(253513) ParNew: 107136K->694K(118016K)
[1372523.945s][info][gc,heap      ] GC(253513) CMS: 941218K->941218K(1966080K)
[1372523.945s][info][gc,metaspace ] GC(253513) Metaspace: 95515K(98212K)->95515K(98212K) NonClass: 86277K(88004K)->86277K(88004K) Class: 9238K(10208K)->9238K(10208K)
[1372523.945s][info][gc           ] GC(253513) Pause Young (Allocation Failure) 1023M->919M(2035M) 4.136ms
[1372523.945s][info][gc,cpu       ] GC(253513) User=0.00s Sys=0.00s Real=0.00s
[1372532.714s][info][gc,start     ] GC(253514) Pause Young (Allocation Failure)
[1372532.714s][info][gc,task      ] GC(253514) Using 9 workers of 9 for evacuation
[1372532.718s][info][gc,heap      ] GC(253514) ParNew: 105654K->9318K(118016K)
[1372532.718s][info][gc,heap      ] GC(253514) CMS: 941218K->941218K(1966080K)
[1372532.718s][info][gc,metaspace ] GC(253514) Metaspace: 95515K(98212K)->95515K(98212K) NonClass: 86277K(88004K)->86277K(88004K) Class: 9238K(10208K)->9238K(10208K)
[1372532.718s][info][gc           ] GC(253514) Pause Young (Allocation Failure) 1022M->928M(2035M) 4.665ms
[1372532.718s][info][gc,cpu       ] GC(253514) User=0.00s Sys=0.00s Real=0.00s
[1372538.717s][info][gc,start     ] GC(253515) Pause Young (Allocation Failure)
[1372538.717s][info][gc,task      ] GC(253515) Using 9 workers of 9 for evacuation
[1372538.722s][info][gc,heap      ] GC(253515) ParNew: 114278K->9733K(118016K)
[1372538.722s][info][gc,heap      ] GC(253515) CMS: 941218K->941447K(1966080K)
[1372538.722s][info][gc,metaspace ] GC(253515) Metaspace: 95515K(98212K)->95515K(98212K) NonClass: 86277K(88004K)->86277K(88004K) Class: 9238K(10208K)->9238K(10208K)
[1372538.722s][info][gc           ] GC(253515) Pause Young (Allocation Failure) 1030M->928M(2035M) 5.014ms
[1372538.722s][info][gc,cpu       ] GC(253515) User=0.00s Sys=0.00s Real=0.00s
[1372545.866s][info][gc,start     ] GC(253516) Pause Young (Allocation Failure)
[1372545.866s][info][gc,task      ] GC(253516) Using 9 workers of 9 for evacuation
[1372545.870s][info][gc,heap      ] GC(253516) ParNew: 114693K->3023K(118016K)
[1372545.870s][info][gc,heap      ] GC(253516) CMS: 941447K->941466K(1966080K)
[1372545.870s][info][gc,metaspace ] GC(253516) Metaspace: 95515K(98212K)->95515K(98212K) NonClass: 86277K(88004K)->86277K(88004K) Class: 9238K(10208K)->9238K(10208K)
[1372545.870s][info][gc           ] GC(253516) Pause Young (Allocation Failure) 1031M->922M(2035M) 4.306ms
[1372545.870s][info][gc,cpu       ] GC(253516) User=0.00s Sys=0.00s Real=0.00s
[1372552.984s][info][gc,start     ] GC(253517) Pause Young (Allocation Failure)
[1372552.984s][info][gc,task      ] GC(253517) Using 9 workers of 9 for evacuation
[1372552.988s][info][gc,heap      ] GC(253517) ParNew: 107983K->9528K(118016K)
[1372552.988s][info][gc,heap      ] GC(253517) CMS: 941466K->941466K(1966080K)
[1372552.988s][info][gc,metaspace ] GC(253517) Metaspace: 95515K(98212K)->95515K(98212K) NonClass: 86277K(88004K)->86277K(88004K) Class: 9238K(10208K)->9238K(10208K)
[1372552.989s][info][gc           ] GC(253517) Pause Young (Allocation Failure) 1024M->928M(2035M) 4.630ms
[1372552.989s][info][gc,cpu       ] GC(253517) User=0.00s Sys=0.00s Real=0.00s
[1372558.409s][info][gc,start     ] GC(253518) Pause Young (Allocation Failure)
[1372558.409s][info][gc,task      ] GC(253518) Using 9 workers of 9 for evacuation
[1372558.414s][info][gc,heap      ] GC(253518) ParNew: 114488K->10406K(118016K)
[1372558.414s][info][gc,heap      ] GC(253518) CMS: 941466K->941651K(1966080K)
[1372558.414s][info][gc,metaspace ] GC(253518) Metaspace: 95515K(98212K)->95515K(98212K) NonClass: 86277K(88004K)->86277K(88004K) Class: 9238K(10208K)->9238K(10208K)
[1372558.414s][info][gc           ] GC(253518) Pause Young (Allocation Failure) 1031M->929M(2035M) 4.716ms
[1372558.414s][info][gc,cpu       ] GC(253518) User=0.00s Sys=0.00s Real=0.00s
[1372563.264s][info][gc,start     ] GC(253519) Pause Young (Allocation Failure)
[1372563.264s][info][gc,task      ] GC(253519) Using 9 workers of 9 for evacuation
[1372563.270s][info][gc,heap      ] GC(253519) ParNew: 115366K->3768K(118016K)
[1372563.270s][info][gc,heap      ] GC(253519) CMS: 941651K->950378K(1966080K)
[1372563.270s][info][gc,metaspace ] GC(253519) Metaspace: 95515K(98212K)->95515K(98212K) NonClass: 86277K(88004K)->86277K(88004K) Class: 9238K(10208K)->9238K(10208K)
[1372563.270s][info][gc           ] GC(253519) Pause Young (Allocation Failure) 1032M->931M(2035M) 5.827ms
[1372563.270s][info][gc,cpu       ] GC(253519) User=0.00s Sys=0.00s Real=0.02s
[1372569.186s][info][gc,start     ] GC(253520) Pause Young (Allocation Failure)
[1372569.186s][info][gc,task      ] GC(253520) Using 9 workers of 9 for evacuation
[1372569.190s][info][gc,heap      ] GC(253520) ParNew: 108728K->9671K(118016K)
[1372569.191s][info][gc,heap      ] GC(253520) CMS: 950378K->950378K(1966080K)
[1372569.191s][info][gc,metaspace ] GC(253520) Metaspace: 95515K(98212K)->95515K(98212K) NonClass: 86277K(88004K)->86277K(88004K) Class: 9238K(10208K)->9238K(10208K)
[1372569.191s][info][gc           ] GC(253520) Pause Young (Allocation Failure) 1034M->937M(2035M) 4.771ms
[1372569.191s][info][gc,cpu       ] GC(253520) User=0.02s Sys=0.00s Real=0.02s
[1372573.734s][info][gc,start     ] GC(253521) Pause Young (Allocation Failure)
[1372573.734s][info][gc,task      ] GC(253521) Using 9 workers of 9 for evacuation
[1372573.738s][info][gc,heap      ] GC(253521) ParNew: 114616K->10660K(118016K)
[1372573.738s][info][gc,heap      ] GC(253521) CMS: 950378K->950606K(1966080K)
[1372573.738s][info][gc,metaspace ] GC(253521) Metaspace: 95515K(98212K)->95515K(98212K) NonClass: 86277K(88004K)->86277K(88004K) Class: 9238K(10208K)->9238K(10208K)
[1372573.738s][info][gc           ] GC(253521) Pause Young (Allocation Failure) 1040M->938M(2035M) 4.590ms
[1372573.738s][info][gc,cpu       ] GC(253521) User=0.00s Sys=0.00s Real=0.02s
[1372582.054s][info][gc,start     ] GC(253522) Pause Young (Allocation Failure)
[1372582.054s][info][gc,task      ] GC(253522) Using 9 workers of 9 for evacuation
[1372582.059s][info][gc,heap      ] GC(253522) ParNew: 115620K->3947K(118016K)
[1372582.060s][info][gc,heap      ] GC(253522) CMS: 950606K->959323K(1966080K)
[1372582.060s][info][gc,metaspace ] GC(253522) Metaspace: 95515K(98212K)->95515K(98212K) NonClass: 86277K(88004K)->86277K(88004K) Class: 9238K(10208K)->9238K(10208K)
[1372582.060s][info][gc           ] GC(253522) Pause Young (Allocation Failure) 1041M->940M(2035M) 6.033ms
[1372582.060s][info][gc,cpu       ] GC(253522) User=0.00s Sys=0.00s Real=0.00s
[1372585.419s][info][gc,start     ] GC(253523) Pause Young (Allocation Failure)
[1372585.419s][info][gc,task      ] GC(253523) Using 9 workers of 9 for evacuation
[1372585.424s][info][gc,heap      ] GC(253523) ParNew: 108907K->9716K(118016K)
[1372585.424s][info][gc,heap      ] GC(253523) CMS: 959323K->959323K(1966080K)
[1372585.424s][info][gc,metaspace ] GC(253523) Metaspace: 95515K(98212K)->95515K(98212K) NonClass: 86277K(88004K)->86277K(88004K) Class: 9238K(10208K)->9238K(10208K)
[1372585.424s][info][gc           ] GC(253523) Pause Young (Allocation Failure) 1043M->946M(2035M) 4.805ms
[1372585.424s][info][gc,cpu       ] GC(253523) User=0.00s Sys=0.00s Real=0.00s
[1372592.428s][info][gc,start     ] GC(253524) Pause Young (Allocation Failure)
[1372592.428s][info][gc,task      ] GC(253524) Using 9 workers of 9 for evacuation
[1372592.433s][info][gc,heap      ] GC(253524) ParNew: 114675K->2477K(118016K)
[1372592.433s][info][gc,heap      ] GC(253524) CMS: 959323K->968140K(1966080K)
[1372592.433s][info][gc,metaspace ] GC(253524) Metaspace: 95515K(98212K)->95515K(98212K) NonClass: 86277K(88004K)->86277K(88004K) Class: 9238K(10208K)->9238K(10208K)
[1372592.433s][info][gc           ] GC(253524) Pause Young (Allocation Failure) 1048M->947M(2035M) 5.477ms
[1372592.433s][info][gc,cpu       ] GC(253524) User=0.00s Sys=0.00s Real=0.00s
[1372596.346s][info][gc,start     ] GC(253525) Pause Young (Allocation Failure)
[1372596.347s][info][gc,task      ] GC(253525) Using 9 workers of 9 for evacuation
[1372596.351s][info][gc,heap      ] GC(253525) ParNew: 107437K->9389K(118016K)
[1372596.352s][info][gc,heap      ] GC(253525) CMS: 968140K->968140K(1966080K)
[1372596.352s][info][gc,metaspace ] GC(253525) Metaspace: 95515K(98212K)->95515K(98212K) NonClass: 86277K(88004K)->86277K(88004K) Class: 9238K(10208K)->9238K(10208K)
[1372596.352s][info][gc           ] GC(253525) Pause Young (Allocation Failure) 1050M->954M(2035M) 5.279ms
[1372596.352s][info][gc,cpu       ] GC(253525) User=0.03s Sys=0.02s Real=0.02s
[1372600.799s][info][gc,start     ] GC(253526) Pause Young (Allocation Failure)
[1372600.799s][info][gc,task      ] GC(253526) Using 9 workers of 9 for evacuation
[1372600.804s][info][gc,heap      ] GC(253526) ParNew: 114349K->2087K(118016K)
[1372600.805s][info][gc,heap      ] GC(253526) CMS: 968140K->976926K(1966080K)
[1372600.805s][info][gc,metaspace ] GC(253526) Metaspace: 95515K(98212K)->95515K(98212K) NonClass: 86277K(88004K)->86277K(88004K) Class: 9238K(10208K)->9238K(10208K)
[1372600.805s][info][gc           ] GC(253526) Pause Young (Allocation Failure) 1057M->956M(2035M) 5.391ms
[1372600.805s][info][gc,cpu       ] GC(253526) User=0.13s Sys=0.02s Real=0.02s
[1372604.662s][info][gc,start     ] GC(253527) Pause Young (Allocation Failure)
[1372604.662s][info][gc,task      ] GC(253527) Using 9 workers of 9 for evacuation
[1372604.667s][info][gc,heap      ] GC(253527) ParNew: 107047K->679K(118016K)
[1372604.667s][info][gc,heap      ] GC(253527) CMS: 976926K->976926K(1966080K)
[1372604.667s][info][gc,metaspace ] GC(253527) Metaspace: 95515K(98212K)->95515K(98212K) NonClass: 86277K(88004K)->86277K(88004K) Class: 9238K(10208K)->9238K(10208K)
[1372604.667s][info][gc           ] GC(253527) Pause Young (Allocation Failure) 1058M->954M(2035M) 4.961ms
[1372604.667s][info][gc,cpu       ] GC(253527) User=0.00s Sys=0.00s Real=0.00s
[1372606.966s][info][gc,start     ] GC(253528) Pause Young (Allocation Failure)
[1372606.967s][info][gc,task      ] GC(253528) Using 9 workers of 9 for evacuation
[1372606.971s][info][gc,heap      ] GC(253528) ParNew: 105639K->9322K(118016K)
[1372606.971s][info][gc,heap      ] GC(253528) CMS: 976926K->976926K(1966080K)
[1372606.972s][info][gc,metaspace ] GC(253528) Metaspace: 95515K(98212K)->95515K(98212K) NonClass: 86277K(88004K)->86277K(88004K) Class: 9238K(10208K)->9238K(10208K)
[1372606.972s][info][gc           ] GC(253528) Pause Young (Allocation Failure) 1057M->963M(2035M) 5.188ms
[1372606.972s][info][gc,cpu       ] GC(253528) User=0.03s Sys=0.00s Real=0.02s
[1372613.108s][info][gc,start     ] GC(253529) Pause Young (Allocation Failure)
[1372613.108s][info][gc,task      ] GC(253529) Using 9 workers of 9 for evacuation
[1372613.113s][info][gc,heap      ] GC(253529) ParNew: 114282K->1340K(118016K)
[1372613.113s][info][gc,heap      ] GC(253529) CMS: 976926K->985866K(1966080K)
[1372613.113s][info][gc,metaspace ] GC(253529) Metaspace: 95515K(98212K)->95515K(98212K) NonClass: 86277K(88004K)->86277K(88004K) Class: 9238K(10208K)->9238K(10208K)
[1372613.113s][info][gc           ] GC(253529) Pause Young (Allocation Failure) 1065M->964M(2035M) 5.498ms
[1372613.113s][info][gc,cpu       ] GC(253529) User=0.02s Sys=0.00s Real=0.02s
[1372619.177s][info][gc,start     ] GC(253530) Pause Young (Allocation Failure)
[1372619.177s][info][gc,task      ] GC(253530) Using 9 workers of 9 for evacuation
[1372619.182s][info][gc,heap      ] GC(253530) ParNew: 106300K->9273K(118016K)
[1372619.182s][info][gc,heap      ] GC(253530) CMS: 985866K->985866K(1966080K)
[1372619.182s][info][gc,metaspace ] GC(253530) Metaspace: 95515K(98212K)->95515K(98212K) NonClass: 86277K(88004K)->86277K(88004K) Class: 9238K(10208K)->9238K(10208K)
[1372619.182s][info][gc           ] GC(253530) Pause Young (Allocation Failure) 1066M->971M(2035M) 4.790ms
[1372619.182s][info][gc,cpu       ] GC(253530) User=0.14s Sys=0.00s Real=0.02s
[1372625.144s][info][gc,start     ] GC(253531) Pause Young (Allocation Failure)
[1372625.144s][info][gc,task      ] GC(253531) Using 9 workers of 9 for evacuation
[1372625.149s][info][gc,heap      ] GC(253531) ParNew: 114215K->2283K(118016K)
[1372625.149s][info][gc,heap      ] GC(253531) CMS: 985866K->985989K(1966080K)
[1372625.149s][info][gc,metaspace ] GC(253531) Metaspace: 95515K(98212K)->95515K(98212K) NonClass: 86277K(88004K)->86277K(88004K) Class: 9238K(10208K)->9238K(10208K)
[1372625.149s][info][gc           ] GC(253531) Pause Young (Allocation Failure) 1074M->965M(2035M) 4.833ms
[1372625.149s][info][gc,cpu       ] GC(253531) User=0.02s Sys=0.00s Real=0.02s
[1372631.334s][info][gc,start     ] GC(253532) Pause Young (Allocation Failure)
[1372631.335s][info][gc,task      ] GC(253532) Using 9 workers of 9 for evacuation
[1372631.339s][info][gc,heap      ] GC(253532) ParNew: 107237K->9340K(118016K)
[1372631.339s][info][gc,heap      ] GC(253532) CMS: 985989K->985989K(1966080K)
[1372631.339s][info][gc,metaspace ] GC(253532) Metaspace: 95515K(98212K)->95515K(98212K) NonClass: 86277K(88004K)->86277K(88004K) Class: 9238K(10208K)->9238K(10208K)
[1372631.339s][info][gc           ] GC(253532) Pause Young (Allocation Failure) 1067M->972M(2035M) 4.665ms
[1372631.339s][info][gc,cpu       ] GC(253532) User=0.00s Sys=0.00s Real=0.00s
[1372638.827s][info][gc,start     ] GC(253533) Pause Young (Allocation Failure)
[1372638.827s][info][gc,task      ] GC(253533) Using 9 workers of 9 for evacuation
[1372638.832s][info][gc,heap      ] GC(253533) ParNew: 114300K->10069K(118016K)
[1372638.832s][info][gc,heap      ] GC(253533) CMS: 985989K->986152K(1966080K)
[1372638.832s][info][gc,metaspace ] GC(253533) Metaspace: 95515K(98212K)->95515K(98212K) NonClass: 86277K(88004K)->86277K(88004K) Class: 9238K(10208K)->9238K(10208K)
[1372638.832s][info][gc           ] GC(253533) Pause Young (Allocation Failure) 1074M->972M(2035M) 4.568ms
[1372638.832s][info][gc,cpu       ] GC(253533) User=0.00s Sys=0.00s Real=0.00s
[1372646.032s][info][gc,start     ] GC(253534) Pause Young (Allocation Failure)
[1372646.032s][info][gc,task      ] GC(253534) Using 9 workers of 9 for evacuation
[1372646.036s][info][gc,heap      ] GC(253534) ParNew: 114676K->3258K(118016K)
[1372646.036s][info][gc,heap      ] GC(253534) CMS: 986152K->986213K(1966080K)
[1372646.036s][info][gc,metaspace ] GC(253534) Metaspace: 95515K(98212K)->95515K(98212K) NonClass: 86277K(88004K)->86277K(88004K) Class: 9238K(10208K)->9238K(10208K)
[1372646.036s][info][gc           ] GC(253534) Pause Young (Allocation Failure) 1075M->966M(2035M) 4.128ms
[1372646.036s][info][gc,cpu       ] GC(253534) User=0.11s Sys=0.00s Real=0.02s
[1372652.244s][info][gc,start     ] GC(253535) Pause Young (Allocation Failure)
[1372652.244s][info][gc,task      ] GC(253535) Using 9 workers of 9 for evacuation
[1372652.249s][info][gc,heap      ] GC(253535) ParNew: 108218K->9729K(118016K)
[1372652.249s][info][gc,heap      ] GC(253535) CMS: 986213K->986213K(1966080K)
[1372652.249s][info][gc,metaspace ] GC(253535) Metaspace: 95515K(98212K)->95515K(98212K) NonClass: 86277K(88004K)->86277K(88004K) Class: 9238K(10208K)->9238K(10208K)
[1372652.249s][info][gc           ] GC(253535) Pause Young (Allocation Failure) 1068M->972M(2035M) 5.102ms
[1372652.249s][info][gc,cpu       ] GC(253535) User=0.00s Sys=0.00s Real=0.00s
[1372656.823s][info][gc,start     ] GC(253536) Pause Young (Allocation Failure)
[1372656.823s][info][gc,task      ] GC(253536) Using 9 workers of 9 for evacuation
[1372656.827s][info][gc,heap      ] GC(253536) ParNew: 114689K->10611K(118016K)
[1372656.827s][info][gc,heap      ] GC(253536) CMS: 986213K->986341K(1966080K)
[1372656.827s][info][gc,metaspace ] GC(253536) Metaspace: 95515K(98212K)->95515K(98212K) NonClass: 86277K(88004K)->86277K(88004K) Class: 9238K(10208K)->9238K(10208K)
[1372656.827s][info][gc           ] GC(253536) Pause Young (Allocation Failure) 1075M->973M(2035M) 4.598ms
[1372656.827s][info][gc,cpu       ] GC(253536) User=0.00s Sys=0.00s Real=0.00s
[1372661.887s][info][gc,start     ] GC(253537) Pause Young (Allocation Failure)
[1372661.887s][info][gc,task      ] GC(253537) Using 9 workers of 9 for evacuation
[1372661.892s][info][gc,heap      ] GC(253537) ParNew: 115571K->4174K(118016K)
[1372661.892s][info][gc,heap      ] GC(253537) CMS: 986341K->995085K(1966080K)
[1372661.892s][info][gc,metaspace ] GC(253537) Metaspace: 95515K(98212K)->95515K(98212K) NonClass: 86277K(88004K)->86277K(88004K) Class: 9238K(10208K)->9238K(10208K)
[1372661.892s][info][gc           ] GC(253537) Pause Young (Allocation Failure) 1076M->975M(2035M) 5.088ms
[1372661.892s][info][gc,cpu       ] GC(253537) User=0.00s Sys=0.00s Real=0.00s
[1372669.250s][info][gc,start     ] GC(253538) Pause Young (Allocation Failure)
[1372669.250s][info][gc,task      ] GC(253538) Using 9 workers of 9 for evacuation
[1372669.255s][info][gc,heap      ] GC(253538) ParNew: 109134K->9884K(118016K)
[1372669.255s][info][gc,heap      ] GC(253538) CMS: 995085K->995085K(1966080K)
[1372669.255s][info][gc,metaspace ] GC(253538) Metaspace: 95515K(98212K)->95515K(98212K) NonClass: 86277K(88004K)->86277K(88004K) Class: 9238K(10208K)->9238K(10208K)
[1372669.255s][info][gc           ] GC(253538) Pause Young (Allocation Failure) 1078M->981M(2035M) 4.853ms
[1372669.255s][info][gc,cpu       ] GC(253538) User=0.00s Sys=0.00s Real=0.02s
[1372676.970s][info][gc,start     ] GC(253539) Pause Young (Allocation Failure)
[1372676.970s][info][gc,task      ] GC(253539) Using 9 workers of 9 for evacuation
[1372676.974s][info][gc,heap      ] GC(253539) ParNew: 114630K->3183K(118016K)
[1372676.974s][info][gc,heap      ] GC(253539) CMS: 995085K->995253K(1966080K)
[1372676.974s][info][gc,metaspace ] GC(253539) Metaspace: 95515K(98212K)->95515K(98212K) NonClass: 86277K(88004K)->86277K(88004K) Class: 9238K(10208K)->9238K(10208K)
[1372676.974s][info][gc           ] GC(253539) Pause Young (Allocation Failure) 1083M->975M(2035M) 4.464ms
[1372676.974s][info][gc,cpu       ] GC(253539) User=0.02s Sys=0.00s Real=0.02s
[1372682.862s][info][gc,start     ] GC(253540) Pause Young (Allocation Failure)
[1372682.862s][info][gc,task      ] GC(253540) Using 9 workers of 9 for evacuation
[1372682.867s][info][gc,heap      ] GC(253540) ParNew: 108143K->9418K(118016K)
[1372682.867s][info][gc,heap      ] GC(253540) CMS: 995253K->995253K(1966080K)
[1372682.867s][info][gc,metaspace ] GC(253540) Metaspace: 95515K(98212K)->95515K(98212K) NonClass: 86277K(88004K)->86277K(88004K) Class: 9238K(10208K)->9238K(10208K)
[1372682.867s][info][gc           ] GC(253540) Pause Young (Allocation Failure) 1077M->981M(2035M) 5.226ms
[1372682.867s][info][gc,cpu       ] GC(253540) User=0.02s Sys=0.00s Real=0.02s
[1372687.788s][info][gc,start     ] GC(253541) Pause Young (Allocation Failure)
[1372687.788s][info][gc,task      ] GC(253541) Using 9 workers of 9 for evacuation
[1372687.792s][info][gc,heap      ] GC(253541) ParNew: 114378K->10360K(118016K)
[1372687.792s][info][gc,heap      ] GC(253541) CMS: 995253K->995425K(1966080K)
[1372687.792s][info][gc,metaspace ] GC(253541) Metaspace: 95515K(98212K)->95515K(98212K) NonClass: 86277K(88004K)->86277K(88004K) Class: 9238K(10208K)->9238K(10208K)
[1372687.792s][info][gc           ] GC(253541) Pause Young (Allocation Failure) 1083M->982M(2035M) 4.708ms
[1372687.792s][info][gc,cpu       ] GC(253541) User=0.02s Sys=0.00s Real=0.02s
[1372694.439s][info][gc,start     ] GC(253542) Pause Young (Allocation Failure)
[1372694.439s][info][gc,task      ] GC(253542) Using 9 workers of 9 for evacuation
[1372694.443s][info][gc,heap      ] GC(253542) ParNew: 115320K->3796K(118016K)
[1372694.443s][info][gc,heap      ] GC(253542) CMS: 995425K->995530K(1966080K)
[1372694.444s][info][gc,metaspace ] GC(253542) Metaspace: 95515K(98212K)->95515K(98212K) NonClass: 86277K(88004K)->86277K(88004K) Class: 9238K(10208K)->9238K(10208K)
[1372694.444s][info][gc           ] GC(253542) Pause Young (Allocation Failure) 1084M->975M(2035M) 4.417ms
[1372694.444s][info][gc,cpu       ] GC(253542) User=0.00s Sys=0.00s Real=0.00s
[1372699.553s][info][gc,start     ] GC(253543) Pause Young (Allocation Failure)
[1372699.553s][info][gc,task      ] GC(253543) Using 9 workers of 9 for evacuation
[1372699.557s][info][gc,heap      ] GC(253543) ParNew: 108756K->9782K(118016K)
[1372699.557s][info][gc,heap      ] GC(253543) CMS: 995530K->995530K(1966080K)
[1372699.557s][info][gc,metaspace ] GC(253543) Metaspace: 95515K(98212K)->95515K(98212K) NonClass: 86277K(88004K)->86277K(88004K) Class: 9238K(10208K)->9238K(10208K)
[1372699.557s][info][gc           ] GC(253543) Pause Young (Allocation Failure) 1078M->981M(2035M) 4.366ms
[1372699.557s][info][gc,cpu       ] GC(253543) User=0.00s Sys=0.00s Real=0.00s
[1372705.266s][info][gc,start     ] GC(253544) Pause Young (Allocation Failure)
[1372705.266s][info][gc,task      ] GC(253544) Using 9 workers of 9 for evacuation
[1372705.270s][info][gc,heap      ] GC(253544) ParNew: 114742K->2682K(118016K)
[1372705.270s][info][gc,heap      ] GC(253544) CMS: 995530K->995688K(1966080K)
[1372705.270s][info][gc,metaspace ] GC(253544) Metaspace: 95515K(98212K)->95515K(98212K) NonClass: 86277K(88004K)->86277K(88004K) Class: 9238K(10208K)->9238K(10208K)
[1372705.270s][info][gc           ] GC(253544) Pause Young (Allocation Failure) 1084M->974M(2035M) 4.321ms
[1372705.270s][info][gc,cpu       ] GC(253544) User=0.00s Sys=0.00s Real=0.00s
[1372709.963s][info][gc,start     ] GC(253545) Pause Young (Allocation Failure)
[1372709.963s][info][gc,task      ] GC(253545) Using 9 workers of 9 for evacuation
[1372709.967s][info][gc,heap      ] GC(253545) ParNew: 107642K->9391K(118016K)
[1372709.968s][info][gc,heap      ] GC(253545) CMS: 995688K->995688K(1966080K)
[1372709.968s][info][gc,metaspace ] GC(253545) Metaspace: 95515K(98212K)->95515K(98212K) NonClass: 86277K(88004K)->86277K(88004K) Class: 9238K(10208K)->9238K(10208K)
[1372709.968s][info][gc           ] GC(253545) Pause Young (Allocation Failure) 1077M->981M(2035M) 5.150ms
[1372709.968s][info][gc,cpu       ] GC(253545) User=0.14s Sys=0.00s Real=0.02s
[1372716.837s][info][gc,start     ] GC(253546) Pause Young (Allocation Failure)
[1372716.837s][info][gc,task      ] GC(253546) Using 9 workers of 9 for evacuation
[1372716.841s][info][gc,heap      ] GC(253546) ParNew: 114351K->2273K(118016K)
[1372716.841s][info][gc,heap      ] GC(253546) CMS: 995688K->995864K(1966080K)
[1372716.841s][info][gc,metaspace ] GC(253546) Metaspace: 95515K(98212K)->95515K(98212K) NonClass: 86277K(88004K)->86277K(88004K) Class: 9238K(10208K)->9238K(10208K)
[1372716.841s][info][gc           ] GC(253546) Pause Young (Allocation Failure) 1084M->974M(2035M) 4.247ms
[1372716.841s][info][gc,cpu       ] GC(253546) User=0.02s Sys=0.00s Real=0.02s
[1372723.449s][info][gc,start     ] GC(253547) Pause Young (Allocation Failure)
[1372723.449s][info][gc,task      ] GC(253547) Using 9 workers of 9 for evacuation
[1372723.454s][info][gc,heap      ] GC(253547) ParNew: 107233K->9470K(118016K)
[1372723.454s][info][gc,heap      ] GC(253547) CMS: 995864K->995864K(1966080K)
[1372723.454s][info][gc,metaspace ] GC(253547) Metaspace: 95515K(98212K)->95515K(98212K) NonClass: 86277K(88004K)->86277K(88004K) Class: 9238K(10208K)->9238K(10208K)
[1372723.454s][info][gc           ] GC(253547) Pause Young (Allocation Failure) 1077M->981M(2035M) 4.939ms
[1372723.454s][info][gc,cpu       ] GC(253547) User=0.14s Sys=0.00s Real=0.01s
[1372728.579s][info][gc,start     ] GC(253548) Pause Young (Allocation Failure)
[1372728.579s][info][gc,task      ] GC(253548) Using 9 workers of 9 for evacuation
[1372728.583s][info][gc,heap      ] GC(253548) ParNew: 114430K->10464K(118016K)
[1372728.583s][info][gc,heap      ] GC(253548) CMS: 995864K->995978K(1966080K)
[1372728.583s][info][gc,metaspace ] GC(253548) Metaspace: 95515K(98212K)->95515K(98212K) NonClass: 86277K(88004K)->86277K(88004K) Class: 9238K(10208K)->9238K(10208K)
[1372728.583s][info][gc           ] GC(253548) Pause Young (Allocation Failure) 1084M->982M(2035M) 4.636ms
[1372728.583s][info][gc,cpu       ] GC(253548) User=0.00s Sys=0.00s Real=0.00s
[1372733.906s][info][gc,start     ] GC(253549) Pause Young (Allocation Failure)
[1372733.906s][info][gc,task      ] GC(253549) Using 9 workers of 9 for evacuation
[1372733.910s][info][gc,heap      ] GC(253549) ParNew: 115424K->3490K(118016K)
[1372733.910s][info][gc,heap      ] GC(253549) CMS: 995978K->996038K(1966080K)
[1372733.910s][info][gc,metaspace ] GC(253549) Metaspace: 95515K(98212K)->95515K(98212K) NonClass: 86277K(88004K)->86277K(88004K) Class: 9238K(10208K)->9238K(10208K)
[1372733.910s][info][gc           ] GC(253549) Pause Young (Allocation Failure) 1085M->976M(2035M) 4.191ms
[1372733.910s][info][gc,cpu       ] GC(253549) User=0.00s Sys=0.00s Real=0.00s
[1372739.552s][info][gc,start     ] GC(253550) Pause Young (Allocation Failure)
[1372739.552s][info][gc,task      ] GC(253550) Using 9 workers of 9 for evacuation
[1372739.557s][info][gc,heap      ] GC(253550) ParNew: 108450K->9392K(118016K)
[1372739.557s][info][gc,heap      ] GC(253550) CMS: 996038K->996038K(1966080K)
[1372739.557s][info][gc,metaspace ] GC(253550) Metaspace: 95515K(98212K)->95515K(98212K) NonClass: 86277K(88004K)->86277K(88004K) Class: 9238K(10208K)->9238K(10208K)
[1372739.557s][info][gc           ] GC(253550) Pause Young (Allocation Failure) 1078M->981M(2035M) 4.686ms
[1372739.557s][info][gc,cpu       ] GC(253550) User=0.00s Sys=0.00s Real=0.00s
[1372745.475s][info][gc,start     ] GC(253551) Pause Young (Allocation Failure)
[1372745.475s][info][gc,task      ] GC(253551) Using 9 workers of 9 for evacuation
[1372745.479s][info][gc,heap      ] GC(253551) ParNew: 114352K->10575K(118016K)
[1372745.479s][info][gc,heap      ] GC(253551) CMS: 996038K->996178K(1966080K)
[1372745.479s][info][gc,metaspace ] GC(253551) Metaspace: 95515K(98212K)->95515K(98212K) NonClass: 86277K(88004K)->86277K(88004K) Class: 9238K(10208K)->9238K(10208K)
[1372745.479s][info][gc           ] GC(253551) Pause Young (Allocation Failure) 1084M->983M(2035M) 4.841ms
[1372745.480s][info][gc,cpu       ] GC(253551) User=0.00s Sys=0.00s Real=0.00s
[1372750.445s][info][gc,start     ] GC(253552) Pause Young (Allocation Failure)
[1372750.445s][info][gc,task      ] GC(253552) Using 9 workers of 9 for evacuation
[1372750.450s][info][gc,heap      ] GC(253552) ParNew: 115535K->3937K(118016K)
[1372750.451s][info][gc,heap      ] GC(253552) CMS: 996178K->1004891K(1966080K)
[1372750.451s][info][gc,metaspace ] GC(253552) Metaspace: 95515K(98212K)->95515K(98212K) NonClass: 86277K(88004K)->86277K(88004K) Class: 9238K(10208K)->9238K(10208K)
[1372750.451s][info][gc           ] GC(253552) Pause Young (Allocation Failure) 1085M->985M(2035M) 5.920ms
[1372750.451s][info][gc,cpu       ] GC(253552) User=0.00s Sys=0.00s Real=0.00s
[1372755.040s][info][gc,start     ] GC(253553) Pause Young (Allocation Failure)
[1372755.040s][info][gc,task      ] GC(253553) Using 9 workers of 9 for evacuation
[1372755.044s][info][gc,heap      ] GC(253553) ParNew: 108897K->1156K(118016K)
[1372755.044s][info][gc,heap      ] GC(253553) CMS: 1004891K->1004891K(1966080K)
[1372755.044s][info][gc,metaspace ] GC(253553) Metaspace: 95515K(98212K)->95515K(98212K) NonClass: 86277K(88004K)->86277K(88004K) Class: 9238K(10208K)->9238K(10208K)
[1372755.044s][info][gc           ] GC(253553) Pause Young (Allocation Failure) 1087M->982M(2035M) 4.143ms
[1372755.044s][info][gc,cpu       ] GC(253553) User=0.00s Sys=0.00s Real=0.00s
[1372759.593s][info][gc,start     ] GC(253554) Pause Young (Allocation Failure)
[1372759.593s][info][gc,task      ] GC(253554) Using 9 workers of 9 for evacuation
[1372759.597s][info][gc,heap      ] GC(253554) ParNew: 106116K->9474K(118016K)
[1372759.597s][info][gc,heap      ] GC(253554) CMS: 1004891K->1004891K(1966080K)
[1372759.597s][info][gc,metaspace ] GC(253554) Metaspace: 95515K(98212K)->95515K(98212K) NonClass: 86277K(88004K)->86277K(88004K) Class: 9238K(10208K)->9238K(10208K)
[1372759.597s][info][gc           ] GC(253554) Pause Young (Allocation Failure) 1084M->990M(2035M) 4.398ms
[1372759.597s][info][gc,cpu       ] GC(253554) User=0.00s Sys=0.00s Real=0.00s
[1372766.160s][info][gc,start     ] GC(253555) Pause Young (Allocation Failure)
[1372766.160s][info][gc,task      ] GC(253555) Using 9 workers of 9 for evacuation
[1372766.164s][info][gc,heap      ] GC(253555) ParNew: 114434K->10195K(118016K)
[1372766.164s][info][gc,heap      ] GC(253555) CMS: 1004891K->1005174K(1966080K)
[1372766.164s][info][gc,metaspace ] GC(253555) Metaspace: 95515K(98212K)->95515K(98212K) NonClass: 86277K(88004K)->86277K(88004K) Class: 9238K(10208K)->9238K(10208K)
[1372766.164s][info][gc           ] GC(253555) Pause Young (Allocation Failure) 1093M->991M(2035M) 4.637ms
[1372766.164s][info][gc,cpu       ] GC(253555) User=0.02s Sys=0.00s Real=0.02s
[1372773.681s][info][gc,start     ] GC(253556) Pause Young (Allocation Failure)
[1372773.681s][info][gc,task      ] GC(253556) Using 9 workers of 9 for evacuation
[1372773.685s][info][gc,heap      ] GC(253556) ParNew: 115155K->3436K(118016K)
[1372773.685s][info][gc,heap      ] GC(253556) CMS: 1005174K->1005254K(1966080K)
[1372773.685s][info][gc,metaspace ] GC(253556) Metaspace: 95515K(98212K)->95515K(98212K) NonClass: 86277K(88004K)->86277K(88004K) Class: 9238K(10208K)->9238K(10208K)
[1372773.685s][info][gc           ] GC(253556) Pause Young (Allocation Failure) 1094M->985M(2035M) 4.644ms
[1372773.685s][info][gc,cpu       ] GC(253556) User=0.00s Sys=0.00s Real=0.00s
[1372778.408s][info][gc,start     ] GC(253557) Pause Young (Allocation Failure)
[1372778.408s][info][gc,task      ] GC(253557) Using 9 workers of 9 for evacuation
[1372778.412s][info][gc,heap      ] GC(253557) ParNew: 108396K->9598K(118016K)
[1372778.413s][info][gc,heap      ] GC(253557) CMS: 1005254K->1005254K(1966080K)
[1372778.413s][info][gc,metaspace ] GC(253557) Metaspace: 95515K(98212K)->95515K(98212K) NonClass: 86277K(88004K)->86277K(88004K) Class: 9238K(10208K)->9238K(10208K)
[1372778.413s][info][gc           ] GC(253557) Pause Young (Allocation Failure) 1087M->991M(2035M) 4.642ms
[1372778.413s][info][gc,cpu       ] GC(253557) User=0.14s Sys=0.00s Real=0.02s
[1372784.513s][info][gc,start     ] GC(253558) Pause Young (Allocation Failure)
[1372784.513s][info][gc,task      ] GC(253558) Using 9 workers of 9 for evacuation
[1372784.517s][info][gc,heap      ] GC(253558) ParNew: 114558K->2432K(118016K)
[1372784.517s][info][gc,heap      ] GC(253558) CMS: 1005254K->1005420K(1966080K)
[1372784.517s][info][gc,metaspace ] GC(253558) Metaspace: 95515K(98212K)->95515K(98212K) NonClass: 86277K(88004K)->86277K(88004K) Class: 9238K(10208K)->9238K(10208K)
[1372784.518s][info][gc           ] GC(253558) Pause Young (Allocation Failure) 1093M->984M(2035M) 4.248ms
[1372784.518s][info][gc,cpu       ] GC(253558) User=0.02s Sys=0.02s Real=0.02s
[1372790.011s][info][gc,start     ] GC(253559) Pause Young (Allocation Failure)
[1372790.011s][info][gc,task      ] GC(253559) Using 9 workers of 9 for evacuation
[1372790.016s][info][gc,heap      ] GC(253559) ParNew: 107392K->9426K(118016K)
[1372790.016s][info][gc,heap      ] GC(253559) CMS: 1005420K->1005420K(1966080K)
[1372790.016s][info][gc,metaspace ] GC(253559) Metaspace: 95515K(98212K)->95515K(98212K) NonClass: 86277K(88004K)->86277K(88004K) Class: 9238K(10208K)->9238K(10208K)
[1372790.016s][info][gc           ] GC(253559) Pause Young (Allocation Failure) 1086M->991M(2035M) 4.635ms
[1372790.016s][info][gc,cpu       ] GC(253559) User=0.14s Sys=0.00s Real=0.02s
[1372797.291s][info][gc,start     ] GC(253560) Pause Young (Allocation Failure)
[1372797.291s][info][gc,task      ] GC(253560) Using 9 workers of 9 for evacuation
[1372797.295s][info][gc,heap      ] GC(253560) ParNew: 114386K->2117K(118016K)
[1372797.295s][info][gc,heap      ] GC(253560) CMS: 1005420K->1005568K(1966080K)
[1372797.295s][info][gc,metaspace ] GC(253560) Metaspace: 95515K(98212K)->95515K(98212K) NonClass: 86277K(88004K)->86277K(88004K) Class: 9238K(10208K)->9238K(10208K)
[1372797.295s][info][gc           ] GC(253560) Pause Young (Allocation Failure) 1093M->984M(2035M) 4.216ms
[1372797.295s][info][gc,cpu       ] GC(253560) User=0.02s Sys=0.00s Real=0.02s
[1372803.562s][info][gc,start     ] GC(253561) Pause Young (Allocation Failure)
[1372803.562s][info][gc,task      ] GC(253561) Using 9 workers of 9 for evacuation
[1372803.567s][info][gc,heap      ] GC(253561) ParNew: 107077K->9294K(118016K)
[1372803.567s][info][gc,heap      ] GC(253561) CMS: 1005568K->1005568K(1966080K)
[1372803.567s][info][gc,metaspace ] GC(253561) Metaspace: 95515K(98212K)->95515K(98212K) NonClass: 86277K(88004K)->86277K(88004K) Class: 9238K(10208K)->9238K(10208K)
[1372803.567s][info][gc           ] GC(253561) Pause Young (Allocation Failure) 1086M->991M(2035M) 4.722ms
[1372803.567s][info][gc,cpu       ] GC(253561) User=0.00s Sys=0.00s Real=0.00s
[1372808.171s][info][gc,start     ] GC(253562) Pause Young (Allocation Failure)
[1372808.171s][info][gc,task      ] GC(253562) Using 9 workers of 9 for evacuation
[1372808.176s][info][gc,heap      ] GC(253562) ParNew: 114200K->4696K(118016K)
[1372808.176s][info][gc,heap      ] GC(253562) CMS: 1005568K->1005680K(1966080K)
[1372808.176s][info][gc,metaspace ] GC(253562) Metaspace: 95515K(98212K)->95515K(98212K) NonClass: 86277K(88004K)->86277K(88004K) Class: 9238K(10208K)->9238K(10208K)
[1372808.176s][info][gc           ] GC(253562) Pause Young (Allocation Failure) 1093M->986M(2035M) 4.449ms
[1372808.176s][info][gc,cpu       ] GC(253562) User=0.00s Sys=0.00s Real=0.00s
[1372815.793s][info][gc,start     ] GC(253563) Pause Young (Allocation Failure)
[1372815.793s][info][gc,task      ] GC(253563) Using 9 workers of 9 for evacuation
[1372815.798s][info][gc,heap      ] GC(253563) ParNew: 109656K->981K(118016K)
[1372815.798s][info][gc,heap      ] GC(253563) CMS: 1005680K->1005680K(1966080K)
[1372815.798s][info][gc,metaspace ] GC(253563) Metaspace: 95515K(98212K)->95515K(98212K) NonClass: 86277K(88004K)->86277K(88004K) Class: 9238K(10208K)->9238K(10208K)
[1372815.798s][info][gc           ] GC(253563) Pause Young (Allocation Failure) 1089M->983M(2035M) 4.456ms
[1372815.798s][info][gc,cpu       ] GC(253563) User=0.00s Sys=0.00s Real=0.00s
[1372820.974s][info][gc,start     ] GC(253564) Pause Young (Allocation Failure)
[1372820.974s][info][gc,task      ] GC(253564) Using 9 workers of 9 for evacuation
[1372820.979s][info][gc,heap      ] GC(253564) ParNew: 105941K->9324K(118016K)
[1372820.979s][info][gc,heap      ] GC(253564) CMS: 1005680K->1005680K(1966080K)
[1372820.979s][info][gc,metaspace ] GC(253564) Metaspace: 95515K(98212K)->95515K(98212K) NonClass: 86277K(88004K)->86277K(88004K) Class: 9238K(10208K)->9238K(10208K)
[1372820.979s][info][gc           ] GC(253564) Pause Young (Allocation Failure) 1085M->991M(2035M) 4.980ms
[1372820.979s][info][gc,cpu       ] GC(253564) User=0.00s Sys=0.00s Real=0.00s
[1372826.277s][info][gc,start     ] GC(253565) Pause Young (Allocation Failure)
[1372826.277s][info][gc,task      ] GC(253565) Using 9 workers of 9 for evacuation
[1372826.281s][info][gc,heap      ] GC(253565) ParNew: 114284K->9712K(118016K)
[1372826.282s][info][gc,heap      ] GC(253565) CMS: 1005680K->1005906K(1966080K)
[1372826.282s][info][gc,metaspace ] GC(253565) Metaspace: 95515K(98212K)->95515K(98212K) NonClass: 86277K(88004K)->86277K(88004K) Class: 9238K(10208K)->9238K(10208K)
[1372826.282s][info][gc           ] GC(253565) Pause Young (Allocation Failure) 1093M->991M(2035M) 4.359ms
[1372826.282s][info][gc,cpu       ] GC(253565) User=0.00s Sys=0.00s Real=0.00s
[1372830.936s][info][gc,start     ] GC(253566) Pause Young (Allocation Failure)
[1372830.936s][info][gc,task      ] GC(253566) Using 9 workers of 9 for evacuation
[1372830.942s][info][gc,heap      ] GC(253566) ParNew: 114672K->2783K(118016K)
[1372830.942s][info][gc,heap      ] GC(253566) CMS: 1005906K->1014645K(1966080K)
[1372830.942s][info][gc,metaspace ] GC(253566) Metaspace: 95515K(98212K)->95515K(98212K) NonClass: 86277K(88004K)->86277K(88004K) Class: 9238K(10208K)->9238K(10208K)
[1372830.942s][info][gc           ] GC(253566) Pause Young (Allocation Failure) 1094M->993M(2035M) 6.192ms
[1372830.943s][info][gc,cpu       ] GC(253566) User=0.00s Sys=0.00s Real=0.00s
[1372836.325s][info][gc,start     ] GC(253567) Pause Young (Allocation Failure)
[1372836.325s][info][gc,task      ] GC(253567) Using 9 workers of 9 for evacuation
[1372836.330s][info][gc,heap      ] GC(253567) ParNew: 107743K->9546K(118016K)
[1372836.330s][info][gc,heap      ] GC(253567) CMS: 1014645K->1014645K(1966080K)
[1372836.330s][info][gc,metaspace ] GC(253567) Metaspace: 95515K(98212K)->95515K(98212K) NonClass: 86277K(88004K)->86277K(88004K) Class: 9238K(10208K)->9238K(10208K)
[1372836.330s][info][gc           ] GC(253567) Pause Young (Allocation Failure) 1096M->1000M(2035M) 4.948ms
[1372836.330s][info][gc,cpu       ] GC(253567) User=0.00s Sys=0.00s Real=0.00s
[1372842.358s][info][gc,start     ] GC(253568) Pause Young (Allocation Failure)
[1372842.358s][info][gc,task      ] GC(253568) Using 9 workers of 9 for evacuation
[1372842.363s][info][gc,heap      ] GC(253568) ParNew: 114506K->2290K(118016K)
[1372842.363s][info][gc,heap      ] GC(253568) CMS: 1014645K->1023528K(1966080K)
[1372842.363s][info][gc,metaspace ] GC(253568) Metaspace: 95515K(98212K)->95515K(98212K) NonClass: 86277K(88004K)->86277K(88004K) Class: 9238K(10208K)->9238K(10208K)
[1372842.363s][info][gc           ] GC(253568) Pause Young (Allocation Failure) 1102M->1001M(2035M) 5.271ms
[1372842.363s][info][gc,cpu       ] GC(253568) User=0.00s Sys=0.00s Real=0.00s
[1372848.824s][info][gc,start     ] GC(253569) Pause Young (Allocation Failure)
[1372848.824s][info][gc,task      ] GC(253569) Using 9 workers of 9 for evacuation
[1372848.828s][info][gc,heap      ] GC(253569) ParNew: 107250K->9419K(118016K)
[1372848.829s][info][gc,heap      ] GC(253569) CMS: 1023528K->1023528K(1966080K)
[1372848.829s][info][gc,metaspace ] GC(253569) Metaspace: 95515K(98212K)->95515K(98212K) NonClass: 86277K(88004K)->86277K(88004K) Class: 9238K(10208K)->9238K(10208K)
[1372848.829s][info][gc           ] GC(253569) Pause Young (Allocation Failure) 1104M->1008M(2035M) 4.543ms
[1372848.829s][info][gc,cpu       ] GC(253569) User=0.02s Sys=0.00s Real=0.02s
[1372854.352s][info][gc,start     ] GC(253570) Pause Young (Allocation Failure)
[1372854.352s][info][gc,task      ] GC(253570) Using 9 workers of 9 for evacuation
[1372854.356s][info][gc,heap      ] GC(253570) ParNew: 114344K->5209K(118016K)
[1372854.356s][info][gc,heap      ] GC(253570) CMS: 1023528K->1023702K(1966080K)
[1372854.356s][info][gc,metaspace ] GC(253570) Metaspace: 95515K(98212K)->95515K(98212K) NonClass: 86277K(88004K)->86277K(88004K) Class: 9238K(10208K)->9238K(10208K)
[1372854.356s][info][gc           ] GC(253570) Pause Young (Allocation Failure) 1111M->1004M(2035M) 4.325ms
[1372854.356s][info][gc,cpu       ] GC(253570) User=0.00s Sys=0.00s Real=0.00s
[1372860.353s][info][gc,start     ] GC(253571) Pause Young (Allocation Failure)
[1372860.353s][info][gc,task      ] GC(253571) Using 9 workers of 9 for evacuation
[1372860.358s][info][gc,heap      ] GC(253571) ParNew: 110169K->9604K(118016K)
[1372860.358s][info][gc,heap      ] GC(253571) CMS: 1023702K->1023702K(1966080K)
[1372860.358s][info][gc,metaspace ] GC(253571) Metaspace: 95515K(98212K)->95515K(98212K) NonClass: 86277K(88004K)->86277K(88004K) Class: 9238K(10208K)->9238K(10208K)
[1372860.358s][info][gc           ] GC(253571) Pause Young (Allocation Failure) 1107M->1009M(2035M) 5.009ms
[1372860.358s][info][gc,cpu       ] GC(253571) User=0.00s Sys=0.00s Real=0.00s
[1372866.338s][info][gc,start     ] GC(253572) Pause Young (Allocation Failure)
[1372866.338s][info][gc,task      ] GC(253572) Using 9 workers of 9 for evacuation
[1372866.343s][info][gc,heap      ] GC(253572) ParNew: 114564K->10871K(118016K)
[1372866.343s][info][gc,heap      ] GC(253572) CMS: 1023702K->1023766K(1966080K)
[1372866.343s][info][gc,metaspace ] GC(253572) Metaspace: 95515K(98212K)->95515K(98212K) NonClass: 86277K(88004K)->86277K(88004K) Class: 9238K(10208K)->9238K(10208K)
[1372866.343s][info][gc           ] GC(253572) Pause Young (Allocation Failure) 1111M->1010M(2035M) 5.331ms
[1372866.344s][info][gc,cpu       ] GC(253572) User=0.00s Sys=0.00s Real=0.00s
[1372872.139s][info][gc,start     ] GC(253573) Pause Young (Allocation Failure)
[1372872.139s][info][gc,task      ] GC(253573) Using 9 workers of 9 for evacuation
[1372872.144s][info][gc,heap      ] GC(253573) ParNew: 115831K->4280K(118016K)
[1372872.144s][info][gc,heap      ] GC(253573) CMS: 1023766K->1032582K(1966080K)
[1372872.144s][info][gc,metaspace ] GC(253573) Metaspace: 95515K(98212K)->95515K(98212K) NonClass: 86277K(88004K)->86277K(88004K) Class: 9238K(10208K)->9238K(10208K)
[1372872.144s][info][gc           ] GC(253573) Pause Young (Allocation Failure) 1112M->1012M(2035M) 4.878ms
[1372872.144s][info][gc,cpu       ] GC(253573) User=0.14s Sys=0.00s Real=0.02s
[1372875.175s][info][gc,start     ] GC(253574) Pause Young (Allocation Failure)
[1372875.175s][info][gc,task      ] GC(253574) Using 9 workers of 9 for evacuation
[1372875.180s][info][gc,heap      ] GC(253574) ParNew: 109240K->9745K(118016K)
[1372875.180s][info][gc,heap      ] GC(253574) CMS: 1032582K->1032582K(1966080K)
[1372875.180s][info][gc,metaspace ] GC(253574) Metaspace: 95515K(98212K)->95515K(98212K) NonClass: 86277K(88004K)->86277K(88004K) Class: 9238K(10208K)->9238K(10208K)
[1372875.180s][info][gc           ] GC(253574) Pause Young (Allocation Failure) 1115M->1017M(2035M) 4.699ms
[1372875.180s][info][gc,cpu       ] GC(253574) User=0.00s Sys=0.00s Real=0.00s
[1372879.424s][info][gc,start     ] GC(253575) Pause Young (Allocation Failure)
[1372879.424s][info][gc,task      ] GC(253575) Using 9 workers of 9 for evacuation
[1372879.429s][info][gc,heap      ] GC(253575) ParNew: 114705K->2596K(118016K)
[1372879.429s][info][gc,heap      ] GC(253575) CMS: 1032582K->1041415K(1966080K)
[1372879.430s][info][gc,metaspace ] GC(253575) Metaspace: 95515K(98212K)->95515K(98212K) NonClass: 86277K(88004K)->86277K(88004K) Class: 9238K(10208K)->9238K(10208K)
[1372879.430s][info][gc           ] GC(253575) Pause Young (Allocation Failure) 1120M->1019M(2035M) 5.520ms
[1372879.430s][info][gc,cpu       ] GC(253575) User=0.00s Sys=0.00s Real=0.00s
[1372884.206s][info][gc,start     ] GC(253576) Pause Young (Allocation Failure)
[1372884.206s][info][gc,task      ] GC(253576) Using 9 workers of 9 for evacuation
[1372884.210s][info][gc,heap      ] GC(253576) ParNew: 107556K->974K(118016K)
[1372884.210s][info][gc,heap      ] GC(253576) CMS: 1041415K->1041415K(1966080K)
[1372884.210s][info][gc,metaspace ] GC(253576) Metaspace: 95515K(98212K)->95515K(98212K) NonClass: 86277K(88004K)->86277K(88004K) Class: 9238K(10208K)->9238K(10208K)
[1372884.210s][info][gc           ] GC(253576) Pause Young (Allocation Failure) 1122M->1017M(2035M) 4.329ms
[1372884.211s][info][gc,cpu       ] GC(253576) User=0.00s Sys=0.00s Real=0.00s
[1372888.104s][info][gc,start     ] GC(253577) Pause Young (Allocation Failure)
[1372888.104s][info][gc,task      ] GC(253577) Using 9 workers of 9 for evacuation
[1372888.109s][info][gc,heap      ] GC(253577) ParNew: 105934K->9414K(118016K)
[1372888.109s][info][gc,heap      ] GC(253577) CMS: 1041415K->1041415K(1966080K)
[1372888.109s][info][gc,metaspace ] GC(253577) Metaspace: 95515K(98212K)->95515K(98212K) NonClass: 86277K(88004K)->86277K(88004K) Class: 9238K(10208K)->9238K(10208K)
[1372888.109s][info][gc           ] GC(253577) Pause Young (Allocation Failure) 1120M->1026M(2035M) 4.594ms
[1372888.109s][info][gc,cpu       ] GC(253577) User=0.00s Sys=0.00s Real=0.00s
[1372893.339s][info][gc,start     ] GC(253578) Pause Young (Allocation Failure)
[1372893.339s][info][gc,task      ] GC(253578) Using 9 workers of 9 for evacuation
[1372893.344s][info][gc,heap      ] GC(253578) ParNew: 114374K->1589K(118016K)
[1372893.345s][info][gc,heap      ] GC(253578) CMS: 1041415K->1050383K(1966080K)
[1372893.345s][info][gc,metaspace ] GC(253578) Metaspace: 95515K(98212K)->95515K(98212K) NonClass: 86277K(88004K)->86277K(88004K) Class: 9238K(10208K)->9238K(10208K)
[1372893.345s][info][gc           ] GC(253578) Pause Young (Allocation Failure) 1128M->1027M(2035M) 5.466ms
[1372893.345s][info][gc,cpu       ] GC(253578) User=0.00s Sys=0.00s Real=0.00s
[1372897.191s][info][gc,start     ] GC(253579) Pause Young (Allocation Failure)
[1372897.191s][info][gc,task      ] GC(253579) Using 9 workers of 9 for evacuation
[1372897.195s][info][gc,heap      ] GC(253579) ParNew: 106549K->9445K(118016K)
[1372897.195s][info][gc,heap      ] GC(253579) CMS: 1050383K->1050383K(1966080K)
[1372897.195s][info][gc,metaspace ] GC(253579) Metaspace: 95515K(98212K)->95515K(98212K) NonClass: 86277K(88004K)->86277K(88004K) Class: 9238K(10208K)->9238K(10208K)
[1372897.195s][info][gc           ] GC(253579) Pause Young (Allocation Failure) 1129M->1034M(2035M) 4.574ms
[1372897.195s][info][gc,cpu       ] GC(253579) User=0.00s Sys=0.00s Real=0.00s
[1372903.926s][info][gc,start     ] GC(253580) Pause Young (Allocation Failure)
[1372903.926s][info][gc,task      ] GC(253580) Using 9 workers of 9 for evacuation
[1372903.930s][info][gc,heap      ] GC(253580) ParNew: 114405K->1685K(118016K)
[1372903.930s][info][gc,heap      ] GC(253580) CMS: 1050383K->1050654K(1966080K)
[1372903.930s][info][gc,metaspace ] GC(253580) Metaspace: 95515K(98212K)->95515K(98212K) NonClass: 86277K(88004K)->86277K(88004K) Class: 9238K(10208K)->9238K(10208K)
[1372903.930s][info][gc           ] GC(253580) Pause Young (Allocation Failure) 1137M->1027M(2035M) 4.292ms
[1372903.930s][info][gc,cpu       ] GC(253580) User=0.02s Sys=0.00s Real=0.02s
[1372910.448s][info][gc,start     ] GC(253581) Pause Young (Allocation Failure)
[1372910.449s][info][gc,task      ] GC(253581) Using 9 workers of 9 for evacuation
[1372910.454s][info][gc,heap      ] GC(253581) ParNew: 106645K->9380K(118016K)
[1372910.454s][info][gc,heap      ] GC(253581) CMS: 1050654K->1050654K(1966080K)
[1372910.454s][info][gc,metaspace ] GC(253581) Metaspace: 95515K(98212K)->95515K(98212K) NonClass: 86277K(88004K)->86277K(88004K) Class: 9238K(10208K)->9238K(10208K)
[1372910.454s][info][gc           ] GC(253581) Pause Young (Allocation Failure) 1130M->1035M(2035M) 5.423ms
[1372910.454s][info][gc,cpu       ] GC(253581) User=0.00s Sys=0.00s Real=0.00s
[1372915.441s][info][gc,start     ] GC(253582) Pause Young (Allocation Failure)
[1372915.441s][info][gc,task      ] GC(253582) Using 9 workers of 9 for evacuation
[1372915.445s][info][gc,heap      ] GC(253582) ParNew: 114340K->1725K(118016K)
[1372915.445s][info][gc,heap      ] GC(253582) CMS: 1050654K->1050788K(1966080K)
[1372915.445s][info][gc,metaspace ] GC(253582) Metaspace: 95515K(98212K)->95515K(98212K) NonClass: 86277K(88004K)->86277K(88004K) Class: 9238K(10208K)->9238K(10208K)
[1372915.445s][info][gc           ] GC(253582) Pause Young (Allocation Failure) 1137M->1027M(2035M) 4.448ms
[1372915.445s][info][gc,cpu       ] GC(253582) User=0.00s Sys=0.00s Real=0.00s
[1372920.842s][info][gc,start     ] GC(253583) Pause Young (Allocation Failure)
[1372920.842s][info][gc,task      ] GC(253583) Using 9 workers of 9 for evacuation
[1372920.846s][info][gc,heap      ] GC(253583) ParNew: 106685K->9381K(118016K)
[1372920.847s][info][gc,heap      ] GC(253583) CMS: 1050788K->1050788K(1966080K)
[1372920.847s][info][gc,metaspace ] GC(253583) Metaspace: 95515K(98212K)->95515K(98212K) NonClass: 86277K(88004K)->86277K(88004K) Class: 9238K(10208K)->9238K(10208K)
[1372920.847s][info][gc           ] GC(253583) Pause Young (Allocation Failure) 1130M->1035M(2035M) 4.530ms
[1372920.847s][info][gc,cpu       ] GC(253583) User=0.00s Sys=0.02s Real=0.02s
[1372926.736s][info][gc,start     ] GC(253584) Pause Young (Allocation Failure)
[1372926.736s][info][gc,task      ] GC(253584) Using 9 workers of 9 for evacuation
[1372926.741s][info][gc,heap      ] GC(253584) ParNew: 114341K->10148K(118016K)
[1372926.741s][info][gc,heap      ] GC(253584) CMS: 1050788K->1050956K(1966080K)
[1372926.741s][info][gc,metaspace ] GC(253584) Metaspace: 95515K(98212K)->95515K(98212K) NonClass: 86277K(88004K)->86277K(88004K) Class: 9238K(10208K)->9238K(10208K)
[1372926.741s][info][gc           ] GC(253584) Pause Young (Allocation Failure) 1137M->1036M(2035M) 4.763ms
[1372926.741s][info][gc,cpu       ] GC(253584) User=0.02s Sys=0.00s Real=0.02s
[1372935.178s][info][gc,start     ] GC(253585) Pause Young (Allocation Failure)
[1372935.178s][info][gc,task      ] GC(253585) Using 9 workers of 9 for evacuation
[1372935.182s][info][gc,heap      ] GC(253585) ParNew: 115108K->3165K(118016K)
[1372935.182s][info][gc,heap      ] GC(253585) CMS: 1050956K->1051026K(1966080K)
[1372935.182s][info][gc,metaspace ] GC(253585) Metaspace: 95515K(98212K)->95515K(98212K) NonClass: 86277K(88004K)->86277K(88004K) Class: 9238K(10208K)->9238K(10208K)
[1372935.182s][info][gc           ] GC(253585) Pause Young (Allocation Failure) 1138M->1029M(2035M) 3.895ms
[1372935.182s][info][gc,cpu       ] GC(253585) User=0.00s Sys=0.00s Real=0.00s
[1372939.351s][info][gc,start     ] GC(253586) Pause Young (Allocation Failure)
[1372939.351s][info][gc,task      ] GC(253586) Using 9 workers of 9 for evacuation
[1372939.356s][info][gc,heap      ] GC(253586) ParNew: 108125K->9624K(118016K)
[1372939.356s][info][gc,heap      ] GC(253586) CMS: 1051026K->1051026K(1966080K)
[1372939.356s][info][gc,metaspace ] GC(253586) Metaspace: 95515K(98212K)->95515K(98212K) NonClass: 86277K(88004K)->86277K(88004K) Class: 9238K(10208K)->9238K(10208K)
[1372939.356s][info][gc           ] GC(253586) Pause Young (Allocation Failure) 1131M->1035M(2035M) 4.699ms
[1372939.356s][info][gc,cpu       ] GC(253586) User=0.00s Sys=0.00s Real=0.00s
[1372944.514s][info][gc,start     ] GC(253587) Pause Young (Allocation Failure)
[1372944.515s][info][gc,task      ] GC(253587) Using 9 workers of 9 for evacuation
[1372944.519s][info][gc,heap      ] GC(253587) ParNew: 114584K->2479K(118016K)
[1372944.519s][info][gc,heap      ] GC(253587) CMS: 1051026K->1051149K(1966080K)
[1372944.519s][info][gc,metaspace ] GC(253587) Metaspace: 95515K(98212K)->95515K(98212K) NonClass: 86277K(88004K)->86277K(88004K) Class: 9238K(10208K)->9238K(10208K)
[1372944.519s][info][gc           ] GC(253587) Pause Young (Allocation Failure) 1138M->1028M(2035M) 4.543ms
[1372944.519s][info][gc,cpu       ] GC(253587) User=0.02s Sys=0.00s Real=0.02s
[1372948.472s][info][gc,start     ] GC(253588) Pause Young (Allocation Failure)
[1372948.472s][info][gc,task      ] GC(253588) Using 9 workers of 9 for evacuation
[1372948.476s][info][gc,heap      ] GC(253588) ParNew: 107439K->9295K(118016K)
[1372948.476s][info][gc,heap      ] GC(253588) CMS: 1051149K->1051149K(1966080K)
[1372948.477s][info][gc,metaspace ] GC(253588) Metaspace: 95515K(98212K)->95515K(98212K) NonClass: 86277K(88004K)->86277K(88004K) Class: 9238K(10208K)->9238K(10208K)
[1372948.477s][info][gc           ] GC(253588) Pause Young (Allocation Failure) 1131M->1035M(2035M) 4.295ms
[1372948.477s][info][gc,cpu       ] GC(253588) User=0.00s Sys=0.00s Real=0.00s
[1372955.139s][info][gc,start     ] GC(253589) Pause Young (Allocation Failure)
[1372955.139s][info][gc,task      ] GC(253589) Using 9 workers of 9 for evacuation
[1372955.143s][info][gc,heap      ] GC(253589) ParNew: 114255K->2017K(118016K)
[1372955.143s][info][gc,heap      ] GC(253589) CMS: 1051149K->1051267K(1966080K)
[1372955.143s][info][gc,metaspace ] GC(253589) Metaspace: 95515K(98212K)->95515K(98212K) NonClass: 86277K(88004K)->86277K(88004K) Class: 9238K(10208K)->9238K(10208K)
[1372955.143s][info][gc           ] GC(253589) Pause Young (Allocation Failure) 1138M->1028M(2035M) 4.166ms
[1372955.143s][info][gc,cpu       ] GC(253589) User=0.00s Sys=0.00s Real=0.00s
[1372959.467s][info][gc,start     ] GC(253590) Pause Young (Allocation Failure)
[1372959.468s][info][gc,task      ] GC(253590) Using 9 workers of 9 for evacuation
[1372959.472s][info][gc,heap      ] GC(253590) ParNew: 106977K->9340K(118016K)
[1372959.472s][info][gc,heap      ] GC(253590) CMS: 1051267K->1051267K(1966080K)
[1372959.472s][info][gc,metaspace ] GC(253590) Metaspace: 95515K(98212K)->95515K(98212K) NonClass: 86277K(88004K)->86277K(88004K) Class: 9238K(10208K)->9238K(10208K)
[1372959.472s][info][gc           ] GC(253590) Pause Young (Allocation Failure) 1131M->1035M(2035M) 4.905ms
[1372959.472s][info][gc,cpu       ] GC(253590) User=0.00s Sys=0.00s Real=0.00s
[1372966.160s][info][gc,start     ] GC(253591) Pause Young (Allocation Failure)
[1372966.160s][info][gc,task      ] GC(253591) Using 9 workers of 9 for evacuation
[1372966.164s][info][gc,heap      ] GC(253591) ParNew: 114300K->2005K(118016K)
[1372966.164s][info][gc,heap      ] GC(253591) CMS: 1051267K->1051459K(1966080K)
[1372966.164s][info][gc,metaspace ] GC(253591) Metaspace: 95515K(98212K)->95515K(98212K) NonClass: 86277K(88004K)->86277K(88004K) Class: 9238K(10208K)->9238K(10208K)
[1372966.164s][info][gc           ] GC(253591) Pause Young (Allocation Failure) 1138M->1028M(2035M) 4.297ms
[1372966.164s][info][gc,cpu       ] GC(253591) User=0.00s Sys=0.02s Real=0.01s
[1372970.849s][info][gc,start     ] GC(253592) Pause Young (Allocation Failure)
[1372970.849s][info][gc,task      ] GC(253592) Using 9 workers of 9 for evacuation
[1372970.854s][info][gc,heap      ] GC(253592) ParNew: 106965K->9396K(118016K)
[1372970.854s][info][gc,heap      ] GC(253592) CMS: 1051459K->1051459K(1966080K)
[1372970.854s][info][gc,metaspace ] GC(253592) Metaspace: 95515K(98212K)->95515K(98212K) NonClass: 86277K(88004K)->86277K(88004K) Class: 9238K(10208K)->9238K(10208K)
[1372970.854s][info][gc           ] GC(253592) Pause Young (Allocation Failure) 1131M->1035M(2035M) 4.906ms
[1372970.854s][info][gc,cpu       ] GC(253592) User=0.02s Sys=0.00s Real=0.02s
[1372976.479s][info][gc,start     ] GC(253593) Pause Young (Allocation Failure)
[1372976.479s][info][gc,task      ] GC(253593) Using 9 workers of 9 for evacuation
[1372976.484s][info][gc,heap      ] GC(253593) ParNew: 114356K->1748K(118016K)
[1372976.484s][info][gc,heap      ] GC(253593) CMS: 1051459K->1051605K(1966080K)
[1372976.484s][info][gc,metaspace ] GC(253593) Metaspace: 95515K(98212K)->95515K(98212K) NonClass: 86277K(88004K)->86277K(88004K) Class: 9238K(10208K)->9238K(10208K)
[1372976.484s][info][gc           ] GC(253593) Pause Young (Allocation Failure) 1138M->1028M(2035M) 5.280ms
[1372976.484s][info][gc,cpu       ] GC(253593) User=0.00s Sys=0.02s Real=0.02s
[1372981.114s][info][gc,start     ] GC(253594) Pause Young (Allocation Failure)
[1372981.114s][info][gc,task      ] GC(253594) Using 9 workers of 9 for evacuation
[1372981.118s][info][gc,heap      ] GC(253594) ParNew: 106708K->9426K(118016K)
[1372981.118s][info][gc,heap      ] GC(253594) CMS: 1051605K->1051605K(1966080K)
[1372981.118s][info][gc,metaspace ] GC(253594) Metaspace: 95515K(98212K)->95515K(98212K) NonClass: 86277K(88004K)->86277K(88004K) Class: 9238K(10208K)->9238K(10208K)
[1372981.118s][info][gc           ] GC(253594) Pause Young (Allocation Failure) 1131M->1036M(2035M) 4.490ms
[1372981.119s][info][gc,cpu       ] GC(253594) User=0.00s Sys=0.00s Real=0.00s
[1372984.969s][info][gc,start     ] GC(253595) Pause Young (Allocation Failure)
[1372984.969s][info][gc,task      ] GC(253595) Using 9 workers of 9 for evacuation
[1372984.974s][info][gc,heap      ] GC(253595) ParNew: 114386K->1949K(118016K)
[1372984.974s][info][gc,heap      ] GC(253595) CMS: 1051605K->1051802K(1966080K)
[1372984.974s][info][gc,metaspace ] GC(253595) Metaspace: 95515K(98212K)->95515K(98212K) NonClass: 86277K(88004K)->86277K(88004K) Class: 9238K(10208K)->9238K(10208K)
[1372984.974s][info][gc           ] GC(253595) Pause Young (Allocation Failure) 1138M->1029M(2035M) 5.381ms
[1372984.975s][info][gc,cpu       ] GC(253595) User=0.00s Sys=0.00s Real=0.00s
[1372991.702s][info][gc,start     ] GC(253596) Pause Young (Allocation Failure)
[1372991.702s][info][gc,task      ] GC(253596) Using 9 workers of 9 for evacuation
[1372991.706s][info][gc,heap      ] GC(253596) ParNew: 106909K->9436K(118016K)
[1372991.706s][info][gc,heap      ] GC(253596) CMS: 1051802K->1051802K(1966080K)
[1372991.706s][info][gc,metaspace ] GC(253596) Metaspace: 95515K(98212K)->95515K(98212K) NonClass: 86277K(88004K)->86277K(88004K) Class: 9238K(10208K)->9238K(10208K)
[1372991.706s][info][gc           ] GC(253596) Pause Young (Allocation Failure) 1131M->1036M(2035M) 4.856ms
[1372991.706s][info][gc,cpu       ] GC(253596) User=0.14s Sys=0.00s Real=0.02s
[1372999.433s][info][gc,start     ] GC(253597) Pause Young (Allocation Failure)
[1372999.433s][info][gc,task      ] GC(253597) Using 9 workers of 9 for evacuation
[1372999.437s][info][gc,heap      ] GC(253597) ParNew: 114396K->10240K(118016K)
[1372999.438s][info][gc,heap      ] GC(253597) CMS: 1051802K->1052020K(1966080K)
[1372999.438s][info][gc,metaspace ] GC(253597) Metaspace: 95515K(98212K)->95515K(98212K) NonClass: 86277K(88004K)->86277K(88004K) Class: 9238K(10208K)->9238K(10208K)
[1372999.438s][info][gc           ] GC(253597) Pause Young (Allocation Failure) 1138M->1037M(2035M) 4.950ms
[1372999.438s][info][gc,cpu       ] GC(253597) User=0.00s Sys=0.00s Real=0.00s
[1373007.148s][info][gc,start     ] GC(253598) Pause Young (Allocation Failure)
[1373007.149s][info][gc,task      ] GC(253598) Using 9 workers of 9 for evacuation
[1373007.152s][info][gc,heap      ] GC(253598) ParNew: 115200K->3497K(118016K)
[1373007.152s][info][gc,heap      ] GC(253598) CMS: 1052020K->1052055K(1966080K)
[1373007.152s][info][gc,metaspace ] GC(253598) Metaspace: 95515K(98212K)->95515K(98212K) NonClass: 86277K(88004K)->86277K(88004K) Class: 9238K(10208K)->9238K(10208K)
[1373007.153s][info][gc           ] GC(253598) Pause Young (Allocation Failure) 1139M->1030M(2035M) 4.076ms
[1373007.153s][info][gc,cpu       ] GC(253598) User=0.00s Sys=0.00s Real=0.00s
[1373010.026s][info][gc,start     ] GC(253599) Pause Young (Allocation Failure)
[1373010.026s][info][gc,task      ] GC(253599) Using 9 workers of 9 for evacuation
[1373010.031s][info][gc,heap      ] GC(253599) ParNew: 108457K->9647K(118016K)
[1373010.031s][info][gc,heap      ] GC(253599) CMS: 1052055K->1052055K(1966080K)
[1373010.031s][info][gc,metaspace ] GC(253599) Metaspace: 95515K(98212K)->95515K(98212K) NonClass: 86277K(88004K)->86277K(88004K) Class: 9238K(10208K)->9238K(10208K)
[1373010.031s][info][gc           ] GC(253599) Pause Young (Allocation Failure) 1133M->1036M(2035M) 4.655ms
[1373010.031s][info][gc,cpu       ] GC(253599) User=0.00s Sys=0.00s Real=0.00s
[1373015.768s][info][gc,start     ] GC(253600) Pause Young (Allocation Failure)
[1373015.769s][info][gc,task      ] GC(253600) Using 9 workers of 9 for evacuation
[1373015.773s][info][gc,heap      ] GC(253600) ParNew: 114607K->10307K(118016K)
[1373015.773s][info][gc,heap      ] GC(253600) CMS: 1052055K->1052191K(1966080K)
[1373015.773s][info][gc,metaspace ] GC(253600) Metaspace: 95515K(98212K)->95515K(98212K) NonClass: 86277K(88004K)->86277K(88004K) Class: 9238K(10208K)->9238K(10208K)
[1373015.773s][info][gc           ] GC(253600) Pause Young (Allocation Failure) 1139M->1037M(2035M) 4.664ms
[1373015.773s][info][gc,cpu       ] GC(253600) User=0.00s Sys=0.00s Real=0.00s
[1373022.908s][info][gc,start     ] GC(253601) Pause Young (Allocation Failure)
[1373022.908s][info][gc,task      ] GC(253601) Using 9 workers of 9 for evacuation
[1373022.913s][info][gc,heap      ] GC(253601) ParNew: 115267K->3881K(118016K)
[1373022.914s][info][gc,heap      ] GC(253601) CMS: 1052191K->1060935K(1966080K)
[1373022.914s][info][gc,metaspace ] GC(253601) Metaspace: 95515K(98212K)->95515K(98212K) NonClass: 86277K(88004K)->86277K(88004K) Class: 9238K(10208K)->9238K(10208K)
[1373022.914s][info][gc           ] GC(253601) Pause Young (Allocation Failure) 1140M->1039M(2035M) 6.049ms
[1373022.914s][info][gc,cpu       ] GC(253601) User=0.00s Sys=0.00s Real=0.00s
[1373029.883s][info][gc,start     ] GC(253602) Pause Young (Allocation Failure)
[1373029.883s][info][gc,task      ] GC(253602) Using 9 workers of 9 for evacuation
[1373029.887s][info][gc,heap      ] GC(253602) ParNew: 108841K->9624K(118016K)
[1373029.887s][info][gc,heap      ] GC(253602) CMS: 1060935K->1060935K(1966080K)
[1373029.887s][info][gc,metaspace ] GC(253602) Metaspace: 95515K(98212K)->95515K(98212K) NonClass: 86277K(88004K)->86277K(88004K) Class: 9238K(10208K)->9238K(10208K)
[1373029.888s][info][gc           ] GC(253602) Pause Young (Allocation Failure) 1142M->1045M(2035M) 4.839ms
[1373029.888s][info][gc,cpu       ] GC(253602) User=0.00s Sys=0.00s Real=0.02s
[1373037.148s][info][gc,start     ] GC(253603) Pause Young (Allocation Failure)
[1373037.148s][info][gc,task      ] GC(253603) Using 9 workers of 9 for evacuation
[1373037.153s][info][gc,heap      ] GC(253603) ParNew: 114584K->10994K(118016K)
[1373037.153s][info][gc,heap      ] GC(253603) CMS: 1060935K->1061110K(1966080K)
[1373037.153s][info][gc,metaspace ] GC(253603) Metaspace: 95515K(98212K)->95515K(98212K) NonClass: 86277K(88004K)->86277K(88004K) Class: 9238K(10208K)->9238K(10208K)
[1373037.153s][info][gc           ] GC(253603) Pause Young (Allocation Failure) 1147M->1046M(2035M) 5.193ms
[1373037.153s][info][gc,cpu       ] GC(253603) User=0.02s Sys=0.00s Real=0.02s
[1373043.662s][info][gc,start     ] GC(253604) Pause Young (Allocation Failure)
[1373043.662s][info][gc,task      ] GC(253604) Using 9 workers of 9 for evacuation
[1373043.668s][info][gc,heap      ] GC(253604) ParNew: 115954K->4058K(118016K)
[1373043.668s][info][gc,heap      ] GC(253604) CMS: 1061110K->1069849K(1966080K)
[1373043.668s][info][gc,metaspace ] GC(253604) Metaspace: 95515K(98212K)->95515K(98212K) NonClass: 86277K(88004K)->86277K(88004K) Class: 9238K(10208K)->9238K(10208K)
[1373043.668s][info][gc           ] GC(253604) Pause Young (Allocation Failure) 1149M->1048M(2035M) 5.625ms
[1373043.668s][info][gc,cpu       ] GC(253604) User=0.00s Sys=0.00s Real=0.00s
[1373046.912s][info][gc,start     ] GC(253605) Pause Young (Allocation Failure)
[1373046.912s][info][gc,task      ] GC(253605) Using 9 workers of 9 for evacuation
[1373046.916s][info][gc,heap      ] GC(253605) ParNew: 109018K->9744K(118016K)
[1373046.916s][info][gc,heap      ] GC(253605) CMS: 1069849K->1069849K(1966080K)
[1373046.916s][info][gc,metaspace ] GC(253605) Metaspace: 95515K(98212K)->95515K(98212K) NonClass: 86277K(88004K)->86277K(88004K) Class: 9238K(10208K)->9238K(10208K)
[1373046.917s][info][gc           ] GC(253605) Pause Young (Allocation Failure) 1151M->1054M(2035M) 4.555ms
[1373046.917s][info][gc,cpu       ] GC(253605) User=0.00s Sys=0.00s Real=0.00s
[1373053.534s][info][gc,start     ] GC(253606) Pause Young (Allocation Failure)
[1373053.534s][info][gc,task      ] GC(253606) Using 9 workers of 9 for evacuation
[1373053.539s][info][gc,heap      ] GC(253606) ParNew: 114704K->2749K(118016K)
[1373053.539s][info][gc,heap      ] GC(253606) CMS: 1069849K->1078752K(1966080K)
[1373053.539s][info][gc,metaspace ] GC(253606) Metaspace: 95515K(98212K)->95515K(98212K) NonClass: 86277K(88004K)->86277K(88004K) Class: 9238K(10208K)->9238K(10208K)
[1373053.539s][info][gc           ] GC(253606) Pause Young (Allocation Failure) 1156M->1056M(2035M) 5.544ms
[1373053.539s][info][gc,cpu       ] GC(253606) User=0.00s Sys=0.00s Real=0.00s
[1373059.107s][info][gc,start     ] GC(253607) Pause Young (Allocation Failure)
[1373059.107s][info][gc,task      ] GC(253607) Using 9 workers of 9 for evacuation
[1373059.111s][info][gc,heap      ] GC(253607) ParNew: 107709K->9430K(118016K)
[1373059.111s][info][gc,heap      ] GC(253607) CMS: 1078752K->1078752K(1966080K)
[1373059.111s][info][gc,metaspace ] GC(253607) Metaspace: 95515K(98212K)->95515K(98212K) NonClass: 86277K(88004K)->86277K(88004K) Class: 9238K(10208K)->9238K(10208K)
[1373059.111s][info][gc           ] GC(253607) Pause Young (Allocation Failure) 1158M->1062M(2035M) 4.405ms
[1373059.112s][info][gc,cpu       ] GC(253607) User=0.00s Sys=0.00s Real=0.00s
[1373064.252s][info][gc,start     ] GC(253608) Pause Young (Allocation Failure)
[1373064.252s][info][gc,task      ] GC(253608) Using 9 workers of 9 for evacuation
[1373064.256s][info][gc,heap      ] GC(253608) ParNew: 114390K->2134K(118016K)
[1373064.256s][info][gc,heap      ] GC(253608) CMS: 1078752K->1078853K(1966080K)
[1373064.256s][info][gc,metaspace ] GC(253608) Metaspace: 95515K(98212K)->95515K(98212K) NonClass: 86277K(88004K)->86277K(88004K) Class: 9238K(10208K)->9238K(10208K)
[1373064.256s][info][gc           ] GC(253608) Pause Young (Allocation Failure) 1165M->1055M(2035M) 4.229ms
[1373064.256s][info][gc,cpu       ] GC(253608) User=0.00s Sys=0.00s Real=0.00s
[1373071.900s][info][gc,start     ] GC(253609) Pause Young (Allocation Failure)
[1373071.900s][info][gc,task      ] GC(253609) Using 9 workers of 9 for evacuation
[1373071.904s][info][gc,heap      ] GC(253609) ParNew: 107094K->9433K(118016K)
[1373071.904s][info][gc,heap      ] GC(253609) CMS: 1078853K->1078853K(1966080K)
[1373071.904s][info][gc,metaspace ] GC(253609) Metaspace: 95515K(98212K)->95515K(98212K) NonClass: 86277K(88004K)->86277K(88004K) Class: 9238K(10208K)->9238K(10208K)
[1373071.905s][info][gc           ] GC(253609) Pause Young (Allocation Failure) 1158M->1062M(2035M) 4.670ms
[1373071.905s][info][gc,cpu       ] GC(253609) User=0.00s Sys=0.00s Real=0.00s
[1373078.757s][info][gc,start     ] GC(253610) Pause Young (Allocation Failure)
[1373078.757s][info][gc,task      ] GC(253610) Using 9 workers of 9 for evacuation
[1373078.762s][info][gc,heap      ] GC(253610) ParNew: 114393K->10381K(118016K)
[1373078.762s][info][gc,heap      ] GC(253610) CMS: 1078853K->1079048K(1966080K)
[1373078.762s][info][gc,metaspace ] GC(253610) Metaspace: 95515K(98212K)->95515K(98212K) NonClass: 86277K(88004K)->86277K(88004K) Class: 9238K(10208K)->9238K(10208K)
[1373078.762s][info][gc           ] GC(253610) Pause Young (Allocation Failure) 1165M->1063M(2035M) 4.898ms
[1373078.762s][info][gc,cpu       ] GC(253610) User=0.00s Sys=0.00s Real=0.00s
[1373086.344s][info][gc,start     ] GC(253611) Pause Young (Allocation Failure)
[1373086.344s][info][gc,task      ] GC(253611) Using 9 workers of 9 for evacuation
[1373086.348s][info][gc,heap      ] GC(253611) ParNew: 115341K->11137K(118016K)
[1373086.348s][info][gc,heap      ] GC(253611) CMS: 1079048K->1079094K(1966080K)
[1373086.348s][info][gc,metaspace ] GC(253611) Metaspace: 95515K(98212K)->95515K(98212K) NonClass: 86277K(88004K)->86277K(88004K) Class: 9238K(10208K)->9238K(10208K)
[1373086.349s][info][gc           ] GC(253611) Pause Young (Allocation Failure) 1166M->1064M(2035M) 4.904ms
[1373086.349s][info][gc,cpu       ] GC(253611) User=0.00s Sys=0.00s Real=0.00s
[1373092.817s][info][gc,start     ] GC(253612) Pause Young (Allocation Failure)
[1373092.817s][info][gc,task      ] GC(253612) Using 9 workers of 9 for evacuation
[1373092.823s][info][gc,heap      ] GC(253612) ParNew: 116097K->5094K(118016K)
[1373092.823s][info][gc,heap      ] GC(253612) CMS: 1079094K->1087825K(1966080K)
[1373092.823s][info][gc,metaspace ] GC(253612) Metaspace: 95515K(98212K)->95515K(98212K) NonClass: 86277K(88004K)->86277K(88004K) Class: 9238K(10208K)->9238K(10208K)
[1373092.823s][info][gc           ] GC(253612) Pause Young (Allocation Failure) 1167M->1067M(2035M) 5.365ms
[1373092.823s][info][gc,cpu       ] GC(253612) User=0.00s Sys=0.00s Real=0.00s
[1373098.669s][info][gc,start     ] GC(253613) Pause Young (Allocation Failure)
[1373098.670s][info][gc,task      ] GC(253613) Using 9 workers of 9 for evacuation
[1373098.674s][info][gc,heap      ] GC(253613) ParNew: 110054K->9931K(118016K)
[1373098.674s][info][gc,heap      ] GC(253613) CMS: 1087825K->1087825K(1966080K)
[1373098.674s][info][gc,metaspace ] GC(253613) Metaspace: 95515K(98212K)->95515K(98212K) NonClass: 86277K(88004K)->86277K(88004K) Class: 9238K(10208K)->9238K(10208K)
[1373098.674s][info][gc           ] GC(253613) Pause Young (Allocation Failure) 1169M->1072M(2035M) 5.035ms
[1373098.674s][info][gc,cpu       ] GC(253613) User=0.00s Sys=0.02s Real=0.02s
[1373106.673s][info][gc,start     ] GC(253614) Pause Young (Allocation Failure)
[1373106.673s][info][gc,task      ] GC(253614) Using 9 workers of 9 for evacuation
[1373106.677s][info][gc,heap      ] GC(253614) ParNew: 114891K->5967K(118016K)
[1373106.677s][info][gc,heap      ] GC(253614) CMS: 1087825K->1088012K(1966080K)
[1373106.677s][info][gc,metaspace ] GC(253614) Metaspace: 95515K(98212K)->95515K(98212K) NonClass: 86277K(88004K)->86277K(88004K) Class: 9238K(10208K)->9238K(10208K)
[1373106.677s][info][gc           ] GC(253614) Pause Young (Allocation Failure) 1174M->1068M(2035M) 4.466ms
[1373106.677s][info][gc,cpu       ] GC(253614) User=0.00s Sys=0.00s Real=0.00s
[1373114.643s][info][gc,start     ] GC(253615) Pause Young (Allocation Failure)
[1373114.643s][info][gc,task      ] GC(253615) Using 9 workers of 9 for evacuation
[1373114.648s][info][gc,heap      ] GC(253615) ParNew: 110927K->1532K(118016K)
[1373114.648s][info][gc,heap      ] GC(253615) CMS: 1088012K->1088012K(1966080K)
[1373114.648s][info][gc,metaspace ] GC(253615) Metaspace: 95515K(98212K)->95515K(98212K) NonClass: 86277K(88004K)->86277K(88004K) Class: 9238K(10208K)->9238K(10208K)
[1373114.648s][info][gc           ] GC(253615) Pause Young (Allocation Failure) 1170M->1064M(2035M) 4.470ms
[1373114.648s][info][gc,cpu       ] GC(253615) User=0.00s Sys=0.00s Real=0.00s
[1373122.290s][info][gc,start     ] GC(253616) Pause Young (Allocation Failure)
[1373122.290s][info][gc,task      ] GC(253616) Using 9 workers of 9 for evacuation
[1373122.294s][info][gc,heap      ] GC(253616) ParNew: 106488K->9342K(118016K)
[1373122.294s][info][gc,heap      ] GC(253616) CMS: 1088012K->1088012K(1966080K)
[1373122.294s][info][gc,metaspace ] GC(253616) Metaspace: 95515K(98212K)->95515K(98212K) NonClass: 86277K(88004K)->86277K(88004K) Class: 9238K(10208K)->9238K(10208K)
[1373122.294s][info][gc           ] GC(253616) Pause Young (Allocation Failure) 1166M->1071M(2035M) 4.820ms
[1373122.294s][info][gc,cpu       ] GC(253616) User=0.00s Sys=0.00s Real=0.00s
[1373128.776s][info][gc,start     ] GC(253617) Pause Young (Allocation Failure)
[1373128.776s][info][gc,task      ] GC(253617) Using 9 workers of 9 for evacuation
[1373128.781s][info][gc,heap      ] GC(253617) ParNew: 114302K->9764K(118016K)
[1373128.781s][info][gc,heap      ] GC(253617) CMS: 1088012K->1088206K(1966080K)
[1373128.781s][info][gc,metaspace ] GC(253617) Metaspace: 95515K(98212K)->95515K(98212K) NonClass: 86277K(88004K)->86277K(88004K) Class: 9238K(10208K)->9238K(10208K)
[1373128.781s][info][gc           ] GC(253617) Pause Young (Allocation Failure) 1174M->1072M(2035M) 4.867ms
[1373128.781s][info][gc,cpu       ] GC(253617) User=0.00s Sys=0.00s Real=0.00s
[1373134.457s][info][gc,start     ] GC(253618) Pause Young (Allocation Failure)
[1373134.458s][info][gc,task      ] GC(253618) Using 9 workers of 9 for evacuation
[1373134.462s][info][gc,heap      ] GC(253618) ParNew: 114649K->5821K(118016K)
[1373134.462s][info][gc,heap      ] GC(253618) CMS: 1088206K->1088288K(1966080K)
[1373134.462s][info][gc,metaspace ] GC(253618) Metaspace: 95515K(98212K)->95515K(98212K) NonClass: 86277K(88004K)->86277K(88004K) Class: 9238K(10208K)->9238K(10208K)
[1373134.462s][info][gc           ] GC(253618) Pause Young (Allocation Failure) 1174M->1068M(2035M) 4.283ms
[1373134.462s][info][gc,cpu       ] GC(253618) User=0.00s Sys=0.00s Real=0.02s
[1373142.666s][info][gc,start     ] GC(253619) Pause Young (Allocation Failure)
[1373142.666s][info][gc,task      ] GC(253619) Using 9 workers of 9 for evacuation
[1373142.671s][info][gc,heap      ] GC(253619) ParNew: 110781K->9882K(118016K)
[1373142.671s][info][gc,heap      ] GC(253619) CMS: 1088288K->1088288K(1966080K)
[1373142.671s][info][gc,metaspace ] GC(253619) Metaspace: 95515K(98212K)->95515K(98212K) NonClass: 86277K(88004K)->86277K(88004K) Class: 9238K(10208K)->9238K(10208K)
[1373142.671s][info][gc           ] GC(253619) Pause Young (Allocation Failure) 1170M->1072M(2035M) 5.077ms
[1373142.671s][info][gc,cpu       ] GC(253619) User=0.00s Sys=0.00s Real=0.00s
[1373148.764s][info][gc,start     ] GC(253620) Pause Young (Allocation Failure)
[1373148.765s][info][gc,task      ] GC(253620) Using 9 workers of 9 for evacuation
[1373148.769s][info][gc,heap      ] GC(253620) ParNew: 114842K->5130K(118016K)
[1373148.769s][info][gc,heap      ] GC(253620) CMS: 1088288K->1088376K(1966080K)
[1373148.769s][info][gc,metaspace ] GC(253620) Metaspace: 95515K(98212K)->95515K(98212K) NonClass: 86277K(88004K)->86277K(88004K) Class: 9238K(10208K)->9238K(10208K)
[1373148.769s][info][gc           ] GC(253620) Pause Young (Allocation Failure) 1174M->1067M(2035M) 4.204ms
[1373148.769s][info][gc,cpu       ] GC(253620) User=0.00s Sys=0.00s Real=0.00s
[1373156.346s][info][gc,start     ] GC(253621) Pause Young (Allocation Failure)
[1373156.346s][info][gc,task      ] GC(253621) Using 9 workers of 9 for evacuation
[1373156.349s][info][gc,heap      ] GC(253621) ParNew: 110090K->1200K(118016K)
[1373156.349s][info][gc,heap      ] GC(253621) CMS: 1088376K->1088376K(1966080K)
[1373156.349s][info][gc,metaspace ] GC(253621) Metaspace: 95515K(98212K)->95515K(98212K) NonClass: 86277K(88004K)->86277K(88004K) Class: 9238K(10208K)->9238K(10208K)
[1373156.349s][info][gc           ] GC(253621) Pause Young (Allocation Failure) 1170M->1064M(2035M) 3.922ms
[1373156.350s][info][gc,cpu       ] GC(253621) User=0.00s Sys=0.00s Real=0.00s
[1373161.306s][info][gc,start     ] GC(253622) Pause Young (Allocation Failure)
[1373161.306s][info][gc,task      ] GC(253622) Using 9 workers of 9 for evacuation
[1373161.311s][info][gc,heap      ] GC(253622) ParNew: 106160K->9388K(118016K)
[1373161.311s][info][gc,heap      ] GC(253622) CMS: 1088376K->1088376K(1966080K)
[1373161.311s][info][gc,metaspace ] GC(253622) Metaspace: 95515K(98212K)->95515K(98212K) NonClass: 86277K(88004K)->86277K(88004K) Class: 9238K(10208K)->9238K(10208K)
[1373161.311s][info][gc           ] GC(253622) Pause Young (Allocation Failure) 1166M->1072M(2035M) 4.974ms
[1373161.311s][info][gc,cpu       ] GC(253622) User=0.00s Sys=0.00s Real=0.00s
[1373167.248s][info][gc,start     ] GC(253623) Pause Young (Allocation Failure)
[1373167.248s][info][gc,task      ] GC(253623) Using 9 workers of 9 for evacuation
[1373167.252s][info][gc,heap      ] GC(253623) ParNew: 114332K->10009K(118016K)
[1373167.253s][info][gc,heap      ] GC(253623) CMS: 1088376K->1088614K(1966080K)
[1373167.253s][info][gc,metaspace ] GC(253623) Metaspace: 95515K(98212K)->95515K(98212K) NonClass: 86277K(88004K)->86277K(88004K) Class: 9238K(10208K)->9238K(10208K)
[1373167.253s][info][gc           ] GC(253623) Pause Young (Allocation Failure) 1174M->1072M(2035M) 4.862ms
[1373167.253s][info][gc,cpu       ] GC(253623) User=0.00s Sys=0.00s Real=0.00s
[1373171.648s][info][gc,start     ] GC(253624) Pause Young (Allocation Failure)
[1373171.648s][info][gc,task      ] GC(253624) Using 9 workers of 9 for evacuation
[1373171.653s][info][gc,heap      ] GC(253624) ParNew: 114969K->3101K(118016K)
[1373171.654s][info][gc,heap      ] GC(253624) CMS: 1088614K->1097343K(1966080K)
[1373171.654s][info][gc,metaspace ] GC(253624) Metaspace: 95515K(98212K)->95515K(98212K) NonClass: 86277K(88004K)->86277K(88004K) Class: 9238K(10208K)->9238K(10208K)
[1373171.654s][info][gc           ] GC(253624) Pause Young (Allocation Failure) 1175M->1074M(2035M) 5.991ms
[1373171.654s][info][gc,cpu       ] GC(253624) User=0.05s Sys=0.00s Real=0.02s
[1373177.045s][info][gc,start     ] GC(253625) Pause Young (Allocation Failure)
[1373177.045s][info][gc,task      ] GC(253625) Using 9 workers of 9 for evacuation
[1373177.049s][info][gc,heap      ] GC(253625) ParNew: 108061K->9509K(118016K)
[1373177.049s][info][gc,heap      ] GC(253625) CMS: 1097343K->1097343K(1966080K)
[1373177.049s][info][gc,metaspace ] GC(253625) Metaspace: 95515K(98212K)->95515K(98212K) NonClass: 86277K(88004K)->86277K(88004K) Class: 9238K(10208K)->9238K(10208K)
[1373177.049s][info][gc           ] GC(253625) Pause Young (Allocation Failure) 1177M->1080M(2035M) 4.596ms
[1373177.049s][info][gc,cpu       ] GC(253625) User=0.00s Sys=0.00s Real=0.00s
[1373183.743s][info][gc,start     ] GC(253626) Pause Young (Allocation Failure)
[1373183.743s][info][gc,task      ] GC(253626) Using 9 workers of 9 for evacuation
[1373183.748s][info][gc,heap      ] GC(253626) ParNew: 114469K->2331K(118016K)
[1373183.748s][info][gc,heap      ] GC(253626) CMS: 1097343K->1106211K(1966080K)
[1373183.748s][info][gc,metaspace ] GC(253626) Metaspace: 95515K(98212K)->95515K(98212K) NonClass: 86277K(88004K)->86277K(88004K) Class: 9238K(10208K)->9238K(10208K)
[1373183.749s][info][gc           ] GC(253626) Pause Young (Allocation Failure) 1183M->1082M(2035M) 5.793ms
[1373183.749s][info][gc,cpu       ] GC(253626) User=0.09s Sys=0.00s Real=0.02s
[1373189.148s][info][gc,start     ] GC(253627) Pause Young (Allocation Failure)
[1373189.148s][info][gc,task      ] GC(253627) Using 9 workers of 9 for evacuation
[1373189.152s][info][gc,heap      ] GC(253627) ParNew: 107291K->9460K(118016K)
[1373189.152s][info][gc,heap      ] GC(253627) CMS: 1106211K->1106211K(1966080K)
[1373189.152s][info][gc,metaspace ] GC(253627) Metaspace: 95515K(98212K)->95515K(98212K) NonClass: 86277K(88004K)->86277K(88004K) Class: 9238K(10208K)->9238K(10208K)
[1373189.152s][info][gc           ] GC(253627) Pause Young (Allocation Failure) 1185M->1089M(2035M) 4.852ms
[1373189.152s][info][gc,cpu       ] GC(253627) User=0.02s Sys=0.00s Real=0.02s
[1373194.554s][info][gc,start     ] GC(253628) Pause Young (Allocation Failure)
[1373194.554s][info][gc,task      ] GC(253628) Using 9 workers of 9 for evacuation
[1373194.558s][info][gc,heap      ] GC(253628) ParNew: 114420K->1919K(118016K)
[1373194.558s][info][gc,heap      ] GC(253628) CMS: 1106211K->1106348K(1966080K)
[1373194.558s][info][gc,metaspace ] GC(253628) Metaspace: 95515K(98212K)->95515K(98212K) NonClass: 86277K(88004K)->86277K(88004K) Class: 9238K(10208K)->9238K(10208K)
[1373194.558s][info][gc           ] GC(253628) Pause Young (Allocation Failure) 1192M->1082M(2035M) 4.250ms
[1373194.558s][info][gc,cpu       ] GC(253628) User=0.00s Sys=0.00s Real=0.00s
[1373201.338s][info][gc,start     ] GC(253629) Pause Young (Allocation Failure)
[1373201.339s][info][gc,task      ] GC(253629) Using 9 workers of 9 for evacuation
[1373201.343s][info][gc,heap      ] GC(253629) ParNew: 106879K->9313K(118016K)
[1373201.343s][info][gc,heap      ] GC(253629) CMS: 1106348K->1106348K(1966080K)
[1373201.343s][info][gc,metaspace ] GC(253629) Metaspace: 95515K(98212K)->95515K(98212K) NonClass: 86277K(88004K)->86277K(88004K) Class: 9238K(10208K)->9238K(10208K)
[1373201.343s][info][gc           ] GC(253629) Pause Young (Allocation Failure) 1184M->1089M(2035M) 4.919ms
[1373201.343s][info][gc,cpu       ] GC(253629) User=0.00s Sys=0.00s Real=0.02s
[1373208.557s][info][gc,start     ] GC(253630) Pause Young (Allocation Failure)
[1373208.557s][info][gc,task      ] GC(253630) Using 9 workers of 9 for evacuation
[1373208.562s][info][gc,heap      ] GC(253630) ParNew: 114273K->9975K(118016K)
[1373208.562s][info][gc,heap      ] GC(253630) CMS: 1106348K->1106476K(1966080K)
[1373208.562s][info][gc,metaspace ] GC(253630) Metaspace: 95515K(98212K)->95515K(98212K) NonClass: 86277K(88004K)->86277K(88004K) Class: 9238K(10208K)->9238K(10208K)
[1373208.562s][info][gc           ] GC(253630) Pause Young (Allocation Failure) 1192M->1090M(2035M) 4.819ms
[1373208.562s][info][gc,cpu       ] GC(253630) User=0.00s Sys=0.00s Real=0.00s
[1373214.076s][info][gc,start     ] GC(253631) Pause Young (Allocation Failure)
[1373214.076s][info][gc,task      ] GC(253631) Using 9 workers of 9 for evacuation
[1373214.081s][info][gc,heap      ] GC(253631) ParNew: 114935K->3077K(118016K)
[1373214.081s][info][gc,heap      ] GC(253631) CMS: 1106476K->1115211K(1966080K)
[1373214.081s][info][gc,metaspace ] GC(253631) Metaspace: 95515K(98212K)->95515K(98212K) NonClass: 86277K(88004K)->86277K(88004K) Class: 9238K(10208K)->9238K(10208K)
[1373214.081s][info][gc           ] GC(253631) Pause Young (Allocation Failure) 1192M->1092M(2035M) 5.321ms
[1373214.081s][info][gc,cpu       ] GC(253631) User=0.00s Sys=0.00s Real=0.00s
[1373219.718s][info][gc,start     ] GC(253632) Pause Young (Allocation Failure)
[1373219.718s][info][gc,task      ] GC(253632) Using 9 workers of 9 for evacuation
[1373219.723s][info][gc,heap      ] GC(253632) ParNew: 108037K->9535K(118016K)
[1373219.723s][info][gc,heap      ] GC(253632) CMS: 1115211K->1115211K(1966080K)
[1373219.723s][info][gc,metaspace ] GC(253632) Metaspace: 95515K(98212K)->95515K(98212K) NonClass: 86277K(88004K)->86277K(88004K) Class: 9238K(10208K)->9238K(10208K)
[1373219.723s][info][gc           ] GC(253632) Pause Young (Allocation Failure) 1194M->1098M(2035M) 4.518ms
[1373219.723s][info][gc,cpu       ] GC(253632) User=0.00s Sys=0.00s Real=0.00s
[1373224.549s][info][gc,start     ] GC(253633) Pause Young (Allocation Failure)
[1373224.549s][info][gc,task      ] GC(253633) Using 9 workers of 9 for evacuation
[1373224.554s][info][gc,heap      ] GC(253633) ParNew: 114495K->2357K(118016K)
[1373224.554s][info][gc,heap      ] GC(253633) CMS: 1115211K->1115377K(1966080K)
[1373224.554s][info][gc,metaspace ] GC(253633) Metaspace: 95515K(98212K)->95515K(98212K) NonClass: 86277K(88004K)->86277K(88004K) Class: 9238K(10208K)->9238K(10208K)
[1373224.554s][info][gc           ] GC(253633) Pause Young (Allocation Failure) 1200M->1091M(2035M) 4.890ms
[1373224.554s][info][gc,cpu       ] GC(253633) User=0.00s Sys=0.00s Real=0.00s
[1373231.200s][info][gc,start     ] GC(253634) Pause Young (Allocation Failure)
[1373231.200s][info][gc,task      ] GC(253634) Using 9 workers of 9 for evacuation
[1373231.205s][info][gc,heap      ] GC(253634) ParNew: 107317K->9403K(118016K)
[1373231.205s][info][gc,heap      ] GC(253634) CMS: 1115377K->1115377K(1966080K)
[1373231.205s][info][gc,metaspace ] GC(253634) Metaspace: 95515K(98212K)->95515K(98212K) NonClass: 86277K(88004K)->86277K(88004K) Class: 9238K(10208K)->9238K(10208K)
[1373231.205s][info][gc           ] GC(253634) Pause Young (Allocation Failure) 1194M->1098M(2035M) 5.161ms
[1373231.205s][info][gc,cpu       ] GC(253634) User=0.00s Sys=0.00s Real=0.00s
[1373238.127s][info][gc,start     ] GC(253635) Pause Young (Allocation Failure)
[1373238.127s][info][gc,task      ] GC(253635) Using 9 workers of 9 for evacuation
[1373238.132s][info][gc,heap      ] GC(253635) ParNew: 114362K->8051K(118016K)
[1373238.132s][info][gc,heap      ] GC(253635) CMS: 1115377K->1115511K(1966080K)
[1373238.132s][info][gc,metaspace ] GC(253635) Metaspace: 95515K(98212K)->95515K(98212K) NonClass: 86277K(88004K)->86277K(88004K) Class: 9238K(10208K)->9238K(10208K)
[1373238.132s][info][gc           ] GC(253635) Pause Young (Allocation Failure) 1200M->1097M(2035M) 4.731ms
[1373238.132s][info][gc,cpu       ] GC(253635) User=0.00s Sys=0.00s Real=0.00s
[1373247.221s][info][gc,start     ] GC(253636) Pause Young (Allocation Failure)
[1373247.221s][info][gc,task      ] GC(253636) Using 9 workers of 9 for evacuation
[1373247.225s][info][gc,heap      ] GC(253636) ParNew: 113011K->2699K(118016K)
[1373247.226s][info][gc,heap      ] GC(253636) CMS: 1115511K->1115579K(1966080K)
[1373247.226s][info][gc,metaspace ] GC(253636) Metaspace: 95515K(98212K)->95515K(98212K) NonClass: 86277K(88004K)->86277K(88004K) Class: 9238K(10208K)->9238K(10208K)
[1373247.226s][info][gc           ] GC(253636) Pause Young (Allocation Failure) 1199M->1092M(2035M) 4.310ms
[1373247.226s][info][gc,cpu       ] GC(253636) User=0.00s Sys=0.00s Real=0.00s
[1373253.596s][info][gc,start     ] GC(253637) Pause Young (Allocation Failure)
[1373253.596s][info][gc,task      ] GC(253637) Using 9 workers of 9 for evacuation
[1373253.600s][info][gc,heap      ] GC(253637) ParNew: 107659K->9342K(118016K)
[1373253.601s][info][gc,heap      ] GC(253637) CMS: 1115579K->1115579K(1966080K)
[1373253.601s][info][gc,metaspace ] GC(253637) Metaspace: 95515K(98212K)->95515K(98212K) NonClass: 86277K(88004K)->86277K(88004K) Class: 9238K(10208K)->9238K(10208K)
[1373253.601s][info][gc           ] GC(253637) Pause Young (Allocation Failure) 1194M->1098M(2035M) 4.626ms
[1373253.601s][info][gc,cpu       ] GC(253637) User=0.00s Sys=0.00s Real=0.00s
[1373259.040s][info][gc,start     ] GC(253638) Pause Young (Allocation Failure)
[1373259.040s][info][gc,task      ] GC(253638) Using 9 workers of 9 for evacuation
[1373259.045s][info][gc,heap      ] GC(253638) ParNew: 114302K->10031K(118016K)
[1373259.045s][info][gc,heap      ] GC(253638) CMS: 1115579K->1115683K(1966080K)
[1373259.045s][info][gc,metaspace ] GC(253638) Metaspace: 95515K(98212K)->95515K(98212K) NonClass: 86277K(88004K)->86277K(88004K) Class: 9238K(10208K)->9238K(10208K)
[1373259.045s][info][gc           ] GC(253638) Pause Young (Allocation Failure) 1201M->1099M(2035M) 5.151ms
[1373259.045s][info][gc,cpu       ] GC(253638) User=0.00s Sys=0.00s Real=0.00s
[1373265.621s][info][gc,start     ] GC(253639) Pause Young (Allocation Failure)
[1373265.621s][info][gc,task      ] GC(253639) Using 9 workers of 9 for evacuation
[1373265.625s][info][gc,heap      ] GC(253639) ParNew: 114991K->3361K(118016K)
[1373265.625s][info][gc,heap      ] GC(253639) CMS: 1115683K->1115734K(1966080K)
[1373265.625s][info][gc,metaspace ] GC(253639) Metaspace: 95515K(98212K)->95515K(98212K) NonClass: 86277K(88004K)->86277K(88004K) Class: 9238K(10208K)->9238K(10208K)
[1373265.625s][info][gc           ] GC(253639) Pause Young (Allocation Failure) 1201M->1092M(2035M) 4.155ms
[1373265.625s][info][gc,cpu       ] GC(253639) User=0.00s Sys=0.00s Real=0.00s
[1373270.694s][info][gc,start     ] GC(253640) Pause Young (Allocation Failure)
[1373270.694s][info][gc,task      ] GC(253640) Using 9 workers of 9 for evacuation
[1373270.698s][info][gc,heap      ] GC(253640) ParNew: 108321K->9682K(118016K)
[1373270.698s][info][gc,heap      ] GC(253640) CMS: 1115734K->1115734K(1966080K)
[1373270.698s][info][gc,metaspace ] GC(253640) Metaspace: 95515K(98212K)->95515K(98212K) NonClass: 86277K(88004K)->86277K(88004K) Class: 9238K(10208K)->9238K(10208K)
[1373270.698s][info][gc           ] GC(253640) Pause Young (Allocation Failure) 1195M->1099M(2035M) 4.592ms
[1373270.698s][info][gc,cpu       ] GC(253640) User=0.00s Sys=0.00s Real=0.00s
[1373277.172s][info][gc,start     ] GC(253641) Pause Young (Allocation Failure)
[1373277.173s][info][gc,task      ] GC(253641) Using 9 workers of 9 for evacuation
[1373277.176s][info][gc,heap      ] GC(253641) ParNew: 114642K->2395K(118016K)
[1373277.176s][info][gc,heap      ] GC(253641) CMS: 1115734K->1115914K(1966080K)
[1373277.176s][info][gc,metaspace ] GC(253641) Metaspace: 95515K(98212K)->95515K(98212K) NonClass: 86277K(88004K)->86277K(88004K) Class: 9238K(10208K)->9238K(10208K)
[1373277.176s][info][gc           ] GC(253641) Pause Young (Allocation Failure) 1201M->1092M(2035M) 4.076ms
[1373277.177s][info][gc,cpu       ] GC(253641) User=0.00s Sys=0.00s Real=0.00s
[1373284.518s][info][gc,start     ] GC(253642) Pause Young (Allocation Failure)
[1373284.518s][info][gc,task      ] GC(253642) Using 9 workers of 9 for evacuation
[1373284.522s][info][gc,heap      ] GC(253642) ParNew: 107290K->1596K(118016K)
[1373284.522s][info][gc,heap      ] GC(253642) CMS: 1115914K->1115914K(1966080K)
[1373284.522s][info][gc,metaspace ] GC(253642) Metaspace: 95515K(98212K)->95515K(98212K) NonClass: 86277K(88004K)->86277K(88004K) Class: 9238K(10208K)->9238K(10208K)
[1373284.522s][info][gc           ] GC(253642) Pause Young (Allocation Failure) 1194M->1091M(2035M) 4.221ms
[1373284.523s][info][gc,cpu       ] GC(253642) User=0.00s Sys=0.00s Real=0.00s
[1373290.468s][info][gc,start     ] GC(253643) Pause Young (Allocation Failure)
[1373290.468s][info][gc,task      ] GC(253643) Using 9 workers of 9 for evacuation
[1373290.473s][info][gc,heap      ] GC(253643) ParNew: 106556K->9363K(118016K)
[1373290.473s][info][gc,heap      ] GC(253643) CMS: 1115914K->1115914K(1966080K)
[1373290.473s][info][gc,metaspace ] GC(253643) Metaspace: 95515K(98212K)->95515K(98212K) NonClass: 86277K(88004K)->86277K(88004K) Class: 9238K(10208K)->9238K(10208K)
[1373290.473s][info][gc           ] GC(253643) Pause Young (Allocation Failure) 1193M->1098M(2035M) 4.757ms
[1373290.473s][info][gc,cpu       ] GC(253643) User=0.00s Sys=0.00s Real=0.00s
[1373295.675s][info][gc,start     ] GC(253644) Pause Young (Allocation Failure)
[1373295.676s][info][gc,task      ] GC(253644) Using 9 workers of 9 for evacuation
[1373295.681s][info][gc,heap      ] GC(253644) ParNew: 114323K->9892K(118016K)
[1373295.681s][info][gc,heap      ] GC(253644) CMS: 1115914K->1116130K(1966080K)
[1373295.681s][info][gc,metaspace ] GC(253644) Metaspace: 95515K(98212K)->95515K(98212K) NonClass: 86277K(88004K)->86277K(88004K) Class: 9238K(10208K)->9238K(10208K)
[1373295.681s][info][gc           ] GC(253644) Pause Young (Allocation Failure) 1201M->1099M(2035M) 5.452ms
[1373295.681s][info][gc,cpu       ] GC(253644) User=0.00s Sys=0.00s Real=0.00s
[1373302.628s][info][gc,start     ] GC(253645) Pause Young (Allocation Failure)
[1373302.628s][info][gc,task      ] GC(253645) Using 9 workers of 9 for evacuation
[1373302.633s][info][gc,heap      ] GC(253645) ParNew: 114852K->2974K(118016K)
[1373302.633s][info][gc,heap      ] GC(253645) CMS: 1116130K->1124923K(1966080K)
[1373302.633s][info][gc,metaspace ] GC(253645) Metaspace: 95515K(98212K)->95515K(98212K) NonClass: 86277K(88004K)->86277K(88004K) Class: 9238K(10208K)->9238K(10208K)
[1373302.633s][info][gc           ] GC(253645) Pause Young (Allocation Failure) 1202M->1101M(2035M) 5.481ms
[1373302.633s][info][gc,cpu       ] GC(253645) User=0.00s Sys=0.00s Real=0.00s
[1373308.510s][info][gc,start     ] GC(253646) Pause Young (Allocation Failure)
[1373308.510s][info][gc,task      ] GC(253646) Using 9 workers of 9 for evacuation
[1373308.514s][info][gc,heap      ] GC(253646) ParNew: 107932K->9472K(118016K)
[1373308.514s][info][gc,heap      ] GC(253646) CMS: 1124923K->1124923K(1966080K)
[1373308.514s][info][gc,metaspace ] GC(253646) Metaspace: 95515K(98212K)->95515K(98212K) NonClass: 86277K(88004K)->86277K(88004K) Class: 9238K(10208K)->9238K(10208K)
[1373308.514s][info][gc           ] GC(253646) Pause Young (Allocation Failure) 1203M->1107M(2035M) 4.438ms
[1373308.515s][info][gc,cpu       ] GC(253646) User=0.14s Sys=0.00s Real=0.02s
[1373315.457s][info][gc,start     ] GC(253647) Pause Young (Allocation Failure)
[1373315.457s][info][gc,task      ] GC(253647) Using 9 workers of 9 for evacuation
[1373315.461s][info][gc,heap      ] GC(253647) ParNew: 114432K->2094K(118016K)
[1373315.461s][info][gc,heap      ] GC(253647) CMS: 1124923K->1125053K(1966080K)
[1373315.461s][info][gc,metaspace ] GC(253647) Metaspace: 95515K(98212K)->95515K(98212K) NonClass: 86277K(88004K)->86277K(88004K) Class: 9238K(10208K)->9238K(10208K)
[1373315.461s][info][gc           ] GC(253647) Pause Young (Allocation Failure) 1210M->1100M(2035M) 4.368ms
[1373315.461s][info][gc,cpu       ] GC(253647) User=0.00s Sys=0.00s Real=0.00s
[1373319.115s][info][gc,start     ] GC(253648) Pause Young (Allocation Failure)
[1373319.116s][info][gc,task      ] GC(253648) Using 9 workers of 9 for evacuation
[1373319.120s][info][gc,heap      ] GC(253648) ParNew: 107054K->9469K(118016K)
[1373319.120s][info][gc,heap      ] GC(253648) CMS: 1125053K->1125053K(1966080K)
[1373319.120s][info][gc,metaspace ] GC(253648) Metaspace: 95515K(98212K)->95515K(98212K) NonClass: 86277K(88004K)->86277K(88004K) Class: 9238K(10208K)->9238K(10208K)
[1373319.120s][info][gc           ] GC(253648) Pause Young (Allocation Failure) 1203M->1107M(2035M) 4.691ms
[1373319.120s][info][gc,cpu       ] GC(253648) User=0.00s Sys=0.00s Real=0.00s
[1373325.907s][info][gc,start     ] GC(253649) Pause Young (Allocation Failure)
[1373325.907s][info][gc,task      ] GC(253649) Using 9 workers of 9 for evacuation
[1373325.911s][info][gc,heap      ] GC(253649) ParNew: 114429K->10183K(118016K)
[1373325.911s][info][gc,heap      ] GC(253649) CMS: 1125053K->1125230K(1966080K)
[1373325.911s][info][gc,metaspace ] GC(253649) Metaspace: 95515K(98212K)->95515K(98212K) NonClass: 86277K(88004K)->86277K(88004K) Class: 9238K(10208K)->9238K(10208K)
[1373325.911s][info][gc           ] GC(253649) Pause Young (Allocation Failure) 1210M->1108M(2035M) 4.629ms
[1373325.911s][info][gc,cpu       ] GC(253649) User=0.00s Sys=0.00s Real=0.00s
[1373333.481s][info][gc,start     ] GC(253650) Pause Young (Allocation Failure)
[1373333.481s][info][gc,task      ] GC(253650) Using 9 workers of 9 for evacuation
[1373333.485s][info][gc,heap      ] GC(253650) ParNew: 115143K->3390K(118016K)
[1373333.486s][info][gc,heap      ] GC(253650) CMS: 1125230K->1133955K(1966080K)
[1373333.486s][info][gc,metaspace ] GC(253650) Metaspace: 95515K(98212K)->95515K(98212K) NonClass: 86277K(88004K)->86277K(88004K) Class: 9238K(10208K)->9238K(10208K)
[1373333.486s][info][gc           ] GC(253650) Pause Young (Allocation Failure) 1211M->1110M(2035M) 5.091ms
[1373333.486s][info][gc,cpu       ] GC(253650) User=0.00s Sys=0.00s Real=0.00s
[1373341.866s][info][gc,start     ] GC(253651) Pause Young (Allocation Failure)
[1373341.866s][info][gc,task      ] GC(253651) Using 9 workers of 9 for evacuation
[1373341.870s][info][gc,heap      ] GC(253651) ParNew: 108350K->9696K(118016K)
[1373341.870s][info][gc,heap      ] GC(253651) CMS: 1133955K->1133955K(1966080K)
[1373341.870s][info][gc,metaspace ] GC(253651) Metaspace: 95515K(98212K)->95515K(98212K) NonClass: 86277K(88004K)->86277K(88004K) Class: 9238K(10208K)->9238K(10208K)
[1373341.870s][info][gc           ] GC(253651) Pause Young (Allocation Failure) 1213M->1116M(2035M) 4.634ms
[1373341.870s][info][gc,cpu       ] GC(253651) User=0.14s Sys=0.00s Real=0.01s
[1373347.816s][info][gc,start     ] GC(253652) Pause Young (Allocation Failure)
[1373347.816s][info][gc,task      ] GC(253652) Using 9 workers of 9 for evacuation
[1373347.821s][info][gc,heap      ] GC(253652) ParNew: 114656K->10895K(118016K)
[1373347.821s][info][gc,heap      ] GC(253652) CMS: 1133955K->1134215K(1966080K)
[1373347.821s][info][gc,metaspace ] GC(253652) Metaspace: 95515K(98212K)->95515K(98212K) NonClass: 86277K(88004K)->86277K(88004K) Class: 9238K(10208K)->9238K(10208K)
[1373347.821s][info][gc           ] GC(253652) Pause Young (Allocation Failure) 1219M->1118M(2035M) 5.628ms
[1373347.821s][info][gc,cpu       ] GC(253652) User=0.02s Sys=0.00s Real=0.02s
[1373354.694s][info][gc,start     ] GC(253653) Pause Young (Allocation Failure)
[1373354.694s][info][gc,task      ] GC(253653) Using 9 workers of 9 for evacuation
[1373354.698s][info][gc,heap      ] GC(253653) ParNew: 115855K->4567K(118016K)
[1373354.698s][info][gc,heap      ] GC(253653) CMS: 1134215K->1134271K(1966080K)
[1373354.698s][info][gc,metaspace ] GC(253653) Metaspace: 95515K(98212K)->95515K(98212K) NonClass: 86277K(88004K)->86277K(88004K) Class: 9238K(10208K)->9238K(10208K)
[1373354.698s][info][gc           ] GC(253653) Pause Young (Allocation Failure) 1220M->1112M(2035M) 4.098ms
[1373354.698s][info][gc,cpu       ] GC(253653) User=0.00s Sys=0.00s Real=0.00s
[1373359.517s][info][gc,start     ] GC(253654) Pause Young (Allocation Failure)
[1373359.517s][info][gc,task      ] GC(253654) Using 9 workers of 9 for evacuation
[1373359.523s][info][gc,heap      ] GC(253654) ParNew: 109527K->9719K(118016K)
[1373359.523s][info][gc,heap      ] GC(253654) CMS: 1134271K->1134271K(1966080K)
[1373359.523s][info][gc,metaspace ] GC(253654) Metaspace: 95515K(98212K)->95515K(98212K) NonClass: 86277K(88004K)->86277K(88004K) Class: 9238K(10208K)->9238K(10208K)
[1373359.523s][info][gc           ] GC(253654) Pause Young (Allocation Failure) 1214M->1117M(2035M) 5.478ms
[1373359.523s][info][gc,cpu       ] GC(253654) User=0.00s Sys=0.00s Real=0.00s
[1373362.908s][info][gc,start     ] GC(253655) Pause Young (Allocation Failure)
[1373362.908s][info][gc,task      ] GC(253655) Using 9 workers of 9 for evacuation
[1373362.913s][info][gc,heap      ] GC(253655) ParNew: 114679K->2748K(118016K)
[1373362.913s][info][gc,heap      ] GC(253655) CMS: 1134271K->1143092K(1966080K)
[1373362.913s][info][gc,metaspace ] GC(253655) Metaspace: 95515K(98212K)->95515K(98212K) NonClass: 86277K(88004K)->86277K(88004K) Class: 9238K(10208K)->9238K(10208K)
[1373362.913s][info][gc           ] GC(253655) Pause Young (Allocation Failure) 1219M->1118M(2035M) 4.831ms
[1373362.913s][info][gc,cpu       ] GC(253655) User=0.00s Sys=0.00s Real=0.00s
[1373367.818s][info][gc,start     ] GC(253656) Pause Young (Allocation Failure)
[1373367.818s][info][gc,task      ] GC(253656) Using 9 workers of 9 for evacuation
[1373367.822s][info][gc,heap      ] GC(253656) ParNew: 107707K->9513K(118016K)
[1373367.822s][info][gc,heap      ] GC(253656) CMS: 1143092K->1143092K(1966080K)
[1373367.822s][info][gc,metaspace ] GC(253656) Metaspace: 95515K(98212K)->95515K(98212K) NonClass: 86277K(88004K)->86277K(88004K) Class: 9238K(10208K)->9238K(10208K)
[1373367.823s][info][gc           ] GC(253656) Pause Young (Allocation Failure) 1221M->1125M(2035M) 4.756ms
[1373367.823s][info][gc,cpu       ] GC(253656) User=0.00s Sys=0.00s Real=0.00s
[1373372.634s][info][gc,start     ] GC(253657) Pause Young (Allocation Failure)
[1373372.634s][info][gc,task      ] GC(253657) Using 9 workers of 9 for evacuation
[1373372.639s][info][gc,heap      ] GC(253657) ParNew: 114473K->2209K(118016K)
[1373372.639s][info][gc,heap      ] GC(253657) CMS: 1143092K->1151904K(1966080K)
[1373372.639s][info][gc,metaspace ] GC(253657) Metaspace: 95515K(98212K)->95515K(98212K) NonClass: 86277K(88004K)->86277K(88004K) Class: 9238K(10208K)->9238K(10208K)
[1373372.639s][info][gc           ] GC(253657) Pause Young (Allocation Failure) 1228M->1127M(2035M) 5.436ms
[1373372.640s][info][gc,cpu       ] GC(253657) User=0.00s Sys=0.00s Real=0.00s
[1373376.046s][info][gc,start     ] GC(253658) Pause Young (Allocation Failure)
[1373376.046s][info][gc,task      ] GC(253658) Using 9 workers of 9 for evacuation
[1373376.050s][info][gc,heap      ] GC(253658) ParNew: 107169K->728K(118016K)
[1373376.050s][info][gc,heap      ] GC(253658) CMS: 1151904K->1151904K(1966080K)
[1373376.050s][info][gc,metaspace ] GC(253658) Metaspace: 95515K(98212K)->95515K(98212K) NonClass: 86277K(88004K)->86277K(88004K) Class: 9238K(10208K)->9238K(10208K)
[1373376.050s][info][gc           ] GC(253658) Pause Young (Allocation Failure) 1229M->1125M(2035M) 4.448ms
[1373376.050s][info][gc,cpu       ] GC(253658) User=0.02s Sys=0.00s Real=0.02s
[1373379.323s][info][gc,start     ] GC(253659) Pause Young (Allocation Failure)
[1373379.323s][info][gc,task      ] GC(253659) Using 9 workers of 9 for evacuation
[1373379.328s][info][gc,heap      ] GC(253659) ParNew: 105687K->9309K(118016K)
[1373379.328s][info][gc,heap      ] GC(253659) CMS: 1151904K->1151904K(1966080K)
[1373379.328s][info][gc,metaspace ] GC(253659) Metaspace: 95515K(98212K)->95515K(98212K) NonClass: 86277K(88004K)->86277K(88004K) Class: 9238K(10208K)->9238K(10208K)
[1373379.328s][info][gc           ] GC(253659) Pause Young (Allocation Failure) 1228M->1133M(2035M) 4.687ms
[1373379.328s][info][gc,cpu       ] GC(253659) User=0.00s Sys=0.00s Real=0.00s
[1373384.639s][info][gc,start     ] GC(253660) Pause Young (Allocation Failure)
[1373384.639s][info][gc,task      ] GC(253660) Using 9 workers of 9 for evacuation
[1373384.643s][info][gc,heap      ] GC(253660) ParNew: 114262K->1286K(118016K)
[1373384.643s][info][gc,heap      ] GC(253660) CMS: 1151904K->1152127K(1966080K)
[1373384.644s][info][gc,metaspace ] GC(253660) Metaspace: 95515K(98212K)->95515K(98212K) NonClass: 86277K(88004K)->86277K(88004K) Class: 9238K(10208K)->9238K(10208K)
[1373384.644s][info][gc           ] GC(253660) Pause Young (Allocation Failure) 1236M->1126M(2035M) 4.368ms
[1373384.644s][info][gc,cpu       ] GC(253660) User=0.00s Sys=0.00s Real=0.00s
[1373390.630s][info][gc,start     ] GC(253661) Pause Young (Allocation Failure)
[1373390.630s][info][gc,task      ] GC(253661) Using 9 workers of 9 for evacuation
[1373390.634s][info][gc,heap      ] GC(253661) ParNew: 106246K->9227K(118016K)
[1373390.634s][info][gc,heap      ] GC(253661) CMS: 1152127K->1152127K(1966080K)
[1373390.634s][info][gc,metaspace ] GC(253661) Metaspace: 95515K(98212K)->95515K(98212K) NonClass: 86277K(88004K)->86277K(88004K) Class: 9238K(10208K)->9238K(10208K)
[1373390.634s][info][gc           ] GC(253661) Pause Young (Allocation Failure) 1228M->1134M(2035M) 4.921ms
[1373390.634s][info][gc,cpu       ] GC(253661) User=0.00s Sys=0.00s Real=0.00s
[1373397.820s][info][gc,start     ] GC(253662) Pause Young (Allocation Failure)
[1373397.820s][info][gc,task      ] GC(253662) Using 9 workers of 9 for evacuation
[1373397.824s][info][gc,heap      ] GC(253662) ParNew: 113725K->2641K(118016K)
[1373397.824s][info][gc,heap      ] GC(253662) CMS: 1152127K->1152264K(1966080K)
[1373397.824s][info][gc,metaspace ] GC(253662) Metaspace: 95515K(98212K)->95515K(98212K) NonClass: 86277K(88004K)->86277K(88004K) Class: 9238K(10208K)->9238K(10208K)
[1373397.824s][info][gc           ] GC(253662) Pause Young (Allocation Failure) 1236M->1127M(2035M) 4.260ms
[1373397.824s][info][gc,cpu       ] GC(253662) User=0.00s Sys=0.00s Real=0.00s
[1373405.143s][info][gc,start     ] GC(253663) Pause Young (Allocation Failure)
[1373405.144s][info][gc,task      ] GC(253663) Using 9 workers of 9 for evacuation
[1373405.147s][info][gc,heap      ] GC(253663) ParNew: 107599K->775K(118016K)
[1373405.147s][info][gc,heap      ] GC(253663) CMS: 1152264K->1152264K(1966080K)
[1373405.148s][info][gc,metaspace ] GC(253663) Metaspace: 95515K(98212K)->95515K(98212K) NonClass: 86277K(88004K)->86277K(88004K) Class: 9238K(10208K)->9238K(10208K)
[1373405.148s][info][gc           ] GC(253663) Pause Young (Allocation Failure) 1230M->1126M(2035M) 4.189ms
[1373405.148s][info][gc,cpu       ] GC(253663) User=0.14s Sys=0.00s Real=0.02s
[1373408.875s][info][gc,start     ] GC(253664) Pause Young (Allocation Failure)
[1373408.875s][info][gc,task      ] GC(253664) Using 9 workers of 9 for evacuation
[1373408.879s][info][gc,heap      ] GC(253664) ParNew: 105735K->9389K(118016K)
[1373408.880s][info][gc,heap      ] GC(253664) CMS: 1152264K->1152264K(1966080K)
[1373408.880s][info][gc,metaspace ] GC(253664) Metaspace: 95515K(98212K)->95515K(98212K) NonClass: 86277K(88004K)->86277K(88004K) Class: 9238K(10208K)->9238K(10208K)
[1373408.880s][info][gc           ] GC(253664) Pause Young (Allocation Failure) 1228M->1134M(2035M) 4.967ms
[1373408.880s][info][gc,cpu       ] GC(253664) User=0.00s Sys=0.00s Real=0.00s
[1373416.295s][info][gc,start     ] GC(253665) Pause Young (Allocation Failure)
[1373416.295s][info][gc,task      ] GC(253665) Using 9 workers of 9 for evacuation
[1373416.299s][info][gc,heap      ] GC(253665) ParNew: 114349K->1445K(118016K)
[1373416.300s][info][gc,heap      ] GC(253665) CMS: 1152264K->1152509K(1966080K)
[1373416.300s][info][gc,metaspace ] GC(253665) Metaspace: 95515K(98212K)->95515K(98212K) NonClass: 86277K(88004K)->86277K(88004K) Class: 9238K(10208K)->9238K(10208K)
[1373416.300s][info][gc           ] GC(253665) Pause Young (Allocation Failure) 1236M->1126M(2035M) 4.833ms
[1373416.300s][info][gc,cpu       ] GC(253665) User=0.00s Sys=0.00s Real=0.00s
[1373420.619s][info][gc,start     ] GC(253666) Pause Young (Allocation Failure)
[1373420.619s][info][gc,task      ] GC(253666) Using 9 workers of 9 for evacuation
[1373420.624s][info][gc,heap      ] GC(253666) ParNew: 106400K->9189K(118016K)
[1373420.624s][info][gc,heap      ] GC(253666) CMS: 1152509K->1152509K(1966080K)
[1373420.624s][info][gc,metaspace ] GC(253666) Metaspace: 95515K(98212K)->95515K(98212K) NonClass: 86277K(88004K)->86277K(88004K) Class: 9238K(10208K)->9238K(10208K)
[1373420.624s][info][gc           ] GC(253666) Pause Young (Allocation Failure) 1229M->1134M(2035M) 4.604ms
[1373420.624s][info][gc,cpu       ] GC(253666) User=0.00s Sys=0.00s Real=0.00s
[1373425.507s][info][gc,start     ] GC(253667) Pause Young (Allocation Failure)
[1373425.507s][info][gc,task      ] GC(253667) Using 9 workers of 9 for evacuation
[1373425.511s][info][gc,heap      ] GC(253667) ParNew: 114149K->1597K(118016K)
[1373425.511s][info][gc,heap      ] GC(253667) CMS: 1152509K->1152619K(1966080K)
[1373425.511s][info][gc,metaspace ] GC(253667) Metaspace: 95515K(98212K)->95515K(98212K) NonClass: 86277K(88004K)->86277K(88004K) Class: 9238K(10208K)->9238K(10208K)
[1373425.512s][info][gc           ] GC(253667) Pause Young (Allocation Failure) 1236M->1127M(2035M) 4.742ms
[1373425.512s][info][gc,cpu       ] GC(253667) User=0.00s Sys=0.00s Real=0.00s
[1373432.491s][info][gc,start     ] GC(253668) Pause Young (Allocation Failure)
[1373432.491s][info][gc,task      ] GC(253668) Using 9 workers of 9 for evacuation
[1373432.496s][info][gc,heap      ] GC(253668) ParNew: 106557K->9300K(118016K)
[1373432.496s][info][gc,heap      ] GC(253668) CMS: 1152619K->1152619K(1966080K)
[1373432.496s][info][gc,metaspace ] GC(253668) Metaspace: 95515K(98212K)->95515K(98212K) NonClass: 86277K(88004K)->86277K(88004K) Class: 9238K(10208K)->9238K(10208K)
[1373432.496s][info][gc           ] GC(253668) Pause Young (Allocation Failure) 1229M->1134M(2035M) 4.545ms
[1373432.496s][info][gc,cpu       ] GC(253668) User=0.11s Sys=0.02s Real=0.02s
[1373438.610s][info][gc,start     ] GC(253669) Pause Young (Allocation Failure)
[1373438.610s][info][gc,task      ] GC(253669) Using 9 workers of 9 for evacuation
[1373438.614s][info][gc,heap      ] GC(253669) ParNew: 114260K->1701K(118016K)
[1373438.614s][info][gc,heap      ] GC(253669) CMS: 1152619K->1152785K(1966080K)
[1373438.614s][info][gc,metaspace ] GC(253669) Metaspace: 95515K(98212K)->95515K(98212K) NonClass: 86277K(88004K)->86277K(88004K) Class: 9238K(10208K)->9238K(10208K)
[1373438.614s][info][gc           ] GC(253669) Pause Young (Allocation Failure) 1237M->1127M(2035M) 4.247ms
[1373438.614s][info][gc,cpu       ] GC(253669) User=0.00s Sys=0.00s Real=0.00s
[1373445.423s][info][gc,start     ] GC(253670) Pause Young (Allocation Failure)
[1373445.423s][info][gc,task      ] GC(253670) Using 9 workers of 9 for evacuation
[1373445.428s][info][gc,heap      ] GC(253670) ParNew: 106661K->9236K(118016K)
[1373445.428s][info][gc,heap      ] GC(253670) CMS: 1152785K->1152785K(1966080K)
[1373445.428s][info][gc,metaspace ] GC(253670) Metaspace: 95515K(98212K)->95515K(98212K) NonClass: 86277K(88004K)->86277K(88004K) Class: 9238K(10208K)->9238K(10208K)
[1373445.428s][info][gc           ] GC(253670) Pause Young (Allocation Failure) 1229M->1134M(2035M) 5.147ms
[1373445.428s][info][gc,cpu       ] GC(253670) User=0.00s Sys=0.00s Real=0.00s
[1373455.531s][info][gc,start     ] GC(253671) Pause Young (Allocation Failure)
[1373455.532s][info][gc,task      ] GC(253671) Using 9 workers of 9 for evacuation
[1373455.536s][info][gc,heap      ] GC(253671) ParNew: 114196K->2960K(118016K)
[1373455.536s][info][gc,heap      ] GC(253671) CMS: 1152785K->1152916K(1966080K)
[1373455.536s][info][gc,metaspace ] GC(253671) Metaspace: 95515K(98212K)->95515K(98212K) NonClass: 86277K(88004K)->86277K(88004K) Class: 9238K(10208K)->9238K(10208K)
[1373455.536s][info][gc           ] GC(253671) Pause Young (Allocation Failure) 1237M->1128M(2035M) 4.982ms
[1373455.537s][info][gc,cpu       ] GC(253671) User=0.00s Sys=0.00s Real=0.00s
[1373465.177s][info][gc,start     ] GC(253672) Pause Young (Allocation Failure)
[1373465.177s][info][gc,task      ] GC(253672) Using 9 workers of 9 for evacuation
[1373465.181s][info][gc,heap      ] GC(253672) ParNew: 107920K->646K(118016K)
[1373465.181s][info][gc,heap      ] GC(253672) CMS: 1152916K->1152916K(1966080K)
[1373465.181s][info][gc,metaspace ] GC(253672) Metaspace: 95515K(98212K)->95515K(98212K) NonClass: 86277K(88004K)->86277K(88004K) Class: 9238K(10208K)->9238K(10208K)
[1373465.181s][info][gc           ] GC(253672) Pause Young (Allocation Failure) 1231M->1126M(2035M) 3.879ms
[1373465.181s][info][gc,cpu       ] GC(253672) User=0.00s Sys=0.00s Real=0.00s
[1373469.705s][info][gc,start     ] GC(253673) Pause Young (Allocation Failure)
[1373469.706s][info][gc,task      ] GC(253673) Using 9 workers of 9 for evacuation
[1373469.710s][info][gc,heap      ] GC(253673) ParNew: 105606K->9236K(118016K)
[1373469.710s][info][gc,heap      ] GC(253673) CMS: 1152916K->1152916K(1966080K)
[1373469.710s][info][gc,metaspace ] GC(253673) Metaspace: 95515K(98212K)->95515K(98212K) NonClass: 86277K(88004K)->86277K(88004K) Class: 9238K(10208K)->9238K(10208K)
[1373469.710s][info][gc           ] GC(253673) Pause Young (Allocation Failure) 1229M->1134M(2035M) 4.904ms
[1373469.710s][info][gc,cpu       ] GC(253673) User=0.00s Sys=0.00s Real=0.00s
[1373476.685s][info][gc,start     ] GC(253674) Pause Young (Allocation Failure)
[1373476.685s][info][gc,task      ] GC(253674) Using 9 workers of 9 for evacuation
[1373476.689s][info][gc,heap      ] GC(253674) ParNew: 114195K->1994K(118016K)
[1373476.689s][info][gc,heap      ] GC(253674) CMS: 1152916K->1153078K(1966080K)
[1373476.689s][info][gc,metaspace ] GC(253674) Metaspace: 95515K(98212K)->95515K(98212K) NonClass: 86277K(88004K)->86277K(88004K) Class: 9238K(10208K)->9238K(10208K)
[1373476.689s][info][gc           ] GC(253674) Pause Young (Allocation Failure) 1237M->1128M(2035M) 4.519ms
[1373476.689s][info][gc,cpu       ] GC(253674) User=0.00s Sys=0.00s Real=0.00s
[1373486.917s][info][gc,start     ] GC(253675) Pause Young (Allocation Failure)
[1373486.917s][info][gc,task      ] GC(253675) Using 9 workers of 9 for evacuation
[1373486.922s][info][gc,heap      ] GC(253675) ParNew: 106854K->7601K(118016K)
[1373486.922s][info][gc,heap      ] GC(253675) CMS: 1153078K->1153078K(1966080K)
[1373486.922s][info][gc,metaspace ] GC(253675) Metaspace: 95515K(98212K)->95515K(98212K) NonClass: 86277K(88004K)->86277K(88004K) Class: 9238K(10208K)->9238K(10208K)
[1373486.922s][info][gc           ] GC(253675) Pause Young (Allocation Failure) 1230M->1133M(2035M) 5.226ms
[1373486.923s][info][gc,cpu       ] GC(253675) User=0.00s Sys=0.00s Real=0.00s
[1373495.321s][info][gc,start     ] GC(253676) Pause Young (Allocation Failure)
[1373495.321s][info][gc,task      ] GC(253676) Using 9 workers of 9 for evacuation
[1373495.325s][info][gc,heap      ] GC(253676) ParNew: 112561K->1478K(118016K)
[1373495.325s][info][gc,heap      ] GC(253676) CMS: 1153078K->1153186K(1966080K)
[1373495.325s][info][gc,metaspace ] GC(253676) Metaspace: 95515K(98212K)->95515K(98212K) NonClass: 86277K(88004K)->86277K(88004K) Class: 9238K(10208K)->9238K(10208K)
[1373495.325s][info][gc           ] GC(253676) Pause Young (Allocation Failure) 1235M->1127M(2035M) 4.436ms
[1373495.325s][info][gc,cpu       ] GC(253676) User=0.00s Sys=0.00s Real=0.02s
[1373501.354s][info][gc,start     ] GC(253677) Pause Young (Allocation Failure)
[1373501.354s][info][gc,task      ] GC(253677) Using 9 workers of 9 for evacuation
[1373501.358s][info][gc,heap      ] GC(253677) ParNew: 106438K->9282K(118016K)
[1373501.358s][info][gc,heap      ] GC(253677) CMS: 1153186K->1153186K(1966080K)
[1373501.358s][info][gc,metaspace ] GC(253677) Metaspace: 95515K(98212K)->95515K(98212K) NonClass: 86277K(88004K)->86277K(88004K) Class: 9238K(10208K)->9238K(10208K)
[1373501.358s][info][gc           ] GC(253677) Pause Young (Allocation Failure) 1230M->1135M(2035M) 4.534ms
[1373501.358s][info][gc,cpu       ] GC(253677) User=0.00s Sys=0.00s Real=0.00s
[1373508.636s][info][gc,start     ] GC(253678) Pause Young (Allocation Failure)
[1373508.636s][info][gc,task      ] GC(253678) Using 9 workers of 9 for evacuation
[1373508.641s][info][gc,heap      ] GC(253678) ParNew: 114001K->2439K(118016K)
[1373508.641s][info][gc,heap      ] GC(253678) CMS: 1153186K->1153339K(1966080K)
[1373508.641s][info][gc,metaspace ] GC(253678) Metaspace: 95515K(98212K)->95515K(98212K) NonClass: 86277K(88004K)->86277K(88004K) Class: 9238K(10208K)->9238K(10208K)
[1373508.641s][info][gc           ] GC(253678) Pause Young (Allocation Failure) 1237M->1128M(2035M) 4.539ms
[1373508.641s][info][gc,cpu       ] GC(253678) User=0.08s Sys=0.00s Real=0.02s
[1373516.061s][info][gc,start     ] GC(253679) Pause Young (Allocation Failure)
[1373516.061s][info][gc,task      ] GC(253679) Using 9 workers of 9 for evacuation
[1373516.066s][info][gc,heap      ] GC(253679) ParNew: 107399K->651K(118016K)
[1373516.066s][info][gc,heap      ] GC(253679) CMS: 1153339K->1153339K(1966080K)
[1373516.066s][info][gc,metaspace ] GC(253679) Metaspace: 95515K(98212K)->95515K(98212K) NonClass: 86277K(88004K)->86277K(88004K) Class: 9238K(10208K)->9238K(10208K)
[1373516.066s][info][gc           ] GC(253679) Pause Young (Allocation Failure) 1231M->1126M(2035M) 4.677ms
[1373516.066s][info][gc,cpu       ] GC(253679) User=0.00s Sys=0.00s Real=0.00s
[1373519.955s][info][gc,start     ] GC(253680) Pause Young (Allocation Failure)
[1373519.955s][info][gc,task      ] GC(253680) Using 9 workers of 9 for evacuation
[1373519.959s][info][gc,heap      ] GC(253680) ParNew: 105611K->9268K(118016K)
[1373519.959s][info][gc,heap      ] GC(253680) CMS: 1153339K->1153339K(1966080K)
[1373519.959s][info][gc,metaspace ] GC(253680) Metaspace: 95515K(98212K)->95515K(98212K) NonClass: 86277K(88004K)->86277K(88004K) Class: 9238K(10208K)->9238K(10208K)
[1373519.959s][info][gc           ] GC(253680) Pause Young (Allocation Failure) 1229M->1135M(2035M) 4.696ms
[1373519.959s][info][gc,cpu       ] GC(253680) User=0.00s Sys=0.00s Real=0.00s
[1373527.166s][info][gc,start     ] GC(253681) Pause Young (Allocation Failure)
[1373527.166s][info][gc,task      ] GC(253681) Using 9 workers of 9 for evacuation
[1373527.171s][info][gc,heap      ] GC(253681) ParNew: 114228K->1218K(118016K)
[1373527.171s][info][gc,heap      ] GC(253681) CMS: 1153339K->1153527K(1966080K)
[1373527.171s][info][gc,metaspace ] GC(253681) Metaspace: 95515K(98212K)->95515K(98212K) NonClass: 86277K(88004K)->86277K(88004K) Class: 9238K(10208K)->9238K(10208K)
[1373527.171s][info][gc           ] GC(253681) Pause Young (Allocation Failure) 1237M->1127M(2035M) 5.011ms
[1373527.171s][info][gc,cpu       ] GC(253681) User=0.02s Sys=0.00s Real=0.02s
[1373533.624s][info][gc,start     ] GC(253682) Pause Young (Allocation Failure)
[1373533.624s][info][gc,task      ] GC(253682) Using 9 workers of 9 for evacuation
[1373533.629s][info][gc,heap      ] GC(253682) ParNew: 106178K->9252K(118016K)
[1373533.629s][info][gc,heap      ] GC(253682) CMS: 1153527K->1153527K(1966080K)
[1373533.629s][info][gc,metaspace ] GC(253682) Metaspace: 95515K(98212K)->95515K(98212K) NonClass: 86277K(88004K)->86277K(88004K) Class: 9238K(10208K)->9238K(10208K)
[1373533.629s][info][gc           ] GC(253682) Pause Young (Allocation Failure) 1230M->1135M(2035M) 4.752ms
[1373533.629s][info][gc,cpu       ] GC(253682) User=0.00s Sys=0.00s Real=0.00s
[1373539.265s][info][gc,start     ] GC(253683) Pause Young (Allocation Failure)
[1373539.265s][info][gc,task      ] GC(253683) Using 9 workers of 9 for evacuation
[1373539.269s][info][gc,heap      ] GC(253683) ParNew: 114212K->6820K(118016K)
[1373539.269s][info][gc,heap      ] GC(253683) CMS: 1153527K->1153649K(1966080K)
[1373539.269s][info][gc,metaspace ] GC(253683) Metaspace: 95515K(98212K)->95515K(98212K) NonClass: 86277K(88004K)->86277K(88004K) Class: 9238K(10208K)->9238K(10208K)
[1373539.269s][info][gc           ] GC(253683) Pause Young (Allocation Failure) 1238M->1133M(2035M) 4.777ms
[1373539.269s][info][gc,cpu       ] GC(253683) User=0.00s Sys=0.00s Real=0.00s
[1373547.704s][info][gc,start     ] GC(253684) Pause Young (Allocation Failure)
[1373547.704s][info][gc,task      ] GC(253684) Using 9 workers of 9 for evacuation
[1373547.708s][info][gc,heap      ] GC(253684) ParNew: 111780K->1964K(118016K)
[1373547.708s][info][gc,heap      ] GC(253684) CMS: 1153649K->1153649K(1966080K)
[1373547.708s][info][gc,metaspace ] GC(253684) Metaspace: 95515K(98212K)->95515K(98212K) NonClass: 86277K(88004K)->86277K(88004K) Class: 9238K(10208K)->9238K(10208K)
[1373547.708s][info][gc           ] GC(253684) Pause Young (Allocation Failure) 1235M->1128M(2035M) 4.162ms
[1373547.708s][info][gc,cpu       ] GC(253684) User=0.00s Sys=0.00s Real=0.00s
[1373555.272s][info][gc,start     ] GC(253685) Pause Young (Allocation Failure)
[1373555.272s][info][gc,task      ] GC(253685) Using 9 workers of 9 for evacuation
[1373555.276s][info][gc,heap      ] GC(253685) ParNew: 106849K->7777K(118016K)
[1373555.276s][info][gc,heap      ] GC(253685) CMS: 1153649K->1153649K(1966080K)
[1373555.276s][info][gc,metaspace ] GC(253685) Metaspace: 95515K(98212K)->95515K(98212K) NonClass: 86277K(88004K)->86277K(88004K) Class: 9238K(10208K)->9238K(10208K)
[1373555.276s][info][gc           ] GC(253685) Pause Young (Allocation Failure) 1230M->1134M(2035M) 4.868ms
[1373555.277s][info][gc,cpu       ] GC(253685) User=0.02s Sys=0.00s Real=0.02s
[1373561.330s][info][gc,start     ] GC(253686) Pause Young (Allocation Failure)
[1373561.330s][info][gc,task      ] GC(253686) Using 9 workers of 9 for evacuation
[1373561.335s][info][gc,heap      ] GC(253686) ParNew: 112737K->3088K(118016K)
[1373561.335s][info][gc,heap      ] GC(253686) CMS: 1153649K->1160548K(1966080K)
[1373561.335s][info][gc,metaspace ] GC(253686) Metaspace: 95515K(98212K)->95515K(98212K) NonClass: 86277K(88004K)->86277K(88004K) Class: 9238K(10208K)->9238K(10208K)
[1373561.335s][info][gc           ] GC(253686) Pause Young (Allocation Failure) 1236M->1136M(2035M) 5.130ms
[1373561.335s][info][gc,cpu       ] GC(253686) User=0.00s Sys=0.00s Real=0.00s
[1373568.252s][info][gc,start     ] GC(253687) Pause Young (Allocation Failure)
[1373568.252s][info][gc,task      ] GC(253687) Using 9 workers of 9 for evacuation
[1373568.257s][info][gc,heap      ] GC(253687) ParNew: 108048K->9812K(118016K)
[1373568.257s][info][gc,heap      ] GC(253687) CMS: 1160548K->1160548K(1966080K)
[1373568.257s][info][gc,metaspace ] GC(253687) Metaspace: 95515K(98212K)->95515K(98212K) NonClass: 86277K(88004K)->86277K(88004K) Class: 9238K(10208K)->9238K(10208K)
[1373568.257s][info][gc           ] GC(253687) Pause Young (Allocation Failure) 1238M->1142M(2035M) 4.597ms
[1373568.257s][info][gc,cpu       ] GC(253687) User=0.00s Sys=0.00s Real=0.00s
[1373576.013s][info][gc,start     ] GC(253688) Pause Young (Allocation Failure)
[1373576.013s][info][gc,task      ] GC(253688) Using 9 workers of 9 for evacuation
[1373576.018s][info][gc,heap      ] GC(253688) ParNew: 114772K->10921K(118016K)
[1373576.018s][info][gc,heap      ] GC(253688) CMS: 1160548K->1160701K(1966080K)
[1373576.018s][info][gc,metaspace ] GC(253688) Metaspace: 95515K(98212K)->95515K(98212K) NonClass: 86277K(88004K)->86277K(88004K) Class: 9238K(10208K)->9238K(10208K)
[1373576.018s][info][gc           ] GC(253688) Pause Young (Allocation Failure) 1245M->1144M(2035M) 5.005ms
[1373576.018s][info][gc,cpu       ] GC(253688) User=0.02s Sys=0.00s Real=0.02s
[1373583.601s][info][gc,start     ] GC(253689) Pause Young (Allocation Failure)
[1373583.602s][info][gc,task      ] GC(253689) Using 9 workers of 9 for evacuation
[1373583.607s][info][gc,heap      ] GC(253689) ParNew: 115881K->4438K(118016K)
[1373583.607s][info][gc,heap      ] GC(253689) CMS: 1160701K->1169466K(1966080K)
[1373583.607s][info][gc,metaspace ] GC(253689) Metaspace: 95515K(98212K)->95515K(98212K) NonClass: 86277K(88004K)->86277K(88004K) Class: 9238K(10208K)->9238K(10208K)
[1373583.607s][info][gc           ] GC(253689) Pause Young (Allocation Failure) 1246M->1146M(2035M) 5.302ms
[1373583.607s][info][gc,cpu       ] GC(253689) User=0.00s Sys=0.00s Real=0.00s
[1373590.698s][info][gc,start     ] GC(253690) Pause Young (Allocation Failure)
[1373590.698s][info][gc,task      ] GC(253690) Using 9 workers of 9 for evacuation
[1373590.703s][info][gc,heap      ] GC(253690) ParNew: 109398K->9747K(118016K)
[1373590.703s][info][gc,heap      ] GC(253690) CMS: 1169466K->1169466K(1966080K)
[1373590.703s][info][gc,metaspace ] GC(253690) Metaspace: 95515K(98212K)->95515K(98212K) NonClass: 86277K(88004K)->86277K(88004K) Class: 9238K(10208K)->9238K(10208K)
[1373590.703s][info][gc           ] GC(253690) Pause Young (Allocation Failure) 1248M->1151M(2035M) 4.927ms
[1373590.703s][info][gc,cpu       ] GC(253690) User=0.00s Sys=0.00s Real=0.00s
[1373598.093s][info][gc,start     ] GC(253691) Pause Young (Allocation Failure)
[1373598.093s][info][gc,task      ] GC(253691) Using 9 workers of 9 for evacuation
[1373598.097s][info][gc,heap      ] GC(253691) ParNew: 114707K->10728K(118016K)
[1373598.097s][info][gc,heap      ] GC(253691) CMS: 1169466K->1169597K(1966080K)
[1373598.097s][info][gc,metaspace ] GC(253691) Metaspace: 95515K(98212K)->95515K(98212K) NonClass: 86277K(88004K)->86277K(88004K) Class: 9238K(10208K)->9238K(10208K)
[1373598.098s][info][gc           ] GC(253691) Pause Young (Allocation Failure) 1254M->1152M(2035M) 4.787ms
[1373598.098s][info][gc,cpu       ] GC(253691) User=0.00s Sys=0.00s Real=0.00s
[1373603.684s][info][gc,start     ] GC(253692) Pause Young (Allocation Failure)
[1373603.684s][info][gc,task      ] GC(253692) Using 9 workers of 9 for evacuation
[1373603.689s][info][gc,heap      ] GC(253692) ParNew: 115688K->4158K(118016K)
[1373603.689s][info][gc,heap      ] GC(253692) CMS: 1169597K->1178321K(1966080K)
[1373603.689s][info][gc,metaspace ] GC(253692) Metaspace: 95515K(98212K)->95515K(98212K) NonClass: 86277K(88004K)->86277K(88004K) Class: 9238K(10208K)->9238K(10208K)
[1373603.689s][info][gc           ] GC(253692) Pause Young (Allocation Failure) 1255M->1154M(2035M) 5.511ms
[1373603.689s][info][gc,cpu       ] GC(253692) User=0.00s Sys=0.00s Real=0.00s
[1373608.055s][info][gc,start     ] GC(253693) Pause Young (Allocation Failure)
[1373608.055s][info][gc,task      ] GC(253693) Using 9 workers of 9 for evacuation
[1373608.060s][info][gc,heap      ] GC(253693) ParNew: 109118K->9774K(118016K)
[1373608.060s][info][gc,heap      ] GC(253693) CMS: 1178321K->1178321K(1966080K)
[1373608.060s][info][gc,metaspace ] GC(253693) Metaspace: 95515K(98212K)->95515K(98212K) NonClass: 86277K(88004K)->86277K(88004K) Class: 9238K(10208K)->9238K(10208K)
[1373608.060s][info][gc           ] GC(253693) Pause Young (Allocation Failure) 1257M->1160M(2035M) 4.649ms
[1373608.060s][info][gc,cpu       ] GC(253693) User=0.00s Sys=0.00s Real=0.00s
[1373618.622s][info][gc,start     ] GC(253694) Pause Young (Allocation Failure)
[1373618.622s][info][gc,task      ] GC(253694) Using 9 workers of 9 for evacuation
[1373618.626s][info][gc,heap      ] GC(253694) ParNew: 114382K->7041K(118016K)
[1373618.626s][info][gc,heap      ] GC(253694) CMS: 1178321K->1178484K(1966080K)
[1373618.626s][info][gc,metaspace ] GC(253694) Metaspace: 95515K(98212K)->95515K(98212K) NonClass: 86277K(88004K)->86277K(88004K) Class: 9238K(10208K)->9238K(10208K)
[1373618.627s][info][gc           ] GC(253694) Pause Young (Allocation Failure) 1262M->1157M(2035M) 4.737ms
[1373618.627s][info][gc,cpu       ] GC(253694) User=0.00s Sys=0.00s Real=0.00s
[1373625.047s][info][gc,start     ] GC(253695) Pause Young (Allocation Failure)
[1373625.047s][info][gc,task      ] GC(253695) Using 9 workers of 9 for evacuation
[1373625.051s][info][gc,heap      ] GC(253695) ParNew: 112001K->1511K(118016K)
[1373625.051s][info][gc,heap      ] GC(253695) CMS: 1178484K->1178484K(1966080K)
[1373625.051s][info][gc,metaspace ] GC(253695) Metaspace: 95515K(98212K)->95515K(98212K) NonClass: 86277K(88004K)->86277K(88004K) Class: 9238K(10208K)->9238K(10208K)
[1373625.051s][info][gc           ] GC(253695) Pause Young (Allocation Failure) 1260M->1152M(2035M) 4.297ms
[1373625.051s][info][gc,cpu       ] GC(253695) User=0.14s Sys=0.00s Real=0.02s
[1373632.428s][info][gc,start     ] GC(253696) Pause Young (Allocation Failure)
[1373632.428s][info][gc,task      ] GC(253696) Using 9 workers of 9 for evacuation
[1373632.433s][info][gc,heap      ] GC(253696) ParNew: 106471K->9355K(118016K)
[1373632.433s][info][gc,heap      ] GC(253696) CMS: 1178484K->1178484K(1966080K)
[1373632.433s][info][gc,metaspace ] GC(253696) Metaspace: 95515K(98212K)->95515K(98212K) NonClass: 86277K(88004K)->86277K(88004K) Class: 9238K(10208K)->9238K(10208K)
[1373632.433s][info][gc           ] GC(253696) Pause Young (Allocation Failure) 1254M->1160M(2035M) 4.821ms
[1373632.433s][info][gc,cpu       ] GC(253696) User=0.00s Sys=0.00s Real=0.00s
[1373641.055s][info][gc,start     ] GC(253697) Pause Young (Allocation Failure)
[1373641.055s][info][gc,task      ] GC(253697) Using 9 workers of 9 for evacuation
[1373641.059s][info][gc,heap      ] GC(253697) ParNew: 114315K->10239K(118016K)
[1373641.059s][info][gc,heap      ] GC(253697) CMS: 1178484K->1178658K(1966080K)
[1373641.059s][info][gc,metaspace ] GC(253697) Metaspace: 95515K(98212K)->95515K(98212K) NonClass: 86277K(88004K)->86277K(88004K) Class: 9238K(10208K)->9238K(10208K)
[1373641.059s][info][gc           ] GC(253697) Pause Young (Allocation Failure) 1262M->1161M(2035M) 4.770ms
[1373641.060s][info][gc,cpu       ] GC(253697) User=0.00s Sys=0.00s Real=0.00s
[1373646.772s][info][gc,start     ] GC(253698) Pause Young (Allocation Failure)
[1373646.772s][info][gc,task      ] GC(253698) Using 9 workers of 9 for evacuation
[1373646.776s][info][gc,heap      ] GC(253698) ParNew: 115199K->3148K(118016K)
[1373646.777s][info][gc,heap      ] GC(253698) CMS: 1178658K->1178710K(1966080K)
[1373646.777s][info][gc,metaspace ] GC(253698) Metaspace: 95515K(98212K)->95515K(98212K) NonClass: 86277K(88004K)->86277K(88004K) Class: 9238K(10208K)->9238K(10208K)
[1373646.777s][info][gc           ] GC(253698) Pause Young (Allocation Failure) 1263M->1154M(2035M) 5.443ms
[1373646.777s][info][gc,cpu       ] GC(253698) User=0.14s Sys=0.00s Real=0.02s
[1373651.171s][info][gc,start     ] GC(253699) Pause Young (Allocation Failure)
[1373651.171s][info][gc,task      ] GC(253699) Using 9 workers of 9 for evacuation
[1373651.175s][info][gc,heap      ] GC(253699) ParNew: 108108K->9696K(118016K)
[1373651.175s][info][gc,heap      ] GC(253699) CMS: 1178710K->1178710K(1966080K)
[1373651.175s][info][gc,metaspace ] GC(253699) Metaspace: 95515K(98212K)->95515K(98212K) NonClass: 86277K(88004K)->86277K(88004K) Class: 9238K(10208K)->9238K(10208K)
[1373651.175s][info][gc           ] GC(253699) Pause Young (Allocation Failure) 1256M->1160M(2035M) 4.750ms
[1373651.175s][info][gc,cpu       ] GC(253699) User=0.00s Sys=0.00s Real=0.00s
[1373657.159s][info][gc,start     ] GC(253700) Pause Young (Allocation Failure)
[1373657.159s][info][gc,task      ] GC(253700) Using 9 workers of 9 for evacuation
[1373657.164s][info][gc,heap      ] GC(253700) ParNew: 114656K->10863K(118016K)
[1373657.164s][info][gc,heap      ] GC(253700) CMS: 1178710K->1178920K(1966080K)
[1373657.164s][info][gc,metaspace ] GC(253700) Metaspace: 95515K(98212K)->95515K(98212K) NonClass: 86277K(88004K)->86277K(88004K) Class: 9238K(10208K)->9238K(10208K)
[1373657.164s][info][gc           ] GC(253700) Pause Young (Allocation Failure) 1263M->1161M(2035M) 4.656ms
[1373657.164s][info][gc,cpu       ] GC(253700) User=0.00s Sys=0.00s Real=0.00s
[1373663.379s][info][gc,start     ] GC(253701) Pause Young (Allocation Failure)
[1373663.380s][info][gc,task      ] GC(253701) Using 9 workers of 9 for evacuation
[1373663.385s][info][gc,heap      ] GC(253701) ParNew: 115823K->3795K(118016K)
[1373663.385s][info][gc,heap      ] GC(253701) CMS: 1178920K->1187674K(1966080K)
[1373663.385s][info][gc,metaspace ] GC(253701) Metaspace: 95515K(98212K)->95515K(98212K) NonClass: 86277K(88004K)->86277K(88004K) Class: 9238K(10208K)->9238K(10208K)
[1373663.385s][info][gc           ] GC(253701) Pause Young (Allocation Failure) 1264M->1163M(2035M) 5.465ms
[1373663.385s][info][gc,cpu       ] GC(253701) User=0.02s Sys=0.00s Real=0.02s
[1373672.329s][info][gc,start     ] GC(253702) Pause Young (Allocation Failure)
[1373672.329s][info][gc,task      ] GC(253702) Using 9 workers of 9 for evacuation
[1373672.334s][info][gc,heap      ] GC(253702) ParNew: 108755K->9755K(118016K)
[1373672.334s][info][gc,heap      ] GC(253702) CMS: 1187674K->1187674K(1966080K)
[1373672.334s][info][gc,metaspace ] GC(253702) Metaspace: 95515K(98212K)->95515K(98212K) NonClass: 86277K(88004K)->86277K(88004K) Class: 9238K(10208K)->9238K(10208K)
[1373672.334s][info][gc           ] GC(253702) Pause Young (Allocation Failure) 1266M->1169M(2035M) 5.223ms
[1373672.334s][info][gc,cpu       ] GC(253702) User=0.00s Sys=0.00s Real=0.00s
[1373678.882s][info][gc,start     ] GC(253703) Pause Young (Allocation Failure)
[1373678.882s][info][gc,task      ] GC(253703) Using 9 workers of 9 for evacuation
[1373678.887s][info][gc,heap      ] GC(253703) ParNew: 114715K->10592K(118016K)
[1373678.887s][info][gc,heap      ] GC(253703) CMS: 1187674K->1187818K(1966080K)
[1373678.887s][info][gc,metaspace ] GC(253703) Metaspace: 95515K(98212K)->95515K(98212K) NonClass: 86277K(88004K)->86277K(88004K) Class: 9238K(10208K)->9238K(10208K)
[1373678.887s][info][gc           ] GC(253703) Pause Young (Allocation Failure) 1271M->1170M(2035M) 4.640ms
[1373678.887s][info][gc,cpu       ] GC(253703) User=0.14s Sys=0.00s Real=0.01s
[1373684.912s][info][gc,start     ] GC(253704) Pause Young (Allocation Failure)
[1373684.912s][info][gc,task      ] GC(253704) Using 9 workers of 9 for evacuation
[1373684.918s][info][gc,heap      ] GC(253704) ParNew: 115552K->4190K(118016K)
[1373684.918s][info][gc,heap      ] GC(253704) CMS: 1187818K->1196590K(1966080K)
[1373684.918s][info][gc,metaspace ] GC(253704) Metaspace: 95515K(98212K)->95515K(98212K) NonClass: 86277K(88004K)->86277K(88004K) Class: 9238K(10208K)->9238K(10208K)
[1373684.918s][info][gc           ] GC(253704) Pause Young (Allocation Failure) 1272M->1172M(2035M) 6.040ms
[1373684.918s][info][gc,cpu       ] GC(253704) User=0.00s Sys=0.00s Real=0.00s
[1373690.483s][info][gc,start     ] GC(253705) Pause Young (Allocation Failure)
[1373690.483s][info][gc,task      ] GC(253705) Using 9 workers of 9 for evacuation
[1373690.487s][info][gc,heap      ] GC(253705) ParNew: 109150K->9543K(118016K)
[1373690.488s][info][gc,heap      ] GC(253705) CMS: 1196590K->1196590K(1966080K)
[1373690.488s][info][gc,metaspace ] GC(253705) Metaspace: 95515K(98212K)->95515K(98212K) NonClass: 86277K(88004K)->86277K(88004K) Class: 9238K(10208K)->9238K(10208K)
[1373690.488s][info][gc           ] GC(253705) Pause Young (Allocation Failure) 1275M->1177M(2035M) 5.026ms
[1373690.488s][info][gc,cpu       ] GC(253705) User=0.00s Sys=0.00s Real=0.00s
[1373696.165s][info][gc,start     ] GC(253706) Pause Young (Allocation Failure)
[1373696.165s][info][gc,task      ] GC(253706) Using 9 workers of 9 for evacuation
[1373696.170s][info][gc,heap      ] GC(253706) ParNew: 114503K->10916K(118016K)
[1373696.170s][info][gc,heap      ] GC(253706) CMS: 1196590K->1196720K(1966080K)
[1373696.170s][info][gc,metaspace ] GC(253706) Metaspace: 95515K(98212K)->95515K(98212K) NonClass: 86277K(88004K)->86277K(88004K) Class: 9238K(10208K)->9238K(10208K)
[1373696.170s][info][gc           ] GC(253706) Pause Young (Allocation Failure) 1280M->1179M(2035M) 4.823ms
[1373696.170s][info][gc,cpu       ] GC(253706) User=0.00s Sys=0.00s Real=0.00s
[1373701.654s][info][gc,start     ] GC(253707) Pause Young (Allocation Failure)
[1373701.654s][info][gc,task      ] GC(253707) Using 9 workers of 9 for evacuation
[1373701.659s][info][gc,heap      ] GC(253707) ParNew: 115876K->4626K(118016K)
[1373701.659s][info][gc,heap      ] GC(253707) CMS: 1196720K->1205453K(1966080K)
[1373701.659s][info][gc,metaspace ] GC(253707) Metaspace: 95515K(98212K)->95515K(98212K) NonClass: 86277K(88004K)->86277K(88004K) Class: 9238K(10208K)->9238K(10208K)
[1373701.659s][info][gc           ] GC(253707) Pause Young (Allocation Failure) 1281M->1181M(2035M) 5.603ms
[1373701.659s][info][gc,cpu       ] GC(253707) User=0.00s Sys=0.00s Real=0.00s
[1373708.030s][info][gc,start     ] GC(253708) Pause Young (Allocation Failure)
[1373708.030s][info][gc,task      ] GC(253708) Using 9 workers of 9 for evacuation
[1373708.035s][info][gc,heap      ] GC(253708) ParNew: 109586K->10027K(118016K)
[1373708.035s][info][gc,heap      ] GC(253708) CMS: 1205453K->1205453K(1966080K)
[1373708.035s][info][gc,metaspace ] GC(253708) Metaspace: 95515K(98212K)->95515K(98212K) NonClass: 86277K(88004K)->86277K(88004K) Class: 9238K(10208K)->9238K(10208K)
[1373708.035s][info][gc           ] GC(253708) Pause Young (Allocation Failure) 1284M->1186M(2035M) 5.298ms
[1373708.035s][info][gc,cpu       ] GC(253708) User=0.00s Sys=0.00s Real=0.00s
[1373713.984s][info][gc,start     ] GC(253709) Pause Young (Allocation Failure)
[1373713.984s][info][gc,task      ] GC(253709) Using 9 workers of 9 for evacuation
[1373713.989s][info][gc,heap      ] GC(253709) ParNew: 114987K->3016K(118016K)
[1373713.989s][info][gc,heap      ] GC(253709) CMS: 1205453K->1214315K(1966080K)
[1373713.989s][info][gc,metaspace ] GC(253709) Metaspace: 95515K(98212K)->95515K(98212K) NonClass: 86277K(88004K)->86277K(88004K) Class: 9238K(10208K)->9238K(10208K)
[1373713.989s][info][gc           ] GC(253709) Pause Young (Allocation Failure) 1289M->1188M(2035M) 5.422ms
[1373713.989s][info][gc,cpu       ] GC(253709) User=0.00s Sys=0.00s Real=0.00s
[1373719.809s][info][gc,start     ] GC(253710) Pause Young (Allocation Failure)
[1373719.809s][info][gc,task      ] GC(253710) Using 9 workers of 9 for evacuation
[1373719.814s][info][gc,heap      ] GC(253710) ParNew: 107976K->9503K(118016K)
[1373719.814s][info][gc,heap      ] GC(253710) CMS: 1214315K->1214315K(1966080K)
[1373719.814s][info][gc,metaspace ] GC(253710) Metaspace: 95515K(98212K)->95515K(98212K) NonClass: 86277K(88004K)->86277K(88004K) Class: 9238K(10208K)->9238K(10208K)
[1373719.814s][info][gc           ] GC(253710) Pause Young (Allocation Failure) 1291M->1195M(2035M) 5.152ms
[1373719.814s][info][gc,cpu       ] GC(253710) User=0.00s Sys=0.00s Real=0.00s
[1373725.207s][info][gc,start     ] GC(253711) Pause Young (Allocation Failure)
[1373725.207s][info][gc,task      ] GC(253711) Using 9 workers of 9 for evacuation
[1373725.211s][info][gc,heap      ] GC(253711) ParNew: 114463K->2363K(118016K)
[1373725.211s][info][gc,heap      ] GC(253711) CMS: 1214315K->1214472K(1966080K)
[1373725.211s][info][gc,metaspace ] GC(253711) Metaspace: 95515K(98212K)->95515K(98212K) NonClass: 86277K(88004K)->86277K(88004K) Class: 9238K(10208K)->9238K(10208K)
[1373725.211s][info][gc           ] GC(253711) Pause Young (Allocation Failure) 1297M->1188M(2035M) 4.620ms
[1373725.211s][info][gc,cpu       ] GC(253711) User=0.02s Sys=0.00s Real=0.02s
[1373730.800s][info][gc,start     ] GC(253712) Pause Young (Allocation Failure)
[1373730.801s][info][gc,task      ] GC(253712) Using 9 workers of 9 for evacuation
[1373730.805s][info][gc,heap      ] GC(253712) ParNew: 107323K->9367K(118016K)
[1373730.805s][info][gc,heap      ] GC(253712) CMS: 1214472K->1214472K(1966080K)
[1373730.805s][info][gc,metaspace ] GC(253712) Metaspace: 95515K(98212K)->95515K(98212K) NonClass: 86277K(88004K)->86277K(88004K) Class: 9238K(10208K)->9238K(10208K)
[1373730.805s][info][gc           ] GC(253712) Pause Young (Allocation Failure) 1290M->1195M(2035M) 5.136ms
[1373730.806s][info][gc,cpu       ] GC(253712) User=0.00s Sys=0.00s Real=0.02s
[1373735.239s][info][gc,start     ] GC(253713) Pause Young (Allocation Failure)
[1373735.240s][info][gc,task      ] GC(253713) Using 9 workers of 9 for evacuation
[1373735.243s][info][gc,heap      ] GC(253713) ParNew: 114327K->2078K(118016K)
[1373735.244s][info][gc,heap      ] GC(253713) CMS: 1214472K->1214653K(1966080K)
[1373735.244s][info][gc,metaspace ] GC(253713) Metaspace: 95515K(98212K)->95515K(98212K) NonClass: 86277K(88004K)->86277K(88004K) Class: 9238K(10208K)->9238K(10208K)
[1373735.244s][info][gc           ] GC(253713) Pause Young (Allocation Failure) 1297M->1188M(2035M) 4.203ms
[1373735.244s][info][gc,cpu       ] GC(253713) User=0.14s Sys=0.00s Real=0.02s
[1373740.405s][info][gc,start     ] GC(253714) Pause Young (Allocation Failure)
[1373740.405s][info][gc,task      ] GC(253714) Using 9 workers of 9 for evacuation
[1373740.410s][info][gc,heap      ] GC(253714) ParNew: 107038K->9346K(118016K)
[1373740.410s][info][gc,heap      ] GC(253714) CMS: 1214653K->1214653K(1966080K)
[1373740.410s][info][gc,metaspace ] GC(253714) Metaspace: 95515K(98212K)->95515K(98212K) NonClass: 86277K(88004K)->86277K(88004K) Class: 9238K(10208K)->9238K(10208K)
[1373740.410s][info][gc           ] GC(253714) Pause Young (Allocation Failure) 1290M->1195M(2035M) 4.544ms
[1373740.410s][info][gc,cpu       ] GC(253714) User=0.00s Sys=0.00s Real=0.00s
[1373746.578s][info][gc,start     ] GC(253715) Pause Young (Allocation Failure)
[1373746.578s][info][gc,task      ] GC(253715) Using 9 workers of 9 for evacuation
[1373746.582s][info][gc,heap      ] GC(253715) ParNew: 114306K->1964K(118016K)
[1373746.582s][info][gc,heap      ] GC(253715) CMS: 1214653K->1214824K(1966080K)
[1373746.582s][info][gc,metaspace ] GC(253715) Metaspace: 95515K(98212K)->95515K(98212K) NonClass: 86277K(88004K)->86277K(88004K) Class: 9238K(10208K)->9238K(10208K)
[1373746.582s][info][gc           ] GC(253715) Pause Young (Allocation Failure) 1297M->1188M(2035M) 4.067ms
[1373746.582s][info][gc,cpu       ] GC(253715) User=0.02s Sys=0.00s Real=0.02s
[1373751.798s][info][gc,start     ] GC(253716) Pause Young (Allocation Failure)
[1373751.798s][info][gc,task      ] GC(253716) Using 9 workers of 9 for evacuation
[1373751.803s][info][gc,heap      ] GC(253716) ParNew: 106924K->9360K(118016K)
[1373751.803s][info][gc,heap      ] GC(253716) CMS: 1214824K->1214824K(1966080K)
[1373751.803s][info][gc,metaspace ] GC(253716) Metaspace: 95515K(98212K)->95515K(98212K) NonClass: 86277K(88004K)->86277K(88004K) Class: 9238K(10208K)->9238K(10208K)
[1373751.803s][info][gc           ] GC(253716) Pause Young (Allocation Failure) 1290M->1195M(2035M) 5.138ms
[1373751.803s][info][gc,cpu       ] GC(253716) User=0.14s Sys=0.00s Real=0.01s
[1373757.365s][info][gc,start     ] GC(253717) Pause Young (Allocation Failure)
[1373757.365s][info][gc,task      ] GC(253717) Using 9 workers of 9 for evacuation
[1373757.369s][info][gc,heap      ] GC(253717) ParNew: 114320K->1711K(118016K)
[1373757.369s][info][gc,heap      ] GC(253717) CMS: 1214824K->1214986K(1966080K)
[1373757.369s][info][gc,metaspace ] GC(253717) Metaspace: 95515K(98212K)->95515K(98212K) NonClass: 86277K(88004K)->86277K(88004K) Class: 9238K(10208K)->9238K(10208K)
[1373757.369s][info][gc           ] GC(253717) Pause Young (Allocation Failure) 1297M->1188M(2035M) 4.250ms
[1373757.369s][info][gc,cpu       ] GC(253717) User=0.00s Sys=0.00s Real=0.00s
[1373761.365s][info][gc,start     ] GC(253718) Pause Young (Allocation Failure)
[1373761.365s][info][gc,task      ] GC(253718) Using 9 workers of 9 for evacuation
[1373761.369s][info][gc,heap      ] GC(253718) ParNew: 106671K->9471K(118016K)
[1373761.370s][info][gc,heap      ] GC(253718) CMS: 1214986K->1214986K(1966080K)
[1373761.370s][info][gc,metaspace ] GC(253718) Metaspace: 95515K(98212K)->95515K(98212K) NonClass: 86277K(88004K)->86277K(88004K) Class: 9238K(10208K)->9238K(10208K)
[1373761.370s][info][gc           ] GC(253718) Pause Young (Allocation Failure) 1290M->1195M(2035M) 4.494ms
[1373761.370s][info][gc,cpu       ] GC(253718) User=0.00s Sys=0.00s Real=0.00s
[1373766.887s][info][gc,start     ] GC(253719) Pause Young (Allocation Failure)
[1373766.887s][info][gc,task      ] GC(253719) Using 9 workers of 9 for evacuation
[1373766.891s][info][gc,heap      ] GC(253719) ParNew: 114431K->1604K(118016K)
[1373766.891s][info][gc,heap      ] GC(253719) CMS: 1214986K->1215234K(1966080K)
[1373766.891s][info][gc,metaspace ] GC(253719) Metaspace: 95515K(98212K)->95515K(98212K) NonClass: 86277K(88004K)->86277K(88004K) Class: 9238K(10208K)->9238K(10208K)
[1373766.891s][info][gc           ] GC(253719) Pause Young (Allocation Failure) 1298M->1188M(2035M) 4.120ms
[1373766.891s][info][gc,cpu       ] GC(253719) User=0.00s Sys=0.00s Real=0.00s
[1373771.091s][info][gc,start     ] GC(253720) Pause Young (Allocation Failure)
[1373771.091s][info][gc,task      ] GC(253720) Using 9 workers of 9 for evacuation
[1373771.096s][info][gc,heap      ] GC(253720) ParNew: 106564K->9369K(118016K)
[1373771.096s][info][gc,heap      ] GC(253720) CMS: 1215234K->1215234K(1966080K)
[1373771.096s][info][gc,metaspace ] GC(253720) Metaspace: 95515K(98212K)->95515K(98212K) NonClass: 86277K(88004K)->86277K(88004K) Class: 9238K(10208K)->9238K(10208K)
[1373771.096s][info][gc           ] GC(253720) Pause Young (Allocation Failure) 1290M->1195M(2035M) 4.893ms
[1373771.096s][info][gc,cpu       ] GC(253720) User=0.00s Sys=0.00s Real=0.00s
[1373776.605s][info][gc,start     ] GC(253721) Pause Young (Allocation Failure)
[1373776.605s][info][gc,task      ] GC(253721) Using 9 workers of 9 for evacuation
[1373776.609s][info][gc,heap      ] GC(253721) ParNew: 114329K->9946K(118016K)
[1373776.609s][info][gc,heap      ] GC(253721) CMS: 1215234K->1215387K(1966080K)
[1373776.609s][info][gc,metaspace ] GC(253721) Metaspace: 95515K(98212K)->95515K(98212K) NonClass: 86277K(88004K)->86277K(88004K) Class: 9238K(10208K)->9238K(10208K)
[1373776.609s][info][gc           ] GC(253721) Pause Young (Allocation Failure) 1298M->1196M(2035M) 4.308ms
[1373776.609s][info][gc,cpu       ] GC(253721) User=0.00s Sys=0.00s Real=0.00s
[1373782.759s][info][gc,start     ] GC(253722) Pause Young (Allocation Failure)
[1373782.759s][info][gc,task      ] GC(253722) Using 9 workers of 9 for evacuation
[1373782.764s][info][gc,heap      ] GC(253722) ParNew: 114906K->3180K(118016K)
[1373782.764s][info][gc,heap      ] GC(253722) CMS: 1215387K->1224106K(1966080K)
[1373782.764s][info][gc,metaspace ] GC(253722) Metaspace: 95515K(98212K)->95515K(98212K) NonClass: 86277K(88004K)->86277K(88004K) Class: 9238K(10208K)->9238K(10208K)
[1373782.764s][info][gc           ] GC(253722) Pause Young (Allocation Failure) 1299M->1198M(2035M) 4.977ms
[1373782.764s][info][gc,cpu       ] GC(253722) User=0.00s Sys=0.00s Real=0.00s
[1373788.341s][info][gc,start     ] GC(253723) Pause Young (Allocation Failure)
[1373788.342s][info][gc,task      ] GC(253723) Using 9 workers of 9 for evacuation
[1373788.346s][info][gc,heap      ] GC(253723) ParNew: 108140K->962K(118016K)
[1373788.346s][info][gc,heap      ] GC(253723) CMS: 1224106K->1224106K(1966080K)
[1373788.346s][info][gc,metaspace ] GC(253723) Metaspace: 95515K(98212K)->95515K(98212K) NonClass: 86277K(88004K)->86277K(88004K) Class: 9238K(10208K)->9238K(10208K)
[1373788.346s][info][gc           ] GC(253723) Pause Young (Allocation Failure) 1301M->1196M(2035M) 4.521ms
[1373788.346s][info][gc,cpu       ] GC(253723) User=0.00s Sys=0.00s Real=0.00s
[1373794.062s][info][gc,start     ] GC(253724) Pause Young (Allocation Failure)
[1373794.062s][info][gc,task      ] GC(253724) Using 9 workers of 9 for evacuation
[1373794.066s][info][gc,heap      ] GC(253724) ParNew: 105922K->9337K(118016K)
[1373794.066s][info][gc,heap      ] GC(253724) CMS: 1224106K->1224106K(1966080K)
[1373794.066s][info][gc,metaspace ] GC(253724) Metaspace: 95515K(98212K)->95515K(98212K) NonClass: 86277K(88004K)->86277K(88004K) Class: 9238K(10208K)->9238K(10208K)
[1373794.066s][info][gc           ] GC(253724) Pause Young (Allocation Failure) 1298M->1204M(2035M) 4.490ms
[1373794.066s][info][gc,cpu       ] GC(253724) User=0.00s Sys=0.00s Real=0.00s
[1373801.204s][info][gc,start     ] GC(253725) Pause Young (Allocation Failure)
[1373801.204s][info][gc,task      ] GC(253725) Using 9 workers of 9 for evacuation
[1373801.208s][info][gc,heap      ] GC(253725) ParNew: 114297K->9888K(118016K)
[1373801.208s][info][gc,heap      ] GC(253725) CMS: 1224106K->1224347K(1966080K)
[1373801.208s][info][gc,metaspace ] GC(253725) Metaspace: 95515K(98212K)->95515K(98212K) NonClass: 86277K(88004K)->86277K(88004K) Class: 9238K(10208K)->9238K(10208K)
[1373801.208s][info][gc           ] GC(253725) Pause Young (Allocation Failure) 1307M->1205M(2035M) 4.608ms
[1373801.208s][info][gc,cpu       ] GC(253725) User=0.00s Sys=0.00s Real=0.00s
[1373806.593s][info][gc,start     ] GC(253726) Pause Young (Allocation Failure)
[1373806.593s][info][gc,task      ] GC(253726) Using 9 workers of 9 for evacuation
[1373806.598s][info][gc,heap      ] GC(253726) ParNew: 114848K->10962K(118016K)
[1373806.598s][info][gc,heap      ] GC(253726) CMS: 1224347K->1224405K(1966080K)
[1373806.598s][info][gc,metaspace ] GC(253726) Metaspace: 95515K(98212K)->95515K(98212K) NonClass: 86277K(88004K)->86277K(88004K) Class: 9238K(10208K)->9238K(10208K)
[1373806.598s][info][gc           ] GC(253726) Pause Young (Allocation Failure) 1307M->1206M(2035M) 4.719ms
[1373806.598s][info][gc,cpu       ] GC(253726) User=0.00s Sys=0.00s Real=0.00s
[1373811.822s][info][gc,start     ] GC(253727) Pause Young (Allocation Failure)
[1373811.822s][info][gc,task      ] GC(253727) Using 9 workers of 9 for evacuation
[1373811.828s][info][gc,heap      ] GC(253727) ParNew: 115922K->4558K(118016K)
[1373811.828s][info][gc,heap      ] GC(253727) CMS: 1224405K->1233124K(1966080K)
[1373811.828s][info][gc,metaspace ] GC(253727) Metaspace: 95515K(98212K)->95515K(98212K) NonClass: 86277K(88004K)->86277K(88004K) Class: 9238K(10208K)->9238K(10208K)
[1373811.828s][info][gc           ] GC(253727) Pause Young (Allocation Failure) 1308M->1208M(2035M) 5.569ms
[1373811.828s][info][gc,cpu       ] GC(253727) User=0.14s Sys=0.00s Real=0.02s
[1373818.993s][info][gc,start     ] GC(253728) Pause Young (Allocation Failure)
[1373818.993s][info][gc,task      ] GC(253728) Using 9 workers of 9 for evacuation
[1373818.998s][info][gc,heap      ] GC(253728) ParNew: 109518K->9764K(118016K)
[1373818.998s][info][gc,heap      ] GC(253728) CMS: 1233124K->1233124K(1966080K)
[1373818.998s][info][gc,metaspace ] GC(253728) Metaspace: 95515K(98212K)->95515K(98212K) NonClass: 86277K(88004K)->86277K(88004K) Class: 9238K(10208K)->9238K(10208K)
[1373818.998s][info][gc           ] GC(253728) Pause Young (Allocation Failure) 1311M->1213M(2035M) 4.696ms
[1373818.998s][info][gc,cpu       ] GC(253728) User=0.13s Sys=0.00s Real=0.01s
[1373826.039s][info][gc,start     ] GC(253729) Pause Young (Allocation Failure)
[1373826.039s][info][gc,task      ] GC(253729) Using 9 workers of 9 for evacuation
[1373826.043s][info][gc,heap      ] GC(253729) ParNew: 114724K->2689K(118016K)
[1373826.043s][info][gc,heap      ] GC(253729) CMS: 1233124K->1233235K(1966080K)
[1373826.043s][info][gc,metaspace ] GC(253729) Metaspace: 95515K(98212K)->95515K(98212K) NonClass: 86277K(88004K)->86277K(88004K) Class: 9238K(10208K)->9238K(10208K)
[1373826.043s][info][gc           ] GC(253729) Pause Young (Allocation Failure) 1316M->1206M(2035M) 4.765ms
[1373826.043s][info][gc,cpu       ] GC(253729) User=0.02s Sys=0.00s Real=0.02s
[1373831.991s][info][gc,start     ] GC(253730) Pause Young (Allocation Failure)
[1373831.992s][info][gc,task      ] GC(253730) Using 9 workers of 9 for evacuation
[1373831.996s][info][gc,heap      ] GC(253730) ParNew: 107649K->9435K(118016K)
[1373831.996s][info][gc,heap      ] GC(253730) CMS: 1233235K->1233235K(1966080K)
[1373831.996s][info][gc,metaspace ] GC(253730) Metaspace: 95515K(98212K)->95515K(98212K) NonClass: 86277K(88004K)->86277K(88004K) Class: 9238K(10208K)->9238K(10208K)
[1373831.996s][info][gc           ] GC(253730) Pause Young (Allocation Failure) 1309M->1213M(2035M) 4.701ms
[1373831.996s][info][gc,cpu       ] GC(253730) User=0.02s Sys=0.00s Real=0.02s
[1373837.378s][info][gc,start     ] GC(253731) Pause Young (Allocation Failure)
[1373837.378s][info][gc,task      ] GC(253731) Using 9 workers of 9 for evacuation
[1373837.383s][info][gc,heap      ] GC(253731) ParNew: 114395K->10312K(118016K)
[1373837.383s][info][gc,heap      ] GC(253731) CMS: 1233235K->1233440K(1966080K)
[1373837.383s][info][gc,metaspace ] GC(253731) Metaspace: 95515K(98212K)->95515K(98212K) NonClass: 86277K(88004K)->86277K(88004K) Class: 9238K(10208K)->9238K(10208K)
[1373837.383s][info][gc           ] GC(253731) Pause Young (Allocation Failure) 1316M->1214M(2035M) 4.897ms
[1373837.383s][info][gc,cpu       ] GC(253731) User=0.00s Sys=0.00s Real=0.00s
[1373843.698s][info][gc,start     ] GC(253732) Pause Young (Allocation Failure)
[1373843.698s][info][gc,task      ] GC(253732) Using 9 workers of 9 for evacuation
[1373843.703s][info][gc,heap      ] GC(253732) ParNew: 115272K->3624K(118016K)
[1373843.703s][info][gc,heap      ] GC(253732) CMS: 1233440K->1242177K(1966080K)
[1373843.703s][info][gc,metaspace ] GC(253732) Metaspace: 95515K(98212K)->95515K(98212K) NonClass: 86277K(88004K)->86277K(88004K) Class: 9238K(10208K)->9238K(10208K)
[1373843.703s][info][gc           ] GC(253732) Pause Young (Allocation Failure) 1317M->1216M(2035M) 5.227ms
[1373843.704s][info][gc,cpu       ] GC(253732) User=0.14s Sys=0.00s Real=0.02s
[1373848.694s][info][gc,start     ] GC(253733) Pause Young (Allocation Failure)
[1373848.694s][info][gc,task      ] GC(253733) Using 9 workers of 9 for evacuation
[1373848.699s][info][gc,heap      ] GC(253733) ParNew: 108584K->9677K(118016K)
[1373848.699s][info][gc,heap      ] GC(253733) CMS: 1242177K->1242177K(1966080K)
[1373848.699s][info][gc,metaspace ] GC(253733) Metaspace: 95515K(98212K)->95515K(98212K) NonClass: 86277K(88004K)->86277K(88004K) Class: 9238K(10208K)->9238K(10208K)
[1373848.699s][info][gc           ] GC(253733) Pause Young (Allocation Failure) 1319M->1222M(2035M) 5.164ms
[1373848.699s][info][gc,cpu       ] GC(253733) User=0.00s Sys=0.00s Real=0.00s
[1373852.745s][info][gc,start     ] GC(253734) Pause Young (Allocation Failure)
[1373852.745s][info][gc,task      ] GC(253734) Using 9 workers of 9 for evacuation
[1373852.750s][info][gc,heap      ] GC(253734) ParNew: 114637K->2689K(118016K)
[1373852.750s][info][gc,heap      ] GC(253734) CMS: 1242177K->1250994K(1966080K)
[1373852.750s][info][gc,metaspace ] GC(253734) Metaspace: 95515K(98212K)->95515K(98212K) NonClass: 86277K(88004K)->86277K(88004K) Class: 9238K(10208K)->9238K(10208K)
[1373852.751s][info][gc           ] GC(253734) Pause Young (Allocation Failure) 1325M->1224M(2035M) 5.563ms
[1373852.751s][info][gc,cpu       ] GC(253734) User=0.00s Sys=0.00s Real=0.00s
[1373857.374s][info][gc,start     ] GC(253735) Pause Young (Allocation Failure)
[1373857.374s][info][gc,task      ] GC(253735) Using 9 workers of 9 for evacuation
[1373857.379s][info][gc,heap      ] GC(253735) ParNew: 107649K->9526K(118016K)
[1373857.379s][info][gc,heap      ] GC(253735) CMS: 1250994K->1250994K(1966080K)
[1373857.379s][info][gc,metaspace ] GC(253735) Metaspace: 95515K(98212K)->95515K(98212K) NonClass: 86277K(88004K)->86277K(88004K) Class: 9238K(10208K)->9238K(10208K)
[1373857.379s][info][gc           ] GC(253735) Pause Young (Allocation Failure) 1326M->1230M(2035M) 5.308ms
[1373857.379s][info][gc,cpu       ] GC(253735) User=0.14s Sys=0.00s Real=0.01s
[1373861.918s][info][gc,start     ] GC(253736) Pause Young (Allocation Failure)
[1373861.918s][info][gc,task      ] GC(253736) Using 9 workers of 9 for evacuation
[1373861.923s][info][gc,heap      ] GC(253736) ParNew: 114486K->2249K(118016K)
[1373861.923s][info][gc,heap      ] GC(253736) CMS: 1250994K->1259806K(1966080K)
[1373861.923s][info][gc,metaspace ] GC(253736) Metaspace: 95515K(98212K)->95515K(98212K) NonClass: 86277K(88004K)->86277K(88004K) Class: 9238K(10208K)->9238K(10208K)
[1373861.923s][info][gc           ] GC(253736) Pause Young (Allocation Failure) 1333M->1232M(2035M) 5.358ms
[1373861.923s][info][gc,cpu       ] GC(253736) User=0.00s Sys=0.00s Real=0.00s
[1373867.527s][info][gc,start     ] GC(253737) Pause Young (Allocation Failure)
[1373867.527s][info][gc,task      ] GC(253737) Using 9 workers of 9 for evacuation
[1373867.531s][info][gc,heap      ] GC(253737) ParNew: 107209K->2018K(118016K)
[1373867.531s][info][gc,heap      ] GC(253737) CMS: 1259806K->1259806K(1966080K)
[1373867.531s][info][gc,metaspace ] GC(253737) Metaspace: 95515K(98212K)->95515K(98212K) NonClass: 86277K(88004K)->86277K(88004K) Class: 9238K(10208K)->9238K(10208K)
[1373867.531s][info][gc           ] GC(253737) Pause Young (Allocation Failure) 1334M->1232M(2035M) 4.327ms
[1373867.531s][info][gc,cpu       ] GC(253737) User=0.14s Sys=0.00s Real=0.02s
[1373871.108s][info][gc,start     ] GC(253738) Pause Young (Allocation Failure)
[1373871.108s][info][gc,task      ] GC(253738) Using 9 workers of 9 for evacuation
[1373871.112s][info][gc,heap      ] GC(253738) ParNew: 106978K->9445K(118016K)
[1373871.112s][info][gc,heap      ] GC(253738) CMS: 1259806K->1259806K(1966080K)
[1373871.112s][info][gc,metaspace ] GC(253738) Metaspace: 95515K(98212K)->95515K(98212K) NonClass: 86277K(88004K)->86277K(88004K) Class: 9238K(10208K)->9238K(10208K)
[1373871.112s][info][gc           ] GC(253738) Pause Young (Allocation Failure) 1334M->1239M(2035M) 4.760ms
[1373871.113s][info][gc,cpu       ] GC(253738) User=0.00s Sys=0.00s Real=0.00s
[1373877.616s][info][gc,start     ] GC(253739) Pause Young (Allocation Failure)
[1373877.616s][info][gc,task      ] GC(253739) Using 9 workers of 9 for evacuation
[1373877.620s][info][gc,heap      ] GC(253739) ParNew: 114403K->1600K(118016K)
[1373877.620s][info][gc,heap      ] GC(253739) CMS: 1259806K->1260139K(1966080K)
[1373877.620s][info][gc,metaspace ] GC(253739) Metaspace: 95515K(98212K)->95515K(98212K) NonClass: 86277K(88004K)->86277K(88004K) Class: 9238K(10208K)->9238K(10208K)
[1373877.620s][info][gc           ] GC(253739) Pause Young (Allocation Failure) 1342M->1232M(2035M) 4.682ms
[1373877.621s][info][gc,cpu       ] GC(253739) User=0.00s Sys=0.00s Real=0.00s
[1373884.345s][info][gc,start     ] GC(253740) Pause Young (Allocation Failure)
[1373884.345s][info][gc,task      ] GC(253740) Using 9 workers of 9 for evacuation
[1373884.349s][info][gc,heap      ] GC(253740) ParNew: 106560K->9310K(118016K)
[1373884.350s][info][gc,heap      ] GC(253740) CMS: 1260139K->1260139K(1966080K)
[1373884.350s][info][gc,metaspace ] GC(253740) Metaspace: 95515K(98212K)->95515K(98212K) NonClass: 86277K(88004K)->86277K(88004K) Class: 9238K(10208K)->9238K(10208K)
[1373884.350s][info][gc           ] GC(253740) Pause Young (Allocation Failure) 1334M->1239M(2035M) 4.667ms
[1373884.350s][info][gc,cpu       ] GC(253740) User=0.00s Sys=0.00s Real=0.00s
[1373888.269s][info][gc,start     ] GC(253741) Pause Young (Allocation Failure)
[1373888.269s][info][gc,task      ] GC(253741) Using 9 workers of 9 for evacuation
[1373888.273s][info][gc,heap      ] GC(253741) ParNew: 114270K->1721K(118016K)
[1373888.273s][info][gc,heap      ] GC(253741) CMS: 1260139K->1260279K(1966080K)
[1373888.273s][info][gc,metaspace ] GC(253741) Metaspace: 95515K(98212K)->95515K(98212K) NonClass: 86277K(88004K)->86277K(88004K) Class: 9238K(10208K)->9238K(10208K)
[1373888.273s][info][gc           ] GC(253741) Pause Young (Allocation Failure) 1342M->1232M(2035M) 4.821ms
[1373888.274s][info][gc,cpu       ] GC(253741) User=0.00s Sys=0.00s Real=0.00s
[1373892.928s][info][gc,start     ] GC(253742) Pause Young (Allocation Failure)
[1373892.929s][info][gc,task      ] GC(253742) Using 9 workers of 9 for evacuation
[1373892.933s][info][gc,heap      ] GC(253742) ParNew: 106676K->9354K(118016K)
[1373892.933s][info][gc,heap      ] GC(253742) CMS: 1260279K->1260279K(1966080K)
[1373892.933s][info][gc,metaspace ] GC(253742) Metaspace: 95515K(98212K)->95515K(98212K) NonClass: 86277K(88004K)->86277K(88004K) Class: 9238K(10208K)->9238K(10208K)
[1373892.933s][info][gc           ] GC(253742) Pause Young (Allocation Failure) 1334M->1239M(2035M) 4.696ms
[1373892.933s][info][gc,cpu       ] GC(253742) User=0.00s Sys=0.00s Real=0.00s
[1373898.174s][info][gc,start     ] GC(253743) Pause Young (Allocation Failure)
[1373898.174s][info][gc,task      ] GC(253743) Using 9 workers of 9 for evacuation
[1373898.178s][info][gc,heap      ] GC(253743) ParNew: 114314K->1796K(118016K)
[1373898.178s][info][gc,heap      ] GC(253743) CMS: 1260279K->1260453K(1966080K)
[1373898.178s][info][gc,metaspace ] GC(253743) Metaspace: 95515K(98212K)->95515K(98212K) NonClass: 86277K(88004K)->86277K(88004K) Class: 9238K(10208K)->9238K(10208K)
[1373898.178s][info][gc           ] GC(253743) Pause Young (Allocation Failure) 1342M->1232M(2035M) 4.078ms
[1373898.178s][info][gc,cpu       ] GC(253743) User=0.00s Sys=0.00s Real=0.00s
[1373904.066s][info][gc,start     ] GC(253744) Pause Young (Allocation Failure)
[1373904.067s][info][gc,task      ] GC(253744) Using 9 workers of 9 for evacuation
[1373904.072s][info][gc,heap      ] GC(253744) ParNew: 106755K->9456K(118016K)
[1373904.072s][info][gc,heap      ] GC(253744) CMS: 1260453K->1260453K(1966080K)
[1373904.072s][info][gc,metaspace ] GC(253744) Metaspace: 95515K(98212K)->95515K(98212K) NonClass: 86277K(88004K)->86277K(88004K) Class: 9238K(10208K)->9238K(10208K)
[1373904.072s][info][gc           ] GC(253744) Pause Young (Allocation Failure) 1335M->1240M(2035M) 5.526ms
[1373904.072s][info][gc,cpu       ] GC(253744) User=0.00s Sys=0.00s Real=0.00s
[1373910.422s][info][gc,start     ] GC(253745) Pause Young (Allocation Failure)
[1373910.422s][info][gc,task      ] GC(253745) Using 9 workers of 9 for evacuation
[1373910.426s][info][gc,heap      ] GC(253745) ParNew: 114416K->10063K(118016K)
[1373910.426s][info][gc,heap      ] GC(253745) CMS: 1260453K->1260626K(1966080K)
[1373910.426s][info][gc,metaspace ] GC(253745) Metaspace: 95515K(98212K)->95515K(98212K) NonClass: 86277K(88004K)->86277K(88004K) Class: 9238K(10208K)->9238K(10208K)
[1373910.426s][info][gc           ] GC(253745) Pause Young (Allocation Failure) 1342M->1240M(2035M) 4.736ms
[1373910.426s][info][gc,cpu       ] GC(253745) User=0.00s Sys=0.00s Real=0.00s
[1373916.651s][info][gc,start     ] GC(253746) Pause Young (Allocation Failure)
[1373916.651s][info][gc,task      ] GC(253746) Using 9 workers of 9 for evacuation
[1373916.655s][info][gc,heap      ] GC(253746) ParNew: 115023K->3323K(118016K)
[1373916.655s][info][gc,heap      ] GC(253746) CMS: 1260626K->1260704K(1966080K)
[1373916.655s][info][gc,metaspace ] GC(253746) Metaspace: 95515K(98212K)->95515K(98212K) NonClass: 86277K(88004K)->86277K(88004K) Class: 9238K(10208K)->9238K(10208K)
[1373916.655s][info][gc           ] GC(253746) Pause Young (Allocation Failure) 1343M->1234M(2035M) 4.252ms
[1373916.655s][info][gc,cpu       ] GC(253746) User=0.00s Sys=0.00s Real=0.00s
[1373920.736s][info][gc,start     ] GC(253747) Pause Young (Allocation Failure)
[1373920.736s][info][gc,task      ] GC(253747) Using 9 workers of 9 for evacuation
[1373920.740s][info][gc,heap      ] GC(253747) ParNew: 108283K->9562K(118016K)
[1373920.740s][info][gc,heap      ] GC(253747) CMS: 1260704K->1260704K(1966080K)
[1373920.740s][info][gc,metaspace ] GC(253747) Metaspace: 95515K(98212K)->95515K(98212K) NonClass: 86277K(88004K)->86277K(88004K) Class: 9238K(10208K)->9238K(10208K)
[1373920.740s][info][gc           ] GC(253747) Pause Young (Allocation Failure) 1336M->1240M(2035M) 4.442ms
[1373920.740s][info][gc,cpu       ] GC(253747) User=0.00s Sys=0.00s Real=0.02s
[1373926.518s][info][gc,start     ] GC(253748) Pause Young (Allocation Failure)
[1373926.518s][info][gc,task      ] GC(253748) Using 9 workers of 9 for evacuation
[1373926.522s][info][gc,heap      ] GC(253748) ParNew: 114522K->2623K(118016K)
[1373926.522s][info][gc,heap      ] GC(253748) CMS: 1260704K->1260893K(1966080K)
[1373926.522s][info][gc,metaspace ] GC(253748) Metaspace: 95515K(98212K)->95515K(98212K) NonClass: 86277K(88004K)->86277K(88004K) Class: 9238K(10208K)->9238K(10208K)
[1373926.522s][info][gc           ] GC(253748) Pause Young (Allocation Failure) 1342M->1233M(2035M) 4.213ms
[1373926.522s][info][gc,cpu       ] GC(253748) User=0.00s Sys=0.00s Real=0.00s
[1373933.424s][info][gc,start     ] GC(253749) Pause Young (Allocation Failure)
[1373933.424s][info][gc,task      ] GC(253749) Using 9 workers of 9 for evacuation
[1373933.428s][info][gc,heap      ] GC(253749) ParNew: 107583K->9587K(118016K)
[1373933.428s][info][gc,heap      ] GC(253749) CMS: 1260893K->1260893K(1966080K)
[1373933.428s][info][gc,metaspace ] GC(253749) Metaspace: 95515K(98212K)->95515K(98212K) NonClass: 86277K(88004K)->86277K(88004K) Class: 9238K(10208K)->9238K(10208K)
[1373933.428s][info][gc           ] GC(253749) Pause Young (Allocation Failure) 1336M->1240M(2035M) 4.554ms
[1373933.428s][info][gc,cpu       ] GC(253749) User=0.00s Sys=0.00s Real=0.00s
[1373940.631s][info][gc,start     ] GC(253750) Pause Young (Allocation Failure)
[1373940.631s][info][gc,task      ] GC(253750) Using 9 workers of 9 for evacuation
[1373940.635s][info][gc,heap      ] GC(253750) ParNew: 114547K->10191K(118016K)
[1373940.636s][info][gc,heap      ] GC(253750) CMS: 1260893K->1261108K(1966080K)
[1373940.636s][info][gc,metaspace ] GC(253750) Metaspace: 95515K(98212K)->95515K(98212K) NonClass: 86277K(88004K)->86277K(88004K) Class: 9238K(10208K)->9238K(10208K)
[1373940.636s][info][gc           ] GC(253750) Pause Young (Allocation Failure) 1343M->1241M(2035M) 4.236ms
[1373940.636s][info][gc,cpu       ] GC(253750) User=0.00s Sys=0.00s Real=0.00s
[1373948.704s][info][gc,start     ] GC(253751) Pause Young (Allocation Failure)
[1373948.704s][info][gc,task      ] GC(253751) Using 9 workers of 9 for evacuation
[1373948.709s][info][gc,heap      ] GC(253751) ParNew: 115151K->10852K(118016K)
[1373948.709s][info][gc,heap      ] GC(253751) CMS: 1261108K->1261219K(1966080K)
[1373948.709s][info][gc,metaspace ] GC(253751) Metaspace: 95515K(98212K)->95515K(98212K) NonClass: 86277K(88004K)->86277K(88004K) Class: 9238K(10208K)->9238K(10208K)
[1373948.709s][info][gc           ] GC(253751) Pause Young (Allocation Failure) 1344M->1242M(2035M) 5.415ms
[1373948.709s][info][gc,cpu       ] GC(253751) User=0.00s Sys=0.02s Real=0.01s
[1373956.255s][info][gc,start     ] GC(253752) Pause Young (Allocation Failure)
[1373956.255s][info][gc,task      ] GC(253752) Using 9 workers of 9 for evacuation
[1373956.259s][info][gc,heap      ] GC(253752) ParNew: 115812K->11646K(118016K)
[1373956.259s][info][gc,heap      ] GC(253752) CMS: 1261219K->1261311K(1966080K)
[1373956.259s][info][gc,metaspace ] GC(253752) Metaspace: 95515K(98212K)->95515K(98212K) NonClass: 86277K(88004K)->86277K(88004K) Class: 9238K(10208K)->9238K(10208K)
[1373956.259s][info][gc           ] GC(253752) Pause Young (Allocation Failure) 1344M->1243M(2035M) 4.819ms
[1373956.259s][info][gc,cpu       ] GC(253752) User=0.14s Sys=0.00s Real=0.02s
[1373966.570s][info][gc,start     ] GC(253753) Pause Young (Allocation Failure)
[1373966.571s][info][gc,task      ] GC(253753) Using 9 workers of 9 for evacuation
[1373966.575s][info][gc,heap      ] GC(253753) ParNew: 116606K->11075K(118016K)
[1373966.575s][info][gc,heap      ] GC(253753) CMS: 1261311K->1261344K(1966080K)
[1373966.575s][info][gc,metaspace ] GC(253753) Metaspace: 95515K(98212K)->95515K(98212K) NonClass: 86277K(88004K)->86277K(88004K) Class: 9238K(10208K)->9238K(10208K)
[1373966.575s][info][gc           ] GC(253753) Pause Young (Allocation Failure) 1345M->1242M(2035M) 4.326ms
[1373966.575s][info][gc,cpu       ] GC(253753) User=0.00s Sys=0.00s Real=0.00s
[1373974.180s][info][gc,start     ] GC(253754) Pause Young (Allocation Failure)
[1373974.180s][info][gc,task      ] GC(253754) Using 9 workers of 9 for evacuation
[1373974.185s][info][gc,heap      ] GC(253754) ParNew: 116035K->4404K(118016K)
[1373974.185s][info][gc,heap      ] GC(253754) CMS: 1261344K->1268071K(1966080K)
[1373974.185s][info][gc,metaspace ] GC(253754) Metaspace: 95515K(98212K)->95515K(98212K) NonClass: 86277K(88004K)->86277K(88004K) Class: 9238K(10208K)->9238K(10208K)
[1373974.185s][info][gc           ] GC(253754) Pause Young (Allocation Failure) 1345M->1242M(2035M) 4.908ms
[1373974.185s][info][gc,cpu       ] GC(253754) User=0.00s Sys=0.00s Real=0.00s
[1373982.823s][info][gc,start     ] GC(253755) Pause Young (Allocation Failure)
[1373982.823s][info][gc,task      ] GC(253755) Using 9 workers of 9 for evacuation
[1373982.827s][info][gc,heap      ] GC(253755) ParNew: 109364K->9851K(118016K)
[1373982.827s][info][gc,heap      ] GC(253755) CMS: 1268071K->1268071K(1966080K)
[1373982.827s][info][gc,metaspace ] GC(253755) Metaspace: 95515K(98212K)->95515K(98212K) NonClass: 86277K(88004K)->86277K(88004K) Class: 9238K(10208K)->9238K(10208K)
[1373982.827s][info][gc           ] GC(253755) Pause Young (Allocation Failure) 1345M->1247M(2035M) 4.495ms
[1373982.827s][info][gc,cpu       ] GC(253755) User=0.00s Sys=0.00s Real=0.02s
[1373989.005s][info][gc,start     ] GC(253756) Pause Young (Allocation Failure)
[1373989.005s][info][gc,task      ] GC(253756) Using 9 workers of 9 for evacuation
[1373989.009s][info][gc,heap      ] GC(253756) ParNew: 114811K->11189K(118016K)
[1373989.009s][info][gc,heap      ] GC(253756) CMS: 1268071K->1268151K(1966080K)
[1373989.009s][info][gc,metaspace ] GC(253756) Metaspace: 95515K(98212K)->95515K(98212K) NonClass: 86277K(88004K)->86277K(88004K) Class: 9238K(10208K)->9238K(10208K)
[1373989.009s][info][gc           ] GC(253756) Pause Young (Allocation Failure) 1350M->1249M(2035M) 4.808ms
[1373989.009s][info][gc,cpu       ] GC(253756) User=0.00s Sys=0.02s Real=0.02s
[1373996.561s][info][gc,start     ] GC(253757) Pause Young (Allocation Failure)
[1373996.561s][info][gc,task      ] GC(253757) Using 9 workers of 9 for evacuation
[1373996.565s][info][gc,heap      ] GC(253757) ParNew: 116149K->4705K(118016K)
[1373996.566s][info][gc,heap      ] GC(253757) CMS: 1268151K->1268219K(1966080K)
[1373996.566s][info][gc,metaspace ] GC(253757) Metaspace: 95515K(98212K)->95515K(98212K) NonClass: 86277K(88004K)->86277K(88004K) Class: 9238K(10208K)->9238K(10208K)
[1373996.566s][info][gc           ] GC(253757) Pause Young (Allocation Failure) 1351M->1243M(2035M) 4.759ms
[1373996.566s][info][gc,cpu       ] GC(253757) User=0.00s Sys=0.00s Real=0.00s
[1374002.441s][info][gc,start     ] GC(253758) Pause Young (Allocation Failure)
[1374002.441s][info][gc,task      ] GC(253758) Using 9 workers of 9 for evacuation
[1374002.445s][info][gc,heap      ] GC(253758) ParNew: 109665K->9987K(118016K)
[1374002.445s][info][gc,heap      ] GC(253758) CMS: 1268219K->1268219K(1966080K)
[1374002.445s][info][gc,metaspace ] GC(253758) Metaspace: 95515K(98212K)->95515K(98212K) NonClass: 86277K(88004K)->86277K(88004K) Class: 9238K(10208K)->9238K(10208K)
[1374002.446s][info][gc           ] GC(253758) Pause Young (Allocation Failure) 1345M->1248M(2035M) 4.562ms
[1374002.446s][info][gc,cpu       ] GC(253758) User=0.00s Sys=0.00s Real=0.00s
[1374007.254s][info][gc,start     ] GC(253759) Pause Young (Allocation Failure)
[1374007.254s][info][gc,task      ] GC(253759) Using 9 workers of 9 for evacuation
[1374007.258s][info][gc,heap      ] GC(253759) ParNew: 114717K->9526K(118016K)
[1374007.258s][info][gc,heap      ] GC(253759) CMS: 1268219K->1268369K(1966080K)
[1374007.258s][info][gc,metaspace ] GC(253759) Metaspace: 95515K(98212K)->95515K(98212K) NonClass: 86277K(88004K)->86277K(88004K) Class: 9238K(10208K)->9238K(10208K)
[1374007.258s][info][gc           ] GC(253759) Pause Young (Allocation Failure) 1350M->1247M(2035M) 4.729ms
[1374007.258s][info][gc,cpu       ] GC(253759) User=0.00s Sys=0.00s Real=0.00s
[1374012.987s][info][gc,start     ] GC(253760) Pause Young (Allocation Failure)
[1374012.987s][info][gc,task      ] GC(253760) Using 9 workers of 9 for evacuation
[1374012.992s][info][gc,heap      ] GC(253760) ParNew: 114486K->5469K(118016K)
[1374012.992s][info][gc,heap      ] GC(253760) CMS: 1268369K->1275186K(1966080K)
[1374012.992s][info][gc,metaspace ] GC(253760) Metaspace: 95515K(98212K)->95515K(98212K) NonClass: 86277K(88004K)->86277K(88004K) Class: 9238K(10208K)->9238K(10208K)
[1374012.992s][info][gc           ] GC(253760) Pause Young (Allocation Failure) 1350M->1250M(2035M) 5.159ms
[1374012.992s][info][gc,cpu       ] GC(253760) User=0.00s Sys=0.00s Real=0.00s
[1374020.716s][info][gc,start     ] GC(253761) Pause Young (Allocation Failure)
[1374020.716s][info][gc,task      ] GC(253761) Using 9 workers of 9 for evacuation
[1374020.720s][info][gc,heap      ] GC(253761) ParNew: 110429K->9878K(118016K)
[1374020.720s][info][gc,heap      ] GC(253761) CMS: 1275186K->1275186K(1966080K)
[1374020.720s][info][gc,metaspace ] GC(253761) Metaspace: 95515K(98212K)->95515K(98212K) NonClass: 86277K(88004K)->86277K(88004K) Class: 9238K(10208K)->9238K(10208K)
[1374020.720s][info][gc           ] GC(253761) Pause Young (Allocation Failure) 1353M->1254M(2035M) 4.624ms
[1374020.720s][info][gc,cpu       ] GC(253761) User=0.00s Sys=0.00s Real=0.00s
[1374028.166s][info][gc,start     ] GC(253762) Pause Young (Allocation Failure)
[1374028.166s][info][gc,task      ] GC(253762) Using 9 workers of 9 for evacuation
[1374028.170s][info][gc,heap      ] GC(253762) ParNew: 114336K->4559K(118016K)
[1374028.170s][info][gc,heap      ] GC(253762) CMS: 1275186K->1275339K(1966080K)
[1374028.170s][info][gc,metaspace ] GC(253762) Metaspace: 95515K(98212K)->95515K(98212K) NonClass: 86277K(88004K)->86277K(88004K) Class: 9238K(10208K)->9238K(10208K)
[1374028.170s][info][gc           ] GC(253762) Pause Young (Allocation Failure) 1356M->1249M(2035M) 4.626ms
[1374028.170s][info][gc,cpu       ] GC(253762) User=0.14s Sys=0.00s Real=0.02s
[1374034.289s][info][gc,start     ] GC(253763) Pause Young (Allocation Failure)
[1374034.289s][info][gc,task      ] GC(253763) Using 9 workers of 9 for evacuation
[1374034.294s][info][gc,heap      ] GC(253763) ParNew: 109519K->9619K(118016K)
[1374034.294s][info][gc,heap      ] GC(253763) CMS: 1275339K->1275339K(1966080K)
[1374034.294s][info][gc,metaspace ] GC(253763) Metaspace: 95515K(98212K)->95515K(98212K) NonClass: 86277K(88004K)->86277K(88004K) Class: 9238K(10208K)->9238K(10208K)
[1374034.294s][info][gc           ] GC(253763) Pause Young (Allocation Failure) 1352M->1254M(2035M) 4.970ms
[1374034.294s][info][gc,cpu       ] GC(253763) User=0.02s Sys=0.00s Real=0.02s
[1374040.710s][info][gc,start     ] GC(253764) Pause Young (Allocation Failure)
[1374040.710s][info][gc,task      ] GC(253764) Using 9 workers of 9 for evacuation
[1374040.714s][info][gc,heap      ] GC(253764) ParNew: 114579K->10439K(118016K)
[1374040.714s][info][gc,heap      ] GC(253764) CMS: 1275339K->1275500K(1966080K)
[1374040.714s][info][gc,metaspace ] GC(253764) Metaspace: 95515K(98212K)->95515K(98212K) NonClass: 86277K(88004K)->86277K(88004K) Class: 9238K(10208K)->9238K(10208K)
[1374040.714s][info][gc           ] GC(253764) Pause Young (Allocation Failure) 1357M->1255M(2035M) 4.654ms
[1374040.714s][info][gc,cpu       ] GC(253764) User=0.00s Sys=0.00s Real=0.00s
[1374050.229s][info][gc,start     ] GC(253765) Pause Young (Allocation Failure)
[1374050.229s][info][gc,task      ] GC(253765) Using 9 workers of 9 for evacuation
[1374050.234s][info][gc,heap      ] GC(253765) ParNew: 115399K->11552K(118016K)
[1374050.234s][info][gc,heap      ] GC(253765) CMS: 1275500K->1275561K(1966080K)
[1374050.234s][info][gc,metaspace ] GC(253765) Metaspace: 95515K(98212K)->95515K(98212K) NonClass: 86277K(88004K)->86277K(88004K) Class: 9238K(10208K)->9238K(10208K)
[1374050.234s][info][gc           ] GC(253765) Pause Young (Allocation Failure) 1358M->1256M(2035M) 5.193ms
[1374050.234s][info][gc,cpu       ] GC(253765) User=0.00s Sys=0.00s Real=0.00s
[1374060.697s][info][gc,start     ] GC(253766) Pause Young (Allocation Failure)
[1374060.698s][info][gc,task      ] GC(253766) Using 9 workers of 9 for evacuation
[1374060.703s][info][gc,heap      ] GC(253766) ParNew: 116512K->13056K(118016K)
[1374060.703s][info][gc,heap      ] GC(253766) CMS: 1275561K->1275812K(1966080K)
[1374060.703s][info][gc,metaspace ] GC(253766) Metaspace: 95515K(98212K)->95515K(98212K) NonClass: 86277K(88004K)->86277K(88004K) Class: 9238K(10208K)->9238K(10208K)
[1374060.703s][info][gc           ] GC(253766) Pause Young (Allocation Failure) 1359M->1258M(2035M) 5.526ms
[1374060.703s][info][gc,cpu       ] GC(253766) User=0.00s Sys=0.00s Real=0.00s
[1374069.845s][info][gc,start     ] GC(253767) Pause Young (Allocation Failure)
[1374069.845s][info][gc,task      ] GC(253767) Using 9 workers of 9 for evacuation
[1374069.850s][info][gc,heap      ] GC(253767) ParNew: 118016K->11142K(118016K)
[1374069.850s][info][gc,heap      ] GC(253767) CMS: 1275812K->1275833K(1966080K)
[1374069.851s][info][gc,metaspace ] GC(253767) Metaspace: 95515K(98212K)->95515K(98212K) NonClass: 86277K(88004K)->86277K(88004K) Class: 9238K(10208K)->9238K(10208K)
[1374069.851s][info][gc           ] GC(253767) Pause Young (Allocation Failure) 1361M->1256M(2035M) 5.577ms
[1374069.851s][info][gc,cpu       ] GC(253767) User=0.00s Sys=0.00s Real=0.00s
[1374078.633s][info][gc,start     ] GC(253768) Pause Young (Allocation Failure)
[1374078.633s][info][gc,task      ] GC(253768) Using 9 workers of 9 for evacuation
[1374078.637s][info][gc,heap      ] GC(253768) ParNew: 116102K->4600K(118016K)
[1374078.637s][info][gc,heap      ] GC(253768) CMS: 1275833K->1275883K(1966080K)
[1374078.637s][info][gc,metaspace ] GC(253768) Metaspace: 95515K(98212K)->95515K(98212K) NonClass: 86277K(88004K)->86277K(88004K) Class: 9238K(10208K)->9238K(10208K)
[1374078.637s][info][gc           ] GC(253768) Pause Young (Allocation Failure) 1359M->1250M(2035M) 4.116ms
[1374078.637s][info][gc,cpu       ] GC(253768) User=0.00s Sys=0.00s Real=0.00s
[1374086.253s][info][gc,start     ] GC(253769) Pause Young (Allocation Failure)
[1374086.253s][info][gc,task      ] GC(253769) Using 9 workers of 9 for evacuation
[1374086.258s][info][gc,heap      ] GC(253769) ParNew: 109560K->1294K(118016K)
[1374086.258s][info][gc,heap      ] GC(253769) CMS: 1275883K->1275883K(1966080K)
[1374086.258s][info][gc,metaspace ] GC(253769) Metaspace: 95515K(98212K)->95515K(98212K) NonClass: 86277K(88004K)->86277K(88004K) Class: 9238K(10208K)->9238K(10208K)
[1374086.258s][info][gc           ] GC(253769) Pause Young (Allocation Failure) 1352M->1247M(2035M) 4.819ms
[1374086.258s][info][gc,cpu       ] GC(253769) User=0.02s Sys=0.00s Real=0.02s
[1374092.020s][info][gc,start     ] GC(253770) Pause Young (Allocation Failure)
[1374092.020s][info][gc,task      ] GC(253770) Using 9 workers of 9 for evacuation
[1374092.025s][info][gc,heap      ] GC(253770) ParNew: 106246K->9358K(118016K)
[1374092.025s][info][gc,heap      ] GC(253770) CMS: 1275883K->1275883K(1966080K)
[1374092.025s][info][gc,metaspace ] GC(253770) Metaspace: 95515K(98212K)->95515K(98212K) NonClass: 86277K(88004K)->86277K(88004K) Class: 9238K(10208K)->9238K(10208K)
[1374092.025s][info][gc           ] GC(253770) Pause Young (Allocation Failure) 1349M->1255M(2035M) 5.035ms
[1374092.025s][info][gc,cpu       ] GC(253770) User=0.14s Sys=0.00s Real=0.02s
[1374098.942s][info][gc,start     ] GC(253771) Pause Young (Allocation Failure)
[1374098.942s][info][gc,task      ] GC(253771) Using 9 workers of 9 for evacuation
[1374098.946s][info][gc,heap      ] GC(253771) ParNew: 114318K->9915K(118016K)
[1374098.946s][info][gc,heap      ] GC(253771) CMS: 1275883K->1276102K(1966080K)
[1374098.946s][info][gc,metaspace ] GC(253771) Metaspace: 95515K(98212K)->95515K(98212K) NonClass: 86277K(88004K)->86277K(88004K) Class: 9238K(10208K)->9238K(10208K)
[1374098.947s][info][gc           ] GC(253771) Pause Young (Allocation Failure) 1357M->1255M(2035M) 4.829ms
[1374098.947s][info][gc,cpu       ] GC(253771) User=0.14s Sys=0.00s Real=0.01s
[1374107.107s][info][gc,start     ] GC(253772) Pause Young (Allocation Failure)
[1374107.107s][info][gc,task      ] GC(253772) Using 9 workers of 9 for evacuation
[1374107.112s][info][gc,heap      ] GC(253772) ParNew: 114871K->10893K(118016K)
[1374107.112s][info][gc,heap      ] GC(253772) CMS: 1276102K->1276216K(1966080K)
[1374107.112s][info][gc,metaspace ] GC(253772) Metaspace: 95515K(98212K)->95515K(98212K) NonClass: 86277K(88004K)->86277K(88004K) Class: 9238K(10208K)->9238K(10208K)
[1374107.112s][info][gc           ] GC(253772) Pause Young (Allocation Failure) 1358M->1256M(2035M) 4.643ms
[1374107.112s][info][gc,cpu       ] GC(253772) User=0.00s Sys=0.00s Real=0.00s
[1374111.922s][info][gc,start     ] GC(253773) Pause Young (Allocation Failure)
[1374111.922s][info][gc,task      ] GC(253773) Using 9 workers of 9 for evacuation
[1374111.927s][info][gc,heap      ] GC(253773) ParNew: 115853K->4520K(118016K)
[1374111.927s][info][gc,heap      ] GC(253773) CMS: 1276216K->1284927K(1966080K)
[1374111.927s][info][gc,metaspace ] GC(253773) Metaspace: 95515K(98212K)->95515K(98212K) NonClass: 86277K(88004K)->86277K(88004K) Class: 9238K(10208K)->9238K(10208K)
[1374111.927s][info][gc           ] GC(253773) Pause Young (Allocation Failure) 1359M->1259M(2035M) 5.226ms
[1374111.928s][info][gc,cpu       ] GC(253773) User=0.11s Sys=0.02s Real=0.02s
[1374116.964s][info][gc,start     ] GC(253774) Pause Young (Allocation Failure)
[1374116.964s][info][gc,task      ] GC(253774) Using 9 workers of 9 for evacuation
[1374116.968s][info][gc,heap      ] GC(253774) ParNew: 109460K->2794K(118016K)
[1374116.969s][info][gc,heap      ] GC(253774) CMS: 1284927K->1284927K(1966080K)
[1374116.969s][info][gc,metaspace ] GC(253774) Metaspace: 95515K(98212K)->95515K(98212K) NonClass: 86277K(88004K)->86277K(88004K) Class: 9238K(10208K)->9238K(10208K)
[1374116.969s][info][gc           ] GC(253774) Pause Young (Allocation Failure) 1361M->1257M(2035M) 4.286ms
[1374116.969s][info][gc,cpu       ] GC(253774) User=0.00s Sys=0.00s Real=0.00s
[1374122.414s][info][gc,start     ] GC(253775) Pause Young (Allocation Failure)
[1374122.414s][info][gc,task      ] GC(253775) Using 9 workers of 9 for evacuation
[1374122.419s][info][gc,heap      ] GC(253775) ParNew: 107754K->9701K(118016K)
[1374122.419s][info][gc,heap      ] GC(253775) CMS: 1284927K->1284927K(1966080K)
[1374122.419s][info][gc,metaspace ] GC(253775) Metaspace: 95515K(98212K)->95515K(98212K) NonClass: 86277K(88004K)->86277K(88004K) Class: 9238K(10208K)->9238K(10208K)
[1374122.419s][info][gc           ] GC(253775) Pause Young (Allocation Failure) 1360M->1264M(2035M) 4.840ms
[1374122.419s][info][gc,cpu       ] GC(253775) User=0.00s Sys=0.00s Real=0.00s
[1374130.583s][info][gc,start     ] GC(253776) Pause Young (Allocation Failure)
[1374130.583s][info][gc,task      ] GC(253776) Using 9 workers of 9 for evacuation
[1374130.588s][info][gc,heap      ] GC(253776) ParNew: 114661K->10368K(118016K)
[1374130.588s][info][gc,heap      ] GC(253776) CMS: 1284927K->1285265K(1966080K)
[1374130.588s][info][gc,metaspace ] GC(253776) Metaspace: 95515K(98212K)->95515K(98212K) NonClass: 86277K(88004K)->86277K(88004K) Class: 9238K(10208K)->9238K(10208K)
[1374130.588s][info][gc           ] GC(253776) Pause Young (Allocation Failure) 1366M->1265M(2035M) 5.079ms
[1374130.588s][info][gc,cpu       ] GC(253776) User=0.05s Sys=0.00s Real=0.02s
[1374137.676s][info][gc,start     ] GC(253777) Pause Young (Allocation Failure)
[1374137.676s][info][gc,task      ] GC(253777) Using 9 workers of 9 for evacuation
[1374137.680s][info][gc,heap      ] GC(253777) ParNew: 115314K->11638K(118016K)
[1374137.680s][info][gc,heap      ] GC(253777) CMS: 1285265K->1285364K(1966080K)
[1374137.681s][info][gc,metaspace ] GC(253777) Metaspace: 95515K(98212K)->95515K(98212K) NonClass: 86277K(88004K)->86277K(88004K) Class: 9238K(10208K)->9238K(10208K)
[1374137.681s][info][gc           ] GC(253777) Pause Young (Allocation Failure) 1367M->1266M(2035M) 4.882ms
[1374137.681s][info][gc,cpu       ] GC(253777) User=0.14s Sys=0.00s Real=0.02s
[1374146.656s][info][gc,start     ] GC(253778) Pause Young (Allocation Failure)
[1374146.656s][info][gc,task      ] GC(253778) Using 9 workers of 9 for evacuation
[1374146.660s][info][gc,heap      ] GC(253778) ParNew: 116598K->4915K(118016K)
[1374146.660s][info][gc,heap      ] GC(253778) CMS: 1285364K->1285425K(1966080K)
[1374146.660s][info][gc,metaspace ] GC(253778) Metaspace: 95515K(98212K)->95515K(98212K) NonClass: 86277K(88004K)->86277K(88004K) Class: 9238K(10208K)->9238K(10208K)
[1374146.660s][info][gc           ] GC(253778) Pause Young (Allocation Failure) 1369M->1260M(2035M) 4.194ms
[1374146.660s][info][gc,cpu       ] GC(253778) User=0.00s Sys=0.00s Real=0.00s
[1374153.948s][info][gc,start     ] GC(253779) Pause Young (Allocation Failure)
[1374153.948s][info][gc,task      ] GC(253779) Using 9 workers of 9 for evacuation
[1374153.953s][info][gc,heap      ] GC(253779) ParNew: 109875K->9691K(118016K)
[1374153.953s][info][gc,heap      ] GC(253779) CMS: 1285425K->1285425K(1966080K)
[1374153.953s][info][gc,metaspace ] GC(253779) Metaspace: 95515K(98212K)->95515K(98212K) NonClass: 86277K(88004K)->86277K(88004K) Class: 9238K(10208K)->9238K(10208K)
[1374153.953s][info][gc           ] GC(253779) Pause Young (Allocation Failure) 1362M->1264M(2035M) 4.490ms
[1374153.953s][info][gc,cpu       ] GC(253779) User=0.03s Sys=0.00s Real=0.02s
[1374161.029s][info][gc,start     ] GC(253780) Pause Young (Allocation Failure)
[1374161.029s][info][gc,task      ] GC(253780) Using 9 workers of 9 for evacuation
[1374161.033s][info][gc,heap      ] GC(253780) ParNew: 114651K->10821K(118016K)
[1374161.033s][info][gc,heap      ] GC(253780) CMS: 1285425K->1285567K(1966080K)
[1374161.033s][info][gc,metaspace ] GC(253780) Metaspace: 95515K(98212K)->95515K(98212K) NonClass: 86277K(88004K)->86277K(88004K) Class: 9238K(10208K)->9238K(10208K)
[1374161.033s][info][gc           ] GC(253780) Pause Young (Allocation Failure) 1367M->1266M(2035M) 4.720ms
[1374161.033s][info][gc,cpu       ] GC(253780) User=0.03s Sys=0.02s Real=0.02s
[1374166.158s][info][gc,start     ] GC(253781) Pause Young (Allocation Failure)
[1374166.158s][info][gc,task      ] GC(253781) Using 9 workers of 9 for evacuation
[1374166.162s][info][gc,heap      ] GC(253781) ParNew: 115781K->4607K(118016K)
[1374166.162s][info][gc,heap      ] GC(253781) CMS: 1285567K->1285647K(1966080K)
[1374166.162s][info][gc,metaspace ] GC(253781) Metaspace: 95515K(98212K)->95515K(98212K) NonClass: 86277K(88004K)->86277K(88004K) Class: 9238K(10208K)->9238K(10208K)
[1374166.162s][info][gc           ] GC(253781) Pause Young (Allocation Failure) 1368M->1260M(2035M) 4.340ms
[1374166.162s][info][gc,cpu       ] GC(253781) User=0.00s Sys=0.00s Real=0.00s
[1374171.634s][info][gc,start     ] GC(253782) Pause Young (Allocation Failure)
[1374171.634s][info][gc,task      ] GC(253782) Using 9 workers of 9 for evacuation
[1374171.639s][info][gc,heap      ] GC(253782) ParNew: 109567K->9878K(118016K)
[1374171.639s][info][gc,heap      ] GC(253782) CMS: 1285647K->1285647K(1966080K)
[1374171.639s][info][gc,metaspace ] GC(253782) Metaspace: 95515K(98212K)->95515K(98212K) NonClass: 86277K(88004K)->86277K(88004K) Class: 9238K(10208K)->9238K(10208K)
[1374171.639s][info][gc           ] GC(253782) Pause Young (Allocation Failure) 1362M->1265M(2035M) 5.212ms
[1374171.639s][info][gc,cpu       ] GC(253782) User=0.03s Sys=0.00s Real=0.02s
[1374179.449s][info][gc,start     ] GC(253783) Pause Young (Allocation Failure)
[1374179.449s][info][gc,task      ] GC(253783) Using 9 workers of 9 for evacuation
[1374179.453s][info][gc,heap      ] GC(253783) ParNew: 114838K->8008K(118016K)
[1374179.453s][info][gc,heap      ] GC(253783) CMS: 1285647K->1285803K(1966080K)
[1374179.453s][info][gc,metaspace ] GC(253783) Metaspace: 95515K(98212K)->95515K(98212K) NonClass: 86277K(88004K)->86277K(88004K) Class: 9238K(10208K)->9238K(10208K)
[1374179.453s][info][gc           ] GC(253783) Pause Young (Allocation Failure) 1367M->1263M(2035M) 4.967ms
[1374179.454s][info][gc,cpu       ] GC(253783) User=0.02s Sys=0.00s Real=0.02s
[1374183.781s][info][gc,start     ] GC(253784) Pause Young (Allocation Failure)
[1374183.781s][info][gc,task      ] GC(253784) Using 9 workers of 9 for evacuation
[1374183.785s][info][gc,heap      ] GC(253784) ParNew: 112968K->10978K(118016K)
[1374183.785s][info][gc,heap      ] GC(253784) CMS: 1285803K->1285803K(1966080K)
[1374183.785s][info][gc,metaspace ] GC(253784) Metaspace: 95515K(98212K)->95515K(98212K) NonClass: 86277K(88004K)->86277K(88004K) Class: 9238K(10208K)->9238K(10208K)
[1374183.785s][info][gc           ] GC(253784) Pause Young (Allocation Failure) 1365M->1266M(2035M) 4.724ms
[1374183.785s][info][gc,cpu       ] GC(253784) User=0.00s Sys=0.00s Real=0.00s
[1374191.014s][info][gc,start     ] GC(253785) Pause Young (Allocation Failure)
[1374191.014s][info][gc,task      ] GC(253785) Using 9 workers of 9 for evacuation
[1374191.019s][info][gc,heap      ] GC(253785) ParNew: 115938K->12757K(118016K)
[1374191.019s][info][gc,heap      ] GC(253785) CMS: 1285803K->1285860K(1966080K)
[1374191.019s][info][gc,metaspace ] GC(253785) Metaspace: 95515K(98212K)->95515K(98212K) NonClass: 86277K(88004K)->86277K(88004K) Class: 9238K(10208K)->9238K(10208K)
[1374191.019s][info][gc           ] GC(253785) Pause Young (Allocation Failure) 1368M->1268M(2035M) 4.908ms
[1374191.019s][info][gc,cpu       ] GC(253785) User=0.14s Sys=0.00s Real=0.01s
[1374198.920s][info][gc,start     ] GC(253786) Pause Young (Allocation Failure)
[1374198.920s][info][gc,task      ] GC(253786) Using 9 workers of 9 for evacuation
[1374198.924s][info][gc,heap      ] GC(253786) ParNew: 117713K->5347K(118016K)
[1374198.924s][info][gc,heap      ] GC(253786) CMS: 1285860K->1286013K(1966080K)
[1374198.924s][info][gc,metaspace ] GC(253786) Metaspace: 95515K(98212K)->95515K(98212K) NonClass: 86277K(88004K)->86277K(88004K) Class: 9238K(10208K)->9238K(10208K)
[1374198.924s][info][gc           ] GC(253786) Pause Young (Allocation Failure) 1370M->1261M(2035M) 4.265ms
[1374198.924s][info][gc,cpu       ] GC(253786) User=0.14s Sys=0.00s Real=0.02s
[1374205.186s][info][gc,start     ] GC(253787) Pause Young (Allocation Failure)
[1374205.187s][info][gc,task      ] GC(253787) Using 9 workers of 9 for evacuation
[1374205.191s][info][gc,heap      ] GC(253787) ParNew: 110307K->9987K(118016K)
[1374205.191s][info][gc,heap      ] GC(253787) CMS: 1286013K->1286013K(1966080K)
[1374205.191s][info][gc,metaspace ] GC(253787) Metaspace: 95515K(98212K)->95515K(98212K) NonClass: 86277K(88004K)->86277K(88004K) Class: 9238K(10208K)->9238K(10208K)
[1374205.191s][info][gc           ] GC(253787) Pause Young (Allocation Failure) 1363M->1265M(2035M) 4.689ms
[1374205.191s][info][gc,cpu       ] GC(253787) User=0.13s Sys=0.02s Real=0.02s
[1374210.971s][info][gc,start     ] GC(253788) Pause Young (Allocation Failure)
[1374210.971s][info][gc,task      ] GC(253788) Using 9 workers of 9 for evacuation
[1374210.975s][info][gc,heap      ] GC(253788) ParNew: 114947K->11031K(118016K)
[1374210.975s][info][gc,heap      ] GC(253788) CMS: 1286013K->1286171K(1966080K)
[1374210.975s][info][gc,metaspace ] GC(253788) Metaspace: 95515K(98212K)->95515K(98212K) NonClass: 86277K(88004K)->86277K(88004K) Class: 9238K(10208K)->9238K(10208K)
[1374210.975s][info][gc           ] GC(253788) Pause Young (Allocation Failure) 1368M->1266M(2035M) 4.563ms
[1374210.975s][info][gc,cpu       ] GC(253788) User=0.00s Sys=0.00s Real=0.00s
[1374217.378s][info][gc,start     ] GC(253789) Pause Young (Allocation Failure)
[1374217.378s][info][gc,task      ] GC(253789) Using 9 workers of 9 for evacuation
[1374217.382s][info][gc,heap      ] GC(253789) ParNew: 115991K->4197K(118016K)
[1374217.382s][info][gc,heap      ] GC(253789) CMS: 1286171K->1286239K(1966080K)
[1374217.382s][info][gc,metaspace ] GC(253789) Metaspace: 95515K(98212K)->95515K(98212K) NonClass: 86277K(88004K)->86277K(88004K) Class: 9238K(10208K)->9238K(10208K)
[1374217.383s][info][gc           ] GC(253789) Pause Young (Allocation Failure) 1369M->1260M(2035M) 4.591ms
[1374217.383s][info][gc,cpu       ] GC(253789) User=0.00s Sys=0.00s Real=0.00s
[1374224.372s][info][gc,start     ] GC(253790) Pause Young (Allocation Failure)
[1374224.372s][info][gc,task      ] GC(253790) Using 9 workers of 9 for evacuation
[1374224.377s][info][gc,heap      ] GC(253790) ParNew: 109155K->9820K(118016K)
[1374224.377s][info][gc,heap      ] GC(253790) CMS: 1286239K->1286239K(1966080K)
[1374224.377s][info][gc,metaspace ] GC(253790) Metaspace: 95515K(98212K)->95515K(98212K) NonClass: 86277K(88004K)->86277K(88004K) Class: 9238K(10208K)->9238K(10208K)
[1374224.377s][info][gc           ] GC(253790) Pause Young (Allocation Failure) 1362M->1265M(2035M) 4.879ms
[1374224.377s][info][gc,cpu       ] GC(253790) User=0.00s Sys=0.00s Real=0.00s
[1374230.478s][info][gc,start     ] GC(253791) Pause Young (Allocation Failure)
[1374230.478s][info][gc,task      ] GC(253791) Using 9 workers of 9 for evacuation
[1374230.483s][info][gc,heap      ] GC(253791) ParNew: 114780K->2571K(118016K)
[1374230.483s][info][gc,heap      ] GC(253791) CMS: 1286239K->1286352K(1966080K)
[1374230.483s][info][gc,metaspace ] GC(253791) Metaspace: 95515K(98212K)->95515K(98212K) NonClass: 86277K(88004K)->86277K(88004K) Class: 9238K(10208K)->9238K(10208K)
[1374230.483s][info][gc           ] GC(253791) Pause Young (Allocation Failure) 1368M->1258M(2035M) 4.957ms
[1374230.483s][info][gc,cpu       ] GC(253791) User=0.02s Sys=0.00s Real=0.02s
[1374234.013s][info][gc,start     ] GC(253792) Pause Young (Allocation Failure)
[1374234.013s][info][gc,task      ] GC(253792) Using 9 workers of 9 for evacuation
[1374234.018s][info][gc,heap      ] GC(253792) ParNew: 107531K->9379K(118016K)
[1374234.018s][info][gc,heap      ] GC(253792) CMS: 1286352K->1286352K(1966080K)
[1374234.018s][info][gc,metaspace ] GC(253792) Metaspace: 95515K(98212K)->95515K(98212K) NonClass: 86277K(88004K)->86277K(88004K) Class: 9238K(10208K)->9238K(10208K)
[1374234.018s][info][gc           ] GC(253792) Pause Young (Allocation Failure) 1361M->1265M(2035M) 4.666ms
[1374234.018s][info][gc,cpu       ] GC(253792) User=0.14s Sys=0.00s Real=0.02s
[1374238.210s][info][gc,start     ] GC(253793) Pause Young (Allocation Failure)
[1374238.210s][info][gc,task      ] GC(253793) Using 9 workers of 9 for evacuation
[1374238.215s][info][gc,heap      ] GC(253793) ParNew: 114339K->10087K(118016K)
[1374238.215s][info][gc,heap      ] GC(253793) CMS: 1286352K->1286540K(1966080K)
[1374238.215s][info][gc,metaspace ] GC(253793) Metaspace: 95515K(98212K)->95515K(98212K) NonClass: 86277K(88004K)->86277K(88004K) Class: 9238K(10208K)->9238K(10208K)
[1374238.215s][info][gc           ] GC(253793) Pause Young (Allocation Failure) 1367M->1266M(2035M) 4.791ms
[1374238.215s][info][gc,cpu       ] GC(253793) User=0.00s Sys=0.00s Real=0.00s
[1374245.018s][info][gc,start     ] GC(253794) Pause Young (Allocation Failure)
[1374245.018s][info][gc,task      ] GC(253794) Using 9 workers of 9 for evacuation
[1374245.023s][info][gc,heap      ] GC(253794) ParNew: 115047K->3575K(118016K)
[1374245.023s][info][gc,heap      ] GC(253794) CMS: 1286540K->1295291K(1966080K)
[1374245.023s][info][gc,metaspace ] GC(253794) Metaspace: 95515K(98212K)->95515K(98212K) NonClass: 86277K(88004K)->86277K(88004K) Class: 9238K(10208K)->9238K(10208K)
[1374245.023s][info][gc           ] GC(253794) Pause Young (Allocation Failure) 1368M->1268M(2035M) 5.075ms
[1374245.023s][info][gc,cpu       ] GC(253794) User=0.00s Sys=0.00s Real=0.00s
[1374248.196s][info][gc,start     ] GC(253795) Pause Young (Allocation Failure)
[1374248.196s][info][gc,task      ] GC(253795) Using 9 workers of 9 for evacuation
[1374248.201s][info][gc,heap      ] GC(253795) ParNew: 108535K->9662K(118016K)
[1374248.201s][info][gc,heap      ] GC(253795) CMS: 1295291K->1295291K(1966080K)
[1374248.201s][info][gc,metaspace ] GC(253795) Metaspace: 95515K(98212K)->95515K(98212K) NonClass: 86277K(88004K)->86277K(88004K) Class: 9238K(10208K)->9238K(10208K)
[1374248.201s][info][gc           ] GC(253795) Pause Young (Allocation Failure) 1370M->1274M(2035M) 5.870ms
[1374248.202s][info][gc,cpu       ] GC(253795) User=0.00s Sys=0.00s Real=0.00s
[1374256.284s][info][gc,start     ] GC(253796) Pause Young (Allocation Failure)
[1374256.284s][info][gc,task      ] GC(253796) Using 9 workers of 9 for evacuation
[1374256.289s][info][gc,heap      ] GC(253796) ParNew: 114622K->2544K(118016K)
[1374256.289s][info][gc,heap      ] GC(253796) CMS: 1295291K->1295480K(1966080K)
[1374256.289s][info][gc,metaspace ] GC(253796) Metaspace: 95515K(98212K)->95515K(98212K) NonClass: 86277K(88004K)->86277K(88004K) Class: 9238K(10208K)->9238K(10208K)
[1374256.289s][info][gc           ] GC(253796) Pause Young (Allocation Failure) 1376M->1267M(2035M) 5.210ms
[1374256.289s][info][gc,cpu       ] GC(253796) User=0.00s Sys=0.00s Real=0.00s
[1374261.860s][info][gc,start     ] GC(253797) Pause Young (Allocation Failure)
[1374261.860s][info][gc,task      ] GC(253797) Using 9 workers of 9 for evacuation
[1374261.865s][info][gc,heap      ] GC(253797) ParNew: 107504K->9449K(118016K)
[1374261.865s][info][gc,heap      ] GC(253797) CMS: 1295480K->1295480K(1966080K)
[1374261.865s][info][gc,metaspace ] GC(253797) Metaspace: 95515K(98212K)->95515K(98212K) NonClass: 86277K(88004K)->86277K(88004K) Class: 9238K(10208K)->9238K(10208K)
[1374261.865s][info][gc           ] GC(253797) Pause Young (Allocation Failure) 1370M->1274M(2035M) 5.319ms
[1374261.865s][info][gc,cpu       ] GC(253797) User=0.00s Sys=0.00s Real=0.00s
[1374267.970s][info][gc,start     ] GC(253798) Pause Young (Allocation Failure)
[1374267.970s][info][gc,task      ] GC(253798) Using 9 workers of 9 for evacuation
[1374267.975s][info][gc,heap      ] GC(253798) ParNew: 114409K->10363K(118016K)
[1374267.975s][info][gc,heap      ] GC(253798) CMS: 1295480K->1295691K(1966080K)
[1374267.975s][info][gc,metaspace ] GC(253798) Metaspace: 95515K(98212K)->95515K(98212K) NonClass: 86277K(88004K)->86277K(88004K) Class: 9238K(10208K)->9238K(10208K)
[1374267.975s][info][gc           ] GC(253798) Pause Young (Allocation Failure) 1376M->1275M(2035M) 5.066ms
[1374267.975s][info][gc,cpu       ] GC(253798) User=0.00s Sys=0.02s Real=0.00s
[1374276.202s][info][gc,start     ] GC(253799) Pause Young (Allocation Failure)
[1374276.202s][info][gc,task      ] GC(253799) Using 9 workers of 9 for evacuation
[1374276.206s][info][gc,heap      ] GC(253799) ParNew: 115323K->3667K(118016K)
[1374276.206s][info][gc,heap      ] GC(253799) CMS: 1295691K->1295797K(1966080K)
[1374276.206s][info][gc,metaspace ] GC(253799) Metaspace: 95515K(98212K)->95515K(98212K) NonClass: 86277K(88004K)->86277K(88004K) Class: 9238K(10208K)->9238K(10208K)
[1374276.206s][info][gc           ] GC(253799) Pause Young (Allocation Failure) 1377M->1269M(2035M) 4.541ms
[1374276.206s][info][gc,cpu       ] GC(253799) User=0.00s Sys=0.00s Real=0.00s
[1374282.915s][info][gc,start     ] GC(253800) Pause Young (Allocation Failure)
[1374282.915s][info][gc,task      ] GC(253800) Using 9 workers of 9 for evacuation
[1374282.919s][info][gc,heap      ] GC(253800) ParNew: 108627K->9640K(118016K)
[1374282.919s][info][gc,heap      ] GC(253800) CMS: 1295797K->1295797K(1966080K)
[1374282.919s][info][gc,metaspace ] GC(253800) Metaspace: 95515K(98212K)->95515K(98212K) NonClass: 86277K(88004K)->86277K(88004K) Class: 9238K(10208K)->9238K(10208K)
[1374282.919s][info][gc           ] GC(253800) Pause Young (Allocation Failure) 1371M->1274M(2035M) 4.815ms
[1374282.919s][info][gc,cpu       ] GC(253800) User=0.00s Sys=0.00s Real=0.00s
[1374289.717s][info][gc,start     ] GC(253801) Pause Young (Allocation Failure)
[1374289.717s][info][gc,task      ] GC(253801) Using 9 workers of 9 for evacuation
[1374289.722s][info][gc,heap      ] GC(253801) ParNew: 114600K->10942K(118016K)
[1374289.722s][info][gc,heap      ] GC(253801) CMS: 1295797K->1295957K(1966080K)
[1374289.722s][info][gc,metaspace ] GC(253801) Metaspace: 95515K(98212K)->95515K(98212K) NonClass: 86277K(88004K)->86277K(88004K) Class: 9238K(10208K)->9238K(10208K)
[1374289.722s][info][gc           ] GC(253801) Pause Young (Allocation Failure) 1377M->1276M(2035M) 4.786ms
[1374289.722s][info][gc,cpu       ] GC(253801) User=0.02s Sys=0.00s Real=0.02s
[1374295.062s][info][gc,start     ] GC(253802) Pause Young (Allocation Failure)
[1374295.062s][info][gc,task      ] GC(253802) Using 9 workers of 9 for evacuation
[1374295.068s][info][gc,heap      ] GC(253802) ParNew: 115902K->3970K(118016K)
[1374295.068s][info][gc,heap      ] GC(253802) CMS: 1295957K->1304663K(1966080K)
[1374295.068s][info][gc,metaspace ] GC(253802) Metaspace: 95515K(98212K)->95515K(98212K) NonClass: 86277K(88004K)->86277K(88004K) Class: 9238K(10208K)->9238K(10208K)
[1374295.068s][info][gc           ] GC(253802) Pause Young (Allocation Failure) 1378M->1277M(2035M) 5.568ms
[1374295.068s][info][gc,cpu       ] GC(253802) User=0.00s Sys=0.00s Real=0.00s
[1374301.418s][info][gc,start     ] GC(253803) Pause Young (Allocation Failure)
[1374301.418s][info][gc,task      ] GC(253803) Using 9 workers of 9 for evacuation
[1374301.423s][info][gc,heap      ] GC(253803) ParNew: 108930K->9649K(118016K)
[1374301.423s][info][gc,heap      ] GC(253803) CMS: 1304663K->1304663K(1966080K)
[1374301.423s][info][gc,metaspace ] GC(253803) Metaspace: 95515K(98212K)->95515K(98212K) NonClass: 86277K(88004K)->86277K(88004K) Class: 9238K(10208K)->9238K(10208K)
[1374301.423s][info][gc           ] GC(253803) Pause Young (Allocation Failure) 1380M->1283M(2035M) 4.922ms
[1374301.423s][info][gc,cpu       ] GC(253803) User=0.00s Sys=0.00s Real=0.00s
[1374309.725s][info][gc,start     ] GC(253804) Pause Young (Allocation Failure)
[1374309.725s][info][gc,task      ] GC(253804) Using 9 workers of 9 for evacuation
[1374309.730s][info][gc,heap      ] GC(253804) ParNew: 114609K->10794K(118016K)
[1374309.730s][info][gc,heap      ] GC(253804) CMS: 1304663K->1304837K(1966080K)
[1374309.730s][info][gc,metaspace ] GC(253804) Metaspace: 95515K(98212K)->95515K(98212K) NonClass: 86277K(88004K)->86277K(88004K) Class: 9238K(10208K)->9238K(10208K)
[1374309.730s][info][gc           ] GC(253804) Pause Young (Allocation Failure) 1386M->1284M(2035M) 4.855ms
[1374309.730s][info][gc,cpu       ] GC(253804) User=0.00s Sys=0.00s Real=0.02s
[1374317.416s][info][gc,start     ] GC(253805) Pause Young (Allocation Failure)
[1374317.416s][info][gc,task      ] GC(253805) Using 9 workers of 9 for evacuation
[1374317.420s][info][gc,heap      ] GC(253805) ParNew: 115754K->4309K(118016K)
[1374317.420s][info][gc,heap      ] GC(253805) CMS: 1304837K->1304882K(1966080K)
[1374317.420s][info][gc,metaspace ] GC(253805) Metaspace: 95515K(98212K)->95515K(98212K) NonClass: 86277K(88004K)->86277K(88004K) Class: 9238K(10208K)->9238K(10208K)
[1374317.420s][info][gc           ] GC(253805) Pause Young (Allocation Failure) 1387M->1278M(2035M) 4.163ms
[1374317.420s][info][gc,cpu       ] GC(253805) User=0.14s Sys=0.00s Real=0.02s
[1374321.194s][info][gc,start     ] GC(253806) Pause Young (Allocation Failure)
[1374321.195s][info][gc,task      ] GC(253806) Using 9 workers of 9 for evacuation
[1374321.199s][info][gc,heap      ] GC(253806) ParNew: 109269K->9808K(118016K)
[1374321.199s][info][gc,heap      ] GC(253806) CMS: 1304882K->1304882K(1966080K)
[1374321.199s][info][gc,metaspace ] GC(253806) Metaspace: 95515K(98212K)->95515K(98212K) NonClass: 86277K(88004K)->86277K(88004K) Class: 9238K(10208K)->9238K(10208K)
[1374321.199s][info][gc           ] GC(253806) Pause Young (Allocation Failure) 1381M->1283M(2035M) 4.973ms
[1374321.199s][info][gc,cpu       ] GC(253806) User=0.00s Sys=0.00s Real=0.00s
[1374326.488s][info][gc,start     ] GC(253807) Pause Young (Allocation Failure)
[1374326.488s][info][gc,task      ] GC(253807) Using 9 workers of 9 for evacuation
[1374326.492s][info][gc,heap      ] GC(253807) ParNew: 114768K->2700K(118016K)
[1374326.492s][info][gc,heap      ] GC(253807) CMS: 1304882K->1305048K(1966080K)
[1374326.492s][info][gc,metaspace ] GC(253807) Metaspace: 95515K(98212K)->95515K(98212K) NonClass: 86277K(88004K)->86277K(88004K) Class: 9238K(10208K)->9238K(10208K)
[1374326.492s][info][gc           ] GC(253807) Pause Young (Allocation Failure) 1386M->1277M(2035M) 4.234ms
[1374326.492s][info][gc,cpu       ] GC(253807) User=0.00s Sys=0.00s Real=0.00s
[1374332.845s][info][gc,start     ] GC(253808) Pause Young (Allocation Failure)
[1374332.845s][info][gc,task      ] GC(253808) Using 9 workers of 9 for evacuation
[1374332.850s][info][gc,heap      ] GC(253808) ParNew: 107660K->9621K(118016K)
[1374332.850s][info][gc,heap      ] GC(253808) CMS: 1305048K->1305048K(1966080K)
[1374332.850s][info][gc,metaspace ] GC(253808) Metaspace: 95515K(98212K)->95515K(98212K) NonClass: 86277K(88004K)->86277K(88004K) Class: 9238K(10208K)->9238K(10208K)
[1374332.850s][info][gc           ] GC(253808) Pause Young (Allocation Failure) 1379M->1283M(2035M) 4.604ms
[1374332.850s][info][gc,cpu       ] GC(253808) User=0.00s Sys=0.00s Real=0.00s
[1374340.105s][info][gc,start     ] GC(253809) Pause Young (Allocation Failure)
[1374340.105s][info][gc,task      ] GC(253809) Using 9 workers of 9 for evacuation
[1374340.110s][info][gc,heap      ] GC(253809) ParNew: 114581K->10754K(118016K)
[1374340.110s][info][gc,heap      ] GC(253809) CMS: 1305048K->1305227K(1966080K)
[1374340.111s][info][gc,metaspace ] GC(253809) Metaspace: 95515K(98212K)->95515K(98212K) NonClass: 86277K(88004K)->86277K(88004K) Class: 9238K(10208K)->9238K(10208K)
[1374340.111s][info][gc           ] GC(253809) Pause Young (Allocation Failure) 1386M->1285M(2035M) 5.365ms
[1374340.111s][info][gc,cpu       ] GC(253809) User=0.14s Sys=0.00s Real=0.01s
[1374347.258s][info][gc,start     ] GC(253810) Pause Young (Allocation Failure)
[1374347.258s][info][gc,task      ] GC(253810) Using 9 workers of 9 for evacuation
[1374347.262s][info][gc,heap      ] GC(253810) ParNew: 115714K->3853K(118016K)
[1374347.262s][info][gc,heap      ] GC(253810) CMS: 1305227K->1305303K(1966080K)
[1374347.262s][info][gc,metaspace ] GC(253810) Metaspace: 95515K(98212K)->95515K(98212K) NonClass: 86277K(88004K)->86277K(88004K) Class: 9238K(10208K)->9238K(10208K)
[1374347.262s][info][gc           ] GC(253810) Pause Young (Allocation Failure) 1387M->1278M(2035M) 4.157ms
[1374347.262s][info][gc,cpu       ] GC(253810) User=0.14s Sys=0.00s Real=0.02s
[1374354.892s][info][gc,start     ] GC(253811) Pause Young (Allocation Failure)
[1374354.892s][info][gc,task      ] GC(253811) Using 9 workers of 9 for evacuation
[1374354.896s][info][gc,heap      ] GC(253811) ParNew: 108813K->9655K(118016K)
[1374354.896s][info][gc,heap      ] GC(253811) CMS: 1305303K->1305303K(1966080K)
[1374354.896s][info][gc,metaspace ] GC(253811) Metaspace: 95515K(98212K)->95515K(98212K) NonClass: 86277K(88004K)->86277K(88004K) Class: 9238K(10208K)->9238K(10208K)
[1374354.896s][info][gc           ] GC(253811) Pause Young (Allocation Failure) 1380M->1284M(2035M) 4.343ms
[1374354.896s][info][gc,cpu       ] GC(253811) User=0.00s Sys=0.00s Real=0.00s
[1374362.610s][info][gc,start     ] GC(253812) Pause Young (Allocation Failure)
[1374362.610s][info][gc,task      ] GC(253812) Using 9 workers of 9 for evacuation
[1374362.614s][info][gc,heap      ] GC(253812) ParNew: 114615K->10607K(118016K)
[1374362.614s][info][gc,heap      ] GC(253812) CMS: 1305303K->1305486K(1966080K)
[1374362.614s][info][gc,metaspace ] GC(253812) Metaspace: 95515K(98212K)->95515K(98212K) NonClass: 86277K(88004K)->86277K(88004K) Class: 9238K(10208K)->9238K(10208K)
[1374362.615s][info][gc           ] GC(253812) Pause Young (Allocation Failure) 1386M->1285M(2035M) 4.771ms
[1374362.615s][info][gc,cpu       ] GC(253812) User=0.00s Sys=0.00s Real=0.00s
[1374369.661s][info][gc,start     ] GC(253813) Pause Young (Allocation Failure)
[1374369.661s][info][gc,task      ] GC(253813) Using 9 workers of 9 for evacuation
[1374369.666s][info][gc,heap      ] GC(253813) ParNew: 115567K->4318K(118016K)
[1374369.666s][info][gc,heap      ] GC(253813) CMS: 1305486K->1305543K(1966080K)
[1374369.666s][info][gc,metaspace ] GC(253813) Metaspace: 95515K(98212K)->95515K(98212K) NonClass: 86277K(88004K)->86277K(88004K) Class: 9238K(10208K)->9238K(10208K)
[1374369.666s][info][gc           ] GC(253813) Pause Young (Allocation Failure) 1387M->1279M(2035M) 4.983ms
[1374369.666s][info][gc,cpu       ] GC(253813) User=0.00s Sys=0.00s Real=0.00s
[1374375.549s][info][gc,start     ] GC(253814) Pause Young (Allocation Failure)
[1374375.549s][info][gc,task      ] GC(253814) Using 9 workers of 9 for evacuation
[1374375.554s][info][gc,heap      ] GC(253814) ParNew: 109278K->9746K(118016K)
[1374375.554s][info][gc,heap      ] GC(253814) CMS: 1305543K->1305543K(1966080K)
[1374375.554s][info][gc,metaspace ] GC(253814) Metaspace: 95515K(98212K)->95515K(98212K) NonClass: 86277K(88004K)->86277K(88004K) Class: 9238K(10208K)->9238K(10208K)
[1374375.554s][info][gc           ] GC(253814) Pause Young (Allocation Failure) 1381M->1284M(2035M) 4.747ms
[1374375.554s][info][gc,cpu       ] GC(253814) User=0.00s Sys=0.00s Real=0.00s
[1374381.773s][info][gc,start     ] GC(253815) Pause Young (Allocation Failure)
[1374381.774s][info][gc,task      ] GC(253815) Using 9 workers of 9 for evacuation
[1374381.778s][info][gc,heap      ] GC(253815) ParNew: 114706K->11125K(118016K)
[1374381.778s][info][gc,heap      ] GC(253815) CMS: 1305543K->1305731K(1966080K)
[1374381.778s][info][gc,metaspace ] GC(253815) Metaspace: 95515K(98212K)->95515K(98212K) NonClass: 86277K(88004K)->86277K(88004K) Class: 9238K(10208K)->9238K(10208K)
[1374381.778s][info][gc           ] GC(253815) Pause Young (Allocation Failure) 1386M->1285M(2035M) 4.956ms
[1374381.778s][info][gc,cpu       ] GC(253815) User=0.00s Sys=0.00s Real=0.00s
[1374389.880s][info][gc,start     ] GC(253816) Pause Young (Allocation Failure)
[1374389.880s][info][gc,task      ] GC(253816) Using 9 workers of 9 for evacuation
[1374389.885s][info][gc,heap      ] GC(253816) ParNew: 116085K->11120K(118016K)
[1374389.885s][info][gc,heap      ] GC(253816) CMS: 1305731K->1305778K(1966080K)
[1374389.885s][info][gc,metaspace ] GC(253816) Metaspace: 95515K(98212K)->95515K(98212K) NonClass: 86277K(88004K)->86277K(88004K) Class: 9238K(10208K)->9238K(10208K)
[1374389.885s][info][gc           ] GC(253816) Pause Young (Allocation Failure) 1388M->1286M(2035M) 4.957ms
[1374389.885s][info][gc,cpu       ] GC(253816) User=0.00s Sys=0.00s Real=0.00s
[1374396.300s][info][gc,start     ] GC(253817) Pause Young (Allocation Failure)
[1374396.300s][info][gc,task      ] GC(253817) Using 9 workers of 9 for evacuation
[1374396.304s][info][gc,heap      ] GC(253817) ParNew: 116080K->5788K(118016K)
[1374396.304s][info][gc,heap      ] GC(253817) CMS: 1305778K->1305882K(1966080K)
[1374396.304s][info][gc,metaspace ] GC(253817) Metaspace: 95515K(98212K)->95515K(98212K) NonClass: 86277K(88004K)->86277K(88004K) Class: 9238K(10208K)->9238K(10208K)
[1374396.304s][info][gc           ] GC(253817) Pause Young (Allocation Failure) 1388M->1280M(2035M) 4.428ms
[1374396.304s][info][gc,cpu       ] GC(253817) User=0.00s Sys=0.00s Real=0.00s
[1374402.239s][info][gc,start     ] GC(253818) Pause Young (Allocation Failure)
[1374402.239s][info][gc,task      ] GC(253818) Using 9 workers of 9 for evacuation
[1374402.244s][info][gc,heap      ] GC(253818) ParNew: 110748K->9864K(118016K)
[1374402.244s][info][gc,heap      ] GC(253818) CMS: 1305882K->1305882K(1966080K)
[1374402.244s][info][gc,metaspace ] GC(253818) Metaspace: 95515K(98212K)->95515K(98212K) NonClass: 86277K(88004K)->86277K(88004K) Class: 9238K(10208K)->9238K(10208K)
[1374402.244s][info][gc           ] GC(253818) Pause Young (Allocation Failure) 1383M->1284M(2035M) 5.279ms
[1374402.245s][info][gc,cpu       ] GC(253818) User=0.02s Sys=0.00s Real=0.02s
[1374407.675s][info][gc,start     ] GC(253819) Pause Young (Allocation Failure)
[1374407.675s][info][gc,task      ] GC(253819) Using 9 workers of 9 for evacuation
[1374407.680s][info][gc,heap      ] GC(253819) ParNew: 114824K->11175K(118016K)
[1374407.680s][info][gc,heap      ] GC(253819) CMS: 1305882K->1306030K(1966080K)
[1374407.680s][info][gc,metaspace ] GC(253819) Metaspace: 95515K(98212K)->95515K(98212K) NonClass: 86277K(88004K)->86277K(88004K) Class: 9238K(10208K)->9238K(10208K)
[1374407.680s][info][gc           ] GC(253819) Pause Young (Allocation Failure) 1387M->1286M(2035M) 4.900ms
[1374407.680s][info][gc,cpu       ] GC(253819) User=0.02s Sys=0.00s Real=0.02s
[1374415.017s][info][gc,start     ] GC(253820) Pause Young (Allocation Failure)
[1374415.017s][info][gc,task      ] GC(253820) Using 9 workers of 9 for evacuation
[1374415.022s][info][gc,heap      ] GC(253820) ParNew: 116135K->4356K(118016K)
[1374415.023s][info][gc,heap      ] GC(253820) CMS: 1306030K->1314759K(1966080K)
[1374415.023s][info][gc,metaspace ] GC(253820) Metaspace: 95515K(98212K)->95515K(98212K) NonClass: 86277K(88004K)->86277K(88004K) Class: 9238K(10208K)->9238K(10208K)
[1374415.023s][info][gc           ] GC(253820) Pause Young (Allocation Failure) 1388M->1288M(2035M) 6.009ms
[1374415.023s][info][gc,cpu       ] GC(253820) User=0.00s Sys=0.00s Real=0.00s
[1374423.604s][info][gc,start     ] GC(253821) Pause Young (Allocation Failure)
[1374423.604s][info][gc,task      ] GC(253821) Using 9 workers of 9 for evacuation
[1374423.609s][info][gc,heap      ] GC(253821) ParNew: 109316K->9754K(118016K)
[1374423.609s][info][gc,heap      ] GC(253821) CMS: 1314759K->1314759K(1966080K)
[1374423.609s][info][gc,metaspace ] GC(253821) Metaspace: 95515K(98212K)->95515K(98212K) NonClass: 86277K(88004K)->86277K(88004K) Class: 9238K(10208K)->9238K(10208K)
[1374423.609s][info][gc           ] GC(253821) Pause Young (Allocation Failure) 1390M->1293M(2035M) 4.884ms
[1374423.609s][info][gc,cpu       ] GC(253821) User=0.00s Sys=0.00s Real=0.00s
[1374430.033s][info][gc,start     ] GC(253822) Pause Young (Allocation Failure)
[1374430.033s][info][gc,task      ] GC(253822) Using 9 workers of 9 for evacuation
[1374430.037s][info][gc,heap      ] GC(253822) ParNew: 114714K->8626K(118016K)
[1374430.038s][info][gc,heap      ] GC(253822) CMS: 1314759K->1314899K(1966080K)
[1374430.038s][info][gc,metaspace ] GC(253822) Metaspace: 95515K(98212K)->95515K(98212K) NonClass: 86277K(88004K)->86277K(88004K) Class: 9238K(10208K)->9238K(10208K)
[1374430.038s][info][gc           ] GC(253822) Pause Young (Allocation Failure) 1395M->1292M(2035M) 4.862ms
[1374430.038s][info][gc,cpu       ] GC(253822) User=0.00s Sys=0.00s Real=0.00s
[1374434.907s][info][gc,start     ] GC(253823) Pause Young (Allocation Failure)
[1374434.907s][info][gc,task      ] GC(253823) Using 9 workers of 9 for evacuation
[1374434.911s][info][gc,heap      ] GC(253823) ParNew: 113586K->10288K(118016K)
[1374434.912s][info][gc,heap      ] GC(253823) CMS: 1314899K->1314899K(1966080K)
[1374434.912s][info][gc,metaspace ] GC(253823) Metaspace: 95515K(98212K)->95515K(98212K) NonClass: 86277K(88004K)->86277K(88004K) Class: 9238K(10208K)->9238K(10208K)
[1374434.912s][info][gc           ] GC(253823) Pause Young (Allocation Failure) 1395M->1294M(2035M) 4.887ms
[1374434.912s][info][gc,cpu       ] GC(253823) User=0.00s Sys=0.00s Real=0.00s
[1374440.719s][info][gc,start     ] GC(253824) Pause Young (Allocation Failure)
[1374440.719s][info][gc,task      ] GC(253824) Using 9 workers of 9 for evacuation
[1374440.724s][info][gc,heap      ] GC(253824) ParNew: 115207K->7246K(118016K)
[1374440.724s][info][gc,heap      ] GC(253824) CMS: 1314899K->1314940K(1966080K)
[1374440.724s][info][gc,metaspace ] GC(253824) Metaspace: 95515K(98212K)->95515K(98212K) NonClass: 86277K(88004K)->86277K(88004K) Class: 9238K(10208K)->9238K(10208K)
[1374440.724s][info][gc           ] GC(253824) Pause Young (Allocation Failure) 1396M->1291M(2035M) 4.407ms
[1374440.724s][info][gc,cpu       ] GC(253824) User=0.00s Sys=0.00s Real=0.00s
[1374445.352s][info][gc,start     ] GC(253825) Pause Young (Allocation Failure)
[1374445.352s][info][gc,task      ] GC(253825) Using 9 workers of 9 for evacuation
[1374445.356s][info][gc,heap      ] GC(253825) ParNew: 112206K->10274K(118016K)
[1374445.356s][info][gc,heap      ] GC(253825) CMS: 1314940K->1314940K(1966080K)
[1374445.356s][info][gc,metaspace ] GC(253825) Metaspace: 95515K(98212K)->95515K(98212K) NonClass: 86277K(88004K)->86277K(88004K) Class: 9238K(10208K)->9238K(10208K)
[1374445.356s][info][gc           ] GC(253825) Pause Young (Allocation Failure) 1393M->1294M(2035M) 4.437ms
[1374445.356s][info][gc,cpu       ] GC(253825) User=0.00s Sys=0.00s Real=0.00s
[1374450.837s][info][gc,start     ] GC(253826) Pause Young (Allocation Failure)
[1374450.837s][info][gc,task      ] GC(253826) Using 9 workers of 9 for evacuation
[1374450.841s][info][gc,heap      ] GC(253826) ParNew: 115234K->7439K(118016K)
[1374450.841s][info][gc,heap      ] GC(253826) CMS: 1314940K->1315110K(1966080K)
[1374450.841s][info][gc,metaspace ] GC(253826) Metaspace: 95515K(98212K)->95515K(98212K) NonClass: 86277K(88004K)->86277K(88004K) Class: 9238K(10208K)->9238K(10208K)
[1374450.841s][info][gc           ] GC(253826) Pause Young (Allocation Failure) 1396M->1291M(2035M) 4.450ms
[1374450.841s][info][gc,cpu       ] GC(253826) User=0.00s Sys=0.00s Real=0.00s
[1374457.093s][info][gc,start     ] GC(253827) Pause Young (Allocation Failure)
[1374457.094s][info][gc,task      ] GC(253827) Using 9 workers of 9 for evacuation
[1374457.098s][info][gc,heap      ] GC(253827) ParNew: 112399K->1985K(118016K)
[1374457.098s][info][gc,heap      ] GC(253827) CMS: 1315110K->1315110K(1966080K)
[1374457.098s][info][gc,metaspace ] GC(253827) Metaspace: 95515K(98212K)->95515K(98212K) NonClass: 86277K(88004K)->86277K(88004K) Class: 9238K(10208K)->9238K(10208K)
[1374457.098s][info][gc           ] GC(253827) Pause Young (Allocation Failure) 1394M->1286M(2035M) 4.384ms
[1374457.098s][info][gc,cpu       ] GC(253827) User=0.14s Sys=0.00s Real=0.02s
[1374463.166s][info][gc,start     ] GC(253828) Pause Young (Allocation Failure)
[1374463.167s][info][gc,task      ] GC(253828) Using 9 workers of 9 for evacuation
[1374463.171s][info][gc,heap      ] GC(253828) ParNew: 106945K->9523K(118016K)
[1374463.171s][info][gc,heap      ] GC(253828) CMS: 1315110K->1315110K(1966080K)
[1374463.171s][info][gc,metaspace ] GC(253828) Metaspace: 95515K(98212K)->95515K(98212K) NonClass: 86277K(88004K)->86277K(88004K) Class: 9238K(10208K)->9238K(10208K)
[1374463.171s][info][gc           ] GC(253828) Pause Young (Allocation Failure) 1388M->1293M(2035M) 4.939ms
[1374463.171s][info][gc,cpu       ] GC(253828) User=0.00s Sys=0.00s Real=0.00s
[1374471.706s][info][gc,start     ] GC(253829) Pause Young (Allocation Failure)
[1374471.706s][info][gc,task      ] GC(253829) Using 9 workers of 9 for evacuation
[1374471.710s][info][gc,heap      ] GC(253829) ParNew: 114483K->10504K(118016K)
[1374471.710s][info][gc,heap      ] GC(253829) CMS: 1315110K->1315420K(1966080K)
[1374471.710s][info][gc,metaspace ] GC(253829) Metaspace: 95515K(98212K)->95515K(98212K) NonClass: 86277K(88004K)->86277K(88004K) Class: 9238K(10208K)->9238K(10208K)
[1374471.711s][info][gc           ] GC(253829) Pause Young (Allocation Failure) 1396M->1294M(2035M) 4.632ms
[1374471.711s][info][gc,cpu       ] GC(253829) User=0.00s Sys=0.00s Real=0.00s
[1374477.339s][info][gc,start     ] GC(253830) Pause Young (Allocation Failure)
[1374477.339s][info][gc,task      ] GC(253830) Using 9 workers of 9 for evacuation
[1374477.344s][info][gc,heap      ] GC(253830) ParNew: 115464K->11748K(118016K)
[1374477.344s][info][gc,heap      ] GC(253830) CMS: 1315420K->1315462K(1966080K)
[1374477.344s][info][gc,metaspace ] GC(253830) Metaspace: 95515K(98212K)->95515K(98212K) NonClass: 86277K(88004K)->86277K(88004K) Class: 9238K(10208K)->9238K(10208K)
[1374477.344s][info][gc           ] GC(253830) Pause Young (Allocation Failure) 1397M->1296M(2035M) 4.838ms
[1374477.344s][info][gc,cpu       ] GC(253830) User=0.00s Sys=0.00s Real=0.00s
[1374483.092s][info][gc,start     ] GC(253831) Pause Young (Allocation Failure)
[1374483.092s][info][gc,task      ] GC(253831) Using 9 workers of 9 for evacuation
[1374483.097s][info][gc,heap      ] GC(253831) ParNew: 116708K->4991K(118016K)
[1374483.097s][info][gc,heap      ] GC(253831) CMS: 1315462K->1324202K(1966080K)
[1374483.097s][info][gc,metaspace ] GC(253831) Metaspace: 95515K(98212K)->95515K(98212K) NonClass: 86277K(88004K)->86277K(88004K) Class: 9238K(10208K)->9238K(10208K)
[1374483.097s][info][gc           ] GC(253831) Pause Young (Allocation Failure) 1398M->1298M(2035M) 5.084ms
[1374483.097s][info][gc,cpu       ] GC(253831) User=0.02s Sys=0.00s Real=0.02s
[1374490.450s][info][gc,start     ] GC(253832) Pause Young (Allocation Failure)
[1374490.450s][info][gc,task      ] GC(253832) Using 9 workers of 9 for evacuation
[1374490.455s][info][gc,heap      ] GC(253832) ParNew: 109951K->9642K(118016K)
[1374490.455s][info][gc,heap      ] GC(253832) CMS: 1324202K->1324202K(1966080K)
[1374490.455s][info][gc,metaspace ] GC(253832) Metaspace: 95515K(98212K)->95515K(98212K) NonClass: 86277K(88004K)->86277K(88004K) Class: 9238K(10208K)->9238K(10208K)
[1374490.455s][info][gc           ] GC(253832) Pause Young (Allocation Failure) 1400M->1302M(2035M) 5.031ms
[1374490.455s][info][gc,cpu       ] GC(253832) User=0.00s Sys=0.00s Real=0.00s
[1374499.132s][info][gc,start     ] GC(253833) Pause Young (Allocation Failure)
[1374499.132s][info][gc,task      ] GC(253833) Using 9 workers of 9 for evacuation
[1374499.137s][info][gc,heap      ] GC(253833) ParNew: 114602K->10894K(118016K)
[1374499.137s][info][gc,heap      ] GC(253833) CMS: 1324202K->1324361K(1966080K)
[1374499.137s][info][gc,metaspace ] GC(253833) Metaspace: 95515K(98212K)->95515K(98212K) NonClass: 86277K(88004K)->86277K(88004K) Class: 9238K(10208K)->9238K(10208K)
[1374499.137s][info][gc           ] GC(253833) Pause Young (Allocation Failure) 1405M->1303M(2035M) 5.138ms
[1374499.137s][info][gc,cpu       ] GC(253833) User=0.00s Sys=0.00s Real=0.00s
[1374508.321s][info][gc,start     ] GC(253834) Pause Young (Allocation Failure)
[1374508.321s][info][gc,task      ] GC(253834) Using 9 workers of 9 for evacuation
[1374508.326s][info][gc,heap      ] GC(253834) ParNew: 115854K->11906K(118016K)
[1374508.326s][info][gc,heap      ] GC(253834) CMS: 1324361K->1324422K(1966080K)
[1374508.326s][info][gc,metaspace ] GC(253834) Metaspace: 95515K(98212K)->95515K(98212K) NonClass: 86277K(88004K)->86277K(88004K) Class: 9238K(10208K)->9238K(10208K)
[1374508.326s][info][gc           ] GC(253834) Pause Young (Allocation Failure) 1406M->1305M(2035M) 4.969ms
[1374508.326s][info][gc,cpu       ] GC(253834) User=0.00s Sys=0.00s Real=0.00s
[1374518.253s][info][gc,start     ] GC(253835) Pause Young (Allocation Failure)
[1374518.253s][info][gc,task      ] GC(253835) Using 9 workers of 9 for evacuation
[1374518.257s][info][gc,heap      ] GC(253835) ParNew: 116866K->5520K(118016K)
[1374518.257s][info][gc,heap      ] GC(253835) CMS: 1324422K->1324467K(1966080K)
[1374518.257s][info][gc,metaspace ] GC(253835) Metaspace: 95515K(98212K)->95515K(98212K) NonClass: 86277K(88004K)->86277K(88004K) Class: 9238K(10208K)->9238K(10208K)
[1374518.257s][info][gc           ] GC(253835) Pause Young (Allocation Failure) 1407M->1298M(2035M) 4.194ms
[1374518.257s][info][gc,cpu       ] GC(253835) User=0.00s Sys=0.00s Real=0.00s
[1374525.955s][info][gc,start     ] GC(253836) Pause Young (Allocation Failure)
[1374525.955s][info][gc,task      ] GC(253836) Using 9 workers of 9 for evacuation
[1374525.959s][info][gc,heap      ] GC(253836) ParNew: 110473K->9875K(118016K)
[1374525.959s][info][gc,heap      ] GC(253836) CMS: 1324467K->1324467K(1966080K)
[1374525.959s][info][gc,metaspace ] GC(253836) Metaspace: 95515K(98212K)->95515K(98212K) NonClass: 86277K(88004K)->86277K(88004K) Class: 9238K(10208K)->9238K(10208K)
[1374525.959s][info][gc           ] GC(253836) Pause Young (Allocation Failure) 1401M->1303M(2035M) 4.546ms
[1374525.959s][info][gc,cpu       ] GC(253836) User=0.00s Sys=0.00s Real=0.00s
[1374535.035s][info][gc,start     ] GC(253837) Pause Young (Allocation Failure)
[1374535.035s][info][gc,task      ] GC(253837) Using 9 workers of 9 for evacuation
[1374535.040s][info][gc,heap      ] GC(253837) ParNew: 114835K->10749K(118016K)
[1374535.040s][info][gc,heap      ] GC(253837) CMS: 1324467K->1324545K(1966080K)
[1374535.040s][info][gc,metaspace ] GC(253837) Metaspace: 95515K(98212K)->95515K(98212K) NonClass: 86277K(88004K)->86277K(88004K) Class: 9238K(10208K)->9238K(10208K)
[1374535.040s][info][gc           ] GC(253837) Pause Young (Allocation Failure) 1405M->1303M(2035M) 4.411ms
[1374535.040s][info][gc,cpu       ] GC(253837) User=0.00s Sys=0.02s Real=0.02s
[1374542.046s][info][gc,start     ] GC(253838) Pause Young (Allocation Failure)
[1374542.046s][info][gc,task      ] GC(253838) Using 9 workers of 9 for evacuation
[1374542.051s][info][gc,heap      ] GC(253838) ParNew: 115709K->11912K(118016K)
[1374542.051s][info][gc,heap      ] GC(253838) CMS: 1324545K->1324605K(1966080K)
[1374542.051s][info][gc,metaspace ] GC(253838) Metaspace: 95515K(98212K)->95515K(98212K) NonClass: 86277K(88004K)->86277K(88004K) Class: 9238K(10208K)->9238K(10208K)
[1374542.051s][info][gc           ] GC(253838) Pause Young (Allocation Failure) 1406M->1305M(2035M) 4.338ms
[1374542.051s][info][gc,cpu       ] GC(253838) User=0.00s Sys=0.00s Real=0.00s
[1374549.999s][info][gc,start     ] GC(253839) Pause Young (Allocation Failure)
[1374549.999s][info][gc,task      ] GC(253839) Using 9 workers of 9 for evacuation
[1374550.003s][info][gc,heap      ] GC(253839) ParNew: 116872K->5665K(118016K)
[1374550.003s][info][gc,heap      ] GC(253839) CMS: 1324605K->1324680K(1966080K)
[1374550.003s][info][gc,metaspace ] GC(253839) Metaspace: 95515K(98212K)->95515K(98212K) NonClass: 86277K(88004K)->86277K(88004K) Class: 9238K(10208K)->9238K(10208K)
[1374550.003s][info][gc           ] GC(253839) Pause Young (Allocation Failure) 1407M->1299M(2035M) 4.386ms
[1374550.003s][info][gc,cpu       ] GC(253839) User=0.02s Sys=0.00s Real=0.02s
[1374555.599s][info][gc,start     ] GC(253840) Pause Young (Allocation Failure)
[1374555.599s][info][gc,task      ] GC(253840) Using 9 workers of 9 for evacuation
[1374555.604s][info][gc,heap      ] GC(253840) ParNew: 110625K->9899K(118016K)
[1374555.604s][info][gc,heap      ] GC(253840) CMS: 1324680K->1324680K(1966080K)
[1374555.604s][info][gc,metaspace ] GC(253840) Metaspace: 95515K(98212K)->95515K(98212K) NonClass: 86277K(88004K)->86277K(88004K) Class: 9238K(10208K)->9238K(10208K)
[1374555.604s][info][gc           ] GC(253840) Pause Young (Allocation Failure) 1401M->1303M(2035M) 5.150ms
[1374555.604s][info][gc,cpu       ] GC(253840) User=0.00s Sys=0.00s Real=0.00s
[1374561.519s][info][gc,start     ] GC(253841) Pause Young (Allocation Failure)
[1374561.519s][info][gc,task      ] GC(253841) Using 9 workers of 9 for evacuation
[1374561.524s][info][gc,heap      ] GC(253841) ParNew: 114859K->11340K(118016K)
[1374561.524s][info][gc,heap      ] GC(253841) CMS: 1324680K->1324843K(1966080K)
[1374561.524s][info][gc,metaspace ] GC(253841) Metaspace: 95515K(98212K)->95515K(98212K) NonClass: 86277K(88004K)->86277K(88004K) Class: 9238K(10208K)->9238K(10208K)
[1374561.524s][info][gc           ] GC(253841) Pause Young (Allocation Failure) 1405M->1304M(2035M) 5.339ms
[1374561.524s][info][gc,cpu       ] GC(253841) User=0.00s Sys=0.00s Real=0.00s
[1374569.207s][info][gc,start     ] GC(253842) Pause Young (Allocation Failure)
[1374569.207s][info][gc,task      ] GC(253842) Using 9 workers of 9 for evacuation
[1374569.211s][info][gc,heap      ] GC(253842) ParNew: 116300K->4335K(118016K)
[1374569.211s][info][gc,heap      ] GC(253842) CMS: 1324843K->1324921K(1966080K)
[1374569.211s][info][gc,metaspace ] GC(253842) Metaspace: 95515K(98212K)->95515K(98212K) NonClass: 86277K(88004K)->86277K(88004K) Class: 9238K(10208K)->9238K(10208K)
[1374569.211s][info][gc           ] GC(253842) Pause Young (Allocation Failure) 1407M->1298M(2035M) 4.412ms
[1374569.211s][info][gc,cpu       ] GC(253842) User=0.02s Sys=0.00s Real=0.02s
[1374574.840s][info][gc,start     ] GC(253843) Pause Young (Allocation Failure)
[1374574.840s][info][gc,task      ] GC(253843) Using 9 workers of 9 for evacuation
[1374574.845s][info][gc,heap      ] GC(253843) ParNew: 109295K->9656K(118016K)
[1374574.845s][info][gc,heap      ] GC(253843) CMS: 1324921K->1324921K(1966080K)
[1374574.845s][info][gc,metaspace ] GC(253843) Metaspace: 95515K(98212K)->95515K(98212K) NonClass: 86277K(88004K)->86277K(88004K) Class: 9238K(10208K)->9238K(10208K)
[1374574.845s][info][gc           ] GC(253843) Pause Young (Allocation Failure) 1400M->1303M(2035M) 4.638ms
[1374574.845s][info][gc,cpu       ] GC(253843) User=0.00s Sys=0.00s Real=0.00s
[1374580.062s][info][gc,start     ] GC(253844) Pause Young (Allocation Failure)
[1374580.062s][info][gc,task      ] GC(253844) Using 9 workers of 9 for evacuation
[1374580.066s][info][gc,heap      ] GC(253844) ParNew: 114616K->11205K(118016K)
[1374580.066s][info][gc,heap      ] GC(253844) CMS: 1324921K->1325015K(1966080K)
[1374580.066s][info][gc,metaspace ] GC(253844) Metaspace: 95515K(98212K)->95515K(98212K) NonClass: 86277K(88004K)->86277K(88004K) Class: 9238K(10208K)->9238K(10208K)
[1374580.066s][info][gc           ] GC(253844) Pause Young (Allocation Failure) 1405M->1304M(2035M) 4.638ms
[1374580.066s][info][gc,cpu       ] GC(253844) User=0.00s Sys=0.00s Real=0.00s
[1374585.446s][info][gc,start     ] GC(253845) Pause Young (Allocation Failure)
[1374585.446s][info][gc,task      ] GC(253845) Using 9 workers of 9 for evacuation
[1374585.451s][info][gc,heap      ] GC(253845) ParNew: 116158K->4310K(118016K)
[1374585.451s][info][gc,heap      ] GC(253845) CMS: 1325015K->1333738K(1966080K)
[1374585.451s][info][gc,metaspace ] GC(253845) Metaspace: 95515K(98212K)->95515K(98212K) NonClass: 86277K(88004K)->86277K(88004K) Class: 9238K(10208K)->9238K(10208K)
[1374585.451s][info][gc           ] GC(253845) Pause Young (Allocation Failure) 1407M->1306M(2035M) 5.153ms
[1374585.451s][info][gc,cpu       ] GC(253845) User=0.00s Sys=0.00s Real=0.00s
[1374590.184s][info][gc,start     ] GC(253846) Pause Young (Allocation Failure)
[1374590.184s][info][gc,task      ] GC(253846) Using 9 workers of 9 for evacuation
[1374590.188s][info][gc,heap      ] GC(253846) ParNew: 109270K->9621K(118016K)
[1374590.188s][info][gc,heap      ] GC(253846) CMS: 1333738K->1333738K(1966080K)
[1374590.188s][info][gc,metaspace ] GC(253846) Metaspace: 95515K(98212K)->95515K(98212K) NonClass: 86277K(88004K)->86277K(88004K) Class: 9238K(10208K)->9238K(10208K)
[1374590.188s][info][gc           ] GC(253846) Pause Young (Allocation Failure) 1409M->1311M(2035M) 4.848ms
[1374590.188s][info][gc,cpu       ] GC(253846) User=0.00s Sys=0.00s Real=0.00s
[1374598.162s][info][gc,start     ] GC(253847) Pause Young (Allocation Failure)
[1374598.162s][info][gc,task      ] GC(253847) Using 9 workers of 9 for evacuation
[1374598.166s][info][gc,heap      ] GC(253847) ParNew: 114581K->10489K(118016K)
[1374598.166s][info][gc,heap      ] GC(253847) CMS: 1333738K->1333866K(1966080K)
[1374598.166s][info][gc,metaspace ] GC(253847) Metaspace: 95515K(98212K)->95515K(98212K) NonClass: 86277K(88004K)->86277K(88004K) Class: 9238K(10208K)->9238K(10208K)
[1374598.167s][info][gc           ] GC(253847) Pause Young (Allocation Failure) 1414M->1312M(2035M) 4.779ms
[1374598.167s][info][gc,cpu       ] GC(253847) User=0.00s Sys=0.00s Real=0.00s
[1374606.088s][info][gc,start     ] GC(253848) Pause Young (Allocation Failure)
[1374606.088s][info][gc,task      ] GC(253848) Using 9 workers of 9 for evacuation
[1374606.093s][info][gc,heap      ] GC(253848) ParNew: 115449K->4401K(118016K)
[1374606.093s][info][gc,heap      ] GC(253848) CMS: 1333866K->1342628K(1966080K)
[1374606.093s][info][gc,metaspace ] GC(253848) Metaspace: 95515K(98212K)->95515K(98212K) NonClass: 86277K(88004K)->86277K(88004K) Class: 9238K(10208K)->9238K(10208K)
[1374606.093s][info][gc           ] GC(253848) Pause Young (Allocation Failure) 1415M->1315M(2035M) 5.603ms
[1374606.093s][info][gc,cpu       ] GC(253848) User=0.13s Sys=0.00s Real=0.02s
[1374611.253s][info][gc,start     ] GC(253849) Pause Young (Allocation Failure)
[1374611.253s][info][gc,task      ] GC(253849) Using 9 workers of 9 for evacuation
[1374611.257s][info][gc,heap      ] GC(253849) ParNew: 109361K->9777K(118016K)
[1374611.258s][info][gc,heap      ] GC(253849) CMS: 1342628K->1342628K(1966080K)
[1374611.258s][info][gc,metaspace ] GC(253849) Metaspace: 95515K(98212K)->95515K(98212K) NonClass: 86277K(88004K)->86277K(88004K) Class: 9238K(10208K)->9238K(10208K)
[1374611.258s][info][gc           ] GC(253849) Pause Young (Allocation Failure) 1417M->1320M(2035M) 4.629ms
[1374611.258s][info][gc,cpu       ] GC(253849) User=0.00s Sys=0.00s Real=0.00s
[1374618.527s][info][gc,start     ] GC(253850) Pause Young (Allocation Failure)
[1374618.527s][info][gc,task      ] GC(253850) Using 9 workers of 9 for evacuation
[1374618.532s][info][gc,heap      ] GC(253850) ParNew: 114737K->10815K(118016K)
[1374618.532s][info][gc,heap      ] GC(253850) CMS: 1342628K->1342794K(1966080K)
[1374618.532s][info][gc,metaspace ] GC(253850) Metaspace: 95515K(98212K)->95515K(98212K) NonClass: 86277K(88004K)->86277K(88004K) Class: 9238K(10208K)->9238K(10208K)
[1374618.532s][info][gc           ] GC(253850) Pause Young (Allocation Failure) 1423M->1321M(2035M) 4.727ms
[1374618.532s][info][gc,cpu       ] GC(253850) User=0.14s Sys=0.00s Real=0.02s
[1374625.405s][info][gc,start     ] GC(253851) Pause Young (Allocation Failure)
[1374625.405s][info][gc,task      ] GC(253851) Using 9 workers of 9 for evacuation
[1374625.411s][info][gc,heap      ] GC(253851) ParNew: 115775K->4058K(118016K)
[1374625.411s][info][gc,heap      ] GC(253851) CMS: 1342794K->1351541K(1966080K)
[1374625.411s][info][gc,metaspace ] GC(253851) Metaspace: 95515K(98212K)->95515K(98212K) NonClass: 86277K(88004K)->86277K(88004K) Class: 9238K(10208K)->9238K(10208K)
[1374625.411s][info][gc           ] GC(253851) Pause Young (Allocation Failure) 1424M->1323M(2035M) 6.169ms
[1374625.411s][info][gc,cpu       ] GC(253851) User=0.00s Sys=0.02s Real=0.02s
[1374634.219s][info][gc,start     ] GC(253852) Pause Young (Allocation Failure)
[1374634.219s][info][gc,task      ] GC(253852) Using 9 workers of 9 for evacuation
[1374634.224s][info][gc,heap      ] GC(253852) ParNew: 109018K->9658K(118016K)
[1374634.224s][info][gc,heap      ] GC(253852) CMS: 1351541K->1351541K(1966080K)
[1374634.224s][info][gc,metaspace ] GC(253852) Metaspace: 95515K(98212K)->95515K(98212K) NonClass: 86277K(88004K)->86277K(88004K) Class: 9238K(10208K)->9238K(10208K)
[1374634.224s][info][gc           ] GC(253852) Pause Young (Allocation Failure) 1426M->1329M(2035M) 4.778ms
[1374634.224s][info][gc,cpu       ] GC(253852) User=0.00s Sys=0.00s Real=0.00s
[1374639.016s][info][gc,start     ] GC(253853) Pause Young (Allocation Failure)
[1374639.016s][info][gc,task      ] GC(253853) Using 9 workers of 9 for evacuation
[1374639.020s][info][gc,heap      ] GC(253853) ParNew: 114618K->10466K(118016K)
[1374639.020s][info][gc,heap      ] GC(253853) CMS: 1351541K->1351680K(1966080K)
[1374639.020s][info][gc,metaspace ] GC(253853) Metaspace: 95515K(98212K)->95515K(98212K) NonClass: 86277K(88004K)->86277K(88004K) Class: 9238K(10208K)->9238K(10208K)
[1374639.020s][info][gc           ] GC(253853) Pause Young (Allocation Failure) 1431M->1330M(2035M) 4.509ms
[1374639.020s][info][gc,cpu       ] GC(253853) User=0.00s Sys=0.00s Real=0.00s
[1374643.331s][info][gc,start     ] GC(253854) Pause Young (Allocation Failure)
[1374643.331s][info][gc,task      ] GC(253854) Using 9 workers of 9 for evacuation
[1374643.337s][info][gc,heap      ] GC(253854) ParNew: 115419K->4614K(118016K)
[1374643.337s][info][gc,heap      ] GC(253854) CMS: 1351680K->1360436K(1966080K)
[1374643.337s][info][gc,metaspace ] GC(253854) Metaspace: 95515K(98212K)->95515K(98212K) NonClass: 86277K(88004K)->86277K(88004K) Class: 9238K(10208K)->9238K(10208K)
[1374643.337s][info][gc           ] GC(253854) Pause Young (Allocation Failure) 1432M->1333M(2035M) 5.496ms
[1374643.337s][info][gc,cpu       ] GC(253854) User=0.11s Sys=0.03s Real=0.02s
[1374653.287s][info][gc,start     ] GC(253855) Pause Young (Allocation Failure)
[1374653.288s][info][gc,task      ] GC(253855) Using 9 workers of 9 for evacuation
[1374653.292s][info][gc,heap      ] GC(253855) ParNew: 109574K->9830K(118016K)
[1374653.292s][info][gc,heap      ] GC(253855) CMS: 1360436K->1360436K(1966080K)
[1374653.292s][info][gc,metaspace ] GC(253855) Metaspace: 95515K(98212K)->95515K(98212K) NonClass: 86277K(88004K)->86277K(88004K) Class: 9238K(10208K)->9238K(10208K)
[1374653.292s][info][gc           ] GC(253855) Pause Young (Allocation Failure) 1435M->1338M(2035M) 4.728ms
[1374653.292s][info][gc,cpu       ] GC(253855) User=0.00s Sys=0.00s Real=0.00s
[1374661.994s][info][gc,start     ] GC(253856) Pause Young (Allocation Failure)
[1374661.994s][info][gc,task      ] GC(253856) Using 9 workers of 9 for evacuation
[1374661.999s][info][gc,heap      ] GC(253856) ParNew: 114697K->9461K(118016K)
[1374661.999s][info][gc,heap      ] GC(253856) CMS: 1360436K->1360667K(1966080K)
[1374661.999s][info][gc,metaspace ] GC(253856) Metaspace: 95515K(98212K)->95515K(98212K) NonClass: 86277K(88004K)->86277K(88004K) Class: 9238K(10208K)->9238K(10208K)
[1374661.999s][info][gc           ] GC(253856) Pause Young (Allocation Failure) 1440M->1338M(2035M) 5.001ms
[1374661.999s][info][gc,cpu       ] GC(253856) User=0.00s Sys=0.00s Real=0.00s
[1374668.258s][info][gc,start     ] GC(253857) Pause Young (Allocation Failure)
[1374668.258s][info][gc,task      ] GC(253857) Using 9 workers of 9 for evacuation
[1374668.263s][info][gc,heap      ] GC(253857) ParNew: 114421K->10326K(118016K)
[1374668.263s][info][gc,heap      ] GC(253857) CMS: 1360667K->1360746K(1966080K)
[1374668.263s][info][gc,metaspace ] GC(253857) Metaspace: 95515K(98212K)->95515K(98212K) NonClass: 86277K(88004K)->86277K(88004K) Class: 9238K(10208K)->9238K(10208K)
[1374668.263s][info][gc           ] GC(253857) Pause Young (Allocation Failure) 1440M->1338M(2035M) 4.793ms
[1374668.263s][info][gc,cpu       ] GC(253857) User=0.00s Sys=0.00s Real=0.00s
[1374674.722s][info][gc,start     ] GC(253858) Pause Young (Allocation Failure)
[1374674.722s][info][gc,task      ] GC(253858) Using 9 workers of 9 for evacuation
[1374674.726s][info][gc,heap      ] GC(253858) ParNew: 115286K->4087K(118016K)
[1374674.727s][info][gc,heap      ] GC(253858) CMS: 1360746K->1369474K(1966080K)
[1374674.727s][info][gc,metaspace ] GC(253858) Metaspace: 95515K(98212K)->95515K(98212K) NonClass: 86277K(88004K)->86277K(88004K) Class: 9238K(10208K)->9238K(10208K)
[1374674.727s][info][gc           ] GC(253858) Pause Young (Allocation Failure) 1441M->1341M(2035M) 4.960ms
[1374674.727s][info][gc,cpu       ] GC(253858) User=0.02s Sys=0.00s Real=0.02s
[1374679.739s][info][gc,start     ] GC(253859) Pause Young (Allocation Failure)
[1374679.739s][info][gc,task      ] GC(253859) Using 9 workers of 9 for evacuation
[1374679.744s][info][gc,heap      ] GC(253859) ParNew: 109047K->9805K(118016K)
[1374679.744s][info][gc,heap      ] GC(253859) CMS: 1369474K->1369474K(1966080K)
[1374679.744s][info][gc,metaspace ] GC(253859) Metaspace: 95515K(98212K)->95515K(98212K) NonClass: 86277K(88004K)->86277K(88004K) Class: 9238K(10208K)->9238K(10208K)
[1374679.744s][info][gc           ] GC(253859) Pause Young (Allocation Failure) 1443M->1346M(2035M) 4.855ms
[1374679.744s][info][gc,cpu       ] GC(253859) User=0.14s Sys=0.00s Real=0.02s
[1374684.344s][info][gc,start     ] GC(253860) Pause Young (Allocation Failure)
[1374684.344s][info][gc,task      ] GC(253860) Using 9 workers of 9 for evacuation
[1374684.349s][info][gc,heap      ] GC(253860) ParNew: 114765K->2695K(118016K)
[1374684.349s][info][gc,heap      ] GC(253860) CMS: 1369474K->1378302K(1966080K)
[1374684.349s][info][gc,metaspace ] GC(253860) Metaspace: 95515K(98212K)->95515K(98212K) NonClass: 86277K(88004K)->86277K(88004K) Class: 9238K(10208K)->9238K(10208K)
[1374684.349s][info][gc           ] GC(253860) Pause Young (Allocation Failure) 1449M->1348M(2035M) 5.422ms
[1374684.349s][info][gc,cpu       ] GC(253860) User=0.00s Sys=0.00s Real=0.00s
[1374689.712s][info][gc,start     ] GC(253861) Pause Young (Allocation Failure)
[1374689.712s][info][gc,task      ] GC(253861) Using 9 workers of 9 for evacuation
[1374689.718s][info][gc,heap      ] GC(253861) ParNew: 107655K->9465K(118016K)
[1374689.718s][info][gc,heap      ] GC(253861) CMS: 1378302K->1378302K(1966080K)
[1374689.718s][info][gc,metaspace ] GC(253861) Metaspace: 95515K(98212K)->95515K(98212K) NonClass: 86277K(88004K)->86277K(88004K) Class: 9238K(10208K)->9238K(10208K)
[1374689.718s][info][gc           ] GC(253861) Pause Young (Allocation Failure) 1451M->1355M(2035M) 5.457ms
[1374689.718s][info][gc,cpu       ] GC(253861) User=0.13s Sys=0.00s Real=0.01s
[1374695.155s][info][gc,start     ] GC(253862) Pause Young (Allocation Failure)
[1374695.155s][info][gc,task      ] GC(253862) Using 9 workers of 9 for evacuation
[1374695.160s][info][gc,heap      ] GC(253862) ParNew: 114425K->2204K(118016K)
[1374695.160s][info][gc,heap      ] GC(253862) CMS: 1378302K->1387149K(1966080K)
[1374695.160s][info][gc,metaspace ] GC(253862) Metaspace: 95515K(98212K)->95515K(98212K) NonClass: 86277K(88004K)->86277K(88004K) Class: 9238K(10208K)->9238K(10208K)
[1374695.160s][info][gc           ] GC(253862) Pause Young (Allocation Failure) 1457M->1356M(2035M) 4.815ms
[1374695.160s][info][gc,cpu       ] GC(253862) User=0.00s Sys=0.00s Real=0.00s
[1374701.870s][info][gc,start     ] GC(253863) Pause Young (Allocation Failure)
[1374701.871s][info][gc,task      ] GC(253863) Using 9 workers of 9 for evacuation
[1374701.876s][info][gc,heap      ] GC(253863) ParNew: 107164K->9501K(118016K)
[1374701.876s][info][gc,heap      ] GC(253863) CMS: 1387149K->1387149K(1966080K)
[1374701.876s][info][gc,metaspace ] GC(253863) Metaspace: 95515K(98212K)->95515K(98212K) NonClass: 86277K(88004K)->86277K(88004K) Class: 9238K(10208K)->9238K(10208K)
[1374701.876s][info][gc           ] GC(253863) Pause Young (Allocation Failure) 1459M->1363M(2035M) 5.420ms
[1374701.876s][info][gc,cpu       ] GC(253863) User=0.14s Sys=0.00s Real=0.02s
[1374709.362s][info][gc,start     ] GC(253864) Pause Young (Allocation Failure)
[1374709.362s][info][gc,task      ] GC(253864) Using 9 workers of 9 for evacuation
[1374709.367s][info][gc,heap      ] GC(253864) ParNew: 114436K->4072K(118016K)
[1374709.367s][info][gc,heap      ] GC(253864) CMS: 1387149K->1387320K(1966080K)
[1374709.367s][info][gc,metaspace ] GC(253864) Metaspace: 95515K(98212K)->95515K(98212K) NonClass: 86277K(88004K)->86277K(88004K) Class: 9238K(10208K)->9238K(10208K)
[1374709.367s][info][gc           ] GC(253864) Pause Young (Allocation Failure) 1466M->1358M(2035M) 4.841ms
[1374709.367s][info][gc,cpu       ] GC(253864) User=0.00s Sys=0.00s Real=0.00s
[1374717.262s][info][gc,start     ] GC(253865) Pause Young (Allocation Failure)
[1374717.262s][info][gc,task      ] GC(253865) Using 9 workers of 9 for evacuation
[1374717.266s][info][gc,heap      ] GC(253865) ParNew: 109032K->810K(118016K)
[1374717.266s][info][gc,heap      ] GC(253865) CMS: 1387320K->1387320K(1966080K)
[1374717.266s][info][gc,metaspace ] GC(253865) Metaspace: 95515K(98212K)->95515K(98212K) NonClass: 86277K(88004K)->86277K(88004K) Class: 9238K(10208K)->9238K(10208K)
[1374717.266s][info][gc           ] GC(253865) Pause Young (Allocation Failure) 1461M->1355M(2035M) 4.300ms
[1374717.266s][info][gc,cpu       ] GC(253865) User=0.00s Sys=0.00s Real=0.00s
[1374726.237s][info][gc,start     ] GC(253866) Pause Young (Allocation Failure)
[1374726.238s][info][gc,task      ] GC(253866) Using 9 workers of 9 for evacuation
[1374726.243s][info][gc,heap      ] GC(253866) ParNew: 105767K->9238K(118016K)
[1374726.243s][info][gc,heap      ] GC(253866) CMS: 1387320K->1387320K(1966080K)
[1374726.243s][info][gc,metaspace ] GC(253866) Metaspace: 95515K(98212K)->95515K(98212K) NonClass: 86277K(88004K)->86277K(88004K) Class: 9238K(10208K)->9238K(10208K)
[1374726.243s][info][gc           ] GC(253866) Pause Young (Allocation Failure) 1458M->1363M(2035M) 5.309ms
[1374726.243s][info][gc,cpu       ] GC(253866) User=0.02s Sys=0.02s Real=0.02s
[1374734.744s][info][gc,start     ] GC(253867) Pause Young (Allocation Failure)
[1374734.744s][info][gc,task      ] GC(253867) Using 9 workers of 9 for evacuation
[1374734.748s][info][gc,heap      ] GC(253867) ParNew: 114198K->9693K(118016K)
[1374734.748s][info][gc,heap      ] GC(253867) CMS: 1387320K->1387527K(1966080K)
[1374734.748s][info][gc,metaspace ] GC(253867) Metaspace: 95515K(98212K)->95515K(98212K) NonClass: 86277K(88004K)->86277K(88004K) Class: 9238K(10208K)->9238K(10208K)
[1374734.748s][info][gc           ] GC(253867) Pause Young (Allocation Failure) 1466M->1364M(2035M) 4.544ms
[1374734.749s][info][gc,cpu       ] GC(253867) User=0.00s Sys=0.00s Real=0.00s
[1374743.600s][info][gc,start     ] GC(253868) Pause Young (Allocation Failure)
[1374743.600s][info][gc,task      ] GC(253868) Using 9 workers of 9 for evacuation
[1374743.604s][info][gc,heap      ] GC(253868) ParNew: 114653K->10905K(118016K)
[1374743.604s][info][gc,heap      ] GC(253868) CMS: 1387527K->1387558K(1966080K)
[1374743.604s][info][gc,metaspace ] GC(253868) Metaspace: 95515K(98212K)->95515K(98212K) NonClass: 86277K(88004K)->86277K(88004K) Class: 9238K(10208K)->9238K(10208K)
[1374743.604s][info][gc           ] GC(253868) Pause Young (Allocation Failure) 1466M->1365M(2035M) 4.872ms
[1374743.604s][info][gc,cpu       ] GC(253868) User=0.03s Sys=0.00s Real=0.02s
[1374750.218s][info][gc,start     ] GC(253869) Pause Young (Allocation Failure)
[1374750.219s][info][gc,task      ] GC(253869) Using 9 workers of 9 for evacuation
[1374750.223s][info][gc,heap      ] GC(253869) ParNew: 115865K->12177K(118016K)
[1374750.223s][info][gc,heap      ] GC(253869) CMS: 1387558K->1387602K(1966080K)
[1374750.223s][info][gc,metaspace ] GC(253869) Metaspace: 95515K(98212K)->95515K(98212K) NonClass: 86277K(88004K)->86277K(88004K) Class: 9238K(10208K)->9238K(10208K)
[1374750.223s][info][gc           ] GC(253869) Pause Young (Allocation Failure) 1468M->1366M(2035M) 4.834ms
[1374750.223s][info][gc,cpu       ] GC(253869) User=0.00s Sys=0.00s Real=0.00s
[1374757.779s][info][gc,start     ] GC(253870) Pause Young (Allocation Failure)
[1374757.779s][info][gc,task      ] GC(253870) Using 9 workers of 9 for evacuation
[1374757.784s][info][gc,heap      ] GC(253870) ParNew: 117137K->6056K(118016K)
[1374757.784s][info][gc,heap      ] GC(253870) CMS: 1387602K->1387667K(1966080K)
[1374757.784s][info][gc,metaspace ] GC(253870) Metaspace: 95515K(98212K)->95515K(98212K) NonClass: 86277K(88004K)->86277K(88004K) Class: 9238K(10208K)->9238K(10208K)
[1374757.784s][info][gc           ] GC(253870) Pause Young (Allocation Failure) 1469M->1361M(2035M) 4.330ms
[1374757.784s][info][gc,cpu       ] GC(253870) User=0.00s Sys=0.00s Real=0.00s
[1374765.256s][info][gc,start     ] GC(253871) Pause Young (Allocation Failure)
[1374765.256s][info][gc,task      ] GC(253871) Using 9 workers of 9 for evacuation
[1374765.261s][info][gc,heap      ] GC(253871) ParNew: 111016K->9940K(118016K)
[1374765.261s][info][gc,heap      ] GC(253871) CMS: 1387667K->1387667K(1966080K)
[1374765.261s][info][gc,metaspace ] GC(253871) Metaspace: 95515K(98212K)->95515K(98212K) NonClass: 86277K(88004K)->86277K(88004K) Class: 9238K(10208K)->9238K(10208K)
[1374765.261s][info][gc           ] GC(253871) Pause Young (Allocation Failure) 1463M->1364M(2035M) 4.682ms
[1374765.261s][info][gc,cpu       ] GC(253871) User=0.00s Sys=0.00s Real=0.00s
[1374770.120s][info][gc,start     ] GC(253872) Pause Young (Allocation Failure)
[1374770.120s][info][gc,task      ] GC(253872) Using 9 workers of 9 for evacuation
[1374770.125s][info][gc,heap      ] GC(253872) ParNew: 114900K->11058K(118016K)
[1374770.125s][info][gc,heap      ] GC(253872) CMS: 1387667K->1387817K(1966080K)
[1374770.125s][info][gc,metaspace ] GC(253872) Metaspace: 95515K(98212K)->95515K(98212K) NonClass: 86277K(88004K)->86277K(88004K) Class: 9238K(10208K)->9238K(10208K)
[1374770.125s][info][gc           ] GC(253872) Pause Young (Allocation Failure) 1467M->1366M(2035M) 4.926ms
[1374770.125s][info][gc,cpu       ] GC(253872) User=0.00s Sys=0.00s Real=0.00s
[1374776.225s][info][gc,start     ] GC(253873) Pause Young (Allocation Failure)
[1374776.225s][info][gc,task      ] GC(253873) Using 9 workers of 9 for evacuation
[1374776.230s][info][gc,heap      ] GC(253873) ParNew: 116018K->4695K(118016K)
[1374776.230s][info][gc,heap      ] GC(253873) CMS: 1387817K->1396541K(1966080K)
[1374776.230s][info][gc,metaspace ] GC(253873) Metaspace: 95515K(98212K)->95515K(98212K) NonClass: 86277K(88004K)->86277K(88004K) Class: 9238K(10208K)->9238K(10208K)
[1374776.230s][info][gc           ] GC(253873) Pause Young (Allocation Failure) 1468M->1368M(2035M) 5.235ms
[1374776.230s][info][gc,cpu       ] GC(253873) User=0.00s Sys=0.00s Real=0.00s
[1374780.380s][info][gc,start     ] GC(253874) Pause Young (Allocation Failure)
[1374780.381s][info][gc,task      ] GC(253874) Using 9 workers of 9 for evacuation
[1374780.385s][info][gc,heap      ] GC(253874) ParNew: 109655K->9833K(118016K)
[1374780.385s][info][gc,heap      ] GC(253874) CMS: 1396541K->1396541K(1966080K)
[1374780.385s][info][gc,metaspace ] GC(253874) Metaspace: 95515K(98212K)->95515K(98212K) NonClass: 86277K(88004K)->86277K(88004K) Class: 9238K(10208K)->9238K(10208K)
[1374780.385s][info][gc           ] GC(253874) Pause Young (Allocation Failure) 1470M->1373M(2035M) 4.634ms
[1374780.385s][info][gc,cpu       ] GC(253874) User=0.02s Sys=0.00s Real=0.02s
[1374788.979s][info][gc,start     ] GC(253875) Pause Young (Allocation Failure)
[1374788.979s][info][gc,task      ] GC(253875) Using 9 workers of 9 for evacuation
[1374788.983s][info][gc,heap      ] GC(253875) ParNew: 114793K->10417K(118016K)
[1374788.983s][info][gc,heap      ] GC(253875) CMS: 1396541K->1396766K(1966080K)
[1374788.983s][info][gc,metaspace ] GC(253875) Metaspace: 95515K(98212K)->95515K(98212K) NonClass: 86277K(88004K)->86277K(88004K) Class: 9238K(10208K)->9238K(10208K)
[1374788.984s][info][gc           ] GC(253875) Pause Young (Allocation Failure) 1475M->1374M(2035M) 4.741ms
[1374788.984s][info][gc,cpu       ] GC(253875) User=0.00s Sys=0.00s Real=0.00s
[1374795.382s][info][gc,start     ] GC(253876) Pause Young (Allocation Failure)
[1374795.383s][info][gc,task      ] GC(253876) Using 9 workers of 9 for evacuation
[1374795.387s][info][gc,heap      ] GC(253876) ParNew: 115377K->4739K(118016K)
[1374795.387s][info][gc,heap      ] GC(253876) CMS: 1396766K->1405474K(1966080K)
[1374795.387s][info][gc,metaspace ] GC(253876) Metaspace: 95515K(98212K)->95515K(98212K) NonClass: 86277K(88004K)->86277K(88004K) Class: 9238K(10208K)->9238K(10208K)
[1374795.387s][info][gc           ] GC(253876) Pause Young (Allocation Failure) 1476M->1377M(2035M) 4.946ms
[1374795.387s][info][gc,cpu       ] GC(253876) User=0.00s Sys=0.00s Real=0.00s
[1374801.674s][info][gc,start     ] GC(253877) Pause Young (Allocation Failure)
[1374801.674s][info][gc,task      ] GC(253877) Using 9 workers of 9 for evacuation
[1374801.678s][info][gc,heap      ] GC(253877) ParNew: 109699K->9668K(118016K)
[1374801.679s][info][gc,heap      ] GC(253877) CMS: 1405474K->1405474K(1966080K)
[1374801.679s][info][gc,metaspace ] GC(253877) Metaspace: 95515K(98212K)->95515K(98212K) NonClass: 86277K(88004K)->86277K(88004K) Class: 9238K(10208K)->9238K(10208K)
[1374801.679s][info][gc           ] GC(253877) Pause Young (Allocation Failure) 1479M->1381M(2035M) 4.892ms
[1374801.679s][info][gc,cpu       ] GC(253877) User=0.00s Sys=0.00s Real=0.00s
[1374811.198s][info][gc,start     ] GC(253878) Pause Young (Allocation Failure)
[1374811.198s][info][gc,task      ] GC(253878) Using 9 workers of 9 for evacuation
[1374811.203s][info][gc,heap      ] GC(253878) ParNew: 114628K->10864K(118016K)
[1374811.203s][info][gc,heap      ] GC(253878) CMS: 1405474K->1405646K(1966080K)
[1374811.203s][info][gc,metaspace ] GC(253878) Metaspace: 95515K(98212K)->95515K(98212K) NonClass: 86277K(88004K)->86277K(88004K) Class: 9238K(10208K)->9238K(10208K)
[1374811.203s][info][gc           ] GC(253878) Pause Young (Allocation Failure) 1484M->1383M(2035M) 4.519ms
[1374811.203s][info][gc,cpu       ] GC(253878) User=0.00s Sys=0.00s Real=0.00s
[1374820.955s][info][gc,start     ] GC(253879) Pause Young (Allocation Failure)
[1374820.955s][info][gc,task      ] GC(253879) Using 9 workers of 9 for evacuation
[1374820.959s][info][gc,heap      ] GC(253879) ParNew: 115824K->4298K(118016K)
[1374820.959s][info][gc,heap      ] GC(253879) CMS: 1405646K->1405698K(1966080K)
[1374820.959s][info][gc,metaspace ] GC(253879) Metaspace: 95515K(98212K)->95515K(98212K) NonClass: 86277K(88004K)->86277K(88004K) Class: 9238K(10208K)->9238K(10208K)
[1374820.959s][info][gc           ] GC(253879) Pause Young (Allocation Failure) 1485M->1376M(2035M) 4.504ms
[1374820.960s][info][gc,cpu       ] GC(253879) User=0.13s Sys=0.02s Real=0.02s
[1374828.928s][info][gc,start     ] GC(253880) Pause Young (Allocation Failure)
[1374828.928s][info][gc,task      ] GC(253880) Using 9 workers of 9 for evacuation
[1374828.932s][info][gc,heap      ] GC(253880) ParNew: 109258K->1219K(118016K)
[1374828.932s][info][gc,heap      ] GC(253880) CMS: 1405698K->1405698K(1966080K)
[1374828.932s][info][gc,metaspace ] GC(253880) Metaspace: 95515K(98212K)->95515K(98212K) NonClass: 86277K(88004K)->86277K(88004K) Class: 9238K(10208K)->9238K(10208K)
[1374828.932s][info][gc           ] GC(253880) Pause Young (Allocation Failure) 1479M->1373M(2035M) 4.669ms
[1374828.932s][info][gc,cpu       ] GC(253880) User=0.00s Sys=0.00s Real=0.00s
[1374839.730s][info][gc,start     ] GC(253881) Pause Young (Allocation Failure)
[1374839.730s][info][gc,task      ] GC(253881) Using 9 workers of 9 for evacuation
[1374839.734s][info][gc,heap      ] GC(253881) ParNew: 106179K->9258K(118016K)
[1374839.735s][info][gc,heap      ] GC(253881) CMS: 1405698K->1405698K(1966080K)
[1374839.735s][info][gc,metaspace ] GC(253881) Metaspace: 95515K(98212K)->95515K(98212K) NonClass: 86277K(88004K)->86277K(88004K) Class: 9238K(10208K)->9238K(10208K)
[1374839.735s][info][gc           ] GC(253881) Pause Young (Allocation Failure) 1476M->1381M(2035M) 4.603ms
[1374839.735s][info][gc,cpu       ] GC(253881) User=0.00s Sys=0.00s Real=0.00s
[1374848.110s][info][gc,start     ] GC(253882) Pause Young (Allocation Failure)
[1374848.110s][info][gc,task      ] GC(253882) Using 9 workers of 9 for evacuation
[1374848.114s][info][gc,heap      ] GC(253882) ParNew: 114218K->1587K(118016K)
[1374848.114s][info][gc,heap      ] GC(253882) CMS: 1405698K->1405928K(1966080K)
[1374848.114s][info][gc,metaspace ] GC(253882) Metaspace: 95515K(98212K)->95515K(98212K) NonClass: 86277K(88004K)->86277K(88004K) Class: 9238K(10208K)->9238K(10208K)
[1374848.114s][info][gc           ] GC(253882) Pause Young (Allocation Failure) 1484M->1374M(2035M) 4.268ms
[1374848.114s][info][gc,cpu       ] GC(253882) User=0.00s Sys=0.00s Real=0.00s
[1374854.440s][info][gc,start     ] GC(253883) Pause Young (Allocation Failure)
[1374854.441s][info][gc,task      ] GC(253883) Using 9 workers of 9 for evacuation
[1374854.445s][info][gc,heap      ] GC(253883) ParNew: 106547K->9373K(118016K)
[1374854.446s][info][gc,heap      ] GC(253883) CMS: 1405928K->1405928K(1966080K)
[1374854.446s][info][gc,metaspace ] GC(253883) Metaspace: 95515K(98212K)->95515K(98212K) NonClass: 86277K(88004K)->86277K(88004K) Class: 9238K(10208K)->9238K(10208K)
[1374854.446s][info][gc           ] GC(253883) Pause Young (Allocation Failure) 1477M->1382M(2035M) 5.152ms
[1374854.446s][info][gc,cpu       ] GC(253883) User=0.00s Sys=0.00s Real=0.00s
[1374860.583s][info][gc,start     ] GC(253884) Pause Young (Allocation Failure)
[1374860.583s][info][gc,task      ] GC(253884) Using 9 workers of 9 for evacuation
[1374860.587s][info][gc,heap      ] GC(253884) ParNew: 114333K->10100K(118016K)
[1374860.587s][info][gc,heap      ] GC(253884) CMS: 1405928K->1406060K(1966080K)
[1374860.587s][info][gc,metaspace ] GC(253884) Metaspace: 95515K(98212K)->95515K(98212K) NonClass: 86277K(88004K)->86277K(88004K) Class: 9238K(10208K)->9238K(10208K)
[1374860.587s][info][gc           ] GC(253884) Pause Young (Allocation Failure) 1484M->1382M(2035M) 4.441ms
[1374860.587s][info][gc,cpu       ] GC(253884) User=0.00s Sys=0.00s Real=0.00s
[1374867.026s][info][gc,start     ] GC(253885) Pause Young (Allocation Failure)
[1374867.026s][info][gc,task      ] GC(253885) Using 9 workers of 9 for evacuation
[1374867.030s][info][gc,heap      ] GC(253885) ParNew: 115060K->3085K(118016K)
[1374867.030s][info][gc,heap      ] GC(253885) CMS: 1406060K->1406189K(1966080K)
[1374867.030s][info][gc,metaspace ] GC(253885) Metaspace: 95515K(98212K)->95515K(98212K) NonClass: 86277K(88004K)->86277K(88004K) Class: 9238K(10208K)->9238K(10208K)
[1374867.030s][info][gc           ] GC(253885) Pause Young (Allocation Failure) 1485M->1376M(2035M) 4.649ms
[1374867.031s][info][gc,cpu       ] GC(253885) User=0.00s Sys=0.02s Real=0.02s
[1374871.594s][info][gc,start     ] GC(253886) Pause Young (Allocation Failure)
[1374871.594s][info][gc,task      ] GC(253886) Using 9 workers of 9 for evacuation
[1374871.599s][info][gc,heap      ] GC(253886) ParNew: 108045K->9537K(118016K)
[1374871.599s][info][gc,heap      ] GC(253886) CMS: 1406189K->1406189K(1966080K)
[1374871.599s][info][gc,metaspace ] GC(253886) Metaspace: 95515K(98212K)->95515K(98212K) NonClass: 86277K(88004K)->86277K(88004K) Class: 9238K(10208K)->9238K(10208K)
[1374871.599s][info][gc           ] GC(253886) Pause Young (Allocation Failure) 1478M->1382M(2035M) 4.769ms
[1374871.599s][info][gc,cpu       ] GC(253886) User=0.00s Sys=0.00s Real=0.00s
[1374879.177s][info][gc,start     ] GC(253887) Pause Young (Allocation Failure)
[1374879.177s][info][gc,task      ] GC(253887) Using 9 workers of 9 for evacuation
[1374879.181s][info][gc,heap      ] GC(253887) ParNew: 114162K->3389K(118016K)
[1374879.181s][info][gc,heap      ] GC(253887) CMS: 1406189K->1406347K(1966080K)
[1374879.181s][info][gc,metaspace ] GC(253887) Metaspace: 95515K(98212K)->95515K(98212K) NonClass: 86277K(88004K)->86277K(88004K) Class: 9238K(10208K)->9238K(10208K)
[1374879.181s][info][gc           ] GC(253887) Pause Young (Allocation Failure) 1484M->1376M(2035M) 4.248ms
[1374879.181s][info][gc,cpu       ] GC(253887) User=0.00s Sys=0.00s Real=0.00s
[1374884.355s][info][gc,start     ] GC(253888) Pause Young (Allocation Failure)
[1374884.355s][info][gc,task      ] GC(253888) Using 9 workers of 9 for evacuation
[1374884.360s][info][gc,heap      ] GC(253888) ParNew: 108349K->9589K(118016K)
[1374884.360s][info][gc,heap      ] GC(253888) CMS: 1406347K->1406347K(1966080K)
[1374884.360s][info][gc,metaspace ] GC(253888) Metaspace: 95515K(98212K)->95515K(98212K) NonClass: 86277K(88004K)->86277K(88004K) Class: 9238K(10208K)->9238K(10208K)
[1374884.360s][info][gc           ] GC(253888) Pause Young (Allocation Failure) 1479M->1382M(2035M) 5.108ms
[1374884.360s][info][gc,cpu       ] GC(253888) User=0.13s Sys=0.00s Real=0.02s
[1374889.527s][info][gc,start     ] GC(253889) Pause Young (Allocation Failure)
[1374889.527s][info][gc,task      ] GC(253889) Using 9 workers of 9 for evacuation
[1374889.532s][info][gc,heap      ] GC(253889) ParNew: 114549K->10527K(118016K)
[1374889.532s][info][gc,heap      ] GC(253889) CMS: 1406347K->1406490K(1966080K)
[1374889.532s][info][gc,metaspace ] GC(253889) Metaspace: 95515K(98212K)->95515K(98212K) NonClass: 86277K(88004K)->86277K(88004K) Class: 9238K(10208K)->9238K(10208K)
[1374889.532s][info][gc           ] GC(253889) Pause Young (Allocation Failure) 1485M->1383M(2035M) 4.726ms
[1374889.532s][info][gc,cpu       ] GC(253889) User=0.00s Sys=0.00s Real=0.00s
[1374896.321s][info][gc,start     ] GC(253890) Pause Young (Allocation Failure)
[1374896.321s][info][gc,task      ] GC(253890) Using 9 workers of 9 for evacuation
[1374896.326s][info][gc,heap      ] GC(253890) ParNew: 115487K->3710K(118016K)
[1374896.326s][info][gc,heap      ] GC(253890) CMS: 1406490K->1415269K(1966080K)
[1374896.326s][info][gc,metaspace ] GC(253890) Metaspace: 95515K(98212K)->95515K(98212K) NonClass: 86277K(88004K)->86277K(88004K) Class: 9238K(10208K)->9238K(10208K)
[1374896.326s][info][gc           ] GC(253890) Pause Young (Allocation Failure) 1486M->1385M(2035M) 5.126ms
[1374896.326s][info][gc,cpu       ] GC(253890) User=0.05s Sys=0.00s Real=0.01s
[1374902.905s][info][gc,start     ] GC(253891) Pause Young (Allocation Failure)
[1374902.905s][info][gc,task      ] GC(253891) Using 9 workers of 9 for evacuation
[1374902.910s][info][gc,heap      ] GC(253891) ParNew: 108670K->9610K(118016K)
[1374902.910s][info][gc,heap      ] GC(253891) CMS: 1415269K->1415269K(1966080K)
[1374902.910s][info][gc,metaspace ] GC(253891) Metaspace: 95515K(98212K)->95515K(98212K) NonClass: 86277K(88004K)->86277K(88004K) Class: 9238K(10208K)->9238K(10208K)
[1374902.910s][info][gc           ] GC(253891) Pause Young (Allocation Failure) 1488M->1391M(2035M) 4.920ms
[1374902.910s][info][gc,cpu       ] GC(253891) User=0.00s Sys=0.00s Real=0.00s
[1374913.494s][info][gc,start     ] GC(253892) Pause Young (Allocation Failure)
[1374913.494s][info][gc,task      ] GC(253892) Using 9 workers of 9 for evacuation
[1374913.499s][info][gc,heap      ] GC(253892) ParNew: 114570K->10779K(118016K)
[1374913.499s][info][gc,heap      ] GC(253892) CMS: 1415269K->1415416K(1966080K)
[1374913.499s][info][gc,metaspace ] GC(253892) Metaspace: 95515K(98212K)->95515K(98212K) NonClass: 86277K(88004K)->86277K(88004K) Class: 9238K(10208K)->9238K(10208K)
[1374913.499s][info][gc           ] GC(253892) Pause Young (Allocation Failure) 1493M->1392M(2035M) 4.904ms
[1374913.499s][info][gc,cpu       ] GC(253892) User=0.00s Sys=0.00s Real=0.00s
[1374920.404s][info][gc,start     ] GC(253893) Pause Young (Allocation Failure)
[1374920.404s][info][gc,task      ] GC(253893) Using 9 workers of 9 for evacuation
[1374920.409s][info][gc,heap      ] GC(253893) ParNew: 115739K->10974K(118016K)
[1374920.409s][info][gc,heap      ] GC(253893) CMS: 1415416K->1415447K(1966080K)
[1374920.409s][info][gc,metaspace ] GC(253893) Metaspace: 95515K(98212K)->95515K(98212K) NonClass: 86277K(88004K)->86277K(88004K) Class: 9238K(10208K)->9238K(10208K)
[1374920.410s][info][gc           ] GC(253893) Pause Young (Allocation Failure) 1495M->1392M(2035M) 5.739ms
[1374920.410s][info][gc,cpu       ] GC(253893) User=0.00s Sys=0.02s Real=0.01s
[1374929.490s][info][gc,start     ] GC(253894) Pause Young (Allocation Failure)
[1374929.490s][info][gc,task      ] GC(253894) Using 9 workers of 9 for evacuation
[1374929.494s][info][gc,heap      ] GC(253894) ParNew: 115934K->5133K(118016K)
[1374929.494s][info][gc,heap      ] GC(253894) CMS: 1415447K->1415503K(1966080K)
[1374929.494s][info][gc,metaspace ] GC(253894) Metaspace: 95515K(98212K)->95515K(98212K) NonClass: 86277K(88004K)->86277K(88004K) Class: 9238K(10208K)->9238K(10208K)
[1374929.494s][info][gc           ] GC(253894) Pause Young (Allocation Failure) 1495M->1387M(2035M) 4.679ms
[1374929.494s][info][gc,cpu       ] GC(253894) User=0.00s Sys=0.00s Real=0.00s
[1374935.695s][info][gc,start     ] GC(253895) Pause Young (Allocation Failure)
[1374935.695s][info][gc,task      ] GC(253895) Using 9 workers of 9 for evacuation
[1374935.700s][info][gc,heap      ] GC(253895) ParNew: 110093K->9704K(118016K)
[1374935.700s][info][gc,heap      ] GC(253895) CMS: 1415503K->1415503K(1966080K)
[1374935.700s][info][gc,metaspace ] GC(253895) Metaspace: 95515K(98212K)->95515K(98212K) NonClass: 86277K(88004K)->86277K(88004K) Class: 9238K(10208K)->9238K(10208K)
[1374935.700s][info][gc           ] GC(253895) Pause Young (Allocation Failure) 1489M->1391M(2035M) 5.043ms
[1374935.700s][info][gc,cpu       ] GC(253895) User=0.00s Sys=0.00s Real=0.00s
[1374943.358s][info][gc,start     ] GC(253896) Pause Young (Allocation Failure)
[1374943.358s][info][gc,task      ] GC(253896) Using 9 workers of 9 for evacuation
[1374943.363s][info][gc,heap      ] GC(253896) ParNew: 114664K->10601K(118016K)
[1374943.363s][info][gc,heap      ] GC(253896) CMS: 1415503K->1415671K(1966080K)
[1374943.363s][info][gc,metaspace ] GC(253896) Metaspace: 95515K(98212K)->95515K(98212K) NonClass: 86277K(88004K)->86277K(88004K) Class: 9238K(10208K)->9238K(10208K)
[1374943.363s][info][gc           ] GC(253896) Pause Young (Allocation Failure) 1494M->1392M(2035M) 4.468ms
[1374943.363s][info][gc,cpu       ] GC(253896) User=0.00s Sys=0.02s Real=0.02s
[1374952.365s][info][gc,start     ] GC(253897) Pause Young (Allocation Failure)
[1374952.365s][info][gc,task      ] GC(253897) Using 9 workers of 9 for evacuation
[1374952.370s][info][gc,heap      ] GC(253897) ParNew: 115561K->12077K(118016K)
[1374952.370s][info][gc,heap      ] GC(253897) CMS: 1415671K->1415761K(1966080K)
[1374952.370s][info][gc,metaspace ] GC(253897) Metaspace: 95515K(98212K)->95515K(98212K) NonClass: 86277K(88004K)->86277K(88004K) Class: 9238K(10208K)->9238K(10208K)
[1374952.370s][info][gc           ] GC(253897) Pause Young (Allocation Failure) 1495M->1394M(2035M) 4.789ms
[1374952.370s][info][gc,cpu       ] GC(253897) User=0.00s Sys=0.00s Real=0.00s
[1374959.002s][info][gc,start     ] GC(253898) Pause Young (Allocation Failure)
[1374959.002s][info][gc,task      ] GC(253898) Using 9 workers of 9 for evacuation
[1374959.005s][info][gc,heap      ] GC(253898) ParNew: 117037K->5670K(118016K)
[1374959.006s][info][gc,heap      ] GC(253898) CMS: 1415761K->1415914K(1966080K)
[1374959.006s][info][gc,metaspace ] GC(253898) Metaspace: 95515K(98212K)->95515K(98212K) NonClass: 86277K(88004K)->86277K(88004K) Class: 9238K(10208K)->9238K(10208K)
[1374959.006s][info][gc           ] GC(253898) Pause Young (Allocation Failure) 1496M->1388M(2035M) 4.040ms
[1374959.006s][info][gc,cpu       ] GC(253898) User=0.00s Sys=0.00s Real=0.00s
[1374966.708s][info][gc,start     ] GC(253899) Pause Young (Allocation Failure)
[1374966.708s][info][gc,task      ] GC(253899) Using 9 workers of 9 for evacuation
[1374966.713s][info][gc,heap      ] GC(253899) ParNew: 110630K->10173K(118016K)
[1374966.713s][info][gc,heap      ] GC(253899) CMS: 1415914K->1415914K(1966080K)
[1374966.713s][info][gc,metaspace ] GC(253899) Metaspace: 95515K(98212K)->95515K(98212K) NonClass: 86277K(88004K)->86277K(88004K) Class: 9238K(10208K)->9238K(10208K)
[1374966.713s][info][gc           ] GC(253899) Pause Young (Allocation Failure) 1490M->1392M(2035M) 4.419ms
[1374966.713s][info][gc,cpu       ] GC(253899) User=0.00s Sys=0.00s Real=0.00s
[1374976.462s][info][gc,start     ] GC(253900) Pause Young (Allocation Failure)
[1374976.462s][info][gc,task      ] GC(253900) Using 9 workers of 9 for evacuation
[1374976.466s][info][gc,heap      ] GC(253900) ParNew: 115133K->11262K(118016K)
[1374976.466s][info][gc,heap      ] GC(253900) CMS: 1415914K->1416099K(1966080K)
[1374976.466s][info][gc,metaspace ] GC(253900) Metaspace: 95515K(98212K)->95515K(98212K) NonClass: 86277K(88004K)->86277K(88004K) Class: 9238K(10208K)->9238K(10208K)
[1374976.466s][info][gc           ] GC(253900) Pause Young (Allocation Failure) 1495M->1393M(2035M) 4.877ms
[1374976.467s][info][gc,cpu       ] GC(253900) User=0.00s Sys=0.00s Real=0.00s
[1374983.791s][info][gc,start     ] GC(253901) Pause Young (Allocation Failure)
[1374983.792s][info][gc,task      ] GC(253901) Using 9 workers of 9 for evacuation
[1374983.796s][info][gc,heap      ] GC(253901) ParNew: 116222K->12673K(118016K)
[1374983.797s][info][gc,heap      ] GC(253901) CMS: 1416099K->1416165K(1966080K)
[1374983.797s][info][gc,metaspace ] GC(253901) Metaspace: 95515K(98212K)->95515K(98212K) NonClass: 86277K(88004K)->86277K(88004K) Class: 9238K(10208K)->9238K(10208K)
[1374983.797s][info][gc           ] GC(253901) Pause Young (Allocation Failure) 1496M->1395M(2035M) 5.190ms
[1374983.797s][info][gc,cpu       ] GC(253901) User=0.00s Sys=0.00s Real=0.00s
[1374991.243s][info][gc,start     ] GC(253902) Pause Young (Allocation Failure)
[1374991.243s][info][gc,task      ] GC(253902) Using 9 workers of 9 for evacuation
[1374991.247s][info][gc,heap      ] GC(253902) ParNew: 117633K->12246K(118016K)
[1374991.247s][info][gc,heap      ] GC(253902) CMS: 1416165K->1416233K(1966080K)
[1374991.247s][info][gc,metaspace ] GC(253902) Metaspace: 95515K(98212K)->95515K(98212K) NonClass: 86277K(88004K)->86277K(88004K) Class: 9238K(10208K)->9238K(10208K)
[1374991.247s][info][gc           ] GC(253902) Pause Young (Allocation Failure) 1497M->1395M(2035M) 4.650ms
[1374991.247s][info][gc,cpu       ] GC(253902) User=0.00s Sys=0.00s Real=0.00s
[1375000.394s][info][gc,start     ] GC(253903) Pause Young (Allocation Failure)
[1375000.395s][info][gc,task      ] GC(253903) Using 9 workers of 9 for evacuation
[1375000.399s][info][gc,heap      ] GC(253903) ParNew: 117201K->11802K(118016K)
[1375000.399s][info][gc,heap      ] GC(253903) CMS: 1416233K->1416312K(1966080K)
[1375000.399s][info][gc,metaspace ] GC(253903) Metaspace: 95515K(98212K)->95515K(98212K) NonClass: 86277K(88004K)->86277K(88004K) Class: 9238K(10208K)->9238K(10208K)
[1375000.399s][info][gc           ] GC(253903) Pause Young (Allocation Failure) 1497M->1394M(2035M) 4.984ms
[1375000.399s][info][gc,cpu       ] GC(253903) User=0.06s Sys=0.00s Real=0.01s
[1375008.772s][info][gc,start     ] GC(253904) Pause Young (Allocation Failure)
[1375008.773s][info][gc,task      ] GC(253904) Using 9 workers of 9 for evacuation
[1375008.777s][info][gc,heap      ] GC(253904) ParNew: 116572K->6185K(118016K)
[1375008.777s][info][gc,heap      ] GC(253904) CMS: 1416312K->1416346K(1966080K)
[1375008.777s][info][gc,metaspace ] GC(253904) Metaspace: 95515K(98212K)->95515K(98212K) NonClass: 86277K(88004K)->86277K(88004K) Class: 9238K(10208K)->9238K(10208K)
[1375008.777s][info][gc           ] GC(253904) Pause Young (Allocation Failure) 1496M->1389M(2035M) 4.638ms
[1375008.777s][info][gc,cpu       ] GC(253904) User=0.00s Sys=0.00s Real=0.00s
[1375018.866s][info][gc,start     ] GC(253905) Pause Young (Allocation Failure)
[1375018.866s][info][gc,task      ] GC(253905) Using 9 workers of 9 for evacuation
[1375018.870s][info][gc,heap      ] GC(253905) ParNew: 111145K->2347K(118016K)
[1375018.870s][info][gc,heap      ] GC(253905) CMS: 1416346K->1416346K(1966080K)
[1375018.870s][info][gc,metaspace ] GC(253905) Metaspace: 95515K(98212K)->95515K(98212K) NonClass: 86277K(88004K)->86277K(88004K) Class: 9238K(10208K)->9238K(10208K)
[1375018.870s][info][gc           ] GC(253905) Pause Young (Allocation Failure) 1491M->1385M(2035M) 4.194ms
[1375018.870s][info][gc,cpu       ] GC(253905) User=0.00s Sys=0.00s Real=0.00s
[1375029.699s][info][gc,start     ] GC(253906) Pause Young (Allocation Failure)
[1375029.700s][info][gc,task      ] GC(253906) Using 9 workers of 9 for evacuation
[1375029.704s][info][gc,heap      ] GC(253906) ParNew: 107145K->2100K(118016K)
[1375029.704s][info][gc,heap      ] GC(253906) CMS: 1416346K->1416346K(1966080K)
[1375029.704s][info][gc,metaspace ] GC(253906) Metaspace: 95515K(98212K)->95515K(98212K) NonClass: 86277K(88004K)->86277K(88004K) Class: 9238K(10208K)->9238K(10208K)
[1375029.704s][info][gc           ] GC(253906) Pause Young (Allocation Failure) 1487M->1385M(2035M) 4.365ms
[1375029.704s][info][gc,cpu       ] GC(253906) User=0.00s Sys=0.00s Real=0.00s
[1375035.548s][info][gc,start     ] GC(253907) Pause Young (Allocation Failure)
[1375035.548s][info][gc,task      ] GC(253907) Using 9 workers of 9 for evacuation
[1375035.553s][info][gc,heap      ] GC(253907) ParNew: 107060K->9392K(118016K)
[1375035.553s][info][gc,heap      ] GC(253907) CMS: 1416346K->1416346K(1966080K)
[1375035.553s][info][gc,metaspace ] GC(253907) Metaspace: 95515K(98212K)->95515K(98212K) NonClass: 86277K(88004K)->86277K(88004K) Class: 9238K(10208K)->9238K(10208K)
[1375035.553s][info][gc           ] GC(253907) Pause Young (Allocation Failure) 1487M->1392M(2035M) 4.758ms
[1375035.553s][info][gc,cpu       ] GC(253907) User=0.00s Sys=0.00s Real=0.00s
[1375044.920s][info][gc,start     ] GC(253908) Pause Young (Allocation Failure)
[1375044.920s][info][gc,task      ] GC(253908) Using 9 workers of 9 for evacuation
[1375044.925s][info][gc,heap      ] GC(253908) ParNew: 114352K->10029K(118016K)
[1375044.925s][info][gc,heap      ] GC(253908) CMS: 1416346K->1416602K(1966080K)
[1375044.925s][info][gc,metaspace ] GC(253908) Metaspace: 95515K(98212K)->95515K(98212K) NonClass: 86277K(88004K)->86277K(88004K) Class: 9238K(10208K)->9238K(10208K)
[1375044.925s][info][gc           ] GC(253908) Pause Young (Allocation Failure) 1494M->1393M(2035M) 5.087ms
[1375044.925s][info][gc,cpu       ] GC(253908) User=0.00s Sys=0.02s Real=0.02s
[1375050.893s][info][gc,start     ] GC(253909) Pause Young (Allocation Failure)
[1375050.893s][info][gc,task      ] GC(253909) Using 9 workers of 9 for evacuation
[1375050.898s][info][gc,heap      ] GC(253909) ParNew: 114680K->3822K(118016K)
[1375050.898s][info][gc,heap      ] GC(253909) CMS: 1416602K->1416656K(1966080K)
[1375050.898s][info][gc,metaspace ] GC(253909) Metaspace: 95515K(98212K)->95515K(98212K) NonClass: 86277K(88004K)->86277K(88004K) Class: 9238K(10208K)->9238K(10208K)
[1375050.898s][info][gc           ] GC(253909) Pause Young (Allocation Failure) 1495M->1387M(2035M) 4.756ms
[1375050.898s][info][gc,cpu       ] GC(253909) User=0.03s Sys=0.00s Real=0.02s
[1375056.096s][info][gc,start     ] GC(253910) Pause Young (Allocation Failure)
[1375056.097s][info][gc,task      ] GC(253910) Using 9 workers of 9 for evacuation
[1375056.101s][info][gc,heap      ] GC(253910) ParNew: 108782K->9612K(118016K)
[1375056.101s][info][gc,heap      ] GC(253910) CMS: 1416656K->1416656K(1966080K)
[1375056.101s][info][gc,metaspace ] GC(253910) Metaspace: 95515K(98212K)->95515K(98212K) NonClass: 86277K(88004K)->86277K(88004K) Class: 9238K(10208K)->9238K(10208K)
[1375056.101s][info][gc           ] GC(253910) Pause Young (Allocation Failure) 1489M->1392M(2035M) 4.695ms
[1375056.101s][info][gc,cpu       ] GC(253910) User=0.00s Sys=0.02s Real=0.02s
[1375061.746s][info][gc,start     ] GC(253911) Pause Young (Allocation Failure)
[1375061.746s][info][gc,task      ] GC(253911) Using 9 workers of 9 for evacuation
[1375061.751s][info][gc,heap      ] GC(253911) ParNew: 114572K->10454K(118016K)
[1375061.751s][info][gc,heap      ] GC(253911) CMS: 1416656K->1416858K(1966080K)
[1375061.751s][info][gc,metaspace ] GC(253911) Metaspace: 95515K(98212K)->95515K(98212K) NonClass: 86277K(88004K)->86277K(88004K) Class: 9238K(10208K)->9238K(10208K)
[1375061.751s][info][gc           ] GC(253911) Pause Young (Allocation Failure) 1495M->1393M(2035M) 4.841ms
[1375061.751s][info][gc,cpu       ] GC(253911) User=0.00s Sys=0.00s Real=0.00s
[1375070.915s][info][gc,start     ] GC(253912) Pause Young (Allocation Failure)
[1375070.915s][info][gc,task      ] GC(253912) Using 9 workers of 9 for evacuation
[1375070.919s][info][gc,heap      ] GC(253912) ParNew: 115414K->3628K(118016K)
[1375070.919s][info][gc,heap      ] GC(253912) CMS: 1416858K->1416979K(1966080K)
[1375070.919s][info][gc,metaspace ] GC(253912) Metaspace: 95515K(98212K)->95515K(98212K) NonClass: 86277K(88004K)->86277K(88004K) Class: 9238K(10208K)->9238K(10208K)
[1375070.919s][info][gc           ] GC(253912) Pause Young (Allocation Failure) 1496M->1387M(2035M) 4.224ms
[1375070.919s][info][gc,cpu       ] GC(253912) User=0.00s Sys=0.00s Real=0.00s
[1375079.431s][info][gc,start     ] GC(253913) Pause Young (Allocation Failure)
[1375079.432s][info][gc,task      ] GC(253913) Using 9 workers of 9 for evacuation
[1375079.436s][info][gc,heap      ] GC(253913) ParNew: 108588K->1051K(118016K)
[1375079.436s][info][gc,heap      ] GC(253913) CMS: 1416979K->1416979K(1966080K)
[1375079.436s][info][gc,metaspace ] GC(253913) Metaspace: 95515K(98212K)->95515K(98212K) NonClass: 86277K(88004K)->86277K(88004K) Class: 9238K(10208K)->9238K(10208K)
[1375079.436s][info][gc           ] GC(253913) Pause Young (Allocation Failure) 1489M->1384M(2035M) 4.341ms
[1375079.436s][info][gc,cpu       ] GC(253913) User=0.00s Sys=0.00s Real=0.00s
[1375086.790s][info][gc,start     ] GC(253914) Pause Young (Allocation Failure)
[1375086.790s][info][gc,task      ] GC(253914) Using 9 workers of 9 for evacuation
[1375086.795s][info][gc,heap      ] GC(253914) ParNew: 106011K->9344K(118016K)
[1375086.795s][info][gc,heap      ] GC(253914) CMS: 1416979K->1416979K(1966080K)
[1375086.795s][info][gc,metaspace ] GC(253914) Metaspace: 95515K(98212K)->95515K(98212K) NonClass: 86277K(88004K)->86277K(88004K) Class: 9238K(10208K)->9238K(10208K)
[1375086.795s][info][gc           ] GC(253914) Pause Young (Allocation Failure) 1487M->1392M(2035M) 4.581ms
[1375086.795s][info][gc,cpu       ] GC(253914) User=0.00s Sys=0.00s Real=0.00s
[1375095.767s][info][gc,start     ] GC(253915) Pause Young (Allocation Failure)
[1375095.767s][info][gc,task      ] GC(253915) Using 9 workers of 9 for evacuation
[1375095.771s][info][gc,heap      ] GC(253915) ParNew: 114304K->10058K(118016K)
[1375095.771s][info][gc,heap      ] GC(253915) CMS: 1416979K->1417173K(1966080K)
[1375095.771s][info][gc,metaspace ] GC(253915) Metaspace: 95515K(98212K)->95515K(98212K) NonClass: 86277K(88004K)->86277K(88004K) Class: 9238K(10208K)->9238K(10208K)
[1375095.772s][info][gc           ] GC(253915) Pause Young (Allocation Failure) 1495M->1393M(2035M) 4.627ms
[1375095.772s][info][gc,cpu       ] GC(253915) User=0.00s Sys=0.00s Real=0.00s
[1375102.269s][info][gc,start     ] GC(253916) Pause Young (Allocation Failure)
[1375102.270s][info][gc,task      ] GC(253916) Using 9 workers of 9 for evacuation
[1375102.274s][info][gc,heap      ] GC(253916) ParNew: 115018K->10791K(118016K)
[1375102.274s][info][gc,heap      ] GC(253916) CMS: 1417173K->1417218K(1966080K)
[1375102.274s][info][gc,metaspace ] GC(253916) Metaspace: 95515K(98212K)->95515K(98212K) NonClass: 86277K(88004K)->86277K(88004K) Class: 9238K(10208K)->9238K(10208K)
[1375102.274s][info][gc           ] GC(253916) Pause Young (Allocation Failure) 1496M->1394M(2035M) 4.817ms
[1375102.274s][info][gc,cpu       ] GC(253916) User=0.00s Sys=0.00s Real=0.02s
[1375112.462s][info][gc,start     ] GC(253917) Pause Young (Allocation Failure)
[1375112.462s][info][gc,task      ] GC(253917) Using 9 workers of 9 for evacuation
[1375112.467s][info][gc,heap      ] GC(253917) ParNew: 115751K->12265K(118016K)
[1375112.467s][info][gc,heap      ] GC(253917) CMS: 1417218K->1417293K(1966080K)
[1375112.467s][info][gc,metaspace ] GC(253917) Metaspace: 95515K(98212K)->95515K(98212K) NonClass: 86277K(88004K)->86277K(88004K) Class: 9238K(10208K)->9238K(10208K)
[1375112.467s][info][gc           ] GC(253917) Pause Young (Allocation Failure) 1497M->1396M(2035M) 4.802ms
[1375112.467s][info][gc,cpu       ] GC(253917) User=0.00s Sys=0.00s Real=0.00s
[1375118.487s][info][gc,start     ] GC(253918) Pause Young (Allocation Failure)
[1375118.487s][info][gc,task      ] GC(253918) Using 9 workers of 9 for evacuation
[1375118.492s][info][gc,heap      ] GC(253918) ParNew: 117225K->12027K(118016K)
[1375118.492s][info][gc,heap      ] GC(253918) CMS: 1417293K->1417338K(1966080K)
[1375118.492s][info][gc,metaspace ] GC(253918) Metaspace: 95515K(98212K)->95515K(98212K) NonClass: 86277K(88004K)->86277K(88004K) Class: 9238K(10208K)->9238K(10208K)
[1375118.492s][info][gc           ] GC(253918) Pause Young (Allocation Failure) 1498M->1395M(2035M) 4.616ms
[1375118.492s][info][gc,cpu       ] GC(253918) User=0.00s Sys=0.00s Real=0.00s
[1375128.029s][info][gc,start     ] GC(253919) Pause Young (Allocation Failure)
[1375128.029s][info][gc,task      ] GC(253919) Using 9 workers of 9 for evacuation
[1375128.033s][info][gc,heap      ] GC(253919) ParNew: 116987K->8315K(118016K)
[1375128.033s][info][gc,heap      ] GC(253919) CMS: 1417338K->1417393K(1966080K)
[1375128.033s][info][gc,metaspace ] GC(253919) Metaspace: 95515K(98212K)->95515K(98212K) NonClass: 86277K(88004K)->86277K(88004K) Class: 9238K(10208K)->9238K(10208K)
[1375128.033s][info][gc           ] GC(253919) Pause Young (Allocation Failure) 1498M->1392M(2035M) 4.352ms
[1375128.033s][info][gc,cpu       ] GC(253919) User=0.00s Sys=0.00s Real=0.00s
[1375136.286s][info][gc,start     ] GC(253920) Pause Young (Allocation Failure)
[1375136.286s][info][gc,task      ] GC(253920) Using 9 workers of 9 for evacuation
[1375136.290s][info][gc,heap      ] GC(253920) ParNew: 113275K->10523K(118016K)
[1375136.290s][info][gc,heap      ] GC(253920) CMS: 1417393K->1417393K(1966080K)
[1375136.290s][info][gc,metaspace ] GC(253920) Metaspace: 95515K(98212K)->95515K(98212K) NonClass: 86277K(88004K)->86277K(88004K) Class: 9238K(10208K)->9238K(10208K)
[1375136.290s][info][gc           ] GC(253920) Pause Young (Allocation Failure) 1494M->1394M(2035M) 4.634ms
[1375136.291s][info][gc,cpu       ] GC(253920) User=0.00s Sys=0.00s Real=0.00s
[1375142.027s][info][gc,start     ] GC(253921) Pause Young (Allocation Failure)
[1375142.027s][info][gc,task      ] GC(253921) Using 9 workers of 9 for evacuation
[1375142.032s][info][gc,heap      ] GC(253921) ParNew: 115483K->11364K(118016K)
[1375142.032s][info][gc,heap      ] GC(253921) CMS: 1417393K->1417424K(1966080K)
[1375142.032s][info][gc,metaspace ] GC(253921) Metaspace: 95515K(98212K)->95515K(98212K) NonClass: 86277K(88004K)->86277K(88004K) Class: 9238K(10208K)->9238K(10208K)
[1375142.032s][info][gc           ] GC(253921) Pause Young (Allocation Failure) 1496M->1395M(2035M) 4.708ms
[1375142.032s][info][gc,cpu       ] GC(253921) User=0.00s Sys=0.00s Real=0.00s
[1375148.867s][info][gc,start     ] GC(253922) Pause Young (Allocation Failure)
[1375148.867s][info][gc,task      ] GC(253922) Using 9 workers of 9 for evacuation
[1375148.872s][info][gc,heap      ] GC(253922) ParNew: 116324K->13056K(118016K)
[1375148.872s][info][gc,heap      ] GC(253922) CMS: 1417424K->1417680K(1966080K)
[1375148.872s][info][gc,metaspace ] GC(253922) Metaspace: 95515K(98212K)->95515K(98212K) NonClass: 86277K(88004K)->86277K(88004K) Class: 9238K(10208K)->9238K(10208K)
[1375148.872s][info][gc           ] GC(253922) Pause Young (Allocation Failure) 1497M->1397M(2035M) 4.869ms
[1375148.872s][info][gc,cpu       ] GC(253922) User=0.00s Sys=0.00s Real=0.00s
[1375154.451s][info][gc,start     ] GC(253923) Pause Young (Allocation Failure)
[1375154.452s][info][gc,task      ] GC(253923) Using 9 workers of 9 for evacuation
[1375154.457s][info][gc,heap      ] GC(253923) ParNew: 118016K->3709K(118016K)
[1375154.457s][info][gc,heap      ] GC(253923) CMS: 1417680K->1426458K(1966080K)
[1375154.457s][info][gc,metaspace ] GC(253923) Metaspace: 95515K(98212K)->95515K(98212K) NonClass: 86277K(88004K)->86277K(88004K) Class: 9238K(10208K)->9238K(10208K)
[1375154.457s][info][gc           ] GC(253923) Pause Young (Allocation Failure) 1499M->1396M(2035M) 5.711ms
[1375154.457s][info][gc,cpu       ] GC(253923) User=0.00s Sys=0.00s Real=0.00s
[1375159.990s][info][gc,start     ] GC(253924) Pause Young (Allocation Failure)
[1375159.990s][info][gc,task      ] GC(253924) Using 9 workers of 9 for evacuation
[1375159.994s][info][gc,heap      ] GC(253924) ParNew: 108667K->9602K(118016K)
[1375159.994s][info][gc,heap      ] GC(253924) CMS: 1426458K->1426458K(1966080K)
[1375159.994s][info][gc,metaspace ] GC(253924) Metaspace: 95515K(98212K)->95515K(98212K) NonClass: 86277K(88004K)->86277K(88004K) Class: 9238K(10208K)->9238K(10208K)
[1375159.994s][info][gc           ] GC(253924) Pause Young (Allocation Failure) 1499M->1402M(2035M) 4.610ms
[1375159.995s][info][gc,cpu       ] GC(253924) User=0.00s Sys=0.02s Real=0.01s
[1375169.166s][info][gc,start     ] GC(253925) Pause Young (Allocation Failure)
[1375169.167s][info][gc,task      ] GC(253925) Using 9 workers of 9 for evacuation
[1375169.171s][info][gc,heap      ] GC(253925) ParNew: 114562K->2589K(118016K)
[1375169.171s][info][gc,heap      ] GC(253925) CMS: 1426458K->1426611K(1966080K)
[1375169.171s][info][gc,metaspace ] GC(253925) Metaspace: 95515K(98212K)->95515K(98212K) NonClass: 86277K(88004K)->86277K(88004K) Class: 9238K(10208K)->9238K(10208K)
[1375169.171s][info][gc           ] GC(253925) Pause Young (Allocation Failure) 1504M->1395M(2035M) 4.250ms
[1375169.171s][info][gc,cpu       ] GC(253925) User=0.00s Sys=0.00s Real=0.00s
[1375175.004s][info][gc,start     ] GC(253926) Pause Young (Allocation Failure)
[1375175.004s][info][gc,task      ] GC(253926) Using 9 workers of 9 for evacuation
[1375175.009s][info][gc,heap      ] GC(253926) ParNew: 107548K->9394K(118016K)
[1375175.009s][info][gc,heap      ] GC(253926) CMS: 1426611K->1426611K(1966080K)
[1375175.009s][info][gc,metaspace ] GC(253926) Metaspace: 95515K(98212K)->95515K(98212K) NonClass: 86277K(88004K)->86277K(88004K) Class: 9238K(10208K)->9238K(10208K)
[1375175.009s][info][gc           ] GC(253926) Pause Young (Allocation Failure) 1498M->1402M(2035M) 4.989ms
[1375175.009s][info][gc,cpu       ] GC(253926) User=0.00s Sys=0.00s Real=0.00s
[1375182.018s][info][gc,start     ] GC(253927) Pause Young (Allocation Failure)
[1375182.018s][info][gc,task      ] GC(253927) Using 9 workers of 9 for evacuation
[1375182.023s][info][gc,heap      ] GC(253927) ParNew: 114354K->10258K(118016K)
[1375182.023s][info][gc,heap      ] GC(253927) CMS: 1426611K->1426752K(1966080K)
[1375182.023s][info][gc,metaspace ] GC(253927) Metaspace: 95515K(98212K)->95515K(98212K) NonClass: 86277K(88004K)->86277K(88004K) Class: 9238K(10208K)->9238K(10208K)
[1375182.023s][info][gc           ] GC(253927) Pause Young (Allocation Failure) 1504M->1403M(2035M) 4.699ms
[1375182.023s][info][gc,cpu       ] GC(253927) User=0.00s Sys=0.00s Real=0.00s
[1375189.222s][info][gc,start     ] GC(253928) Pause Young (Allocation Failure)
[1375189.222s][info][gc,task      ] GC(253928) Using 9 workers of 9 for evacuation
[1375189.226s][info][gc,heap      ] GC(253928) ParNew: 115218K->3793K(118016K)
[1375189.226s][info][gc,heap      ] GC(253928) CMS: 1426752K->1426819K(1966080K)
[1375189.226s][info][gc,metaspace ] GC(253928) Metaspace: 95515K(98212K)->95515K(98212K) NonClass: 86277K(88004K)->86277K(88004K) Class: 9238K(10208K)->9238K(10208K)
[1375189.226s][info][gc           ] GC(253928) Pause Young (Allocation Failure) 1505M->1397M(2035M) 4.215ms
[1375189.226s][info][gc,cpu       ] GC(253928) User=0.14s Sys=0.00s Real=0.02s
[1375195.011s][info][gc,start     ] GC(253929) Pause Young (Allocation Failure)
[1375195.011s][info][gc,task      ] GC(253929) Using 9 workers of 9 for evacuation
[1375195.015s][info][gc,heap      ] GC(253929) ParNew: 108753K->9551K(118016K)
[1375195.015s][info][gc,heap      ] GC(253929) CMS: 1426819K->1426819K(1966080K)
[1375195.015s][info][gc,metaspace ] GC(253929) Metaspace: 95515K(98212K)->95515K(98212K) NonClass: 86277K(88004K)->86277K(88004K) Class: 9238K(10208K)->9238K(10208K)
[1375195.015s][info][gc           ] GC(253929) Pause Young (Allocation Failure) 1499M->1402M(2035M) 4.525ms
[1375195.015s][info][gc,cpu       ] GC(253929) User=0.00s Sys=0.00s Real=0.00s
[1375201.001s][info][gc,start     ] GC(253930) Pause Young (Allocation Failure)
[1375201.001s][info][gc,task      ] GC(253930) Using 9 workers of 9 for evacuation
[1375201.006s][info][gc,heap      ] GC(253930) ParNew: 114511K->10585K(118016K)
[1375201.006s][info][gc,heap      ] GC(253930) CMS: 1426819K->1426930K(1966080K)
[1375201.006s][info][gc,metaspace ] GC(253930) Metaspace: 95515K(98212K)->95515K(98212K) NonClass: 86277K(88004K)->86277K(88004K) Class: 9238K(10208K)->9238K(10208K)
[1375201.006s][info][gc           ] GC(253930) Pause Young (Allocation Failure) 1505M->1403M(2035M) 4.731ms
[1375201.006s][info][gc,cpu       ] GC(253930) User=0.00s Sys=0.00s Real=0.00s
[1375207.464s][info][gc,start     ] GC(253931) Pause Young (Allocation Failure)
[1375207.464s][info][gc,task      ] GC(253931) Using 9 workers of 9 for evacuation
[1375207.468s][info][gc,heap      ] GC(253931) ParNew: 115545K->3970K(118016K)
[1375207.468s][info][gc,heap      ] GC(253931) CMS: 1426930K->1427005K(1966080K)
[1375207.468s][info][gc,metaspace ] GC(253931) Metaspace: 95515K(98212K)->95515K(98212K) NonClass: 86277K(88004K)->86277K(88004K) Class: 9238K(10208K)->9238K(10208K)
[1375207.468s][info][gc           ] GC(253931) Pause Young (Allocation Failure) 1506M->1397M(2035M) 4.395ms
[1375207.469s][info][gc,cpu       ] GC(253931) User=0.13s Sys=0.02s Real=0.02s
[1375218.625s][info][gc,start     ] GC(253932) Pause Young (Allocation Failure)
[1375218.625s][info][gc,task      ] GC(253932) Using 9 workers of 9 for evacuation
[1375218.630s][info][gc,heap      ] GC(253932) ParNew: 108928K->1126K(118016K)
[1375218.630s][info][gc,heap      ] GC(253932) CMS: 1427005K->1427005K(1966080K)
[1375218.630s][info][gc,metaspace ] GC(253932) Metaspace: 95515K(98212K)->95515K(98212K) NonClass: 86277K(88004K)->86277K(88004K) Class: 9238K(10208K)->9238K(10208K)
[1375218.630s][info][gc           ] GC(253932) Pause Young (Allocation Failure) 1499M->1394M(2035M) 4.906ms
[1375218.630s][info][gc,cpu       ] GC(253932) User=0.03s Sys=0.00s Real=0.02s
[1375225.476s][info][gc,start     ] GC(253933) Pause Young (Allocation Failure)
[1375225.476s][info][gc,task      ] GC(253933) Using 9 workers of 9 for evacuation
[1375225.480s][info][gc,heap      ] GC(253933) ParNew: 106086K->9312K(118016K)
[1375225.480s][info][gc,heap      ] GC(253933) CMS: 1427005K->1427005K(1966080K)
[1375225.481s][info][gc,metaspace ] GC(253933) Metaspace: 95515K(98212K)->95515K(98212K) NonClass: 86277K(88004K)->86277K(88004K) Class: 9238K(10208K)->9238K(10208K)
[1375225.481s][info][gc           ] GC(253933) Pause Young (Allocation Failure) 1497M->1402M(2035M) 4.781ms
[1375225.481s][info][gc,cpu       ] GC(253933) User=0.00s Sys=0.00s Real=0.00s
[1375230.831s][info][gc,start     ] GC(253934) Pause Young (Allocation Failure)
[1375230.831s][info][gc,task      ] GC(253934) Using 9 workers of 9 for evacuation
[1375230.836s][info][gc,heap      ] GC(253934) ParNew: 114261K->1780K(118016K)
[1375230.836s][info][gc,heap      ] GC(253934) CMS: 1427005K->1427227K(1966080K)
[1375230.836s][info][gc,metaspace ] GC(253934) Metaspace: 95515K(98212K)->95515K(98212K) NonClass: 86277K(88004K)->86277K(88004K) Class: 9238K(10208K)->9238K(10208K)
[1375230.836s][info][gc           ] GC(253934) Pause Young (Allocation Failure) 1505M->1395M(2035M) 5.010ms
[1375230.836s][info][gc,cpu       ] GC(253934) User=0.00s Sys=0.00s Real=0.00s
[1375238.182s][info][gc,start     ] GC(253935) Pause Young (Allocation Failure)
[1375238.182s][info][gc,task      ] GC(253935) Using 9 workers of 9 for evacuation
[1375238.186s][info][gc,heap      ] GC(253935) ParNew: 106733K->797K(118016K)
[1375238.186s][info][gc,heap      ] GC(253935) CMS: 1427227K->1427227K(1966080K)
[1375238.186s][info][gc,metaspace ] GC(253935) Metaspace: 95515K(98212K)->95515K(98212K) NonClass: 86277K(88004K)->86277K(88004K) Class: 9238K(10208K)->9238K(10208K)
[1375238.186s][info][gc           ] GC(253935) Pause Young (Allocation Failure) 1498M->1394M(2035M) 4.234ms
[1375238.186s][info][gc,cpu       ] GC(253935) User=0.00s Sys=0.00s Real=0.00s
[1375244.319s][info][gc,start     ] GC(253936) Pause Young (Allocation Failure)
[1375244.320s][info][gc,task      ] GC(253936) Using 9 workers of 9 for evacuation
[1375244.324s][info][gc,heap      ] GC(253936) ParNew: 105757K->9370K(118016K)
[1375244.324s][info][gc,heap      ] GC(253936) CMS: 1427227K->1427227K(1966080K)
[1375244.324s][info][gc,metaspace ] GC(253936) Metaspace: 95515K(98212K)->95515K(98212K) NonClass: 86277K(88004K)->86277K(88004K) Class: 9238K(10208K)->9238K(10208K)
[1375244.324s][info][gc           ] GC(253936) Pause Young (Allocation Failure) 1497M->1402M(2035M) 4.894ms
[1375244.324s][info][gc,cpu       ] GC(253936) User=0.00s Sys=0.00s Real=0.00s
[1375249.043s][info][gc,start     ] GC(253937) Pause Young (Allocation Failure)
[1375249.043s][info][gc,task      ] GC(253937) Using 9 workers of 9 for evacuation
[1375249.048s][info][gc,heap      ] GC(253937) ParNew: 114330K->1420K(118016K)
[1375249.048s][info][gc,heap      ] GC(253937) CMS: 1427227K->1427503K(1966080K)
[1375249.048s][info][gc,metaspace ] GC(253937) Metaspace: 95515K(98212K)->95515K(98212K) NonClass: 86277K(88004K)->86277K(88004K) Class: 9238K(10208K)->9238K(10208K)
[1375249.048s][info][gc           ] GC(253937) Pause Young (Allocation Failure) 1505M->1395M(2035M) 4.965ms
[1375249.048s][info][gc,cpu       ] GC(253937) User=0.00s Sys=0.00s Real=0.00s
[1375255.613s][info][gc,start     ] GC(253938) Pause Young (Allocation Failure)
[1375255.613s][info][gc,task      ] GC(253938) Using 9 workers of 9 for evacuation
[1375255.618s][info][gc,heap      ] GC(253938) ParNew: 106380K->9357K(118016K)
[1375255.618s][info][gc,heap      ] GC(253938) CMS: 1427503K->1427503K(1966080K)
[1375255.618s][info][gc,metaspace ] GC(253938) Metaspace: 95515K(98212K)->95515K(98212K) NonClass: 86277K(88004K)->86277K(88004K) Class: 9238K(10208K)->9238K(10208K)
[1375255.618s][info][gc           ] GC(253938) Pause Young (Allocation Failure) 1497M->1403M(2035M) 5.375ms
[1375255.618s][info][gc,cpu       ] GC(253938) User=0.11s Sys=0.00s Real=0.02s
[1375263.739s][info][gc,start     ] GC(253939) Pause Young (Allocation Failure)
[1375263.739s][info][gc,task      ] GC(253939) Using 9 workers of 9 for evacuation
[1375263.744s][info][gc,heap      ] GC(253939) ParNew: 114317K->9957K(118016K)
[1375263.744s][info][gc,heap      ] GC(253939) CMS: 1427503K->1427748K(1966080K)
[1375263.744s][info][gc,metaspace ] GC(253939) Metaspace: 95515K(98212K)->95515K(98212K) NonClass: 86277K(88004K)->86277K(88004K) Class: 9238K(10208K)->9238K(10208K)
[1375263.744s][info][gc           ] GC(253939) Pause Young (Allocation Failure) 1505M->1404M(2035M) 4.671ms
[1375263.744s][info][gc,cpu       ] GC(253939) User=0.00s Sys=0.00s Real=0.00s
[1375270.780s][info][gc,start     ] GC(253940) Pause Young (Allocation Failure)
[1375270.780s][info][gc,task      ] GC(253940) Using 9 workers of 9 for evacuation
[1375270.784s][info][gc,heap      ] GC(253940) ParNew: 114917K->3266K(118016K)
[1375270.784s][info][gc,heap      ] GC(253940) CMS: 1427748K->1427803K(1966080K)
[1375270.784s][info][gc,metaspace ] GC(253940) Metaspace: 95515K(98212K)->95515K(98212K) NonClass: 86277K(88004K)->86277K(88004K) Class: 9238K(10208K)->9238K(10208K)
[1375270.784s][info][gc           ] GC(253940) Pause Young (Allocation Failure) 1506M->1397M(2035M) 4.370ms
[1375270.784s][info][gc,cpu       ] GC(253940) User=0.14s Sys=0.00s Real=0.02s
[1375277.041s][info][gc,start     ] GC(253941) Pause Young (Allocation Failure)
[1375277.041s][info][gc,task      ] GC(253941) Using 9 workers of 9 for evacuation
[1375277.046s][info][gc,heap      ] GC(253941) ParNew: 108226K->9505K(118016K)
[1375277.046s][info][gc,heap      ] GC(253941) CMS: 1427803K->1427803K(1966080K)
[1375277.046s][info][gc,metaspace ] GC(253941) Metaspace: 95515K(98212K)->95515K(98212K) NonClass: 86277K(88004K)->86277K(88004K) Class: 9238K(10208K)->9238K(10208K)
[1375277.046s][info][gc           ] GC(253941) Pause Young (Allocation Failure) 1500M->1403M(2035M) 4.963ms
[1375277.046s][info][gc,cpu       ] GC(253941) User=0.00s Sys=0.00s Real=0.00s
[1375284.148s][info][gc,start     ] GC(253942) Pause Young (Allocation Failure)
[1375284.148s][info][gc,task      ] GC(253942) Using 9 workers of 9 for evacuation
[1375284.153s][info][gc,heap      ] GC(253942) ParNew: 114465K->10109K(118016K)
[1375284.153s][info][gc,heap      ] GC(253942) CMS: 1427803K->1427935K(1966080K)
[1375284.153s][info][gc,metaspace ] GC(253942) Metaspace: 95515K(98212K)->95515K(98212K) NonClass: 86277K(88004K)->86277K(88004K) Class: 9238K(10208K)->9238K(10208K)
[1375284.153s][info][gc           ] GC(253942) Pause Young (Allocation Failure) 1506M->1404M(2035M) 4.891ms
[1375284.153s][info][gc,cpu       ] GC(253942) User=0.00s Sys=0.00s Real=0.00s
[1375292.254s][info][gc,start     ] GC(253943) Pause Young (Allocation Failure)
[1375292.254s][info][gc,task      ] GC(253943) Using 9 workers of 9 for evacuation
[1375292.258s][info][gc,heap      ] GC(253943) ParNew: 114672K->4854K(118016K)
[1375292.259s][info][gc,heap      ] GC(253943) CMS: 1427935K->1427989K(1966080K)
[1375292.259s][info][gc,metaspace ] GC(253943) Metaspace: 95515K(98212K)->95515K(98212K) NonClass: 86277K(88004K)->86277K(88004K) Class: 9238K(10208K)->9238K(10208K)
[1375292.259s][info][gc           ] GC(253943) Pause Young (Allocation Failure) 1506M->1399M(2035M) 4.490ms
[1375292.259s][info][gc,cpu       ] GC(253943) User=0.00s Sys=0.00s Real=0.00s
[1375297.627s][info][gc,start     ] GC(253944) Pause Young (Allocation Failure)
[1375297.627s][info][gc,task      ] GC(253944) Using 9 workers of 9 for evacuation
[1375297.631s][info][gc,heap      ] GC(253944) ParNew: 109736K->1638K(118016K)
[1375297.631s][info][gc,heap      ] GC(253944) CMS: 1427989K->1427989K(1966080K)
[1375297.632s][info][gc,metaspace ] GC(253944) Metaspace: 95515K(98212K)->95515K(98212K) NonClass: 86277K(88004K)->86277K(88004K) Class: 9238K(10208K)->9238K(10208K)
[1375297.632s][info][gc           ] GC(253944) Pause Young (Allocation Failure) 1501M->1396M(2035M) 4.508ms
[1375297.632s][info][gc,cpu       ] GC(253944) User=0.00s Sys=0.00s Real=0.00s
[1375303.449s][info][gc,start     ] GC(253945) Pause Young (Allocation Failure)
[1375303.449s][info][gc,task      ] GC(253945) Using 9 workers of 9 for evacuation
[1375303.454s][info][gc,heap      ] GC(253945) ParNew: 106598K->9374K(118016K)
[1375303.454s][info][gc,heap      ] GC(253945) CMS: 1427989K->1427989K(1966080K)
[1375303.454s][info][gc,metaspace ] GC(253945) Metaspace: 95515K(98212K)->95515K(98212K) NonClass: 86277K(88004K)->86277K(88004K) Class: 9238K(10208K)->9238K(10208K)
[1375303.455s][info][gc           ] GC(253945) Pause Young (Allocation Failure) 1498M->1403M(2035M) 5.448ms
[1375303.455s][info][gc,cpu       ] GC(253945) User=0.00s Sys=0.02s Real=0.01s
[1375310.482s][info][gc,start     ] GC(253946) Pause Young (Allocation Failure)
[1375310.482s][info][gc,task      ] GC(253946) Using 9 workers of 9 for evacuation
[1375310.487s][info][gc,heap      ] GC(253946) ParNew: 114334K->10081K(118016K)
[1375310.487s][info][gc,heap      ] GC(253946) CMS: 1427989K->1428239K(1966080K)
[1375310.487s][info][gc,metaspace ] GC(253946) Metaspace: 95515K(98212K)->95515K(98212K) NonClass: 86277K(88004K)->86277K(88004K) Class: 9238K(10208K)->9238K(10208K)
[1375310.487s][info][gc           ] GC(253946) Pause Young (Allocation Failure) 1506M->1404M(2035M) 4.404ms
[1375310.487s][info][gc,cpu       ] GC(253946) User=0.00s Sys=0.00s Real=0.00s
[1375318.101s][info][gc,start     ] GC(253947) Pause Young (Allocation Failure)
[1375318.101s][info][gc,task      ] GC(253947) Using 9 workers of 9 for evacuation
[1375318.106s][info][gc,heap      ] GC(253947) ParNew: 115041K->4353K(118016K)
[1375318.106s][info][gc,heap      ] GC(253947) CMS: 1428239K->1428288K(1966080K)
[1375318.106s][info][gc,metaspace ] GC(253947) Metaspace: 95515K(98212K)->95515K(98212K) NonClass: 86277K(88004K)->86277K(88004K) Class: 9238K(10208K)->9238K(10208K)
[1375318.106s][info][gc           ] GC(253947) Pause Young (Allocation Failure) 1507M->1399M(2035M) 5.031ms
[1375318.106s][info][gc,cpu       ] GC(253947) User=0.00s Sys=0.00s Real=0.00s
[1375323.246s][info][gc,start     ] GC(253948) Pause Young (Allocation Failure)
[1375323.247s][info][gc,task      ] GC(253948) Using 9 workers of 9 for evacuation
[1375323.251s][info][gc,heap      ] GC(253948) ParNew: 109313K->9540K(118016K)
[1375323.251s][info][gc,heap      ] GC(253948) CMS: 1428288K->1428288K(1966080K)
[1375323.251s][info][gc,metaspace ] GC(253948) Metaspace: 95515K(98212K)->95515K(98212K) NonClass: 86277K(88004K)->86277K(88004K) Class: 9238K(10208K)->9238K(10208K)
[1375323.251s][info][gc           ] GC(253948) Pause Young (Allocation Failure) 1501M->1404M(2035M) 4.796ms
[1375323.251s][info][gc,cpu       ] GC(253948) User=0.02s Sys=0.00s Real=0.01s
[1375328.388s][info][gc,start     ] GC(253949) Pause Young (Allocation Failure)
[1375328.388s][info][gc,task      ] GC(253949) Using 9 workers of 9 for evacuation
[1375328.392s][info][gc,heap      ] GC(253949) ParNew: 114500K->8864K(118016K)
[1375328.392s][info][gc,heap      ] GC(253949) CMS: 1428288K->1428437K(1966080K)
[1375328.392s][info][gc,metaspace ] GC(253949) Metaspace: 95515K(98212K)->95515K(98212K) NonClass: 86277K(88004K)->86277K(88004K) Class: 9238K(10208K)->9238K(10208K)
[1375328.392s][info][gc           ] GC(253949) Pause Young (Allocation Failure) 1506M->1403M(2035M) 4.569ms
[1375328.392s][info][gc,cpu       ] GC(253949) User=0.02s Sys=0.00s Real=0.02s
[1375336.904s][info][gc,start     ] GC(253950) Pause Young (Allocation Failure)
[1375336.904s][info][gc,task      ] GC(253950) Using 9 workers of 9 for evacuation
[1375336.909s][info][gc,heap      ] GC(253950) ParNew: 113824K->5092K(118016K)
[1375336.909s][info][gc,heap      ] GC(253950) CMS: 1428437K->1435244K(1966080K)
[1375336.909s][info][gc,metaspace ] GC(253950) Metaspace: 95515K(98212K)->95515K(98212K) NonClass: 86277K(88004K)->86277K(88004K) Class: 9238K(10208K)->9238K(10208K)
[1375336.909s][info][gc           ] GC(253950) Pause Young (Allocation Failure) 1506M->1406M(2035M) 5.192ms
[1375336.909s][info][gc,cpu       ] GC(253950) User=0.05s Sys=0.00s Real=0.02s
[1375342.625s][info][gc,start     ] GC(253951) Pause Young (Allocation Failure)
[1375342.626s][info][gc,task      ] GC(253951) Using 9 workers of 9 for evacuation
[1375342.630s][info][gc,heap      ] GC(253951) ParNew: 110052K->9821K(118016K)
[1375342.630s][info][gc,heap      ] GC(253951) CMS: 1435244K->1435244K(1966080K)
[1375342.630s][info][gc,metaspace ] GC(253951) Metaspace: 95515K(98212K)->95515K(98212K) NonClass: 86277K(88004K)->86277K(88004K) Class: 9238K(10208K)->9238K(10208K)
[1375342.630s][info][gc           ] GC(253951) Pause Young (Allocation Failure) 1509M->1411M(2035M) 4.916ms
[1375342.630s][info][gc,cpu       ] GC(253951) User=0.14s Sys=0.00s Real=0.01s
[1375350.071s][info][gc,start     ] GC(253952) Pause Young (Allocation Failure)
[1375350.072s][info][gc,task      ] GC(253952) Using 9 workers of 9 for evacuation
[1375350.076s][info][gc,heap      ] GC(253952) ParNew: 114781K->10578K(118016K)
[1375350.076s][info][gc,heap      ] GC(253952) CMS: 1435244K->1435430K(1966080K)
[1375350.076s][info][gc,metaspace ] GC(253952) Metaspace: 95515K(98212K)->95515K(98212K) NonClass: 86277K(88004K)->86277K(88004K) Class: 9238K(10208K)->9238K(10208K)
[1375350.076s][info][gc           ] GC(253952) Pause Young (Allocation Failure) 1513M->1412M(2035M) 4.644ms
[1375350.076s][info][gc,cpu       ] GC(253952) User=0.00s Sys=0.00s Real=0.00s
[1375357.362s][info][gc,start     ] GC(253953) Pause Young (Allocation Failure)
[1375357.362s][info][gc,task      ] GC(253953) Using 9 workers of 9 for evacuation
[1375357.366s][info][gc,heap      ] GC(253953) ParNew: 115538K->4315K(118016K)
[1375357.366s][info][gc,heap      ] GC(253953) CMS: 1435430K->1435515K(1966080K)
[1375357.366s][info][gc,metaspace ] GC(253953) Metaspace: 95515K(98212K)->95515K(98212K) NonClass: 86277K(88004K)->86277K(88004K) Class: 9238K(10208K)->9238K(10208K)
[1375357.366s][info][gc           ] GC(253953) Pause Young (Allocation Failure) 1514M->1406M(2035M) 4.188ms
[1375357.366s][info][gc,cpu       ] GC(253953) User=0.14s Sys=0.00s Real=0.02s
[1375365.306s][info][gc,start     ] GC(253954) Pause Young (Allocation Failure)
[1375365.307s][info][gc,task      ] GC(253954) Using 9 workers of 9 for evacuation
[1375365.311s][info][gc,heap      ] GC(253954) ParNew: 109275K->9835K(118016K)
[1375365.311s][info][gc,heap      ] GC(253954) CMS: 1435515K->1435515K(1966080K)
[1375365.311s][info][gc,metaspace ] GC(253954) Metaspace: 95515K(98212K)->95515K(98212K) NonClass: 86277K(88004K)->86277K(88004K) Class: 9238K(10208K)->9238K(10208K)
[1375365.311s][info][gc           ] GC(253954) Pause Young (Allocation Failure) 1508M->1411M(2035M) 4.837ms
[1375365.311s][info][gc,cpu       ] GC(253954) User=0.00s Sys=0.00s Real=0.00s
[1375373.660s][info][gc,start     ] GC(253955) Pause Young (Allocation Failure)
[1375373.660s][info][gc,task      ] GC(253955) Using 9 workers of 9 for evacuation
[1375373.665s][info][gc,heap      ] GC(253955) ParNew: 114795K->10088K(118016K)
[1375373.665s][info][gc,heap      ] GC(253955) CMS: 1435515K->1435681K(1966080K)
[1375373.665s][info][gc,metaspace ] GC(253955) Metaspace: 95515K(98212K)->95515K(98212K) NonClass: 86277K(88004K)->86277K(88004K) Class: 9238K(10208K)->9238K(10208K)
[1375373.665s][info][gc           ] GC(253955) Pause Young (Allocation Failure) 1513M->1411M(2035M) 4.849ms
[1375373.665s][info][gc,cpu       ] GC(253955) User=0.00s Sys=0.00s Real=0.00s
[1375381.312s][info][gc,start     ] GC(253956) Pause Young (Allocation Failure)
[1375381.312s][info][gc,task      ] GC(253956) Using 9 workers of 9 for evacuation
[1375381.316s][info][gc,heap      ] GC(253956) ParNew: 115048K->12035K(118016K)
[1375381.317s][info][gc,heap      ] GC(253956) CMS: 1435681K->1435733K(1966080K)
[1375381.317s][info][gc,metaspace ] GC(253956) Metaspace: 95515K(98212K)->95515K(98212K) NonClass: 86277K(88004K)->86277K(88004K) Class: 9238K(10208K)->9238K(10208K)
[1375381.317s][info][gc           ] GC(253956) Pause Young (Allocation Failure) 1514M->1413M(2035M) 4.466ms
[1375381.317s][info][gc,cpu       ] GC(253956) User=0.00s Sys=0.00s Real=0.00s
[1375391.139s][info][gc,start     ] GC(253957) Pause Young (Allocation Failure)
[1375391.139s][info][gc,task      ] GC(253957) Using 9 workers of 9 for evacuation
[1375391.143s][info][gc,heap      ] GC(253957) ParNew: 116995K->5826K(118016K)
[1375391.143s][info][gc,heap      ] GC(253957) CMS: 1435733K->1435808K(1966080K)
[1375391.143s][info][gc,metaspace ] GC(253957) Metaspace: 95515K(98212K)->95515K(98212K) NonClass: 86277K(88004K)->86277K(88004K) Class: 9238K(10208K)->9238K(10208K)
[1375391.143s][info][gc           ] GC(253957) Pause Young (Allocation Failure) 1516M->1407M(2035M) 4.174ms
[1375391.143s][info][gc,cpu       ] GC(253957) User=0.00s Sys=0.00s Real=0.00s
[1375397.514s][info][gc,start     ] GC(253958) Pause Young (Allocation Failure)
[1375397.514s][info][gc,task      ] GC(253958) Using 9 workers of 9 for evacuation
[1375397.518s][info][gc,heap      ] GC(253958) ParNew: 110786K->1596K(118016K)
[1375397.518s][info][gc,heap      ] GC(253958) CMS: 1435808K->1435808K(1966080K)
[1375397.518s][info][gc,metaspace ] GC(253958) Metaspace: 95515K(98212K)->95515K(98212K) NonClass: 86277K(88004K)->86277K(88004K) Class: 9238K(10208K)->9238K(10208K)
[1375397.518s][info][gc           ] GC(253958) Pause Young (Allocation Failure) 1510M->1403M(2035M) 4.077ms
[1375397.518s][info][gc,cpu       ] GC(253958) User=0.00s Sys=0.00s Real=0.00s
[1375402.585s][info][gc,start     ] GC(253959) Pause Young (Allocation Failure)
[1375402.585s][info][gc,task      ] GC(253959) Using 9 workers of 9 for evacuation
[1375402.589s][info][gc,heap      ] GC(253959) ParNew: 106556K->9315K(118016K)
[1375402.589s][info][gc,heap      ] GC(253959) CMS: 1435808K->1435808K(1966080K)
[1375402.589s][info][gc,metaspace ] GC(253959) Metaspace: 95515K(98212K)->95515K(98212K) NonClass: 86277K(88004K)->86277K(88004K) Class: 9238K(10208K)->9238K(10208K)
[1375402.589s][info][gc           ] GC(253959) Pause Young (Allocation Failure) 1506M->1411M(2035M) 4.662ms
[1375402.589s][info][gc,cpu       ] GC(253959) User=0.00s Sys=0.00s Real=0.01s
[1375411.562s][info][gc,start     ] GC(253960) Pause Young (Allocation Failure)
[1375411.562s][info][gc,task      ] GC(253960) Using 9 workers of 9 for evacuation
[1375411.566s][info][gc,heap      ] GC(253960) ParNew: 114275K->1682K(118016K)
[1375411.566s][info][gc,heap      ] GC(253960) CMS: 1435808K->1435993K(1966080K)
[1375411.566s][info][gc,metaspace ] GC(253960) Metaspace: 95515K(98212K)->95515K(98212K) NonClass: 86277K(88004K)->86277K(88004K) Class: 9238K(10208K)->9238K(10208K)
[1375411.566s][info][gc           ] GC(253960) Pause Young (Allocation Failure) 1513M->1403M(2035M) 4.065ms
[1375411.566s][info][gc,cpu       ] GC(253960) User=0.00s Sys=0.00s Real=0.00s
[1375419.236s][info][gc,start     ] GC(253961) Pause Young (Allocation Failure)
[1375419.236s][info][gc,task      ] GC(253961) Using 9 workers of 9 for evacuation
[1375419.240s][info][gc,heap      ] GC(253961) ParNew: 106547K->8157K(118016K)
[1375419.241s][info][gc,heap      ] GC(253961) CMS: 1435993K->1435993K(1966080K)
[1375419.241s][info][gc,metaspace ] GC(253961) Metaspace: 95515K(98212K)->95515K(98212K) NonClass: 86277K(88004K)->86277K(88004K) Class: 9238K(10208K)->9238K(10208K)
[1375419.241s][info][gc           ] GC(253961) Pause Young (Allocation Failure) 1506M->1410M(2035M) 4.984ms
[1375419.241s][info][gc,cpu       ] GC(253961) User=0.00s Sys=0.00s Real=0.00s
[1375425.897s][info][gc,start     ] GC(253962) Pause Young (Allocation Failure)
[1375425.897s][info][gc,task      ] GC(253962) Using 9 workers of 9 for evacuation
[1375425.902s][info][gc,heap      ] GC(253962) ParNew: 113117K->2254K(118016K)
[1375425.902s][info][gc,heap      ] GC(253962) CMS: 1435993K->1443748K(1966080K)
[1375425.902s][info][gc,metaspace ] GC(253962) Metaspace: 95515K(98212K)->95515K(98212K) NonClass: 86277K(88004K)->86277K(88004K) Class: 9238K(10208K)->9238K(10208K)
[1375425.902s][info][gc           ] GC(253962) Pause Young (Allocation Failure) 1512M->1412M(2035M) 5.284ms
[1375425.902s][info][gc,cpu       ] GC(253962) User=0.14s Sys=0.00s Real=0.01s
[1375431.171s][info][gc,start     ] GC(253963) Pause Young (Allocation Failure)
[1375431.171s][info][gc,task      ] GC(253963) Using 9 workers of 9 for evacuation
[1375431.175s][info][gc,heap      ] GC(253963) ParNew: 107214K->9393K(118016K)
[1375431.176s][info][gc,heap      ] GC(253963) CMS: 1443748K->1443748K(1966080K)
[1375431.176s][info][gc,metaspace ] GC(253963) Metaspace: 95515K(98212K)->95515K(98212K) NonClass: 86277K(88004K)->86277K(88004K) Class: 9238K(10208K)->9238K(10208K)
[1375431.176s][info][gc           ] GC(253963) Pause Young (Allocation Failure) 1514M->1419M(2035M) 4.781ms
[1375431.176s][info][gc,cpu       ] GC(253963) User=0.00s Sys=0.00s Real=0.00s
[1375440.816s][info][gc,start     ] GC(253964) Pause Young (Allocation Failure)
[1375440.816s][info][gc,task      ] GC(253964) Using 9 workers of 9 for evacuation
[1375440.820s][info][gc,heap      ] GC(253964) ParNew: 113782K->3842K(118016K)
[1375440.820s][info][gc,heap      ] GC(253964) CMS: 1443748K->1443895K(1966080K)
[1375440.820s][info][gc,metaspace ] GC(253964) Metaspace: 95515K(98212K)->95515K(98212K) NonClass: 86277K(88004K)->86277K(88004K) Class: 9238K(10208K)->9238K(10208K)
[1375440.820s][info][gc           ] GC(253964) Pause Young (Allocation Failure) 1521M->1413M(2035M) 4.279ms
[1375440.820s][info][gc,cpu       ] GC(253964) User=0.00s Sys=0.02s Real=0.02s
[1375449.440s][info][gc,start     ] GC(253965) Pause Young (Allocation Failure)
[1375449.440s][info][gc,task      ] GC(253965) Using 9 workers of 9 for evacuation
[1375449.445s][info][gc,heap      ] GC(253965) ParNew: 108802K->1021K(118016K)
[1375449.445s][info][gc,heap      ] GC(253965) CMS: 1443895K->1443895K(1966080K)
[1375449.445s][info][gc,metaspace ] GC(253965) Metaspace: 95515K(98212K)->95515K(98212K) NonClass: 86277K(88004K)->86277K(88004K) Class: 9238K(10208K)->9238K(10208K)
[1375449.445s][info][gc           ] GC(253965) Pause Young (Allocation Failure) 1516M->1411M(2035M) 4.669ms
[1375449.445s][info][gc,cpu       ] GC(253965) User=0.00s Sys=0.00s Real=0.00s
[1375457.267s][info][gc,start     ] GC(253966) Pause Young (Allocation Failure)
[1375457.267s][info][gc,task      ] GC(253966) Using 9 workers of 9 for evacuation
[1375457.271s][info][gc,heap      ] GC(253966) ParNew: 105981K->9276K(118016K)
[1375457.271s][info][gc,heap      ] GC(253966) CMS: 1443895K->1443895K(1966080K)
[1375457.271s][info][gc,metaspace ] GC(253966) Metaspace: 95515K(98212K)->95515K(98212K) NonClass: 86277K(88004K)->86277K(88004K) Class: 9238K(10208K)->9238K(10208K)
[1375457.271s][info][gc           ] GC(253966) Pause Young (Allocation Failure) 1513M->1419M(2035M) 4.802ms
[1375457.271s][info][gc,cpu       ] GC(253966) User=0.00s Sys=0.00s Real=0.00s
[1375464.126s][info][gc,start     ] GC(253967) Pause Young (Allocation Failure)
[1375464.126s][info][gc,task      ] GC(253967) Using 9 workers of 9 for evacuation
[1375464.131s][info][gc,heap      ] GC(253967) ParNew: 114236K->10010K(118016K)
[1375464.131s][info][gc,heap      ] GC(253967) CMS: 1443895K->1444115K(1966080K)
[1375464.131s][info][gc,metaspace ] GC(253967) Metaspace: 95515K(98212K)->95515K(98212K) NonClass: 86277K(88004K)->86277K(88004K) Class: 9238K(10208K)->9238K(10208K)
[1375464.131s][info][gc           ] GC(253967) Pause Young (Allocation Failure) 1521M->1420M(2035M) 4.713ms
[1375464.131s][info][gc,cpu       ] GC(253967) User=0.00s Sys=0.00s Real=0.00s
[1375474.129s][info][gc,start     ] GC(253968) Pause Young (Allocation Failure)
[1375474.129s][info][gc,task      ] GC(253968) Using 9 workers of 9 for evacuation
[1375474.133s][info][gc,heap      ] GC(253968) ParNew: 114970K->10693K(118016K)
[1375474.134s][info][gc,heap      ] GC(253968) CMS: 1444115K->1444167K(1966080K)
[1375474.134s][info][gc,metaspace ] GC(253968) Metaspace: 95515K(98212K)->95515K(98212K) NonClass: 86277K(88004K)->86277K(88004K) Class: 9238K(10208K)->9238K(10208K)
[1375474.134s][info][gc           ] GC(253968) Pause Young (Allocation Failure) 1522M->1420M(2035M) 4.703ms
[1375474.134s][info][gc,cpu       ] GC(253968) User=0.00s Sys=0.00s Real=0.00s
[1375479.923s][info][gc,start     ] GC(253969) Pause Young (Allocation Failure)
[1375479.923s][info][gc,task      ] GC(253969) Using 9 workers of 9 for evacuation
[1375479.927s][info][gc,heap      ] GC(253969) ParNew: 115653K->12019K(118016K)
[1375479.927s][info][gc,heap      ] GC(253969) CMS: 1444167K->1444282K(1966080K)
[1375479.928s][info][gc,metaspace ] GC(253969) Metaspace: 95515K(98212K)->95515K(98212K) NonClass: 86277K(88004K)->86277K(88004K) Class: 9238K(10208K)->9238K(10208K)
[1375479.928s][info][gc           ] GC(253969) Pause Young (Allocation Failure) 1523M->1422M(2035M) 4.877ms
[1375479.928s][info][gc,cpu       ] GC(253969) User=0.00s Sys=0.00s Real=0.00s
[1375488.417s][info][gc,start     ] GC(253970) Pause Young (Allocation Failure)
[1375488.417s][info][gc,task      ] GC(253970) Using 9 workers of 9 for evacuation
[1375488.421s][info][gc,heap      ] GC(253970) ParNew: 116979K->6479K(118016K)
[1375488.421s][info][gc,heap      ] GC(253970) CMS: 1444282K->1444349K(1966080K)
[1375488.421s][info][gc,metaspace ] GC(253970) Metaspace: 95515K(98212K)->95515K(98212K) NonClass: 86277K(88004K)->86277K(88004K) Class: 9238K(10208K)->9238K(10208K)
[1375488.421s][info][gc           ] GC(253970) Pause Young (Allocation Failure) 1524M->1416M(2035M) 4.428ms
[1375488.421s][info][gc,cpu       ] GC(253970) User=0.00s Sys=0.00s Real=0.00s
[1375494.077s][info][gc,start     ] GC(253971) Pause Young (Allocation Failure)
[1375494.077s][info][gc,task      ] GC(253971) Using 9 workers of 9 for evacuation
[1375494.082s][info][gc,heap      ] GC(253971) ParNew: 111439K->9970K(118016K)
[1375494.082s][info][gc,heap      ] GC(253971) CMS: 1444349K->1444349K(1966080K)
[1375494.082s][info][gc,metaspace ] GC(253971) Metaspace: 95515K(98212K)->95515K(98212K) NonClass: 86277K(88004K)->86277K(88004K) Class: 9238K(10208K)->9238K(10208K)
[1375494.082s][info][gc           ] GC(253971) Pause Young (Allocation Failure) 1519M->1420M(2035M) 4.539ms
[1375494.082s][info][gc,cpu       ] GC(253971) User=0.00s Sys=0.00s Real=0.00s
[1375501.415s][info][gc,start     ] GC(253972) Pause Young (Allocation Failure)
[1375501.415s][info][gc,task      ] GC(253972) Using 9 workers of 9 for evacuation
[1375501.421s][info][gc,heap      ] GC(253972) ParNew: 114930K->11365K(118016K)
[1375501.421s][info][gc,heap      ] GC(253972) CMS: 1444349K->1444587K(1966080K)
[1375501.421s][info][gc,metaspace ] GC(253972) Metaspace: 95515K(98212K)->95515K(98212K) NonClass: 86277K(88004K)->86277K(88004K) Class: 9238K(10208K)->9238K(10208K)
[1375501.421s][info][gc           ] GC(253972) Pause Young (Allocation Failure) 1522M->1421M(2035M) 5.401ms
[1375501.421s][info][gc,cpu       ] GC(253972) User=0.02s Sys=0.00s Real=0.02s
[1375509.343s][info][gc,start     ] GC(253973) Pause Young (Allocation Failure)
[1375509.343s][info][gc,task      ] GC(253973) Using 9 workers of 9 for evacuation
[1375509.347s][info][gc,heap      ] GC(253973) ParNew: 116325K->5266K(118016K)
[1375509.347s][info][gc,heap      ] GC(253973) CMS: 1444587K->1444645K(1966080K)
[1375509.347s][info][gc,metaspace ] GC(253973) Metaspace: 95515K(98212K)->95515K(98212K) NonClass: 86277K(88004K)->86277K(88004K) Class: 9238K(10208K)->9238K(10208K)
[1375509.347s][info][gc           ] GC(253973) Pause Young (Allocation Failure) 1524M->1415M(2035M) 4.186ms
[1375509.347s][info][gc,cpu       ] GC(253973) User=0.00s Sys=0.00s Real=0.02s
[1375517.183s][info][gc,start     ] GC(253974) Pause Young (Allocation Failure)
[1375517.183s][info][gc,task      ] GC(253974) Using 9 workers of 9 for evacuation
[1375517.187s][info][gc,heap      ] GC(253974) ParNew: 110226K->10191K(118016K)
[1375517.187s][info][gc,heap      ] GC(253974) CMS: 1444645K->1444645K(1966080K)
[1375517.187s][info][gc,metaspace ] GC(253974) Metaspace: 95515K(98212K)->95515K(98212K) NonClass: 86277K(88004K)->86277K(88004K) Class: 9238K(10208K)->9238K(10208K)
[1375517.187s][info][gc           ] GC(253974) Pause Young (Allocation Failure) 1518M->1420M(2035M) 4.726ms
[1375517.188s][info][gc,cpu       ] GC(253974) User=0.00s Sys=0.00s Real=0.00s
[1375525.671s][info][gc,start     ] GC(253975) Pause Young (Allocation Failure)
[1375525.672s][info][gc,task      ] GC(253975) Using 9 workers of 9 for evacuation
[1375525.676s][info][gc,heap      ] GC(253975) ParNew: 115147K->11319K(118016K)
[1375525.676s][info][gc,heap      ] GC(253975) CMS: 1444645K->1444827K(1966080K)
[1375525.676s][info][gc,metaspace ] GC(253975) Metaspace: 95515K(98212K)->95515K(98212K) NonClass: 86277K(88004K)->86277K(88004K) Class: 9238K(10208K)->9238K(10208K)
[1375525.676s][info][gc           ] GC(253975) Pause Young (Allocation Failure) 1523M->1422M(2035M) 4.713ms
[1375525.676s][info][gc,cpu       ] GC(253975) User=0.00s Sys=0.00s Real=0.00s
[1375534.853s][info][gc,start     ] GC(253976) Pause Young (Allocation Failure)
[1375534.853s][info][gc,task      ] GC(253976) Using 9 workers of 9 for evacuation
[1375534.858s][info][gc,heap      ] GC(253976) ParNew: 116279K->12192K(118016K)
[1375534.858s][info][gc,heap      ] GC(253976) CMS: 1444827K->1444909K(1966080K)
[1375534.858s][info][gc,metaspace ] GC(253976) Metaspace: 95515K(98212K)->95515K(98212K) NonClass: 86277K(88004K)->86277K(88004K) Class: 9238K(10208K)->9238K(10208K)
[1375534.858s][info][gc           ] GC(253976) Pause Young (Allocation Failure) 1524M->1422M(2035M) 5.256ms
[1375534.858s][info][gc,cpu       ] GC(253976) User=0.00s Sys=0.00s Real=0.00s
[1375543.501s][info][gc,start     ] GC(253977) Pause Young (Allocation Failure)
[1375543.501s][info][gc,task      ] GC(253977) Using 9 workers of 9 for evacuation
[1375543.506s][info][gc,heap      ] GC(253977) ParNew: 117152K->13055K(118016K)
[1375543.506s][info][gc,heap      ] GC(253977) CMS: 1444909K->1445051K(1966080K)
[1375543.506s][info][gc,metaspace ] GC(253977) Metaspace: 95515K(98212K)->95515K(98212K) NonClass: 86277K(88004K)->86277K(88004K) Class: 9238K(10208K)->9238K(10208K)
[1375543.506s][info][gc           ] GC(253977) Pause Young (Allocation Failure) 1525M->1423M(2035M) 5.202ms
[1375543.506s][info][gc,cpu       ] GC(253977) User=0.00s Sys=0.00s Real=0.00s
[1375550.073s][info][gc,start     ] GC(253978) Pause Young (Allocation Failure)
[1375550.073s][info][gc,task      ] GC(253978) Using 9 workers of 9 for evacuation
[1375550.078s][info][gc,heap      ] GC(253978) ParNew: 118015K->11654K(118016K)
[1375550.078s][info][gc,heap      ] GC(253978) CMS: 1445051K->1445118K(1966080K)
[1375550.078s][info][gc,metaspace ] GC(253978) Metaspace: 95515K(98212K)->95515K(98212K) NonClass: 86277K(88004K)->86277K(88004K) Class: 9238K(10208K)->9238K(10208K)
[1375550.078s][info][gc           ] GC(253978) Pause Young (Allocation Failure) 1526M->1422M(2035M) 4.865ms
[1375550.078s][info][gc,cpu       ] GC(253978) User=0.00s Sys=0.00s Real=0.00s
[1375557.256s][info][gc,start     ] GC(253979) Pause Young (Allocation Failure)
[1375557.256s][info][gc,task      ] GC(253979) Using 9 workers of 9 for evacuation
[1375557.261s][info][gc,heap      ] GC(253979) ParNew: 116614K->5265K(118016K)
[1375557.261s][info][gc,heap      ] GC(253979) CMS: 1445118K->1453885K(1966080K)
[1375557.262s][info][gc,metaspace ] GC(253979) Metaspace: 95515K(98212K)->95515K(98212K) NonClass: 86277K(88004K)->86277K(88004K) Class: 9238K(10208K)->9238K(10208K)
[1375557.262s][info][gc           ] GC(253979) Pause Young (Allocation Failure) 1525M->1424M(2035M) 5.528ms
[1375557.262s][info][gc,cpu       ] GC(253979) User=0.00s Sys=0.00s Real=0.00s
[1375565.535s][info][gc,start     ] GC(253980) Pause Young (Allocation Failure)
[1375565.535s][info][gc,task      ] GC(253980) Using 9 workers of 9 for evacuation
[1375565.540s][info][gc,heap      ] GC(253980) ParNew: 110225K->9989K(118016K)
[1375565.540s][info][gc,heap      ] GC(253980) CMS: 1453885K->1453885K(1966080K)
[1375565.540s][info][gc,metaspace ] GC(253980) Metaspace: 95515K(98212K)->95515K(98212K) NonClass: 86277K(88004K)->86277K(88004K) Class: 9238K(10208K)->9238K(10208K)
[1375565.540s][info][gc           ] GC(253980) Pause Young (Allocation Failure) 1527M->1429M(2035M) 4.851ms
[1375565.540s][info][gc,cpu       ] GC(253980) User=0.13s Sys=0.00s Real=0.02s
[1375572.478s][info][gc,start     ] GC(253981) Pause Young (Allocation Failure)
[1375572.478s][info][gc,task      ] GC(253981) Using 9 workers of 9 for evacuation
[1375572.483s][info][gc,heap      ] GC(253981) ParNew: 114949K->11420K(118016K)
[1375572.483s][info][gc,heap      ] GC(253981) CMS: 1453885K->1454068K(1966080K)
[1375572.483s][info][gc,metaspace ] GC(253981) Metaspace: 95515K(98212K)->95515K(98212K) NonClass: 86277K(88004K)->86277K(88004K) Class: 9238K(10208K)->9238K(10208K)
[1375572.483s][info][gc           ] GC(253981) Pause Young (Allocation Failure) 1532M->1431M(2035M) 5.595ms
[1375572.483s][info][gc,cpu       ] GC(253981) User=0.00s Sys=0.00s Real=0.00s
[1375581.538s][info][gc,start     ] GC(253982) Pause Young (Allocation Failure)
[1375581.538s][info][gc,task      ] GC(253982) Using 9 workers of 9 for evacuation
[1375581.543s][info][gc,heap      ] GC(253982) ParNew: 116380K->11276K(118016K)
[1375581.543s][info][gc,heap      ] GC(253982) CMS: 1454068K->1454156K(1966080K)
[1375581.543s][info][gc,metaspace ] GC(253982) Metaspace: 95515K(98212K)->95515K(98212K) NonClass: 86277K(88004K)->86277K(88004K) Class: 9238K(10208K)->9238K(10208K)
[1375581.543s][info][gc           ] GC(253982) Pause Young (Allocation Failure) 1533M->1431M(2035M) 5.108ms
[1375581.543s][info][gc,cpu       ] GC(253982) User=0.00s Sys=0.00s Real=0.00s
[1375587.624s][info][gc,start     ] GC(253983) Pause Young (Allocation Failure)
[1375587.624s][info][gc,task      ] GC(253983) Using 9 workers of 9 for evacuation
[1375587.629s][info][gc,heap      ] GC(253983) ParNew: 116236K->5429K(118016K)
[1375587.629s][info][gc,heap      ] GC(253983) CMS: 1454156K->1454236K(1966080K)
[1375587.629s][info][gc,metaspace ] GC(253983) Metaspace: 95515K(98212K)->95515K(98212K) NonClass: 86277K(88004K)->86277K(88004K) Class: 9238K(10208K)->9238K(10208K)
[1375587.629s][info][gc           ] GC(253983) Pause Young (Allocation Failure) 1533M->1425M(2035M) 4.778ms
[1375587.629s][info][gc,cpu       ] GC(253983) User=0.00s Sys=0.00s Real=0.00s
[1375595.574s][info][gc,start     ] GC(253984) Pause Young (Allocation Failure)
[1375595.574s][info][gc,task      ] GC(253984) Using 9 workers of 9 for evacuation
[1375595.579s][info][gc,heap      ] GC(253984) ParNew: 110389K->9814K(118016K)
[1375595.579s][info][gc,heap      ] GC(253984) CMS: 1454236K->1454236K(1966080K)
[1375595.579s][info][gc,metaspace ] GC(253984) Metaspace: 95515K(98212K)->95515K(98212K) NonClass: 86277K(88004K)->86277K(88004K) Class: 9238K(10208K)->9238K(10208K)
[1375595.579s][info][gc           ] GC(253984) Pause Young (Allocation Failure) 1527M->1429M(2035M) 4.838ms
[1375595.579s][info][gc,cpu       ] GC(253984) User=0.00s Sys=0.00s Real=0.00s
[1375603.956s][info][gc,start     ] GC(253985) Pause Young (Allocation Failure)
[1375603.957s][info][gc,task      ] GC(253985) Using 9 workers of 9 for evacuation
[1375603.961s][info][gc,heap      ] GC(253985) ParNew: 114774K->11358K(118016K)
[1375603.961s][info][gc,heap      ] GC(253985) CMS: 1454236K->1454454K(1966080K)
[1375603.961s][info][gc,metaspace ] GC(253985) Metaspace: 95515K(98212K)->95515K(98212K) NonClass: 86277K(88004K)->86277K(88004K) Class: 9238K(10208K)->9238K(10208K)
[1375603.961s][info][gc           ] GC(253985) Pause Young (Allocation Failure) 1532M->1431M(2035M) 4.559ms
[1375603.961s][info][gc,cpu       ] GC(253985) User=0.00s Sys=0.00s Real=0.00s
[1375611.241s][info][gc,start     ] GC(253986) Pause Young (Allocation Failure)
[1375611.241s][info][gc,task      ] GC(253986) Using 9 workers of 9 for evacuation
[1375611.245s][info][gc,heap      ] GC(253986) ParNew: 116142K->9108K(118016K)
[1375611.246s][info][gc,heap      ] GC(253986) CMS: 1454454K->1454547K(1966080K)
[1375611.246s][info][gc,metaspace ] GC(253986) Metaspace: 95515K(98212K)->95515K(98212K) NonClass: 86277K(88004K)->86277K(88004K) Class: 9238K(10208K)->9238K(10208K)
[1375611.246s][info][gc           ] GC(253986) Pause Young (Allocation Failure) 1533M->1429M(2035M) 4.668ms
[1375611.246s][info][gc,cpu       ] GC(253986) User=0.00s Sys=0.00s Real=0.00s
[1375622.470s][info][gc,start     ] GC(253987) Pause Young (Allocation Failure)
[1375622.470s][info][gc,task      ] GC(253987) Using 9 workers of 9 for evacuation
[1375622.474s][info][gc,heap      ] GC(253987) ParNew: 113983K->5603K(118016K)
[1375622.474s][info][gc,heap      ] GC(253987) CMS: 1454547K->1454659K(1966080K)
[1375622.474s][info][gc,metaspace ] GC(253987) Metaspace: 95515K(98212K)->95515K(98212K) NonClass: 86277K(88004K)->86277K(88004K) Class: 9238K(10208K)->9238K(10208K)
[1375622.474s][info][gc           ] GC(253987) Pause Young (Allocation Failure) 1531M->1426M(2035M) 4.268ms
[1375622.474s][info][gc,cpu       ] GC(253987) User=0.00s Sys=0.00s Real=0.00s
[1375631.045s][info][gc,start     ] GC(253988) Pause Young (Allocation Failure)
[1375631.045s][info][gc,task      ] GC(253988) Using 9 workers of 9 for evacuation
[1375631.049s][info][gc,heap      ] GC(253988) ParNew: 110563K->2002K(118016K)
[1375631.049s][info][gc,heap      ] GC(253988) CMS: 1454659K->1454659K(1966080K)
[1375631.049s][info][gc,metaspace ] GC(253988) Metaspace: 95515K(98212K)->95515K(98212K) NonClass: 86277K(88004K)->86277K(88004K) Class: 9238K(10208K)->9238K(10208K)
[1375631.049s][info][gc           ] GC(253988) Pause Young (Allocation Failure) 1528M->1422M(2035M) 4.270ms
[1375631.049s][info][gc,cpu       ] GC(253988) User=0.00s Sys=0.00s Real=0.00s
[1375638.470s][info][gc,start     ] GC(253989) Pause Young (Allocation Failure)
[1375638.470s][info][gc,task      ] GC(253989) Using 9 workers of 9 for evacuation
[1375638.474s][info][gc,heap      ] GC(253989) ParNew: 106962K->3007K(118016K)
[1375638.474s][info][gc,heap      ] GC(253989) CMS: 1454659K->1454659K(1966080K)
[1375638.474s][info][gc,metaspace ] GC(253989) Metaspace: 95515K(98212K)->95515K(98212K) NonClass: 86277K(88004K)->86277K(88004K) Class: 9238K(10208K)->9238K(10208K)
[1375638.474s][info][gc           ] GC(253989) Pause Young (Allocation Failure) 1525M->1423M(2035M) 4.380ms
[1375638.474s][info][gc,cpu       ] GC(253989) User=0.00s Sys=0.00s Real=0.00s
[1375650.060s][info][gc,start     ] GC(253990) Pause Young (Allocation Failure)
[1375650.060s][info][gc,task      ] GC(253990) Using 9 workers of 9 for evacuation
[1375650.064s][info][gc,heap      ] GC(253990) ParNew: 107967K->9462K(118016K)
[1375650.064s][info][gc,heap      ] GC(253990) CMS: 1454659K->1454659K(1966080K)
[1375650.064s][info][gc,metaspace ] GC(253990) Metaspace: 95515K(98212K)->95515K(98212K) NonClass: 86277K(88004K)->86277K(88004K) Class: 9238K(10208K)->9238K(10208K)
[1375650.064s][info][gc           ] GC(253990) Pause Young (Allocation Failure) 1526M->1429M(2035M) 4.868ms
[1375650.065s][info][gc,cpu       ] GC(253990) User=0.14s Sys=0.00s Real=0.02s
[1375660.576s][info][gc,start     ] GC(253991) Pause Young (Allocation Failure)
[1375660.576s][info][gc,task      ] GC(253991) Using 9 workers of 9 for evacuation
[1375660.581s][info][gc,heap      ] GC(253991) ParNew: 114390K->7690K(118016K)
[1375660.581s][info][gc,heap      ] GC(253991) CMS: 1454659K->1454877K(1966080K)
[1375660.581s][info][gc,metaspace ] GC(253991) Metaspace: 95515K(98212K)->95515K(98212K) NonClass: 86277K(88004K)->86277K(88004K) Class: 9238K(10208K)->9238K(10208K)
[1375660.581s][info][gc           ] GC(253991) Pause Young (Allocation Failure) 1532M->1428M(2035M) 4.832ms
[1375660.581s][info][gc,cpu       ] GC(253991) User=0.14s Sys=0.00s Real=0.02s
[1375672.895s][info][gc,start     ] GC(253992) Pause Young (Allocation Failure)
[1375672.895s][info][gc,task      ] GC(253992) Using 9 workers of 9 for evacuation
[1375672.900s][info][gc,heap      ] GC(253992) ParNew: 112650K->10228K(118016K)
[1375672.900s][info][gc,heap      ] GC(253992) CMS: 1454877K->1454877K(1966080K)
[1375672.900s][info][gc,metaspace ] GC(253992) Metaspace: 95515K(98212K)->95515K(98212K) NonClass: 86277K(88004K)->86277K(88004K) Class: 9238K(10208K)->9238K(10208K)
[1375672.900s][info][gc           ] GC(253992) Pause Young (Allocation Failure) 1530M->1430M(2035M) 5.355ms
[1375672.900s][info][gc,cpu       ] GC(253992) User=0.00s Sys=0.00s Real=0.00s
[1375682.236s][info][gc,start     ] GC(253993) Pause Young (Allocation Failure)
[1375682.236s][info][gc,task      ] GC(253993) Using 9 workers of 9 for evacuation
[1375682.241s][info][gc,heap      ] GC(253993) ParNew: 115188K->12158K(118016K)
[1375682.241s][info][gc,heap      ] GC(253993) CMS: 1454877K->1454995K(1966080K)
[1375682.241s][info][gc,metaspace ] GC(253993) Metaspace: 95515K(98212K)->95515K(98212K) NonClass: 86277K(88004K)->86277K(88004K) Class: 9238K(10208K)->9238K(10208K)
[1375682.241s][info][gc           ] GC(253993) Pause Young (Allocation Failure) 1533M->1432M(2035M) 5.071ms
[1375682.241s][info][gc,cpu       ] GC(253993) User=0.00s Sys=0.00s Real=0.00s
[1375691.256s][info][gc,start     ] GC(253994) Pause Young (Allocation Failure)
[1375691.256s][info][gc,task      ] GC(253994) Using 9 workers of 9 for evacuation
[1375691.261s][info][gc,heap      ] GC(253994) ParNew: 117113K->11947K(118016K)
[1375691.262s][info][gc,heap      ] GC(253994) CMS: 1454995K->1455042K(1966080K)
[1375691.262s][info][gc,metaspace ] GC(253994) Metaspace: 95515K(98212K)->95515K(98212K) NonClass: 86277K(88004K)->86277K(88004K) Class: 9238K(10208K)->9238K(10208K)
[1375691.262s][info][gc           ] GC(253994) Pause Young (Allocation Failure) 1535M->1432M(2035M) 5.654ms
[1375691.262s][info][gc,cpu       ] GC(253994) User=0.00s Sys=0.00s Real=0.00s
[1375702.154s][info][gc,start     ] GC(253995) Pause Young (Allocation Failure)
[1375702.154s][info][gc,task      ] GC(253995) Using 9 workers of 9 for evacuation
[1375702.158s][info][gc,heap      ] GC(253995) ParNew: 116907K->6022K(118016K)
[1375702.159s][info][gc,heap      ] GC(253995) CMS: 1455042K->1455111K(1966080K)
[1375702.159s][info][gc,metaspace ] GC(253995) Metaspace: 95515K(98212K)->95515K(98212K) NonClass: 86277K(88004K)->86277K(88004K) Class: 9238K(10208K)->9238K(10208K)
[1375702.159s][info][gc           ] GC(253995) Pause Young (Allocation Failure) 1535M->1426M(2035M) 4.666ms
[1375702.159s][info][gc,cpu       ] GC(253995) User=0.14s Sys=0.00s Real=0.02s
[1375712.547s][info][gc,start     ] GC(253996) Pause Young (Allocation Failure)
[1375712.547s][info][gc,task      ] GC(253996) Using 9 workers of 9 for evacuation
[1375712.552s][info][gc,heap      ] GC(253996) ParNew: 110982K->9827K(118016K)
[1375712.552s][info][gc,heap      ] GC(253996) CMS: 1455111K->1455111K(1966080K)
[1375712.552s][info][gc,metaspace ] GC(253996) Metaspace: 95515K(98212K)->95515K(98212K) NonClass: 86277K(88004K)->86277K(88004K) Class: 9238K(10208K)->9238K(10208K)
[1375712.552s][info][gc           ] GC(253996) Pause Young (Allocation Failure) 1529M->1430M(2035M) 5.137ms
[1375712.552s][info][gc,cpu       ] GC(253996) User=0.00s Sys=0.00s Real=0.00s
[1375725.984s][info][gc,start     ] GC(253997) Pause Young (Allocation Failure)
[1375725.984s][info][gc,task      ] GC(253997) Using 9 workers of 9 for evacuation
[1375725.989s][info][gc,heap      ] GC(253997) ParNew: 114787K->11075K(118016K)
[1375725.989s][info][gc,heap      ] GC(253997) CMS: 1455111K->1455236K(1966080K)
[1375725.989s][info][gc,metaspace ] GC(253997) Metaspace: 95515K(98212K)->95515K(98212K) NonClass: 86277K(88004K)->86277K(88004K) Class: 9238K(10208K)->9238K(10208K)
[1375725.989s][info][gc           ] GC(253997) Pause Young (Allocation Failure) 1533M->1431M(2035M) 5.114ms
[1375725.989s][info][gc,cpu       ] GC(253997) User=0.05s Sys=0.00s Real=0.01s
[1375742.882s][info][gc,start     ] GC(253998) Pause Young (Allocation Failure)
[1375742.882s][info][gc,task      ] GC(253998) Using 9 workers of 9 for evacuation
[1375742.886s][info][gc,heap      ] GC(253998) ParNew: 116035K->7904K(118016K)
[1375742.887s][info][gc,heap      ] GC(253998) CMS: 1455236K->1455267K(1966080K)
[1375742.887s][info][gc,metaspace ] GC(253998) Metaspace: 95515K(98212K)->95515K(98212K) NonClass: 86277K(88004K)->86277K(88004K) Class: 9238K(10208K)->9238K(10208K)
[1375742.887s][info][gc           ] GC(253998) Pause Young (Allocation Failure) 1534M->1428M(2035M) 4.500ms
[1375742.887s][info][gc,cpu       ] GC(253998) User=0.00s Sys=0.00s Real=0.00s
[1375761.012s][info][gc,start     ] GC(253999) Pause Young (Allocation Failure)
[1375761.012s][info][gc,task      ] GC(253999) Using 9 workers of 9 for evacuation
[1375761.016s][info][gc,heap      ] GC(253999) ParNew: 112861K->2737K(118016K)
[1375761.016s][info][gc,heap      ] GC(253999) CMS: 1455267K->1455267K(1966080K)
[1375761.016s][info][gc,metaspace ] GC(253999) Metaspace: 95515K(98212K)->95515K(98212K) NonClass: 86277K(88004K)->86277K(88004K) Class: 9238K(10208K)->9238K(10208K)
[1375761.016s][info][gc           ] GC(253999) Pause Young (Allocation Failure) 1531M->1423M(2035M) 4.291ms
[1375761.017s][info][gc,cpu       ] GC(253999) User=0.03s Sys=0.00s Real=0.02s
[1375770.336s][info][gc,start     ] GC(254000) Pause Young (Allocation Failure)
[1375770.337s][info][gc,task      ] GC(254000) Using 9 workers of 9 for evacuation
[1375770.341s][info][gc,heap      ] GC(254000) ParNew: 107697K->905K(118016K)
[1375770.341s][info][gc,heap      ] GC(254000) CMS: 1455267K->1455267K(1966080K)
[1375770.341s][info][gc,metaspace ] GC(254000) Metaspace: 95515K(98212K)->95515K(98212K) NonClass: 86277K(88004K)->86277K(88004K) Class: 9238K(10208K)->9238K(10208K)
[1375770.341s][info][gc           ] GC(254000) Pause Young (Allocation Failure) 1526M->1422M(2035M) 4.781ms
[1375770.341s][info][gc,cpu       ] GC(254000) User=0.00s Sys=0.00s Real=0.00s
[1375782.886s][info][gc,start     ] GC(254001) Pause Young (Allocation Failure)
[1375782.886s][info][gc,task      ] GC(254001) Using 9 workers of 9 for evacuation
[1375782.890s][info][gc,heap      ] GC(254001) ParNew: 105865K->9147K(118016K)
[1375782.890s][info][gc,heap      ] GC(254001) CMS: 1455267K->1455267K(1966080K)
[1375782.890s][info][gc,metaspace ] GC(254001) Metaspace: 95515K(98212K)->95515K(98212K) NonClass: 86277K(88004K)->86277K(88004K) Class: 9238K(10208K)->9238K(10208K)
[1375782.891s][info][gc           ] GC(254001) Pause Young (Allocation Failure) 1524M->1430M(2035M) 4.619ms
[1375782.891s][info][gc,cpu       ] GC(254001) User=0.00s Sys=0.00s Real=0.00s
[1375797.294s][info][gc,start     ] GC(254002) Pause Young (Allocation Failure)
[1375797.295s][info][gc,task      ] GC(254002) Using 9 workers of 9 for evacuation
[1375797.299s][info][gc,heap      ] GC(254002) ParNew: 114107K->9774K(118016K)
[1375797.299s][info][gc,heap      ] GC(254002) CMS: 1455267K->1455355K(1966080K)
[1375797.299s][info][gc,metaspace ] GC(254002) Metaspace: 95515K(98212K)->95515K(98212K) NonClass: 86277K(88004K)->86277K(88004K) Class: 9238K(10208K)->9238K(10208K)
[1375797.300s][info][gc           ] GC(254002) Pause Young (Allocation Failure) 1532M->1430M(2035M) 5.143ms
[1375797.300s][info][gc,cpu       ] GC(254002) User=0.00s Sys=0.00s Real=0.02s
[1375809.765s][info][gc,start     ] GC(254003) Pause Young (Allocation Failure)
[1375809.765s][info][gc,task      ] GC(254003) Using 9 workers of 9 for evacuation
[1375809.770s][info][gc,heap      ] GC(254003) ParNew: 114704K->4163K(118016K)
[1375809.770s][info][gc,heap      ] GC(254003) CMS: 1455355K->1455449K(1966080K)
[1375809.770s][info][gc,metaspace ] GC(254003) Metaspace: 95515K(98212K)->95515K(98212K) NonClass: 86277K(88004K)->86277K(88004K) Class: 9238K(10208K)->9238K(10208K)
[1375809.770s][info][gc           ] GC(254003) Pause Young (Allocation Failure) 1533M->1425M(2035M) 5.365ms
[1375809.770s][info][gc,cpu       ] GC(254003) User=0.14s Sys=0.00s Real=0.02s
[1375819.969s][info][gc,start     ] GC(254004) Pause Young (Allocation Failure)
[1375819.969s][info][gc,task      ] GC(254004) Using 9 workers of 9 for evacuation
[1375819.974s][info][gc,heap      ] GC(254004) ParNew: 109123K->9786K(118016K)
[1375819.974s][info][gc,heap      ] GC(254004) CMS: 1455449K->1455449K(1966080K)
[1375819.974s][info][gc,metaspace ] GC(254004) Metaspace: 95515K(98212K)->95515K(98212K) NonClass: 86277K(88004K)->86277K(88004K) Class: 9238K(10208K)->9238K(10208K)
[1375819.974s][info][gc           ] GC(254004) Pause Young (Allocation Failure) 1527M->1430M(2035M) 4.657ms
[1375819.974s][info][gc,cpu       ] GC(254004) User=0.02s Sys=0.00s Real=0.02s
[1375830.895s][info][gc,start     ] GC(254005) Pause Young (Allocation Failure)
[1375830.895s][info][gc,task      ] GC(254005) Using 9 workers of 9 for evacuation
[1375830.900s][info][gc,heap      ] GC(254005) ParNew: 114746K->10837K(118016K)
[1375830.900s][info][gc,heap      ] GC(254005) CMS: 1455449K->1455537K(1966080K)
[1375830.900s][info][gc,metaspace ] GC(254005) Metaspace: 95515K(98212K)->95515K(98212K) NonClass: 86277K(88004K)->86277K(88004K) Class: 9238K(10208K)->9238K(10208K)
[1375830.900s][info][gc           ] GC(254005) Pause Young (Allocation Failure) 1533M->1432M(2035M) 5.421ms
[1375830.900s][info][gc,cpu       ] GC(254005) User=0.02s Sys=0.00s Real=0.01s
[1375847.188s][info][gc,start     ] GC(254006) Pause Young (Allocation Failure)
[1375847.188s][info][gc,task      ] GC(254006) Using 9 workers of 9 for evacuation
[1375847.192s][info][gc,heap      ] GC(254006) ParNew: 115797K->11059K(118016K)
[1375847.192s][info][gc,heap      ] GC(254006) CMS: 1455537K->1455590K(1966080K)
[1375847.192s][info][gc,metaspace ] GC(254006) Metaspace: 95515K(98212K)->95515K(98212K) NonClass: 86277K(88004K)->86277K(88004K) Class: 9238K(10208K)->9238K(10208K)
[1375847.192s][info][gc           ] GC(254006) Pause Young (Allocation Failure) 1534M->1432M(2035M) 4.727ms
[1375847.192s][info][gc,cpu       ] GC(254006) User=0.00s Sys=0.00s Real=0.00s
[1375859.003s][info][gc,start     ] GC(254007) Pause Young (Allocation Failure)
[1375859.003s][info][gc,task      ] GC(254007) Using 9 workers of 9 for evacuation
[1375859.007s][info][gc,heap      ] GC(254007) ParNew: 116019K->9729K(118016K)
[1375859.007s][info][gc,heap      ] GC(254007) CMS: 1455590K->1455650K(1966080K)
[1375859.008s][info][gc,metaspace ] GC(254007) Metaspace: 95515K(98212K)->95515K(98212K) NonClass: 86277K(88004K)->86277K(88004K) Class: 9238K(10208K)->9238K(10208K)
[1375859.008s][info][gc           ] GC(254007) Pause Young (Allocation Failure) 1534M->1431M(2035M) 4.587ms
[1375859.008s][info][gc,cpu       ] GC(254007) User=0.00s Sys=0.00s Real=0.00s
[1375871.026s][info][gc,start     ] GC(254008) Pause Young (Allocation Failure)
[1375871.026s][info][gc,task      ] GC(254008) Using 9 workers of 9 for evacuation
[1375871.031s][info][gc,heap      ] GC(254008) ParNew: 114689K->2892K(118016K)
[1375871.031s][info][gc,heap      ] GC(254008) CMS: 1455650K->1455650K(1966080K)
[1375871.031s][info][gc,metaspace ] GC(254008) Metaspace: 95516K(98212K)->95516K(98212K) NonClass: 86278K(88004K)->86278K(88004K) Class: 9238K(10208K)->9238K(10208K)
[1375871.031s][info][gc           ] GC(254008) Pause Young (Allocation Failure) 1533M->1424M(2035M) 5.092ms
[1375871.031s][info][gc,cpu       ] GC(254008) User=0.14s Sys=0.00s Real=0.02s
[1375881.212s][info][gc,start     ] GC(254009) Pause Young (Allocation Failure)
[1375881.212s][info][gc,task      ] GC(254009) Using 9 workers of 9 for evacuation
[1375881.218s][info][gc,heap      ] GC(254009) ParNew: 107852K->877K(118016K)
[1375881.218s][info][gc,heap      ] GC(254009) CMS: 1455650K->1455650K(1966080K)
[1375881.218s][info][gc,metaspace ] GC(254009) Metaspace: 95516K(98212K)->95516K(98212K) NonClass: 86278K(88004K)->86278K(88004K) Class: 9238K(10208K)->9238K(10208K)
[1375881.218s][info][gc           ] GC(254009) Pause Young (Allocation Failure) 1526M->1422M(2035M) 5.807ms
[1375881.218s][info][gc,cpu       ] GC(254009) User=0.00s Sys=0.00s Real=0.00s
[1375898.624s][info][gc,start     ] GC(254010) Pause Young (Allocation Failure)
[1375898.624s][info][gc,task      ] GC(254010) Using 9 workers of 9 for evacuation
[1375898.629s][info][gc,heap      ] GC(254010) ParNew: 105835K->2043K(118016K)
[1375898.629s][info][gc,heap      ] GC(254010) CMS: 1455650K->1455650K(1966080K)
[1375898.629s][info][gc,metaspace ] GC(254010) Metaspace: 95516K(98212K)->95516K(98212K) NonClass: 86278K(88004K)->86278K(88004K) Class: 9238K(10208K)->9238K(10208K)
[1375898.629s][info][gc           ] GC(254010) Pause Young (Allocation Failure) 1524M->1423M(2035M) 5.703ms
[1375898.629s][info][gc,cpu       ] GC(254010) User=0.02s Sys=0.00s Real=0.02s
[1375923.356s][info][gc,start     ] GC(254011) Pause Young (Allocation Failure)
[1375923.356s][info][gc,task      ] GC(254011) Using 9 workers of 9 for evacuation
[1375923.360s][info][gc,heap      ] GC(254011) ParNew: 106985K->3039K(118016K)
[1375923.360s][info][gc,heap      ] GC(254011) CMS: 1455650K->1455650K(1966080K)
[1375923.360s][info][gc,metaspace ] GC(254011) Metaspace: 95516K(98212K)->95516K(98212K) NonClass: 86278K(88004K)->86278K(88004K) Class: 9238K(10208K)->9238K(10208K)
[1375923.360s][info][gc           ] GC(254011) Pause Young (Allocation Failure) 1526M->1424M(2035M) 4.608ms
[1375923.360s][info][gc,cpu       ] GC(254011) User=0.02s Sys=0.00s Real=0.02s
[1375945.650s][info][gc,start     ] GC(254012) Pause Young (Allocation Failure)
[1375945.650s][info][gc,task      ] GC(254012) Using 9 workers of 9 for evacuation
[1375945.655s][info][gc,heap      ] GC(254012) ParNew: 107999K->9384K(118016K)
[1375945.655s][info][gc,heap      ] GC(254012) CMS: 1455650K->1455650K(1966080K)
[1375945.655s][info][gc,metaspace ] GC(254012) Metaspace: 95516K(98212K)->95516K(98212K) NonClass: 86278K(88004K)->86278K(88004K) Class: 9238K(10208K)->9238K(10208K)
[1375945.655s][info][gc           ] GC(254012) Pause Young (Allocation Failure) 1527M->1430M(2035M) 5.308ms
[1375945.655s][info][gc,cpu       ] GC(254012) User=0.14s Sys=0.00s Real=0.02s
[1375966.000s][info][gc,start     ] GC(254013) Pause Young (Allocation Failure)
[1375966.000s][info][gc,task      ] GC(254013) Using 9 workers of 9 for evacuation
[1375966.005s][info][gc,heap      ] GC(254013) ParNew: 114344K->10019K(118016K)
[1375966.006s][info][gc,heap      ] GC(254013) CMS: 1455650K->1455878K(1966080K)
[1375966.006s][info][gc,metaspace ] GC(254013) Metaspace: 95516K(98212K)->95516K(98212K) NonClass: 86278K(88004K)->86278K(88004K) Class: 9238K(10208K)->9238K(10208K)
[1375966.006s][info][gc           ] GC(254013) Pause Young (Allocation Failure) 1533M->1431M(2035M) 5.744ms
[1375966.006s][info][gc,cpu       ] GC(254013) User=0.00s Sys=0.00s Real=0.00s
[1375989.666s][info][gc,start     ] GC(254014) Pause Young (Allocation Failure)
[1375989.666s][info][gc,task      ] GC(254014) Using 9 workers of 9 for evacuation
[1375989.672s][info][gc,heap      ] GC(254014) ParNew: 114979K->3419K(118016K)
[1375989.672s][info][gc,heap      ] GC(254014) CMS: 1455878K->1455899K(1966080K)
[1375989.672s][info][gc,metaspace ] GC(254014) Metaspace: 95516K(98212K)->95516K(98212K) NonClass: 86278K(88004K)->86278K(88004K) Class: 9238K(10208K)->9238K(10208K)
[1375989.672s][info][gc           ] GC(254014) Pause Young (Allocation Failure) 1534M->1425M(2035M) 5.748ms
[1375989.672s][info][gc,cpu       ] GC(254014) User=0.00s Sys=0.00s Real=0.00s
[1376010.767s][info][gc,start     ] GC(254015) Pause Young (Allocation Failure)
[1376010.767s][info][gc,task      ] GC(254015) Using 9 workers of 9 for evacuation
[1376010.772s][info][gc,heap      ] GC(254015) ParNew: 108379K->1060K(118016K)
[1376010.772s][info][gc,heap      ] GC(254015) CMS: 1455899K->1455899K(1966080K)
[1376010.772s][info][gc,metaspace ] GC(254015) Metaspace: 95516K(98212K)->95516K(98212K) NonClass: 86278K(88004K)->86278K(88004K) Class: 9238K(10208K)->9238K(10208K)
[1376010.772s][info][gc           ] GC(254015) Pause Young (Allocation Failure) 1527M->1422M(2035M) 5.130ms
[1376010.772s][info][gc,cpu       ] GC(254015) User=0.00s Sys=0.00s Real=0.00s
[1376026.145s][info][gc,start     ] GC(254016) Pause Young (Allocation Failure)
[1376026.146s][info][gc,task      ] GC(254016) Using 9 workers of 9 for evacuation
[1376026.151s][info][gc,heap      ] GC(254016) ParNew: 106020K->9110K(118016K)
[1376026.151s][info][gc,heap      ] GC(254016) CMS: 1455899K->1455899K(1966080K)
[1376026.151s][info][gc,metaspace ] GC(254016) Metaspace: 95516K(98212K)->95516K(98212K) NonClass: 86278K(88004K)->86278K(88004K) Class: 9238K(10208K)->9238K(10208K)
[1376026.151s][info][gc           ] GC(254016) Pause Young (Allocation Failure) 1525M->1430M(2035M) 5.409ms
[1376026.151s][info][gc,cpu       ] GC(254016) User=0.00s Sys=0.00s Real=0.00s
[1376040.018s][info][gc,start     ] GC(254017) Pause Young (Allocation Failure)
[1376040.018s][info][gc,task      ] GC(254017) Using 9 workers of 9 for evacuation
[1376040.024s][info][gc,heap      ] GC(254017) ParNew: 114070K->9749K(118016K)
[1376040.024s][info][gc,heap      ] GC(254017) CMS: 1455899K->1456007K(1966080K)
[1376040.024s][info][gc,metaspace ] GC(254017) Metaspace: 95516K(98212K)->95516K(98212K) NonClass: 86278K(88004K)->86278K(88004K) Class: 9238K(10208K)->9238K(10208K)
[1376040.024s][info][gc           ] GC(254017) Pause Young (Allocation Failure) 1533M->1431M(2035M) 5.626ms
[1376040.024s][info][gc,cpu       ] GC(254017) User=0.00s Sys=0.00s Real=0.00s
[1376057.314s][info][gc,start     ] GC(254018) Pause Young (Allocation Failure)
[1376057.314s][info][gc,task      ] GC(254018) Using 9 workers of 9 for evacuation
[1376057.319s][info][gc,heap      ] GC(254018) ParNew: 114709K->10356K(118016K)
[1376057.319s][info][gc,heap      ] GC(254018) CMS: 1456007K->1456026K(1966080K)
[1376057.319s][info][gc,metaspace ] GC(254018) Metaspace: 95516K(98212K)->95516K(98212K) NonClass: 86278K(88004K)->86278K(88004K) Class: 9238K(10208K)->9238K(10208K)
[1376057.319s][info][gc           ] GC(254018) Pause Young (Allocation Failure) 1533M->1432M(2035M) 5.912ms
[1376057.320s][info][gc,cpu       ] GC(254018) User=0.00s Sys=0.00s Real=0.00s
[1376072.457s][info][gc,start     ] GC(254019) Pause Young (Allocation Failure)
[1376072.457s][info][gc,task      ] GC(254019) Using 9 workers of 9 for evacuation
[1376072.462s][info][gc,heap      ] GC(254019) ParNew: 115207K->10151K(118016K)
[1376072.463s][info][gc,heap      ] GC(254019) CMS: 1456026K->1456084K(1966080K)
[1376072.463s][info][gc,metaspace ] GC(254019) Metaspace: 95516K(98212K)->95516K(98212K) NonClass: 86278K(88004K)->86278K(88004K) Class: 9238K(10208K)->9238K(10208K)
[1376072.463s][info][gc           ] GC(254019) Pause Young (Allocation Failure) 1534M->1431M(2035M) 5.604ms
[1376072.463s][info][gc,cpu       ] GC(254019) User=0.00s Sys=0.00s Real=0.00s
[1376085.990s][info][gc,start     ] GC(254020) Pause Young (Allocation Failure)
[1376085.990s][info][gc,task      ] GC(254020) Using 9 workers of 9 for evacuation
[1376085.996s][info][gc,heap      ] GC(254020) ParNew: 115111K->9987K(118016K)
[1376085.996s][info][gc,heap      ] GC(254020) CMS: 1456084K->1456124K(1966080K)
[1376085.996s][info][gc,metaspace ] GC(254020) Metaspace: 95516K(98212K)->95516K(98212K) NonClass: 86278K(88004K)->86278K(88004K) Class: 9238K(10208K)->9238K(10208K)
[1376085.996s][info][gc           ] GC(254020) Pause Young (Allocation Failure) 1534M->1431M(2035M) 6.064ms
[1376085.996s][info][gc,cpu       ] GC(254020) User=0.00s Sys=0.00s Real=0.00s
[1376098.331s][info][gc,start     ] GC(254021) Pause Young (Allocation Failure)
[1376098.331s][info][gc,task      ] GC(254021) Using 9 workers of 9 for evacuation
[1376098.337s][info][gc,heap      ] GC(254021) ParNew: 114947K->11464K(118016K)
[1376098.337s][info][gc,heap      ] GC(254021) CMS: 1456124K->1456192K(1966080K)
[1376098.337s][info][gc,metaspace ] GC(254021) Metaspace: 95516K(98212K)->95516K(98212K) NonClass: 86278K(88004K)->86278K(88004K) Class: 9238K(10208K)->9238K(10208K)
[1376098.337s][info][gc           ] GC(254021) Pause Young (Allocation Failure) 1534M->1433M(2035M) 5.561ms
[1376098.337s][info][gc,cpu       ] GC(254021) User=0.00s Sys=0.00s Real=0.00s
[1376113.198s][info][gc,start     ] GC(254022) Pause Young (Allocation Failure)
[1376113.198s][info][gc,task      ] GC(254022) Using 9 workers of 9 for evacuation
[1376113.204s][info][gc,heap      ] GC(254022) ParNew: 116424K->11680K(118016K)
[1376113.204s][info][gc,heap      ] GC(254022) CMS: 1456192K->1456255K(1966080K)
[1376113.204s][info][gc,metaspace ] GC(254022) Metaspace: 95516K(98212K)->95516K(98212K) NonClass: 86278K(88004K)->86278K(88004K) Class: 9238K(10208K)->9238K(10208K)
[1376113.204s][info][gc           ] GC(254022) Pause Young (Allocation Failure) 1535M->1433M(2035M) 6.099ms
[1376113.204s][info][gc,cpu       ] GC(254022) User=0.00s Sys=0.00s Real=0.00s
[1376152.310s][info][gc,start     ] GC(254023) Pause Young (Allocation Failure)
[1376152.310s][info][gc,task      ] GC(254023) Using 9 workers of 9 for evacuation
[1376152.315s][info][gc,heap      ] GC(254023) ParNew: 116640K->11992K(118016K)
[1376152.315s][info][gc,heap      ] GC(254023) CMS: 1456255K->1456349K(1966080K)
[1376152.315s][info][gc,metaspace ] GC(254023) Metaspace: 95516K(98212K)->95516K(98212K) NonClass: 86278K(88004K)->86278K(88004K) Class: 9238K(10208K)->9238K(10208K)
[1376152.315s][info][gc           ] GC(254023) Pause Young (Allocation Failure) 1536M->1433M(2035M) 5.188ms
[1376152.315s][info][gc,cpu       ] GC(254023) User=0.00s Sys=0.00s Real=0.00s
[1376210.942s][info][gc,start     ] GC(254024) Pause Young (Allocation Failure)
[1376210.942s][info][gc,task      ] GC(254024) Using 9 workers of 9 for evacuation
[1376210.946s][info][gc,heap      ] GC(254024) ParNew: 116952K->7469K(118016K)
[1376210.946s][info][gc,heap      ] GC(254024) CMS: 1456349K->1456382K(1966080K)
[1376210.946s][info][gc,metaspace ] GC(254024) Metaspace: 95516K(98212K)->95516K(98212K) NonClass: 86278K(88004K)->86278K(88004K) Class: 9238K(10208K)->9238K(10208K)
[1376210.946s][info][gc           ] GC(254024) Pause Young (Allocation Failure) 1536M->1429M(2035M) 4.506ms
[1376210.946s][info][gc,cpu       ] GC(254024) User=0.00s Sys=0.00s Real=0.00s
[1376300.292s][info][gc,start     ] GC(254025) Pause Young (Allocation Failure)
[1376300.293s][info][gc,task      ] GC(254025) Using 9 workers of 9 for evacuation
[1376300.297s][info][gc,heap      ] GC(254025) ParNew: 112422K->2536K(118016K)
[1376300.297s][info][gc,heap      ] GC(254025) CMS: 1456382K->1456382K(1966080K)
[1376300.297s][info][gc,metaspace ] GC(254025) Metaspace: 95518K(98212K)->95518K(98212K) NonClass: 86280K(88004K)->86280K(88004K) Class: 9238K(10208K)->9238K(10208K)
[1376300.297s][info][gc           ] GC(254025) Pause Young (Allocation Failure) 1532M->1424M(2035M) 4.408ms
[1376300.297s][info][gc,cpu       ] GC(254025) User=0.00s Sys=0.00s Real=0.00s
[1376510.755s][info][gc,start     ] GC(254026) Pause Young (Allocation Failure)
[1376510.755s][info][gc,task      ] GC(254026) Using 9 workers of 9 for evacuation
[1376510.759s][info][gc,heap      ] GC(254026) ParNew: 107333K->3436K(118016K)
[1376510.759s][info][gc,heap      ] GC(254026) CMS: 1456382K->1456382K(1966080K)
[1376510.759s][info][gc,metaspace ] GC(254026) Metaspace: 95518K(98212K)->95518K(98212K) NonClass: 86280K(88004K)->86280K(88004K) Class: 9238K(10208K)->9238K(10208K)
[1376510.759s][info][gc           ] GC(254026) Pause Young (Allocation Failure) 1527M->1425M(2035M) 4.273ms
[1376510.760s][info][gc,cpu       ] GC(254026) User=0.03s Sys=0.02s Real=0.02s
[1376999.881s][info][gc,start     ] GC(254027) Pause Young (Allocation Failure)
[1376999.881s][info][gc,task      ] GC(254027) Using 9 workers of 9 for evacuation
[1376999.885s][info][gc,heap      ] GC(254027) ParNew: 108396K->9432K(118016K)
[1376999.885s][info][gc,heap      ] GC(254027) CMS: 1456382K->1456382K(1966080K)
[1376999.886s][info][gc,metaspace ] GC(254027) Metaspace: 95518K(98212K)->95518K(98212K) NonClass: 86280K(88004K)->86280K(88004K) Class: 9238K(10208K)->9238K(10208K)
[1376999.886s][info][gc           ] GC(254027) Pause Young (Allocation Failure) 1528M->1431M(2035M) 4.884ms
[1376999.886s][info][gc,cpu       ] GC(254027) User=0.14s Sys=0.00s Real=0.02s
[1377196.836s][info][gc,start     ] GC(254028) Pause Young (Allocation Failure)
[1377196.836s][info][gc,task      ] GC(254028) Using 9 workers of 9 for evacuation
[1377196.841s][info][gc,heap      ] GC(254028) ParNew: 114333K->8153K(118016K)
[1377196.841s][info][gc,heap      ] GC(254028) CMS: 1456382K->1456597K(1966080K)
[1377196.841s][info][gc,metaspace ] GC(254028) Metaspace: 95518K(98212K)->95518K(98212K) NonClass: 86280K(88004K)->86280K(88004K) Class: 9238K(10208K)->9238K(10208K)
[1377196.841s][info][gc           ] GC(254028) Pause Young (Allocation Failure) 1533M->1430M(2035M) 4.576ms
[1377196.841s][info][gc,cpu       ] GC(254028) User=0.00s Sys=0.00s Real=0.00s
[1377509.580s][info][gc,start     ] GC(254029) Pause Young (Allocation Failure)
[1377509.580s][info][gc,task      ] GC(254029) Using 9 workers of 9 for evacuation
[1377509.585s][info][gc,heap      ] GC(254029) ParNew: 113113K->10036K(118016K)
[1377509.585s][info][gc,heap      ] GC(254029) CMS: 1456597K->1456642K(1966080K)
[1377509.585s][info][gc,metaspace ] GC(254029) Metaspace: 95518K(98212K)->95518K(98212K) NonClass: 86280K(88004K)->86280K(88004K) Class: 9238K(10208K)->9238K(10208K)
[1377509.585s][info][gc           ] GC(254029) Pause Young (Allocation Failure) 1532M->1432M(2035M) 5.347ms
[1377509.585s][info][gc,cpu       ] GC(254029) User=0.00s Sys=0.00s Real=0.00s
[1377808.931s][info][gc,start     ] GC(254030) Pause Young (Allocation Failure)
[1377808.931s][info][gc,task      ] GC(254030) Using 9 workers of 9 for evacuation
[1377808.936s][info][gc,heap      ] GC(254030) ParNew: 114996K->11671K(118016K)
[1377808.936s][info][gc,heap      ] GC(254030) CMS: 1456642K->1456667K(1966080K)
[1377808.936s][info][gc,metaspace ] GC(254030) Metaspace: 95518K(98212K)->95518K(98212K) NonClass: 86280K(88004K)->86280K(88004K) Class: 9238K(10208K)->9238K(10208K)
[1377808.936s][info][gc           ] GC(254030) Pause Young (Allocation Failure) 1534M->1433M(2035M) 5.213ms
[1377808.936s][info][gc,cpu       ] GC(254030) User=0.08s Sys=0.00s Real=0.02s
[1377945.835s][info][gc,start     ] GC(254031) Pause Young (Allocation Failure)
[1377945.835s][info][gc,task      ] GC(254031) Using 9 workers of 9 for evacuation
[1377945.840s][info][gc,heap      ] GC(254031) ParNew: 116631K->9086K(118016K)
[1377945.840s][info][gc,heap      ] GC(254031) CMS: 1456667K->1456710K(1966080K)
[1377945.840s][info][gc,metaspace ] GC(254031) Metaspace: 95518K(98212K)->95518K(98212K) NonClass: 86280K(88004K)->86280K(88004K) Class: 9238K(10208K)->9238K(10208K)
[1377945.840s][info][gc           ] GC(254031) Pause Young (Allocation Failure) 1536M->1431M(2035M) 5.020ms
[1377945.840s][info][gc,cpu       ] GC(254031) User=0.00s Sys=0.00s Real=0.00s
[1378011.806s][info][gc,start     ] GC(254032) Pause Young (Allocation Failure)
[1378011.806s][info][gc,task      ] GC(254032) Using 9 workers of 9 for evacuation
[1378011.810s][info][gc,heap      ] GC(254032) ParNew: 114046K->2684K(118016K)
[1378011.810s][info][gc,heap      ] GC(254032) CMS: 1456710K->1456710K(1966080K)
[1378011.810s][info][gc,metaspace ] GC(254032) Metaspace: 95518K(98212K)->95518K(98212K) NonClass: 86280K(88004K)->86280K(88004K) Class: 9238K(10208K)->9238K(10208K)
[1378011.810s][info][gc           ] GC(254032) Pause Young (Allocation Failure) 1533M->1425M(2035M) 4.328ms
[1378011.810s][info][gc,cpu       ] GC(254032) User=0.00s Sys=0.00s Real=0.00s
[1378596.457s][info][gc,start     ] GC(254033) Pause Young (Allocation Failure)
[1378596.457s][info][gc,task      ] GC(254033) Using 9 workers of 9 for evacuation
[1378596.461s][info][gc,heap      ] GC(254033) ParNew: 107644K->1457K(118016K)
[1378596.461s][info][gc,heap      ] GC(254033) CMS: 1456710K->1456710K(1966080K)
[1378596.461s][info][gc,metaspace ] GC(254033) Metaspace: 95554K(98212K)->95554K(98212K) NonClass: 86311K(88004K)->86311K(88004K) Class: 9242K(10208K)->9242K(10208K)
[1378596.461s][info][gc           ] GC(254033) Pause Young (Allocation Failure) 1527M->1423M(2035M) 4.627ms
[1378596.462s][info][gc,cpu       ] GC(254033) User=0.00s Sys=0.00s Real=0.00s
[1378803.360s][info][gc,start     ] GC(254034) Pause Young (Allocation Failure)
[1378803.360s][info][gc,task      ] GC(254034) Using 9 workers of 9 for evacuation
[1378803.364s][info][gc,heap      ] GC(254034) ParNew: 106411K->2143K(118016K)
[1378803.364s][info][gc,heap      ] GC(254034) CMS: 1456710K->1456710K(1966080K)
[1378803.364s][info][gc,metaspace ] GC(254034) Metaspace: 95554K(98212K)->95554K(98212K) NonClass: 86311K(88004K)->86311K(88004K) Class: 9242K(10208K)->9242K(10208K)
[1378803.364s][info][gc           ] GC(254034) Pause Young (Allocation Failure) 1526M->1424M(2035M) 4.008ms
[1378803.364s][info][gc,cpu       ] GC(254034) User=0.00s Sys=0.00s Real=0.00s
[1378967.239s][info][gc,start     ] GC(254035) Pause Young (Allocation Failure)
[1378967.239s][info][gc,task      ] GC(254035) Using 9 workers of 9 for evacuation
[1378967.244s][info][gc,heap      ] GC(254035) ParNew: 107103K->9410K(118016K)
[1378967.244s][info][gc,heap      ] GC(254035) CMS: 1456710K->1456710K(1966080K)
[1378967.244s][info][gc,metaspace ] GC(254035) Metaspace: 95554K(98212K)->95554K(98212K) NonClass: 86311K(88004K)->86311K(88004K) Class: 9242K(10208K)->9242K(10208K)
[1378967.244s][info][gc           ] GC(254035) Pause Young (Allocation Failure) 1527M->1431M(2035M) 4.857ms
[1378967.244s][info][gc,cpu       ] GC(254035) User=0.00s Sys=0.00s Real=0.00s
[1379058.461s][info][gc,start     ] GC(254036) Pause Young (Allocation Failure)
[1379058.461s][info][gc,task      ] GC(254036) Using 9 workers of 9 for evacuation
[1379058.466s][info][gc,heap      ] GC(254036) ParNew: 114370K->3788K(118016K)
[1379058.466s][info][gc,heap      ] GC(254036) CMS: 1456710K->1457091K(1966080K)
[1379058.466s][info][gc,metaspace ] GC(254036) Metaspace: 95573K(98212K)->95573K(98212K) NonClass: 86331K(88004K)->86331K(88004K) Class: 9242K(10208K)->9242K(10208K)
[1379058.466s][info][gc           ] GC(254036) Pause Young (Allocation Failure) 1534M->1426M(2035M) 4.615ms
[1379058.466s][info][gc,cpu       ] GC(254036) User=0.00s Sys=0.00s Real=0.00s
[1379164.152s][info][gc,start     ] GC(254037) Pause Young (Allocation Failure)
[1379164.152s][info][gc,task      ] GC(254037) Using 9 workers of 9 for evacuation
[1379164.156s][info][gc,heap      ] GC(254037) ParNew: 108563K->3218K(118016K)
[1379164.157s][info][gc,heap      ] GC(254037) CMS: 1457091K->1457091K(1966080K)
[1379164.157s][info][gc,metaspace ] GC(254037) Metaspace: 95573K(98212K)->95573K(98212K) NonClass: 86331K(88004K)->86331K(88004K) Class: 9242K(10208K)->9242K(10208K)
[1379164.157s][info][gc           ] GC(254037) Pause Young (Allocation Failure) 1528M->1426M(2035M) 4.315ms
[1379164.157s][info][gc,cpu       ] GC(254037) User=0.00s Sys=0.00s Real=0.00s
[1379307.999s][info][gc,start     ] GC(254038) Pause Young (Allocation Failure)
[1379307.999s][info][gc,task      ] GC(254038) Using 9 workers of 9 for evacuation
[1379308.002s][info][gc,heap      ] GC(254038) ParNew: 108152K->854K(118016K)
[1379308.002s][info][gc,heap      ] GC(254038) CMS: 1457091K->1457091K(1966080K)
[1379308.002s][info][gc,metaspace ] GC(254038) Metaspace: 95573K(98212K)->95573K(98212K) NonClass: 86331K(88004K)->86331K(88004K) Class: 9242K(10208K)->9242K(10208K)
[1379308.003s][info][gc           ] GC(254038) Pause Young (Allocation Failure) 1528M->1423M(2035M) 3.853ms
[1379308.003s][info][gc,cpu       ] GC(254038) User=0.00s Sys=0.02s Real=0.02s
[1379526.664s][info][gc,start     ] GC(254039) Pause Young (Allocation Failure)
[1379526.665s][info][gc,task      ] GC(254039) Using 9 workers of 9 for evacuation
[1379526.670s][info][gc,heap      ] GC(254039) ParNew: 105814K->4125K(118016K)
[1379526.670s][info][gc,heap      ] GC(254039) CMS: 1457091K->1457091K(1966080K)
[1379526.670s][info][gc,metaspace ] GC(254039) Metaspace: 95573K(98212K)->95573K(98212K) NonClass: 86331K(88004K)->86331K(88004K) Class: 9242K(10208K)->9242K(10208K)
[1379526.670s][info][gc           ] GC(254039) Pause Young (Allocation Failure) 1526M->1426M(2035M) 5.523ms
[1379526.670s][info][gc,cpu       ] GC(254039) User=0.00s Sys=0.00s Real=0.00s
[1379583.259s][info][gc,heap,exit ] Heap
[1379583.259s][info][gc,heap,exit ]  par new generation   total 118016K, used 71378K [0x0000000700000000, 0x0000000708000000, 0x000000072ecc0000)
[1379583.259s][info][gc,heap,exit ]   eden space 104960K,  64% used [0x0000000700000000, 0x00000007041ad628, 0x0000000706680000)
[1379583.259s][info][gc,heap,exit ]   from space 13056K,  31% used [0x0000000706680000, 0x0000000706a874c8, 0x0000000707340000)
[1379583.259s][info][gc,heap,exit ]   to   space 13056K,   0% used [0x0000000707340000, 0x0000000707340000, 0x0000000708000000)
[1379583.259s][info][gc,heap,exit ]  concurrent mark-sweep generation total 1966080K, used 1457091K [0x000000072ecc0000, 0x00000007a6cc0000, 0x0000000800000000)
[1379583.259s][info][gc,heap,exit ]  Metaspace       used 95797K, capacity 97467K, committed 98596K, reserved 344064K
[1379583.259s][info][gc,heap,exit ]   class space    used 9262K, capacity 9891K, committed 10336K, reserved 253952K
